

Started GET "/" for ::1 at 2016-09-19 13:49:14 +0800
  [1m[36mActiveRecord::SchemaMigration Load (34.7ms)[0m  [1mSELECT `schema_migrations`.* FROM `schema_migrations`[0m

ActiveRecord::PendingMigrationError - 

Migrations are pending. To resolve this issue, run:

	bin/rake db:migrate RAILS_ENV=development

:
  activerecord (4.2.3) lib/active_record/migration.rb:392:in `check_pending!'
  activerecord (4.2.3) lib/active_record/migration.rb:373:in `call'
  actionpack (4.2.3) lib/action_dispatch/middleware/callbacks.rb:29:in `block in call'
  activesupport (4.2.3) lib/active_support/callbacks.rb:84:in `run_callbacks'
  actionpack (4.2.3) lib/action_dispatch/middleware/callbacks.rb:27:in `call'
  actionpack (4.2.3) lib/action_dispatch/middleware/reloader.rb:73:in `call'
  actionpack (4.2.3) lib/action_dispatch/middleware/remote_ip.rb:78:in `call'
  better_errors (2.1.1) lib/better_errors/middleware.rb:84:in `protected_app_call'
  better_errors (2.1.1) lib/better_errors/middleware.rb:79:in `better_errors_call'
  better_errors (2.1.1) lib/better_errors/middleware.rb:57:in `call'
  actionpack (4.2.3) lib/action_dispatch/middleware/debug_exceptions.rb:17:in `call'
  web-console (2.3.0) lib/web_console/middleware.rb:28:in `block in call'
  web-console (2.3.0) lib/web_console/middleware.rb:18:in `call'
  actionpack (4.2.3) lib/action_dispatch/middleware/show_exceptions.rb:30:in `call'
  railties (4.2.3) lib/rails/rack/logger.rb:38:in `call_app'
  railties (4.2.3) lib/rails/rack/logger.rb:20:in `block in call'
  activesupport (4.2.3) lib/active_support/tagged_logging.rb:68:in `block in tagged'
  activesupport (4.2.3) lib/active_support/tagged_logging.rb:26:in `tagged'
  activesupport (4.2.3) lib/active_support/tagged_logging.rb:68:in `tagged'
  railties (4.2.3) lib/rails/rack/logger.rb:20:in `call'
  actionpack (4.2.3) lib/action_dispatch/middleware/request_id.rb:21:in `call'
  rack (1.6.4) lib/rack/methodoverride.rb:22:in `call'
  rack (1.6.4) lib/rack/runtime.rb:18:in `call'
  activesupport (4.2.3) lib/active_support/cache/strategy/local_cache_middleware.rb:28:in `call'
  rack (1.6.4) lib/rack/lock.rb:17:in `call'
  actionpack (4.2.3) lib/action_dispatch/middleware/static.rb:116:in `call'
  rack (1.6.4) lib/rack/sendfile.rb:113:in `call'
  railties (4.2.3) lib/rails/engine.rb:518:in `call'
  railties (4.2.3) lib/rails/application.rb:165:in `call'
  rack (1.6.4) lib/rack/lock.rb:17:in `call'
  rack (1.6.4) lib/rack/content_length.rb:15:in `call'
  rack (1.6.4) lib/rack/handler/webrick.rb:88:in `service'
  /usr/local/rvm/rubies/ruby-2.2.2/lib/ruby/2.2.0/webrick/httpserver.rb:138:in `service'
  /usr/local/rvm/rubies/ruby-2.2.2/lib/ruby/2.2.0/webrick/httpserver.rb:94:in `run'
  /usr/local/rvm/rubies/ruby-2.2.2/lib/ruby/2.2.0/webrick/server.rb:294:in `block in start_thread'



Started POST "/__better_errors/627aa3a1d6260e1c/variables" for ::1 at 2016-09-19 13:49:15 +0800
  [1m[36mActiveRecord::SchemaMigration Load (17.0ms)[0m  [1mSELECT `schema_migrations`.* FROM `schema_migrations`[0m
Migrating to AddWechatUsers (20160720085718)
  [1m[35m (203.8ms)[0m  ALTER TABLE `wechat_users` ADD `city` varchar(255)
  [1m[36m (88.7ms)[0m  [1mALTER TABLE `wechat_users` ADD `province` varchar(255)[0m
  [1m[35m (53.4ms)[0m  ALTER TABLE `wechat_users` ADD `country` varchar(255)
  [1m[36m (0.2ms)[0m  [1mBEGIN[0m
  [1m[35mSQL (0.2ms)[0m  INSERT INTO `schema_migrations` (`version`) VALUES ('20160720085718')
  [1m[36m (0.4ms)[0m  [1mCOMMIT[0m
Migrating to ChangeWechatUserChar (20160723075502)
  [1m[35m (2.3ms)[0m  alter database edu343_development default character set = utf8mb4;
  [1m[36m (9.1ms)[0m  [1malter table wechat_users default character set = utf8mb4; [0m
  [1m[35m (0.1ms)[0m  BEGIN
  [1m[36mSQL (1.2ms)[0m  [1mINSERT INTO `schema_migrations` (`version`) VALUES ('20160723075502')[0m
  [1m[35m (0.3ms)[0m  COMMIT
  [1m[36mActiveRecord::SchemaMigration Load (0.4ms)[0m  [1mSELECT `schema_migrations`.* FROM `schema_migrations`[0m
  [1m[35m (0.5ms)[0m  SELECT fk.referenced_table_name as 'to_table'
      ,fk.referenced_column_name as 'primary_key'
      ,fk.column_name as 'column'
      ,fk.constraint_name as 'name'
FROM information_schema.key_column_usage fk
WHERE fk.referenced_column_name is not null
  AND fk.table_schema = 'edu343_development'
  AND fk.table_name = 'attachment_images'

  [1m[36m (0.3ms)[0m  [1mSHOW CREATE TABLE `attachment_images`[0m
  [1m[35m (0.4ms)[0m  SELECT fk.referenced_table_name as 'to_table'
      ,fk.referenced_column_name as 'primary_key'
      ,fk.column_name as 'column'
      ,fk.constraint_name as 'name'
FROM information_schema.key_column_usage fk
WHERE fk.referenced_column_name is not null
  AND fk.table_schema = 'edu343_development'
  AND fk.table_name = 'blogs'

  [1m[36m (0.3ms)[0m  [1mSHOW CREATE TABLE `blogs`[0m
  [1m[35m (0.4ms)[0m  SELECT fk.referenced_table_name as 'to_table'
      ,fk.referenced_column_name as 'primary_key'
      ,fk.column_name as 'column'
      ,fk.constraint_name as 'name'
FROM information_schema.key_column_usage fk
WHERE fk.referenced_column_name is not null
  AND fk.table_schema = 'edu343_development'
  AND fk.table_name = 'lessons'

  [1m[36m (0.3ms)[0m  [1mSHOW CREATE TABLE `lessons`[0m
  [1m[35m (0.3ms)[0m  SELECT fk.referenced_table_name as 'to_table'
      ,fk.referenced_column_name as 'primary_key'
      ,fk.column_name as 'column'
      ,fk.constraint_name as 'name'
FROM information_schema.key_column_usage fk
WHERE fk.referenced_column_name is not null
  AND fk.table_schema = 'edu343_development'
  AND fk.table_name = 'public_course_tickets'

  [1m[36m (0.3ms)[0m  [1mSHOW CREATE TABLE `public_course_tickets`[0m
  [1m[35m (0.3ms)[0m  SELECT fk.referenced_table_name as 'to_table'
      ,fk.referenced_column_name as 'primary_key'
      ,fk.column_name as 'column'
      ,fk.constraint_name as 'name'
FROM information_schema.key_column_usage fk
WHERE fk.referenced_column_name is not null
  AND fk.table_schema = 'edu343_development'
  AND fk.table_name = 'question_favors'

  [1m[36m (0.3ms)[0m  [1mSHOW CREATE TABLE `question_favors`[0m
  [1m[35m (0.3ms)[0m  SELECT fk.referenced_table_name as 'to_table'
      ,fk.referenced_column_name as 'primary_key'
      ,fk.column_name as 'column'
      ,fk.constraint_name as 'name'
FROM information_schema.key_column_usage fk
WHERE fk.referenced_column_name is not null
  AND fk.table_schema = 'edu343_development'
  AND fk.table_name = 'question_replies'

  [1m[36m (0.2ms)[0m  [1mSHOW CREATE TABLE `question_replies`[0m
  [1m[35m (0.3ms)[0m  SELECT fk.referenced_table_name as 'to_table'
      ,fk.referenced_column_name as 'primary_key'
      ,fk.column_name as 'column'
      ,fk.constraint_name as 'name'
FROM information_schema.key_column_usage fk
WHERE fk.referenced_column_name is not null
  AND fk.table_schema = 'edu343_development'
  AND fk.table_name = 'questions'

  [1m[36m (0.2ms)[0m  [1mSHOW CREATE TABLE `questions`[0m
  [1m[35m (0.4ms)[0m  SELECT fk.referenced_table_name as 'to_table'
      ,fk.referenced_column_name as 'primary_key'
      ,fk.column_name as 'column'
      ,fk.constraint_name as 'name'
FROM information_schema.key_column_usage fk
WHERE fk.referenced_column_name is not null
  AND fk.table_schema = 'edu343_development'
  AND fk.table_name = 'quizzes'

  [1m[36m (0.3ms)[0m  [1mSHOW CREATE TABLE `quizzes`[0m
  [1m[35m (0.3ms)[0m  SELECT fk.referenced_table_name as 'to_table'
      ,fk.referenced_column_name as 'primary_key'
      ,fk.column_name as 'column'
      ,fk.constraint_name as 'name'
FROM information_schema.key_column_usage fk
WHERE fk.referenced_column_name is not null
  AND fk.table_schema = 'edu343_development'
  AND fk.table_name = 'student_quizzes'

  [1m[36m (0.2ms)[0m  [1mSHOW CREATE TABLE `student_quizzes`[0m
  [1m[35m (0.3ms)[0m  SELECT fk.referenced_table_name as 'to_table'
      ,fk.referenced_column_name as 'primary_key'
      ,fk.column_name as 'column'
      ,fk.constraint_name as 'name'
FROM information_schema.key_column_usage fk
WHERE fk.referenced_column_name is not null
  AND fk.table_schema = 'edu343_development'
  AND fk.table_name = 'student_votes'

  [1m[36m (0.2ms)[0m  [1mSHOW CREATE TABLE `student_votes`[0m
  [1m[35m (0.3ms)[0m  SELECT fk.referenced_table_name as 'to_table'
      ,fk.referenced_column_name as 'primary_key'
      ,fk.column_name as 'column'
      ,fk.constraint_name as 'name'
FROM information_schema.key_column_usage fk
WHERE fk.referenced_column_name is not null
  AND fk.table_schema = 'edu343_development'
  AND fk.table_name = 'students'

  [1m[36m (0.2ms)[0m  [1mSHOW CREATE TABLE `students`[0m
  [1m[35m (0.3ms)[0m  SELECT fk.referenced_table_name as 'to_table'
      ,fk.referenced_column_name as 'primary_key'
      ,fk.column_name as 'column'
      ,fk.constraint_name as 'name'
FROM information_schema.key_column_usage fk
WHERE fk.referenced_column_name is not null
  AND fk.table_schema = 'edu343_development'
  AND fk.table_name = 'subscribes'

  [1m[36m (0.2ms)[0m  [1mSHOW CREATE TABLE `subscribes`[0m
  [1m[35m (0.3ms)[0m  SELECT fk.referenced_table_name as 'to_table'
      ,fk.referenced_column_name as 'primary_key'
      ,fk.column_name as 'column'
      ,fk.constraint_name as 'name'
FROM information_schema.key_column_usage fk
WHERE fk.referenced_column_name is not null
  AND fk.table_schema = 'edu343_development'
  AND fk.table_name = 'taggings'

  [1m[36m (0.2ms)[0m  [1mSHOW CREATE TABLE `taggings`[0m
  [1m[35m (0.3ms)[0m  SELECT fk.referenced_table_name as 'to_table'
      ,fk.referenced_column_name as 'primary_key'
      ,fk.column_name as 'column'
      ,fk.constraint_name as 'name'
FROM information_schema.key_column_usage fk
WHERE fk.referenced_column_name is not null
  AND fk.table_schema = 'edu343_development'
  AND fk.table_name = 'tags'

  [1m[36m (0.2ms)[0m  [1mSHOW CREATE TABLE `tags`[0m
  [1m[35m (0.3ms)[0m  SELECT fk.referenced_table_name as 'to_table'
      ,fk.referenced_column_name as 'primary_key'
      ,fk.column_name as 'column'
      ,fk.constraint_name as 'name'
FROM information_schema.key_column_usage fk
WHERE fk.referenced_column_name is not null
  AND fk.table_schema = 'edu343_development'
  AND fk.table_name = 'users'

  [1m[36m (0.2ms)[0m  [1mSHOW CREATE TABLE `users`[0m
  [1m[35m (0.3ms)[0m  SELECT fk.referenced_table_name as 'to_table'
      ,fk.referenced_column_name as 'primary_key'
      ,fk.column_name as 'column'
      ,fk.constraint_name as 'name'
FROM information_schema.key_column_usage fk
WHERE fk.referenced_column_name is not null
  AND fk.table_schema = 'edu343_development'
  AND fk.table_name = 'verify_tokens'

  [1m[36m (0.2ms)[0m  [1mSHOW CREATE TABLE `verify_tokens`[0m
  [1m[35m (0.3ms)[0m  SELECT fk.referenced_table_name as 'to_table'
      ,fk.referenced_column_name as 'primary_key'
      ,fk.column_name as 'column'
      ,fk.constraint_name as 'name'
FROM information_schema.key_column_usage fk
WHERE fk.referenced_column_name is not null
  AND fk.table_schema = 'edu343_development'
  AND fk.table_name = 'wechat_users'

  [1m[36m (0.2ms)[0m  [1mSHOW CREATE TABLE `wechat_users`[0m


Started GET "/" for ::1 at 2016-09-19 13:49:49 +0800
  [1m[36mActiveRecord::SchemaMigration Load (5.5ms)[0m  [1mSELECT `schema_migrations`.* FROM `schema_migrations`[0m
Processing by WelcomeController#index as HTML
  Rendered welcome/_career.html.erb (1.6ms)
  Rendered welcome/_wearefrom.html.erb (3.1ms)
  Rendered welcome/_whoami.html.erb (6.3ms)
  Rendered welcome/_results.html.erb (639.3ms)
  Rendered welcome/index.html.erb within layouts/application (659.6ms)
  Rendered layouts/_header.html.erb (0.7ms)
  Rendered welcome/_courses.html.erb (8.7ms)
  Rendered share/_wechat.html.erb (0.3ms)
  Rendered share/_contact_cellphones.html.erb (0.3ms)
  Rendered layouts/_footer.html.erb (4.3ms)
Completed 200 OK in 843ms (Views: 830.4ms | ActiveRecord: 0.0ms)


Started GET "/assets/application.self-cb0307daf48310d36ba829e4cd8d9dc68c78f47802840cfbe89732a21d108185.css?body=1" for ::1 at 2016-09-19 13:49:51 +0800


Started GET "/assets/jquery.self-660adc51e0224b731d29f575a6f1ec167ba08ad06ed5deca4f1e8654c135bf4c.js?body=1" for ::1 at 2016-09-19 13:49:51 +0800


Started GET "/assets/jquery_ujs.self-e87806d0cf4489aeb1bb7288016024e8de67fd18db693fe026fe3907581e53cd.js?body=1" for ::1 at 2016-09-19 13:49:51 +0800


Started GET "/assets/jquery.lazyload.min.self-70563866ae30eacbbf78d003e40201b380eb8c89dd14389934d7e00b596530a7.js?body=1" for ::1 at 2016-09-19 13:49:51 +0800


Started GET "/assets/bootstrap/button.self-d19f3e2bcd3a7a4d75c11b9141b3fabd2c11987da1e99c85548ec3ecf8db30c3.js?body=1" for ::1 at 2016-09-19 13:49:51 +0800


Started GET "/assets/bootstrap/carousel.self-b2e5e14483e6c31343a83861b7d487620f143d6fc2d07d5ae7544b6b225ba6be.js?body=1" for ::1 at 2016-09-19 13:49:51 +0800


Started GET "/assets/bootstrap/alert.self-896ab026e6823f5cef2441e07dac53d0692a5b772ac58b1ce20aa624c342d3f4.js?body=1" for ::1 at 2016-09-19 13:49:51 +0800


Started GET "/assets/bootstrap/affix.self-f7aef9d98ee5ece34a6a92a6a15bba777d93e8d908b75c95a85088277f394200.js?body=1" for ::1 at 2016-09-19 13:49:51 +0800


Started GET "/assets/bootstrap/collapse.self-93820e9b486e375a7fb4477602def3a6f8381fa6d50938d5378297ffbe4a1248.js?body=1" for ::1 at 2016-09-19 13:49:51 +0800


Started GET "/assets/bootstrap/dropdown.self-30536ae4d54b2685c26b5787ed0eb549a9075717fe690cce6270873bedf2df00.js?body=1" for ::1 at 2016-09-19 13:49:51 +0800


Started GET "/assets/bootstrap/tab.self-9b77df34cbbb08ec93a806d6cdb741f04e3dbf3389978a0679146f2d2987bc89.js?body=1" for ::1 at 2016-09-19 13:49:51 +0800


Started GET "/assets/fontawesome-webfont-d3ebb498192527b985939ae62cc4e5eb5c108efc1896184126b45d866868e73d.woff2?v=4.6.1" for ::1 at 2016-09-19 13:49:51 +0800


Started GET "/assets/bootstrap/transition.self-9616c4e856b57659b67da3c6f2adcd584b5601ef4bebcdadab8ebb387d80bb25.js?body=1" for ::1 at 2016-09-19 13:49:51 +0800


Started GET "/assets/bootstrap/scrollspy.self-c5c6ed008955656d345067e9821d79f1216b8383134d08465d4aa1a33a2b93b4.js?body=1" for ::1 at 2016-09-19 13:49:51 +0800


Started GET "/assets/bootstrap/modal.self-bcfe54f3132bf16a8c5ce4289e47eba488f6522a08f49f378a037061c6c7aa4c.js?body=1" for ::1 at 2016-09-19 13:49:51 +0800


Started GET "/assets/bootstrap/tooltip.self-3aa41fbe871573b34e0ebddf31598cd5a11a9841ca85f90934ea46326e46626d.js?body=1" for ::1 at 2016-09-19 13:49:51 +0800


Started GET "/assets/bootstrap/popover.self-b73e9c9111d01148e24bbc46e096782e024dc5db630e7078cf11ed2587ef8551.js?body=1" for ::1 at 2016-09-19 13:49:51 +0800


Started GET "/assets/bootstrap-sprockets.self-fbfa5ad7d9aa0afe439ec4ff3883acc4cb92b62cb67c40d674320c9aa1d4642d.js?body=1" for ::1 at 2016-09-19 13:49:51 +0800


Started GET "/assets/owl.carousel.min.self-0d37be315eae4b8700583ef49f93fd6887aab6dbf13249a8476bacbbf9a673c3.js?body=1" for ::1 at 2016-09-19 13:49:51 +0800


Started GET "/assets/WeixinApi.self-60b7c8997fd79c0b1fb5ade9091e7961b5b0edec318b2443926f98bc4b5c7327.js?body=1" for ::1 at 2016-09-19 13:49:51 +0800


Started GET "/assets/welcome.self-a26324c9d7433be7b183ebb8b77c27378c8c6c62b11ce01e65a8ea1a207a7082.js?body=1" for ::1 at 2016-09-19 13:49:51 +0800


Started GET "/assets/wechat_share.self-f5aa2850e4d165a1d04d377baddc836e19d831e1ee2935b421b8baa2cbb5401f.js?body=1" for ::1 at 2016-09-19 13:49:51 +0800


Started GET "/assets/application.self-90ccdce12d16e59172e05170a36ad364760df9726470dae02e35b44d5fb588a2.js?body=1" for ::1 at 2016-09-19 13:49:51 +0800


Started GET "/assets/blank-2dfe28cbdb83f01c940de6a88ab86200154fd772d568035ac568664e52068363.gif" for ::1 at 2016-09-19 13:49:51 +0800


Started GET "/learn" for ::1 at 2016-09-19 13:49:54 +0800
Processing by Learn::SessionsController#new as HTML
  Rendered learn/sessions/new.html.erb within learn/layouts/learn (6.2ms)
  Rendered learn/layouts/_header.html.erb (0.7ms)
  Rendered learn/layouts/_footer.html.erb (0.2ms)
Completed 200 OK in 128ms (Views: 127.2ms | ActiveRecord: 0.0ms)


Started GET "/assets/markdown-it.min.self-ebfb7d7f3f3c2b204e4d469ce64cc1fb24a0936ef900d2a38d09e9b790503cf7.js?body=1" for ::1 at 2016-09-19 13:49:55 +0800


Started GET "/assets/learn/learn.self-3f64563e6672f2c81779edae270ce7a55009b9266b91c5836306394298bfac3f.css?body=1" for ::1 at 2016-09-19 13:49:55 +0800


Started GET "/assets/highlight.min.self-5780661212923d2b46b3ee587e27036303d91d19bc5a4b638082fd32c90b4c65.js?body=1" for ::1 at 2016-09-19 13:49:55 +0800


Started GET "/assets/learn/learn.self-6cf94451ca8e503d0f51a980272c95c2bb676e4573da7919970e9f47fc84b05a.js?body=1" for ::1 at 2016-09-19 13:49:55 +0800


Started GET "/assets/sessions.self-9cda5a500be6fc1c0ba503950f4c24e62aa77f9f5f2921a8260c09c4e6d1064b.js?body=1" for ::1 at 2016-09-19 13:49:55 +0800


Started POST "/learn/sessions" for ::1 at 2016-09-19 13:49:56 +0800
Processing by Learn::SessionsController#create as HTML
  Parameters: {"utf8"=>"✓", "authenticity_token"=>"HuHr1Yk+dFW3BM72eG0ZvaU8F5VPVZOD2JfWkQaS3Nop0dWud9QkJSDVVhgzD+RsmK9f/Jqm3MrJQupSzmdE6w==", "username"=>"李磊", "password"=>"[FILTERED]"}
  [1m[35mStudent Load (10.7ms)[0m  SELECT  `students`.* FROM `students` WHERE `students`.`name` = '李磊'  ORDER BY `students`.`id` ASC LIMIT 1
  [1m[36mStudent Load (4.3ms)[0m  [1mSELECT  `students`.* FROM `students` WHERE `students`.`uuid` = 'jmpmnneb'  ORDER BY `students`.`id` ASC LIMIT 1[0m
Redirected to http://localhost:4000/learn/questions
Completed 302 Found in 83ms (ActiveRecord: 36.3ms)


Started GET "/learn/questions" for ::1 at 2016-09-19 13:49:56 +0800
Processing by Learn::QuestionsController#index as HTML
  [1m[35mStudent Load (0.5ms)[0m  SELECT  `students`.* FROM `students` WHERE `students`.`uuid` = 'jmpmnneb'  ORDER BY `students`.`id` ASC LIMIT 1
  [1m[36mQuestion Load (3.6ms)[0m  [1mSELECT  `questions`.* FROM `questions`  ORDER BY updated_at desc LIMIT 10 OFFSET 0[0m
  [1m[35mStudent Load (0.6ms)[0m  SELECT `students`.* FROM `students` WHERE `students`.`id` IN (1)
  [1m[36mQuestion Load (0.7ms)[0m  [1mSELECT  `questions`.* FROM `questions`  ORDER BY created_at desc LIMIT 10[0m
  Rendered learn/questions/index.html.erb within learn/layouts/learn (77.8ms)
  Rendered learn/layouts/_header.html.erb (0.4ms)
  Rendered learn/layouts/_footer.html.erb (0.0ms)
Completed 200 OK in 163ms (Views: 130.2ms | ActiveRecord: 13.8ms)


Started GET "/learn/lessons" for ::1 at 2016-09-19 13:49:59 +0800
Processing by Learn::LessonsController#index as HTML
  [1m[35mStudent Load (0.5ms)[0m  SELECT  `students`.* FROM `students` WHERE `students`.`uuid` = 'jmpmnneb'  ORDER BY `students`.`id` ASC LIMIT 1
  [1m[36mLesson Load (2.3ms)[0m  [1mSELECT `lessons`.* FROM `lessons` WHERE (course_id = 'c24' or access_type = 'public')[0m
  Rendered learn/lessons/index.html.erb within learn/layouts/learn (11.8ms)
  Rendered learn/layouts/_header.html.erb (0.6ms)
  Rendered learn/layouts/_footer.html.erb (0.0ms)
Completed 200 OK in 90ms (Views: 80.7ms | ActiveRecord: 4.7ms)


Started GET "/learn/p/c24/02" for ::1 at 2016-09-19 13:50:20 +0800
Processing by Learn::PController#show as HTML
  Parameters: {"course_id"=>"c24", "lesson_id"=>"02"}
  [1m[35mStudent Load (0.7ms)[0m  SELECT  `students`.* FROM `students` WHERE `students`.`uuid` = 'jmpmnneb'  ORDER BY `students`.`id` ASC LIMIT 1
  Rendered learn/p/c24/02.html.erb within learn/layouts/p (1.4ms)
Completed 200 OK in 43ms (Views: 40.2ms | ActiveRecord: 0.7ms)


Started GET "/assets/revealjs/index.self-410d619a078c312658869151a40d57af35a32e70366aec8dfc0566a626cc8fbb.css?body=1" for ::1 at 2016-09-19 13:50:20 +0800


Started GET "/assets/revealjs/index.self-e3b0c44298fc1c149afbf4c8996fb92427ae41e4649b934ca495991b7852b855.js?body=1" for ::1 at 2016-09-19 13:50:20 +0800


Started GET "/assets/revealjs/reveal.self-f5bd612977856dd2afb16f15a204bd14f71943e7133dddd53cbfdeff3f631010.js?body=1" for ::1 at 2016-09-19 13:50:20 +0800


Started GET "/learn/p/c24/02" for ::1 at 2016-09-19 13:50:36 +0800
Processing by Learn::PController#show as HTML
  Parameters: {"course_id"=>"c24", "lesson_id"=>"02"}
  [1m[36mStudent Load (0.5ms)[0m  [1mSELECT  `students`.* FROM `students` WHERE `students`.`uuid` = 'jmpmnneb'  ORDER BY `students`.`id` ASC LIMIT 1[0m
  Rendered learn/p/c24/02.html.erb within learn/layouts/p (1.0ms)
Completed 200 OK in 14ms (Views: 11.4ms | ActiveRecord: 0.5ms)


Started GET "/assets/revealjs/index.self-410d619a078c312658869151a40d57af35a32e70366aec8dfc0566a626cc8fbb.css?body=1" for ::1 at 2016-09-19 13:50:36 +0800


Started GET "/assets/revealjs/index.self-e3b0c44298fc1c149afbf4c8996fb92427ae41e4649b934ca495991b7852b855.js?body=1" for ::1 at 2016-09-19 13:50:37 +0800


Started GET "/assets/revealjs/reveal.self-f5bd612977856dd2afb16f15a204bd14f71943e7133dddd53cbfdeff3f631010.js?body=1" for ::1 at 2016-09-19 13:50:37 +0800


Started GET "/learn/p/c24/02" for ::1 at 2016-09-19 14:10:15 +0800
Processing by Learn::PController#show as HTML
  Parameters: {"course_id"=>"c24", "lesson_id"=>"02"}
  [1m[35mStudent Load (1.8ms)[0m  SELECT  `students`.* FROM `students` WHERE `students`.`uuid` = 'jmpmnneb'  ORDER BY `students`.`id` ASC LIMIT 1
  Rendered learn/p/c24/02.html.erb within learn/layouts/p (1.1ms)
Completed 200 OK in 18ms (Views: 14.1ms | ActiveRecord: 1.8ms)


Started GET "/assets/revealjs/index.self-410d619a078c312658869151a40d57af35a32e70366aec8dfc0566a626cc8fbb.css?body=1" for ::1 at 2016-09-19 14:10:16 +0800


Started GET "/assets/revealjs/index.self-e3b0c44298fc1c149afbf4c8996fb92427ae41e4649b934ca495991b7852b855.js?body=1" for ::1 at 2016-09-19 14:10:16 +0800


Started GET "/assets/revealjs/reveal.self-f5bd612977856dd2afb16f15a204bd14f71943e7133dddd53cbfdeff3f631010.js?body=1" for ::1 at 2016-09-19 14:10:16 +0800


Started GET "/" for 127.0.0.1 at 2016-10-11 14:30:50 +0800
  [1m[36mActiveRecord::SchemaMigration Load (78.3ms)[0m  [1mSELECT `schema_migrations`.* FROM `schema_migrations`[0m
Processing by WelcomeController#index as HTML
  Rendered welcome/_career.html.erb (1.2ms)
  Rendered welcome/_wearefrom.html.erb (0.5ms)
  Rendered welcome/_whoami.html.erb (3.1ms)
  Rendered welcome/_results.html.erb (588.8ms)
  Rendered welcome/index.html.erb within layouts/application (603.9ms)
  Rendered layouts/_header.html.erb (0.9ms)
  Rendered welcome/_courses.html.erb (17.3ms)
  Rendered share/_wechat.html.erb (0.3ms)
  Rendered share/_contact_cellphones.html.erb (0.3ms)
  Rendered layouts/_footer.html.erb (5.4ms)
Completed 200 OK in 785ms (Views: 775.1ms | ActiveRecord: 0.0ms)


Started GET "/assets/application.self-cb0307daf48310d36ba829e4cd8d9dc68c78f47802840cfbe89732a21d108185.css?body=1" for 127.0.0.1 at 2016-10-11 14:30:51 +0800


Started GET "/assets/jquery.self-660adc51e0224b731d29f575a6f1ec167ba08ad06ed5deca4f1e8654c135bf4c.js?body=1" for 127.0.0.1 at 2016-10-11 14:30:51 +0800


Started GET "/assets/jquery_ujs.self-e87806d0cf4489aeb1bb7288016024e8de67fd18db693fe026fe3907581e53cd.js?body=1" for 127.0.0.1 at 2016-10-11 14:30:51 +0800


Started GET "/assets/jquery.lazyload.min.self-70563866ae30eacbbf78d003e40201b380eb8c89dd14389934d7e00b596530a7.js?body=1" for 127.0.0.1 at 2016-10-11 14:30:51 +0800


Started GET "/assets/bootstrap/affix.self-f7aef9d98ee5ece34a6a92a6a15bba777d93e8d908b75c95a85088277f394200.js?body=1" for 127.0.0.1 at 2016-10-11 14:30:51 +0800


Started GET "/assets/bootstrap/alert.self-896ab026e6823f5cef2441e07dac53d0692a5b772ac58b1ce20aa624c342d3f4.js?body=1" for 127.0.0.1 at 2016-10-11 14:30:51 +0800


Started GET "/assets/fontawesome-webfont-d3ebb498192527b985939ae62cc4e5eb5c108efc1896184126b45d866868e73d.woff2?v=4.6.1" for 127.0.0.1 at 2016-10-11 14:30:51 +0800


Started GET "/assets/bootstrap/button.self-d19f3e2bcd3a7a4d75c11b9141b3fabd2c11987da1e99c85548ec3ecf8db30c3.js?body=1" for 127.0.0.1 at 2016-10-11 14:30:51 +0800


Started GET "/assets/bootstrap/carousel.self-b2e5e14483e6c31343a83861b7d487620f143d6fc2d07d5ae7544b6b225ba6be.js?body=1" for 127.0.0.1 at 2016-10-11 14:30:51 +0800


Started GET "/assets/bootstrap/collapse.self-93820e9b486e375a7fb4477602def3a6f8381fa6d50938d5378297ffbe4a1248.js?body=1" for 127.0.0.1 at 2016-10-11 14:30:51 +0800


Started GET "/assets/bootstrap/dropdown.self-30536ae4d54b2685c26b5787ed0eb549a9075717fe690cce6270873bedf2df00.js?body=1" for 127.0.0.1 at 2016-10-11 14:30:51 +0800


Started GET "/assets/bootstrap/tab.self-9b77df34cbbb08ec93a806d6cdb741f04e3dbf3389978a0679146f2d2987bc89.js?body=1" for 127.0.0.1 at 2016-10-11 14:30:51 +0800


Started GET "/assets/bootstrap/transition.self-9616c4e856b57659b67da3c6f2adcd584b5601ef4bebcdadab8ebb387d80bb25.js?body=1" for 127.0.0.1 at 2016-10-11 14:30:52 +0800


Started GET "/assets/bootstrap/scrollspy.self-c5c6ed008955656d345067e9821d79f1216b8383134d08465d4aa1a33a2b93b4.js?body=1" for 127.0.0.1 at 2016-10-11 14:30:52 +0800


Started GET "/assets/bootstrap/modal.self-bcfe54f3132bf16a8c5ce4289e47eba488f6522a08f49f378a037061c6c7aa4c.js?body=1" for 127.0.0.1 at 2016-10-11 14:30:52 +0800


Started GET "/assets/bootstrap/tooltip.self-3aa41fbe871573b34e0ebddf31598cd5a11a9841ca85f90934ea46326e46626d.js?body=1" for 127.0.0.1 at 2016-10-11 14:30:52 +0800


Started GET "/assets/bootstrap/popover.self-b73e9c9111d01148e24bbc46e096782e024dc5db630e7078cf11ed2587ef8551.js?body=1" for 127.0.0.1 at 2016-10-11 14:30:52 +0800


Started GET "/assets/bootstrap-sprockets.self-fbfa5ad7d9aa0afe439ec4ff3883acc4cb92b62cb67c40d674320c9aa1d4642d.js?body=1" for 127.0.0.1 at 2016-10-11 14:30:52 +0800


Started GET "/assets/owl.carousel.min.self-0d37be315eae4b8700583ef49f93fd6887aab6dbf13249a8476bacbbf9a673c3.js?body=1" for 127.0.0.1 at 2016-10-11 14:30:52 +0800


Started GET "/assets/WeixinApi.self-60b7c8997fd79c0b1fb5ade9091e7961b5b0edec318b2443926f98bc4b5c7327.js?body=1" for 127.0.0.1 at 2016-10-11 14:30:52 +0800


Started GET "/assets/welcome.self-a26324c9d7433be7b183ebb8b77c27378c8c6c62b11ce01e65a8ea1a207a7082.js?body=1" for 127.0.0.1 at 2016-10-11 14:30:52 +0800


Started GET "/assets/wechat_share.self-f5aa2850e4d165a1d04d377baddc836e19d831e1ee2935b421b8baa2cbb5401f.js?body=1" for 127.0.0.1 at 2016-10-11 14:30:52 +0800


Started GET "/assets/application.self-90ccdce12d16e59172e05170a36ad364760df9726470dae02e35b44d5fb588a2.js?body=1" for 127.0.0.1 at 2016-10-11 14:30:52 +0800


Started GET "/assets/blank-2dfe28cbdb83f01c940de6a88ab86200154fd772d568035ac568664e52068363.gif" for 127.0.0.1 at 2016-10-11 14:30:52 +0800


Started GET "/assets/website_ibm-e079f053e073f2f3e5f3440cdb67089138d0c34564b909d03b7e75ec133f5ddd.png" for 127.0.0.1 at 2016-10-11 14:30:58 +0800


Started GET "/assets/website_qq-c6e9bee659526b0a1887e9179c4331c9a4780e893af767b1f2ba45737c3cde04.png" for 127.0.0.1 at 2016-10-11 14:30:58 +0800


Started GET "/assets/website_appannie-54442d9b6d13248b339bf7df5979a42ae77812b797af54cd67564add081da268.png" for 127.0.0.1 at 2016-10-11 14:30:58 +0800


Started GET "/assets/website_freewheel-f51c809320743aca31818214adbedfa79d87555d3e1717cd3694c3f9ce2d46b9.png" for 127.0.0.1 at 2016-10-11 14:30:58 +0800


Started GET "/assets/website_yottaa-0861d91cacf6de46ffee8232c3a9ae8557d0c2e5d21553911411b7b5e5039262.png" for 127.0.0.1 at 2016-10-11 14:30:58 +0800


Started GET "/assets/website_admaster-99bead99befe7a0466ef6b321d1032fb2996eb23f15aee9bd52d50c571ff5617.png" for 127.0.0.1 at 2016-10-11 14:30:58 +0800


Started GET "/assets/website_oracle-e8fb3ebac44d595d2fd21297830b01f712e40a7bbe145af7cfc7911ec81b7ee4.png" for 127.0.0.1 at 2016-10-11 14:30:58 +0800


Started GET "/assets/website_adobe-9571e1b9b36f9d12576e7ff6b572c7c70242d3c50044652b7a7faad6c4d47f2b.png" for 127.0.0.1 at 2016-10-11 14:30:58 +0800


Started GET "/" for 123.161.110.115 at 2016-10-11 14:31:52 +0800
Cannot render console from 123.161.110.115! Allowed networks: 192.168.0.0/192.168.255.255, 127.0.0.0/127.255.255.255, ::1
Processing by WelcomeController#index as HTML
  Rendered welcome/_career.html.erb (0.8ms)
  Rendered welcome/_wearefrom.html.erb (0.1ms)
  Rendered welcome/_whoami.html.erb (1.3ms)
  Rendered welcome/_results.html.erb (13.8ms)
  Rendered welcome/index.html.erb within layouts/application (19.7ms)
  Rendered layouts/_header.html.erb (0.2ms)
  Rendered welcome/_courses.html.erb (0.6ms)
  Rendered share/_wechat.html.erb (0.0ms)
  Rendered share/_contact_cellphones.html.erb (0.0ms)
  Rendered layouts/_footer.html.erb (2.2ms)
Completed 200 OK in 86ms (Views: 85.9ms | ActiveRecord: 0.0ms)


Started GET "/assets/application.self-cb0307daf48310d36ba829e4cd8d9dc68c78f47802840cfbe89732a21d108185.css?body=1" for 123.161.110.115 at 2016-10-11 14:31:53 +0800
Cannot render console from 123.161.110.115! Allowed networks: 192.168.0.0/192.168.255.255, 127.0.0.0/127.255.255.255, ::1


Started GET "/assets/jquery.self-660adc51e0224b731d29f575a6f1ec167ba08ad06ed5deca4f1e8654c135bf4c.js?body=1" for 123.161.110.115 at 2016-10-11 14:31:54 +0800
Cannot render console from 123.161.110.115! Allowed networks: 192.168.0.0/192.168.255.255, 127.0.0.0/127.255.255.255, ::1


Started GET "/assets/jquery_ujs.self-e87806d0cf4489aeb1bb7288016024e8de67fd18db693fe026fe3907581e53cd.js?body=1" for 123.161.110.115 at 2016-10-11 14:31:59 +0800
Cannot render console from 123.161.110.115! Allowed networks: 192.168.0.0/192.168.255.255, 127.0.0.0/127.255.255.255, ::1


Started GET "/assets/jquery.lazyload.min.self-70563866ae30eacbbf78d003e40201b380eb8c89dd14389934d7e00b596530a7.js?body=1" for 123.161.110.115 at 2016-10-11 14:31:59 +0800
Cannot render console from 123.161.110.115! Allowed networks: 192.168.0.0/192.168.255.255, 127.0.0.0/127.255.255.255, ::1


Started GET "/assets/bootstrap/alert.self-896ab026e6823f5cef2441e07dac53d0692a5b772ac58b1ce20aa624c342d3f4.js?body=1" for 123.161.110.115 at 2016-10-11 14:31:59 +0800
Cannot render console from 123.161.110.115! Allowed networks: 192.168.0.0/192.168.255.255, 127.0.0.0/127.255.255.255, ::1


Started GET "/assets/bootstrap/affix.self-f7aef9d98ee5ece34a6a92a6a15bba777d93e8d908b75c95a85088277f394200.js?body=1" for 123.161.110.115 at 2016-10-11 14:31:59 +0800
Cannot render console from 123.161.110.115! Allowed networks: 192.168.0.0/192.168.255.255, 127.0.0.0/127.255.255.255, ::1


Started GET "/assets/bootstrap/button.self-d19f3e2bcd3a7a4d75c11b9141b3fabd2c11987da1e99c85548ec3ecf8db30c3.js?body=1" for 123.161.110.115 at 2016-10-11 14:31:59 +0800
Cannot render console from 123.161.110.115! Allowed networks: 192.168.0.0/192.168.255.255, 127.0.0.0/127.255.255.255, ::1


Started GET "/assets/fontawesome-webfont-d3ebb498192527b985939ae62cc4e5eb5c108efc1896184126b45d866868e73d.woff2?v=4.6.1" for 123.161.110.115 at 2016-10-11 14:32:00 +0800
Cannot render console from 123.161.110.115! Allowed networks: 192.168.0.0/192.168.255.255, 127.0.0.0/127.255.255.255, ::1


Started GET "/assets/bootstrap/carousel.self-b2e5e14483e6c31343a83861b7d487620f143d6fc2d07d5ae7544b6b225ba6be.js?body=1" for 123.161.110.115 at 2016-10-11 14:32:00 +0800
Cannot render console from 123.161.110.115! Allowed networks: 192.168.0.0/192.168.255.255, 127.0.0.0/127.255.255.255, ::1


Started GET "/assets/bootstrap/dropdown.self-30536ae4d54b2685c26b5787ed0eb549a9075717fe690cce6270873bedf2df00.js?body=1" for 123.161.110.115 at 2016-10-11 14:32:00 +0800
Cannot render console from 123.161.110.115! Allowed networks: 192.168.0.0/192.168.255.255, 127.0.0.0/127.255.255.255, ::1


Started GET "/assets/bootstrap/collapse.self-93820e9b486e375a7fb4477602def3a6f8381fa6d50938d5378297ffbe4a1248.js?body=1" for 123.161.110.115 at 2016-10-11 14:32:00 +0800
Cannot render console from 123.161.110.115! Allowed networks: 192.168.0.0/192.168.255.255, 127.0.0.0/127.255.255.255, ::1


Started GET "/assets/bootstrap/tab.self-9b77df34cbbb08ec93a806d6cdb741f04e3dbf3389978a0679146f2d2987bc89.js?body=1" for 123.161.110.115 at 2016-10-11 14:32:00 +0800
Cannot render console from 123.161.110.115! Allowed networks: 192.168.0.0/192.168.255.255, 127.0.0.0/127.255.255.255, ::1


Started GET "/assets/bootstrap/transition.self-9616c4e856b57659b67da3c6f2adcd584b5601ef4bebcdadab8ebb387d80bb25.js?body=1" for 123.161.110.115 at 2016-10-11 14:32:00 +0800
Cannot render console from 123.161.110.115! Allowed networks: 192.168.0.0/192.168.255.255, 127.0.0.0/127.255.255.255, ::1


Started GET "/assets/bootstrap/scrollspy.self-c5c6ed008955656d345067e9821d79f1216b8383134d08465d4aa1a33a2b93b4.js?body=1" for 123.161.110.115 at 2016-10-11 14:32:00 +0800
Cannot render console from 123.161.110.115! Allowed networks: 192.168.0.0/192.168.255.255, 127.0.0.0/127.255.255.255, ::1


Started GET "/assets/bootstrap/modal.self-bcfe54f3132bf16a8c5ce4289e47eba488f6522a08f49f378a037061c6c7aa4c.js?body=1" for 123.161.110.115 at 2016-10-11 14:32:00 +0800
Cannot render console from 123.161.110.115! Allowed networks: 192.168.0.0/192.168.255.255, 127.0.0.0/127.255.255.255, ::1


Started GET "/assets/bootstrap/tooltip.self-3aa41fbe871573b34e0ebddf31598cd5a11a9841ca85f90934ea46326e46626d.js?body=1" for 123.161.110.115 at 2016-10-11 14:32:00 +0800
Cannot render console from 123.161.110.115! Allowed networks: 192.168.0.0/192.168.255.255, 127.0.0.0/127.255.255.255, ::1


Started GET "/assets/bootstrap/popover.self-b73e9c9111d01148e24bbc46e096782e024dc5db630e7078cf11ed2587ef8551.js?body=1" for 123.161.110.115 at 2016-10-11 14:32:00 +0800
Cannot render console from 123.161.110.115! Allowed networks: 192.168.0.0/192.168.255.255, 127.0.0.0/127.255.255.255, ::1


Started GET "/assets/bootstrap-sprockets.self-fbfa5ad7d9aa0afe439ec4ff3883acc4cb92b62cb67c40d674320c9aa1d4642d.js?body=1" for 123.161.110.115 at 2016-10-11 14:32:00 +0800
Cannot render console from 123.161.110.115! Allowed networks: 192.168.0.0/192.168.255.255, 127.0.0.0/127.255.255.255, ::1


Started GET "/assets/owl.carousel.min.self-0d37be315eae4b8700583ef49f93fd6887aab6dbf13249a8476bacbbf9a673c3.js?body=1" for 123.161.110.115 at 2016-10-11 14:32:00 +0800
Cannot render console from 123.161.110.115! Allowed networks: 192.168.0.0/192.168.255.255, 127.0.0.0/127.255.255.255, ::1


Started GET "/assets/WeixinApi.self-60b7c8997fd79c0b1fb5ade9091e7961b5b0edec318b2443926f98bc4b5c7327.js?body=1" for 123.161.110.115 at 2016-10-11 14:32:00 +0800
Cannot render console from 123.161.110.115! Allowed networks: 192.168.0.0/192.168.255.255, 127.0.0.0/127.255.255.255, ::1


Started GET "/assets/welcome.self-a26324c9d7433be7b183ebb8b77c27378c8c6c62b11ce01e65a8ea1a207a7082.js?body=1" for 123.161.110.115 at 2016-10-11 14:32:00 +0800
Cannot render console from 123.161.110.115! Allowed networks: 192.168.0.0/192.168.255.255, 127.0.0.0/127.255.255.255, ::1


Started GET "/assets/wechat_share.self-f5aa2850e4d165a1d04d377baddc836e19d831e1ee2935b421b8baa2cbb5401f.js?body=1" for 123.161.110.115 at 2016-10-11 14:32:00 +0800
Cannot render console from 123.161.110.115! Allowed networks: 192.168.0.0/192.168.255.255, 127.0.0.0/127.255.255.255, ::1


Started GET "/assets/application.self-90ccdce12d16e59172e05170a36ad364760df9726470dae02e35b44d5fb588a2.js?body=1" for 123.161.110.115 at 2016-10-11 14:32:00 +0800
Cannot render console from 123.161.110.115! Allowed networks: 192.168.0.0/192.168.255.255, 127.0.0.0/127.255.255.255, ::1


Started GET "/assets/blank-2dfe28cbdb83f01c940de6a88ab86200154fd772d568035ac568664e52068363.gif" for 123.161.110.115 at 2016-10-11 14:32:01 +0800
Cannot render console from 123.161.110.115! Allowed networks: 192.168.0.0/192.168.255.255, 127.0.0.0/127.255.255.255, ::1


Started GET "/" for 123.161.110.115 at 2016-10-11 15:34:46 +0800
Cannot render console from 123.161.110.115! Allowed networks: 192.168.0.0/192.168.255.255, 127.0.0.0/127.255.255.255, ::1
  [1m[36mActiveRecord::SchemaMigration Load (7.7ms)[0m  [1mSELECT `schema_migrations`.* FROM `schema_migrations`[0m
Processing by WelcomeController#index as HTML
  Rendered welcome/_career.html.erb (2.0ms)
  Rendered welcome/_wearefrom.html.erb (0.3ms)
  Rendered welcome/_whoami.html.erb (2.5ms)
  Rendered welcome/_results.html.erb (612.6ms)
  Rendered welcome/index.html.erb within layouts/application (629.1ms)
  Rendered layouts/_header.html.erb (0.9ms)
  Rendered welcome/_courses.html.erb (10.0ms)
  Rendered share/_wechat.html.erb (0.5ms)
  Rendered share/_contact_cellphones.html.erb (0.8ms)
  Rendered layouts/_footer.html.erb (6.5ms)
Completed 200 OK in 847ms (Views: 834.2ms | ActiveRecord: 0.0ms)


Started GET "/" for 123.161.110.115 at 2016-10-11 15:38:02 +0800
Cannot render console from 123.161.110.115! Allowed networks: 192.168.0.0/192.168.255.255, 127.0.0.0/127.255.255.255, ::1
Processing by WelcomeController#index as HTML
  Rendered welcome/_career.html.erb (3.3ms)
  Rendered welcome/_wearefrom.html.erb (0.1ms)
  Rendered welcome/_whoami.html.erb (1.7ms)
  Rendered welcome/_results.html.erb (60.8ms)
  Rendered welcome/index.html.erb within layouts/application (70.3ms)
  Rendered layouts/_header.html.erb (0.4ms)
  Rendered welcome/_courses.html.erb (0.3ms)
  Rendered share/_wechat.html.erb (0.1ms)
  Rendered share/_contact_cellphones.html.erb (0.1ms)
  Rendered layouts/_footer.html.erb (2.5ms)
Completed 200 OK in 252ms (Views: 249.1ms | ActiveRecord: 0.0ms)


Started GET "/assets/application.self-cb0307daf48310d36ba829e4cd8d9dc68c78f47802840cfbe89732a21d108185.css?body=1" for 123.161.110.115 at 2016-10-11 15:38:02 +0800
Cannot render console from 123.161.110.115! Allowed networks: 192.168.0.0/192.168.255.255, 127.0.0.0/127.255.255.255, ::1


Started GET "/assets/jquery.self-660adc51e0224b731d29f575a6f1ec167ba08ad06ed5deca4f1e8654c135bf4c.js?body=1" for 123.161.110.115 at 2016-10-11 15:38:03 +0800
Cannot render console from 123.161.110.115! Allowed networks: 192.168.0.0/192.168.255.255, 127.0.0.0/127.255.255.255, ::1


Started GET "/assets/jquery_ujs.self-e87806d0cf4489aeb1bb7288016024e8de67fd18db693fe026fe3907581e53cd.js?body=1" for 123.161.110.115 at 2016-10-11 15:38:04 +0800
Cannot render console from 123.161.110.115! Allowed networks: 192.168.0.0/192.168.255.255, 127.0.0.0/127.255.255.255, ::1


Started GET "/assets/jquery.lazyload.min.self-70563866ae30eacbbf78d003e40201b380eb8c89dd14389934d7e00b596530a7.js?body=1" for 123.161.110.115 at 2016-10-11 15:38:04 +0800
Cannot render console from 123.161.110.115! Allowed networks: 192.168.0.0/192.168.255.255, 127.0.0.0/127.255.255.255, ::1


Started GET "/assets/bootstrap/affix.self-f7aef9d98ee5ece34a6a92a6a15bba777d93e8d908b75c95a85088277f394200.js?body=1" for 123.161.110.115 at 2016-10-11 15:38:04 +0800
Cannot render console from 123.161.110.115! Allowed networks: 192.168.0.0/192.168.255.255, 127.0.0.0/127.255.255.255, ::1


Started GET "/assets/bootstrap/button.self-d19f3e2bcd3a7a4d75c11b9141b3fabd2c11987da1e99c85548ec3ecf8db30c3.js?body=1" for 123.161.110.115 at 2016-10-11 15:38:04 +0800
Cannot render console from 123.161.110.115! Allowed networks: 192.168.0.0/192.168.255.255, 127.0.0.0/127.255.255.255, ::1


Started GET "/assets/bootstrap/alert.self-896ab026e6823f5cef2441e07dac53d0692a5b772ac58b1ce20aa624c342d3f4.js?body=1" for 123.161.110.115 at 2016-10-11 15:38:04 +0800
Cannot render console from 123.161.110.115! Allowed networks: 192.168.0.0/192.168.255.255, 127.0.0.0/127.255.255.255, ::1


Started GET "/assets/fontawesome-webfont-d3ebb498192527b985939ae62cc4e5eb5c108efc1896184126b45d866868e73d.woff2?v=4.6.1" for 123.161.110.115 at 2016-10-11 15:38:05 +0800
Cannot render console from 123.161.110.115! Allowed networks: 192.168.0.0/192.168.255.255, 127.0.0.0/127.255.255.255, ::1


Started GET "/assets/bootstrap/carousel.self-b2e5e14483e6c31343a83861b7d487620f143d6fc2d07d5ae7544b6b225ba6be.js?body=1" for 123.161.110.115 at 2016-10-11 15:38:05 +0800
Cannot render console from 123.161.110.115! Allowed networks: 192.168.0.0/192.168.255.255, 127.0.0.0/127.255.255.255, ::1


Started GET "/assets/bootstrap/collapse.self-93820e9b486e375a7fb4477602def3a6f8381fa6d50938d5378297ffbe4a1248.js?body=1" for 123.161.110.115 at 2016-10-11 15:38:05 +0800
Cannot render console from 123.161.110.115! Allowed networks: 192.168.0.0/192.168.255.255, 127.0.0.0/127.255.255.255, ::1


Started GET "/assets/bootstrap/dropdown.self-30536ae4d54b2685c26b5787ed0eb549a9075717fe690cce6270873bedf2df00.js?body=1" for 123.161.110.115 at 2016-10-11 15:38:05 +0800
Cannot render console from 123.161.110.115! Allowed networks: 192.168.0.0/192.168.255.255, 127.0.0.0/127.255.255.255, ::1


Started GET "/assets/bootstrap/tab.self-9b77df34cbbb08ec93a806d6cdb741f04e3dbf3389978a0679146f2d2987bc89.js?body=1" for 123.161.110.115 at 2016-10-11 15:38:05 +0800
Cannot render console from 123.161.110.115! Allowed networks: 192.168.0.0/192.168.255.255, 127.0.0.0/127.255.255.255, ::1


Started GET "/assets/bootstrap/transition.self-9616c4e856b57659b67da3c6f2adcd584b5601ef4bebcdadab8ebb387d80bb25.js?body=1" for 123.161.110.115 at 2016-10-11 15:38:05 +0800
Cannot render console from 123.161.110.115! Allowed networks: 192.168.0.0/192.168.255.255, 127.0.0.0/127.255.255.255, ::1


Started GET "/assets/bootstrap/scrollspy.self-c5c6ed008955656d345067e9821d79f1216b8383134d08465d4aa1a33a2b93b4.js?body=1" for 123.161.110.115 at 2016-10-11 15:38:05 +0800
Cannot render console from 123.161.110.115! Allowed networks: 192.168.0.0/192.168.255.255, 127.0.0.0/127.255.255.255, ::1


Started GET "/assets/bootstrap/modal.self-bcfe54f3132bf16a8c5ce4289e47eba488f6522a08f49f378a037061c6c7aa4c.js?body=1" for 123.161.110.115 at 2016-10-11 15:38:05 +0800
Cannot render console from 123.161.110.115! Allowed networks: 192.168.0.0/192.168.255.255, 127.0.0.0/127.255.255.255, ::1


Started GET "/assets/bootstrap/tooltip.self-3aa41fbe871573b34e0ebddf31598cd5a11a9841ca85f90934ea46326e46626d.js?body=1" for 123.161.110.115 at 2016-10-11 15:38:05 +0800
Cannot render console from 123.161.110.115! Allowed networks: 192.168.0.0/192.168.255.255, 127.0.0.0/127.255.255.255, ::1


Started GET "/assets/bootstrap/popover.self-b73e9c9111d01148e24bbc46e096782e024dc5db630e7078cf11ed2587ef8551.js?body=1" for 123.161.110.115 at 2016-10-11 15:38:05 +0800
Cannot render console from 123.161.110.115! Allowed networks: 192.168.0.0/192.168.255.255, 127.0.0.0/127.255.255.255, ::1


Started GET "/assets/bootstrap-sprockets.self-fbfa5ad7d9aa0afe439ec4ff3883acc4cb92b62cb67c40d674320c9aa1d4642d.js?body=1" for 123.161.110.115 at 2016-10-11 15:38:05 +0800
Cannot render console from 123.161.110.115! Allowed networks: 192.168.0.0/192.168.255.255, 127.0.0.0/127.255.255.255, ::1


Started GET "/assets/owl.carousel.min.self-0d37be315eae4b8700583ef49f93fd6887aab6dbf13249a8476bacbbf9a673c3.js?body=1" for 123.161.110.115 at 2016-10-11 15:38:05 +0800
Cannot render console from 123.161.110.115! Allowed networks: 192.168.0.0/192.168.255.255, 127.0.0.0/127.255.255.255, ::1


Started GET "/assets/WeixinApi.self-60b7c8997fd79c0b1fb5ade9091e7961b5b0edec318b2443926f98bc4b5c7327.js?body=1" for 123.161.110.115 at 2016-10-11 15:38:05 +0800
Cannot render console from 123.161.110.115! Allowed networks: 192.168.0.0/192.168.255.255, 127.0.0.0/127.255.255.255, ::1


Started GET "/assets/welcome.self-a26324c9d7433be7b183ebb8b77c27378c8c6c62b11ce01e65a8ea1a207a7082.js?body=1" for 123.161.110.115 at 2016-10-11 15:38:05 +0800
Cannot render console from 123.161.110.115! Allowed networks: 192.168.0.0/192.168.255.255, 127.0.0.0/127.255.255.255, ::1


Started GET "/assets/wechat_share.self-f5aa2850e4d165a1d04d377baddc836e19d831e1ee2935b421b8baa2cbb5401f.js?body=1" for 123.161.110.115 at 2016-10-11 15:38:05 +0800
Cannot render console from 123.161.110.115! Allowed networks: 192.168.0.0/192.168.255.255, 127.0.0.0/127.255.255.255, ::1


Started GET "/assets/application.self-90ccdce12d16e59172e05170a36ad364760df9726470dae02e35b44d5fb588a2.js?body=1" for 123.161.110.115 at 2016-10-11 15:38:05 +0800
Cannot render console from 123.161.110.115! Allowed networks: 192.168.0.0/192.168.255.255, 127.0.0.0/127.255.255.255, ::1


Started GET "/assets/blank-2dfe28cbdb83f01c940de6a88ab86200154fd772d568035ac568664e52068363.gif" for 123.161.110.115 at 2016-10-11 15:38:05 +0800
Cannot render console from 123.161.110.115! Allowed networks: 192.168.0.0/192.168.255.255, 127.0.0.0/127.255.255.255, ::1


Started GET "/wechat/payment?body=year_product&out_trade_no=11223344&total_fee=19900&product_id=year&openid=oMZZkwyFG5sAx-d4PMQ6Lq1xisHE" for 123.161.110.115 at 2016-10-11 15:38:08 +0800
Cannot render console from 123.161.110.115! Allowed networks: 192.168.0.0/192.168.255.255, 127.0.0.0/127.255.255.255, ::1
Processing by Wechat::PaymentController#index as HTML
  Parameters: {"body"=>"year_product", "out_trade_no"=>"11223344", "total_fee"=>"19900", "product_id"=>"year", "openid"=>"oMZZkwyFG5sAx-d4PMQ6Lq1xisHE"}
Completed 500 Internal Server Error in 7ms (ActiveRecord: 0.0ms)

NoMethodError (undefined method `client_ip' for #<ActionDispatch::Request:0x007f9503790af0>):
  app/controllers/wechat/payment_controller.rb:14:in `index'


  Rendered /usr/local/rvm/gems/ruby-2.2.2/gems/actionpack-4.2.3/lib/action_dispatch/middleware/templates/rescues/_source.erb (4.9ms)
  Rendered /usr/local/rvm/gems/ruby-2.2.2/gems/actionpack-4.2.3/lib/action_dispatch/middleware/templates/rescues/_trace.html.erb (1.9ms)
  Rendered /usr/local/rvm/gems/ruby-2.2.2/gems/actionpack-4.2.3/lib/action_dispatch/middleware/templates/rescues/_request_and_response.html.erb (1.6ms)
  Rendered /usr/local/rvm/gems/ruby-2.2.2/gems/actionpack-4.2.3/lib/action_dispatch/middleware/templates/rescues/diagnostics.html.erb within rescues/layout (47.7ms)


Started GET "/wechat/payment?body=year_product&out_trade_no=11223344&total_fee=19900&product_id=year&openid=oMZZkwyFG5sAx-d4PMQ6Lq1xisHE" for 123.161.110.115 at 2016-10-11 15:38:29 +0800
Cannot render console from 123.161.110.115! Allowed networks: 192.168.0.0/192.168.255.255, 127.0.0.0/127.255.255.255, ::1
Processing by Wechat::PaymentController#index as HTML
  Parameters: {"body"=>"year_product", "out_trade_no"=>"11223344", "total_fee"=>"19900", "product_id"=>"year", "openid"=>"oMZZkwyFG5sAx-d4PMQ6Lq1xisHE"}
Completed 500 Internal Server Error in 399ms (ActiveRecord: 0.0ms)

RestClient::SSLCertificateNotVerified (SSL_connect returned=1 errno=0 state=SSLv3 read server certificate B: certificate verify failed):
  app/controllers/wechat/payment_controller.rb:24:in `index'


  Rendered /usr/local/rvm/gems/ruby-2.2.2/gems/actionpack-4.2.3/lib/action_dispatch/middleware/templates/rescues/_source.erb (5.5ms)
  Rendered /usr/local/rvm/gems/ruby-2.2.2/gems/actionpack-4.2.3/lib/action_dispatch/middleware/templates/rescues/_trace.html.erb (1.8ms)
  Rendered /usr/local/rvm/gems/ruby-2.2.2/gems/actionpack-4.2.3/lib/action_dispatch/middleware/templates/rescues/_request_and_response.html.erb (1.2ms)
  Rendered /usr/local/rvm/gems/ruby-2.2.2/gems/actionpack-4.2.3/lib/action_dispatch/middleware/templates/rescues/diagnostics.html.erb within rescues/layout (44.4ms)


Started GET "/wechat/payment?body=year_product&out_trade_no=11223344&total_fee=19900&product_id=year&openid=oMZZkwyFG5sAx-d4PMQ6Lq1xisHE" for 123.161.110.115 at 2016-10-11 15:39:53 +0800
Cannot render console from 123.161.110.115! Allowed networks: 192.168.0.0/192.168.255.255, 127.0.0.0/127.255.255.255, ::1
Processing by Wechat::PaymentController#index as HTML
  Parameters: {"body"=>"year_product", "out_trade_no"=>"11223344", "total_fee"=>"19900", "product_id"=>"year", "openid"=>"oMZZkwyFG5sAx-d4PMQ6Lq1xisHE"}
WECHAT PAYMENT CREATE ORDER: <xml><return_code><![CDATA[FAIL]]></return_code>
<return_msg><![CDATA[签名错误]]></return_msg>
</xml>
  Rendered wechat/payment/index.html.erb within layouts/application (1.2ms)
  Rendered layouts/_header.html.erb (0.7ms)
  Rendered welcome/_courses.html.erb (10.6ms)
  Rendered share/_wechat.html.erb (0.1ms)
  Rendered share/_contact_cellphones.html.erb (0.1ms)
  Rendered layouts/_footer.html.erb (2.5ms)
Completed 200 OK in 576ms (Views: 153.3ms | ActiveRecord: 0.0ms)


Started GET "/assets/application.self-cb0307daf48310d36ba829e4cd8d9dc68c78f47802840cfbe89732a21d108185.css?body=1" for 123.161.110.115 at 2016-10-11 15:39:55 +0800
Cannot render console from 123.161.110.115! Allowed networks: 192.168.0.0/192.168.255.255, 127.0.0.0/127.255.255.255, ::1


Started GET "/assets/jquery.self-660adc51e0224b731d29f575a6f1ec167ba08ad06ed5deca4f1e8654c135bf4c.js?body=1" for 123.161.110.115 at 2016-10-11 15:40:05 +0800
Cannot render console from 123.161.110.115! Allowed networks: 192.168.0.0/192.168.255.255, 127.0.0.0/127.255.255.255, ::1


Started GET "/assets/jquery_ujs.self-e87806d0cf4489aeb1bb7288016024e8de67fd18db693fe026fe3907581e53cd.js?body=1" for 123.161.110.115 at 2016-10-11 15:40:06 +0800
Cannot render console from 123.161.110.115! Allowed networks: 192.168.0.0/192.168.255.255, 127.0.0.0/127.255.255.255, ::1


Started GET "/assets/fontawesome-webfont-d3ebb498192527b985939ae62cc4e5eb5c108efc1896184126b45d866868e73d.woff2?v=4.6.1" for 123.161.110.115 at 2016-10-11 15:40:06 +0800
Cannot render console from 123.161.110.115! Allowed networks: 192.168.0.0/192.168.255.255, 127.0.0.0/127.255.255.255, ::1


Started GET "/assets/jquery.lazyload.min.self-70563866ae30eacbbf78d003e40201b380eb8c89dd14389934d7e00b596530a7.js?body=1" for 123.161.110.115 at 2016-10-11 15:40:06 +0800
Cannot render console from 123.161.110.115! Allowed networks: 192.168.0.0/192.168.255.255, 127.0.0.0/127.255.255.255, ::1


Started GET "/assets/bootstrap/affix.self-f7aef9d98ee5ece34a6a92a6a15bba777d93e8d908b75c95a85088277f394200.js?body=1" for 123.161.110.115 at 2016-10-11 15:40:06 +0800
Cannot render console from 123.161.110.115! Allowed networks: 192.168.0.0/192.168.255.255, 127.0.0.0/127.255.255.255, ::1


Started GET "/assets/bootstrap/button.self-d19f3e2bcd3a7a4d75c11b9141b3fabd2c11987da1e99c85548ec3ecf8db30c3.js?body=1" for 123.161.110.115 at 2016-10-11 15:40:06 +0800
Cannot render console from 123.161.110.115! Allowed networks: 192.168.0.0/192.168.255.255, 127.0.0.0/127.255.255.255, ::1


Started GET "/assets/bootstrap/carousel.self-b2e5e14483e6c31343a83861b7d487620f143d6fc2d07d5ae7544b6b225ba6be.js?body=1" for 123.161.110.115 at 2016-10-11 15:40:06 +0800
Cannot render console from 123.161.110.115! Allowed networks: 192.168.0.0/192.168.255.255, 127.0.0.0/127.255.255.255, ::1


Started GET "/assets/bootstrap/alert.self-896ab026e6823f5cef2441e07dac53d0692a5b772ac58b1ce20aa624c342d3f4.js?body=1" for 123.161.110.115 at 2016-10-11 15:40:06 +0800
Cannot render console from 123.161.110.115! Allowed networks: 192.168.0.0/192.168.255.255, 127.0.0.0/127.255.255.255, ::1


Started GET "/assets/bootstrap/collapse.self-93820e9b486e375a7fb4477602def3a6f8381fa6d50938d5378297ffbe4a1248.js?body=1" for 123.161.110.115 at 2016-10-11 15:40:06 +0800
Cannot render console from 123.161.110.115! Allowed networks: 192.168.0.0/192.168.255.255, 127.0.0.0/127.255.255.255, ::1


Started GET "/assets/bootstrap/dropdown.self-30536ae4d54b2685c26b5787ed0eb549a9075717fe690cce6270873bedf2df00.js?body=1" for 123.161.110.115 at 2016-10-11 15:40:06 +0800
Cannot render console from 123.161.110.115! Allowed networks: 192.168.0.0/192.168.255.255, 127.0.0.0/127.255.255.255, ::1


Started GET "/assets/bootstrap/tab.self-9b77df34cbbb08ec93a806d6cdb741f04e3dbf3389978a0679146f2d2987bc89.js?body=1" for 123.161.110.115 at 2016-10-11 15:40:06 +0800
Cannot render console from 123.161.110.115! Allowed networks: 192.168.0.0/192.168.255.255, 127.0.0.0/127.255.255.255, ::1


Started GET "/assets/bootstrap/transition.self-9616c4e856b57659b67da3c6f2adcd584b5601ef4bebcdadab8ebb387d80bb25.js?body=1" for 123.161.110.115 at 2016-10-11 15:40:06 +0800
Cannot render console from 123.161.110.115! Allowed networks: 192.168.0.0/192.168.255.255, 127.0.0.0/127.255.255.255, ::1


Started GET "/assets/bootstrap/scrollspy.self-c5c6ed008955656d345067e9821d79f1216b8383134d08465d4aa1a33a2b93b4.js?body=1" for 123.161.110.115 at 2016-10-11 15:40:07 +0800
Cannot render console from 123.161.110.115! Allowed networks: 192.168.0.0/192.168.255.255, 127.0.0.0/127.255.255.255, ::1


Started GET "/assets/bootstrap/modal.self-bcfe54f3132bf16a8c5ce4289e47eba488f6522a08f49f378a037061c6c7aa4c.js?body=1" for 123.161.110.115 at 2016-10-11 15:40:07 +0800
Cannot render console from 123.161.110.115! Allowed networks: 192.168.0.0/192.168.255.255, 127.0.0.0/127.255.255.255, ::1


Started GET "/assets/bootstrap/tooltip.self-3aa41fbe871573b34e0ebddf31598cd5a11a9841ca85f90934ea46326e46626d.js?body=1" for 123.161.110.115 at 2016-10-11 15:40:07 +0800
Cannot render console from 123.161.110.115! Allowed networks: 192.168.0.0/192.168.255.255, 127.0.0.0/127.255.255.255, ::1


Started GET "/assets/bootstrap/popover.self-b73e9c9111d01148e24bbc46e096782e024dc5db630e7078cf11ed2587ef8551.js?body=1" for 123.161.110.115 at 2016-10-11 15:40:07 +0800
Cannot render console from 123.161.110.115! Allowed networks: 192.168.0.0/192.168.255.255, 127.0.0.0/127.255.255.255, ::1


Started GET "/assets/bootstrap-sprockets.self-fbfa5ad7d9aa0afe439ec4ff3883acc4cb92b62cb67c40d674320c9aa1d4642d.js?body=1" for 123.161.110.115 at 2016-10-11 15:40:07 +0800
Cannot render console from 123.161.110.115! Allowed networks: 192.168.0.0/192.168.255.255, 127.0.0.0/127.255.255.255, ::1


Started GET "/assets/owl.carousel.min.self-0d37be315eae4b8700583ef49f93fd6887aab6dbf13249a8476bacbbf9a673c3.js?body=1" for 123.161.110.115 at 2016-10-11 15:40:07 +0800
Cannot render console from 123.161.110.115! Allowed networks: 192.168.0.0/192.168.255.255, 127.0.0.0/127.255.255.255, ::1


Started GET "/assets/WeixinApi.self-60b7c8997fd79c0b1fb5ade9091e7961b5b0edec318b2443926f98bc4b5c7327.js?body=1" for 123.161.110.115 at 2016-10-11 15:40:07 +0800
Cannot render console from 123.161.110.115! Allowed networks: 192.168.0.0/192.168.255.255, 127.0.0.0/127.255.255.255, ::1


Started GET "/assets/welcome.self-a26324c9d7433be7b183ebb8b77c27378c8c6c62b11ce01e65a8ea1a207a7082.js?body=1" for 123.161.110.115 at 2016-10-11 15:40:07 +0800
Cannot render console from 123.161.110.115! Allowed networks: 192.168.0.0/192.168.255.255, 127.0.0.0/127.255.255.255, ::1


Started GET "/assets/wechat_share.self-f5aa2850e4d165a1d04d377baddc836e19d831e1ee2935b421b8baa2cbb5401f.js?body=1" for 123.161.110.115 at 2016-10-11 15:40:07 +0800
Cannot render console from 123.161.110.115! Allowed networks: 192.168.0.0/192.168.255.255, 127.0.0.0/127.255.255.255, ::1


Started GET "/assets/application.self-90ccdce12d16e59172e05170a36ad364760df9726470dae02e35b44d5fb588a2.js?body=1" for 123.161.110.115 at 2016-10-11 15:40:07 +0800
Cannot render console from 123.161.110.115! Allowed networks: 192.168.0.0/192.168.255.255, 127.0.0.0/127.255.255.255, ::1


Started GET "/wechat/payment?body=year_product&out_trade_no=11223344&total_fee=19900&product_id=year&openid=oMZZkwyFG5sAx-d4PMQ6Lq1xisHE" for 123.161.110.115 at 2016-10-11 15:40:57 +0800
Cannot render console from 123.161.110.115! Allowed networks: 192.168.0.0/192.168.255.255, 127.0.0.0/127.255.255.255, ::1
Processing by Wechat::PaymentController#index as HTML
  Parameters: {"body"=>"year_product", "out_trade_no"=>"11223344", "total_fee"=>"19900", "product_id"=>"year", "openid"=>"oMZZkwyFG5sAx-d4PMQ6Lq1xisHE"}
WECHAT PAYMENT CREATE ORDER: <xml><return_code><![CDATA[FAIL]]></return_code>
<return_msg><![CDATA[签名错误]]></return_msg>
</xml>
  Rendered wechat/payment/index.html.erb within layouts/application (0.1ms)
  Rendered layouts/_header.html.erb (0.3ms)
  Rendered welcome/_courses.html.erb (6.6ms)
  Rendered share/_wechat.html.erb (0.1ms)
  Rendered share/_contact_cellphones.html.erb (0.0ms)
  Rendered layouts/_footer.html.erb (2.7ms)
Completed 200 OK in 14617ms (Views: 87.2ms | ActiveRecord: 0.0ms)


Started GET "/assets/application.self-cb0307daf48310d36ba829e4cd8d9dc68c78f47802840cfbe89732a21d108185.css?body=1" for 123.161.110.115 at 2016-10-11 15:41:12 +0800
Cannot render console from 123.161.110.115! Allowed networks: 192.168.0.0/192.168.255.255, 127.0.0.0/127.255.255.255, ::1


Started GET "/assets/jquery.self-660adc51e0224b731d29f575a6f1ec167ba08ad06ed5deca4f1e8654c135bf4c.js?body=1" for 123.161.110.115 at 2016-10-11 15:41:12 +0800
Cannot render console from 123.161.110.115! Allowed networks: 192.168.0.0/192.168.255.255, 127.0.0.0/127.255.255.255, ::1


Started GET "/assets/jquery_ujs.self-e87806d0cf4489aeb1bb7288016024e8de67fd18db693fe026fe3907581e53cd.js?body=1" for 123.161.110.115 at 2016-10-11 15:41:14 +0800
Cannot render console from 123.161.110.115! Allowed networks: 192.168.0.0/192.168.255.255, 127.0.0.0/127.255.255.255, ::1


Started GET "/assets/fontawesome-webfont-d3ebb498192527b985939ae62cc4e5eb5c108efc1896184126b45d866868e73d.woff2?v=4.6.1" for 123.161.110.115 at 2016-10-11 15:41:14 +0800
Cannot render console from 123.161.110.115! Allowed networks: 192.168.0.0/192.168.255.255, 127.0.0.0/127.255.255.255, ::1


Started GET "/assets/bootstrap/affix.self-f7aef9d98ee5ece34a6a92a6a15bba777d93e8d908b75c95a85088277f394200.js?body=1" for 123.161.110.115 at 2016-10-11 15:41:14 +0800
Cannot render console from 123.161.110.115! Allowed networks: 192.168.0.0/192.168.255.255, 127.0.0.0/127.255.255.255, ::1


Started GET "/assets/jquery.lazyload.min.self-70563866ae30eacbbf78d003e40201b380eb8c89dd14389934d7e00b596530a7.js?body=1" for 123.161.110.115 at 2016-10-11 15:41:14 +0800
Cannot render console from 123.161.110.115! Allowed networks: 192.168.0.0/192.168.255.255, 127.0.0.0/127.255.255.255, ::1


Started GET "/assets/bootstrap/alert.self-896ab026e6823f5cef2441e07dac53d0692a5b772ac58b1ce20aa624c342d3f4.js?body=1" for 123.161.110.115 at 2016-10-11 15:41:14 +0800
Cannot render console from 123.161.110.115! Allowed networks: 192.168.0.0/192.168.255.255, 127.0.0.0/127.255.255.255, ::1


Started GET "/assets/bootstrap/button.self-d19f3e2bcd3a7a4d75c11b9141b3fabd2c11987da1e99c85548ec3ecf8db30c3.js?body=1" for 123.161.110.115 at 2016-10-11 15:41:14 +0800
Cannot render console from 123.161.110.115! Allowed networks: 192.168.0.0/192.168.255.255, 127.0.0.0/127.255.255.255, ::1


Started GET "/assets/bootstrap/transition.self-9616c4e856b57659b67da3c6f2adcd584b5601ef4bebcdadab8ebb387d80bb25.js?body=1" for 123.161.110.115 at 2016-10-11 15:41:14 +0800
Cannot render console from 123.161.110.115! Allowed networks: 192.168.0.0/192.168.255.255, 127.0.0.0/127.255.255.255, ::1


Started GET "/assets/bootstrap/carousel.self-b2e5e14483e6c31343a83861b7d487620f143d6fc2d07d5ae7544b6b225ba6be.js?body=1" for 123.161.110.115 at 2016-10-11 15:41:14 +0800
Cannot render console from 123.161.110.115! Allowed networks: 192.168.0.0/192.168.255.255, 127.0.0.0/127.255.255.255, ::1


Started GET "/assets/bootstrap/dropdown.self-30536ae4d54b2685c26b5787ed0eb549a9075717fe690cce6270873bedf2df00.js?body=1" for 123.161.110.115 at 2016-10-11 15:41:14 +0800
Cannot render console from 123.161.110.115! Allowed networks: 192.168.0.0/192.168.255.255, 127.0.0.0/127.255.255.255, ::1


Started GET "/assets/bootstrap/tab.self-9b77df34cbbb08ec93a806d6cdb741f04e3dbf3389978a0679146f2d2987bc89.js?body=1" for 123.161.110.115 at 2016-10-11 15:41:14 +0800
Cannot render console from 123.161.110.115! Allowed networks: 192.168.0.0/192.168.255.255, 127.0.0.0/127.255.255.255, ::1


Started GET "/assets/bootstrap/collapse.self-93820e9b486e375a7fb4477602def3a6f8381fa6d50938d5378297ffbe4a1248.js?body=1" for 123.161.110.115 at 2016-10-11 15:41:14 +0800
Cannot render console from 123.161.110.115! Allowed networks: 192.168.0.0/192.168.255.255, 127.0.0.0/127.255.255.255, ::1


Started GET "/assets/bootstrap/scrollspy.self-c5c6ed008955656d345067e9821d79f1216b8383134d08465d4aa1a33a2b93b4.js?body=1" for 123.161.110.115 at 2016-10-11 15:41:14 +0800
Cannot render console from 123.161.110.115! Allowed networks: 192.168.0.0/192.168.255.255, 127.0.0.0/127.255.255.255, ::1


Started GET "/assets/bootstrap/tooltip.self-3aa41fbe871573b34e0ebddf31598cd5a11a9841ca85f90934ea46326e46626d.js?body=1" for 123.161.110.115 at 2016-10-11 15:41:14 +0800
Cannot render console from 123.161.110.115! Allowed networks: 192.168.0.0/192.168.255.255, 127.0.0.0/127.255.255.255, ::1


Started GET "/assets/bootstrap/modal.self-bcfe54f3132bf16a8c5ce4289e47eba488f6522a08f49f378a037061c6c7aa4c.js?body=1" for 123.161.110.115 at 2016-10-11 15:41:14 +0800
Cannot render console from 123.161.110.115! Allowed networks: 192.168.0.0/192.168.255.255, 127.0.0.0/127.255.255.255, ::1


Started GET "/assets/bootstrap/popover.self-b73e9c9111d01148e24bbc46e096782e024dc5db630e7078cf11ed2587ef8551.js?body=1" for 123.161.110.115 at 2016-10-11 15:41:14 +0800
Cannot render console from 123.161.110.115! Allowed networks: 192.168.0.0/192.168.255.255, 127.0.0.0/127.255.255.255, ::1


Started GET "/assets/bootstrap-sprockets.self-fbfa5ad7d9aa0afe439ec4ff3883acc4cb92b62cb67c40d674320c9aa1d4642d.js?body=1" for 123.161.110.115 at 2016-10-11 15:41:14 +0800
Cannot render console from 123.161.110.115! Allowed networks: 192.168.0.0/192.168.255.255, 127.0.0.0/127.255.255.255, ::1


Started GET "/assets/owl.carousel.min.self-0d37be315eae4b8700583ef49f93fd6887aab6dbf13249a8476bacbbf9a673c3.js?body=1" for 123.161.110.115 at 2016-10-11 15:41:14 +0800
Cannot render console from 123.161.110.115! Allowed networks: 192.168.0.0/192.168.255.255, 127.0.0.0/127.255.255.255, ::1


Started GET "/assets/WeixinApi.self-60b7c8997fd79c0b1fb5ade9091e7961b5b0edec318b2443926f98bc4b5c7327.js?body=1" for 123.161.110.115 at 2016-10-11 15:41:14 +0800
Cannot render console from 123.161.110.115! Allowed networks: 192.168.0.0/192.168.255.255, 127.0.0.0/127.255.255.255, ::1


Started GET "/assets/welcome.self-a26324c9d7433be7b183ebb8b77c27378c8c6c62b11ce01e65a8ea1a207a7082.js?body=1" for 123.161.110.115 at 2016-10-11 15:41:14 +0800
Cannot render console from 123.161.110.115! Allowed networks: 192.168.0.0/192.168.255.255, 127.0.0.0/127.255.255.255, ::1


Started GET "/assets/wechat_share.self-f5aa2850e4d165a1d04d377baddc836e19d831e1ee2935b421b8baa2cbb5401f.js?body=1" for 123.161.110.115 at 2016-10-11 15:41:14 +0800
Cannot render console from 123.161.110.115! Allowed networks: 192.168.0.0/192.168.255.255, 127.0.0.0/127.255.255.255, ::1


Started GET "/assets/application.self-90ccdce12d16e59172e05170a36ad364760df9726470dae02e35b44d5fb588a2.js?body=1" for 123.161.110.115 at 2016-10-11 15:41:14 +0800
Cannot render console from 123.161.110.115! Allowed networks: 192.168.0.0/192.168.255.255, 127.0.0.0/127.255.255.255, ::1


Started GET "/wechat/payment?body=year_product&out_trade_no=11223344&total_fee=19900&product_id=year&openid=oMZZkwyFG5sAx-d4PMQ6Lq1xisHE" for 123.161.110.115 at 2016-10-11 15:41:25 +0800
Cannot render console from 123.161.110.115! Allowed networks: 192.168.0.0/192.168.255.255, 127.0.0.0/127.255.255.255, ::1
Processing by Wechat::PaymentController#index as HTML
  Parameters: {"body"=>"year_product", "out_trade_no"=>"11223344", "total_fee"=>"19900", "product_id"=>"year", "openid"=>"oMZZkwyFG5sAx-d4PMQ6Lq1xisHE"}
WECHAT PAYMENT CREATE ORDER: <xml><return_code><![CDATA[FAIL]]></return_code>
<return_msg><![CDATA[签名错误]]></return_msg>
</xml>
  Rendered wechat/payment/index.html.erb (0.1ms)
Completed 200 OK in 2968ms (Views: 1.5ms | ActiveRecord: 0.0ms)


Started GET "/wechat/payment?body=year_product&out_trade_no=11223344&total_fee=19900&product_id=year&openid=oMZZkwyFG5sAx-d4PMQ6Lq1xisHE" for 123.161.110.115 at 2016-10-11 15:43:14 +0800
Cannot render console from 123.161.110.115! Allowed networks: 192.168.0.0/192.168.255.255, 127.0.0.0/127.255.255.255, ::1
Processing by Wechat::PaymentController#index as HTML
  Parameters: {"body"=>"year_product", "out_trade_no"=>"11223344", "total_fee"=>"19900", "product_id"=>"year", "openid"=>"oMZZkwyFG5sAx-d4PMQ6Lq1xisHE"}
WECHAT PAYMENT CREATE ORDER: <xml><return_code><![CDATA[FAIL]]></return_code>
<return_msg><![CDATA[商户号mch_id或sub_mch_id不存在]]></return_msg>
</xml>
  Rendered wechat/payment/index.html.erb (0.1ms)
Completed 200 OK in 384ms (Views: 3.1ms | ActiveRecord: 0.0ms)


Started GET "/wechat/payment?body=year_product&out_trade_no=11223344&total_fee=19900&product_id=year&openid=oMZZkwyFG5sAx-d4PMQ6Lq1xisHE" for 123.161.110.115 at 2016-10-11 15:43:41 +0800
Cannot render console from 123.161.110.115! Allowed networks: 192.168.0.0/192.168.255.255, 127.0.0.0/127.255.255.255, ::1
Processing by Wechat::PaymentController#index as HTML
  Parameters: {"body"=>"year_product", "out_trade_no"=>"11223344", "total_fee"=>"19900", "product_id"=>"year", "openid"=>"oMZZkwyFG5sAx-d4PMQ6Lq1xisHE"}
WECHAT PAYMENT CREATE ORDER: <xml><return_code><![CDATA[FAIL]]></return_code>
<return_msg><![CDATA[签名错误]]></return_msg>
</xml>
  Rendered wechat/payment/index.html.erb (0.2ms)
Completed 200 OK in 1575ms (Views: 4.8ms | ActiveRecord: 0.0ms)


Started GET "/wechat/payment?body=year_product&out_trade_no=11223344&total_fee=19900&product_id=year&openid=oMZZkwyFG5sAx-d4PMQ6Lq1xisHE" for 123.161.110.115 at 2016-10-11 15:44:28 +0800
Cannot render console from 123.161.110.115! Allowed networks: 192.168.0.0/192.168.255.255, 127.0.0.0/127.255.255.255, ::1
Processing by Wechat::PaymentController#index as HTML
  Parameters: {"body"=>"year_product", "out_trade_no"=>"11223344", "total_fee"=>"19900", "product_id"=>"year", "openid"=>"oMZZkwyFG5sAx-d4PMQ6Lq1xisHE"}
WECHAT PAYMENT CREATE ORDER: <xml><return_code><![CDATA[FAIL]]></return_code>
<return_msg><![CDATA[签名错误]]></return_msg>
</xml>
  Rendered wechat/payment/index.html.erb (0.4ms)
Completed 200 OK in 269ms (Views: 3.2ms | ActiveRecord: 0.0ms)


Started GET "/wechat/payment?body=year_product&out_trade_no=11223344&total_fee=19900&product_id=year&openid=oMZZkwyFG5sAx-d4PMQ6Lq1xisHE" for 123.161.110.115 at 2016-10-11 15:44:37 +0800
Cannot render console from 123.161.110.115! Allowed networks: 192.168.0.0/192.168.255.255, 127.0.0.0/127.255.255.255, ::1
Processing by Wechat::PaymentController#index as HTML
  Parameters: {"body"=>"year_product", "out_trade_no"=>"11223344", "total_fee"=>"19900", "product_id"=>"year", "openid"=>"oMZZkwyFG5sAx-d4PMQ6Lq1xisHE"}
WECHAT PAYMENT CREATE ORDER: <xml><return_code><![CDATA[FAIL]]></return_code>
<return_msg><![CDATA[签名错误]]></return_msg>
</xml>
  Rendered wechat/payment/index.html.erb (0.1ms)
Completed 200 OK in 302ms (Views: 2.0ms | ActiveRecord: 0.0ms)


Started GET "/wechat/payment?body=year_product&out_trade_no=11223344&total_fee=19900&product_id=year&openid=oMZZkwyFG5sAx-d4PMQ6Lq1xisHE" for 123.161.110.115 at 2016-10-11 15:44:51 +0800
Cannot render console from 123.161.110.115! Allowed networks: 192.168.0.0/192.168.255.255, 127.0.0.0/127.255.255.255, ::1
  [1m[36mActiveRecord::SchemaMigration Load (7.5ms)[0m  [1mSELECT `schema_migrations`.* FROM `schema_migrations`[0m
Processing by Wechat::PaymentController#index as HTML
  Parameters: {"body"=>"year_product", "out_trade_no"=>"11223344", "total_fee"=>"19900", "product_id"=>"year", "openid"=>"oMZZkwyFG5sAx-d4PMQ6Lq1xisHE"}
WECHAT PAYMENT CREATE ORDER: <xml><return_code><![CDATA[FAIL]]></return_code>
<return_msg><![CDATA[签名错误]]></return_msg>
</xml>
  Rendered wechat/payment/index.html.erb (6.1ms)
Completed 200 OK in 387865ms (Views: 37.3ms | ActiveRecord: 0.0ms)


Started GET "/wechat/payment?body=year_product&out_trade_no=11223344&total_fee=19900&product_id=year&openid=oMZZkwyFG5sAx-d4PMQ6Lq1xisHE" for 123.161.110.115 at 2016-10-11 15:51:19 +0800
Cannot render console from 123.161.110.115! Allowed networks: 192.168.0.0/192.168.255.255, 127.0.0.0/127.255.255.255, ::1
Processing by Wechat::PaymentController#index as HTML
  Parameters: {"body"=>"year_product", "out_trade_no"=>"11223344", "total_fee"=>"19900", "product_id"=>"year", "openid"=>"oMZZkwyFG5sAx-d4PMQ6Lq1xisHE"}
WECHAT PAYMENT CREATE ORDER: <xml><return_code><![CDATA[FAIL]]></return_code>
<return_msg><![CDATA[签名错误]]></return_msg>
</xml>
  Rendered wechat/payment/index.html.erb (0.3ms)
Completed 200 OK in 290ms (Views: 3.2ms | ActiveRecord: 0.0ms)


Started GET "/wechat/payment?body=year_product&out_trade_no=11223344&total_fee=19900&product_id=year&openid=oMZZkwyFG5sAx-d4PMQ6Lq1xisHE" for 123.161.110.115 at 2016-10-11 15:53:05 +0800
Cannot render console from 123.161.110.115! Allowed networks: 192.168.0.0/192.168.255.255, 127.0.0.0/127.255.255.255, ::1
  [1m[36mActiveRecord::SchemaMigration Load (5.5ms)[0m  [1mSELECT `schema_migrations`.* FROM `schema_migrations`[0m
Processing by Wechat::PaymentController#index as HTML
  Parameters: {"body"=>"year_product", "out_trade_no"=>"11223344", "total_fee"=>"19900", "product_id"=>"year", "openid"=>"oMZZkwyFG5sAx-d4PMQ6Lq1xisHE"}
WECHAT PAYMENT CREATE ORDER: <xml><return_code><![CDATA[FAIL]]></return_code>
<return_msg><![CDATA[签名错误]]></return_msg>
</xml>
  Rendered wechat/payment/index.html.erb (2.4ms)
Completed 200 OK in 342ms (Views: 15.3ms | ActiveRecord: 0.0ms)


Started GET "/wechat/payment?body=year_product&out_trade_no=11223344&total_fee=19900&product_id=year&openid=oMZZkwyFG5sAx-d4PMQ6Lq1xisHE" for 123.161.110.115 at 2016-10-11 15:55:34 +0800
Cannot render console from 123.161.110.115! Allowed networks: 192.168.0.0/192.168.255.255, 127.0.0.0/127.255.255.255, ::1
Processing by Wechat::PaymentController#index as HTML
  Parameters: {"body"=>"year_product", "out_trade_no"=>"11223344", "total_fee"=>"19900", "product_id"=>"year", "openid"=>"oMZZkwyFG5sAx-d4PMQ6Lq1xisHE"}
WECHAT PAYMENT CREATE ORDER: <xml><return_code><![CDATA[FAIL]]></return_code>
<return_msg><![CDATA[签名错误]]></return_msg>
</xml>
  Rendered wechat/payment/index.html.erb (0.1ms)
Completed 200 OK in 302ms (Views: 2.8ms | ActiveRecord: 0.0ms)


Started GET "/wechat/payment?body=year_product&out_trade_no=11223344&total_fee=19900&product_id=year&openid=oMZZkwyFG5sAx-d4PMQ6Lq1xisHE" for 123.161.110.115 at 2016-10-11 15:57:30 +0800
Cannot render console from 123.161.110.115! Allowed networks: 192.168.0.0/192.168.255.255, 127.0.0.0/127.255.255.255, ::1
Processing by Wechat::PaymentController#index as HTML
  Parameters: {"body"=>"year_product", "out_trade_no"=>"11223344", "total_fee"=>"19900", "product_id"=>"year", "openid"=>"oMZZkwyFG5sAx-d4PMQ6Lq1xisHE"}
WECHAT PAYMENT CREATE ORDER: <xml><return_code><![CDATA[FAIL]]></return_code>
<return_msg><![CDATA[签名错误]]></return_msg>
</xml>
  Rendered wechat/payment/index.html.erb (0.6ms)
Completed 200 OK in 96400ms (Views: 5.3ms | ActiveRecord: 0.0ms)


Started GET "/wechat/payment?body=year_product&out_trade_no=11223344&total_fee=19900&product_id=year&openid=oMZZkwyFG5sAx-d4PMQ6Lq1xisHE" for 123.161.110.115 at 2016-10-11 15:59:06 +0800
Cannot render console from 123.161.110.115! Allowed networks: 192.168.0.0/192.168.255.255, 127.0.0.0/127.255.255.255, ::1
Processing by Wechat::PaymentController#index as HTML
  Parameters: {"body"=>"year_product", "out_trade_no"=>"11223344", "total_fee"=>"19900", "product_id"=>"year", "openid"=>"oMZZkwyFG5sAx-d4PMQ6Lq1xisHE"}
WECHAT PAYMENT CREATE ORDER: <xml><return_code><![CDATA[FAIL]]></return_code>
<return_msg><![CDATA[签名错误]]></return_msg>
</xml>
  Rendered wechat/payment/index.html.erb (0.1ms)
Completed 200 OK in 4047ms (Views: 3.1ms | ActiveRecord: 0.0ms)


Started GET "/wechat/payment?body=year_product&out_trade_no=11223344&total_fee=19900&product_id=year&openid=oMZZkwyFG5sAx-d4PMQ6Lq1xisHE" for 123.161.110.115 at 2016-10-11 16:00:31 +0800
Cannot render console from 123.161.110.115! Allowed networks: 192.168.0.0/192.168.255.255, 127.0.0.0/127.255.255.255, ::1
Processing by Wechat::PaymentController#index as HTML
  Parameters: {"body"=>"year_product", "out_trade_no"=>"11223344", "total_fee"=>"19900", "product_id"=>"year", "openid"=>"oMZZkwyFG5sAx-d4PMQ6Lq1xisHE"}
WECHAT PAYMENT CREATE ORDER: <xml><return_code><![CDATA[SUCCESS]]></return_code>
<return_msg><![CDATA[OK]]></return_msg>
<appid><![CDATA[wxa05b67eb1b532c44]]></appid>
<mch_id><![CDATA[1397730302]]></mch_id>
<device_info><![CDATA[WEB]]></device_info>
<nonce_str><![CDATA[8vSXmCx1OTpybjfg]]></nonce_str>
<sign><![CDATA[AB61B1C878F874B6EF297815A179FCD0]]></sign>
<result_code><![CDATA[SUCCESS]]></result_code>
<prepay_id><![CDATA[wx20161011160031181d6975810843342985]]></prepay_id>
<trade_type><![CDATA[JSAPI]]></trade_type>
</xml>
  Rendered wechat/payment/index.html.erb (0.1ms)
Completed 200 OK in 344ms (Views: 2.0ms | ActiveRecord: 0.0ms)


Started GET "/wechat/payment?body=year_product&out_trade_no=11223344&total_fee=19900&product_id=year&openid=oMZZkwyFG5sAx-d4PMQ6Lq1xisHE" for 123.161.110.115 at 2016-10-11 16:01:20 +0800
Cannot render console from 123.161.110.115! Allowed networks: 192.168.0.0/192.168.255.255, 127.0.0.0/127.255.255.255, ::1
Processing by Wechat::PaymentController#index as HTML
  Parameters: {"body"=>"year_product", "out_trade_no"=>"11223344", "total_fee"=>"19900", "product_id"=>"year", "openid"=>"oMZZkwyFG5sAx-d4PMQ6Lq1xisHE"}
WECHAT PAYMENT CREATE ORDER: <xml><return_code><![CDATA[SUCCESS]]></return_code>
<return_msg><![CDATA[OK]]></return_msg>
<appid><![CDATA[wxa05b67eb1b532c44]]></appid>
<mch_id><![CDATA[1397730302]]></mch_id>
<device_info><![CDATA[WEB]]></device_info>
<nonce_str><![CDATA[Y2kRUB6tKkyA8XAu]]></nonce_str>
<sign><![CDATA[32B01F0201C1F36E6399639A85C914B3]]></sign>
<result_code><![CDATA[SUCCESS]]></result_code>
<prepay_id><![CDATA[wx20161011160120ed0053404c0046853971]]></prepay_id>
<trade_type><![CDATA[JSAPI]]></trade_type>
</xml>
  Rendered wechat/payment/index.html.erb (0.1ms)
Completed 200 OK in 648ms (Views: 2.1ms | ActiveRecord: 0.0ms)


Started GET "/wechat/payment?body=year_product&out_trade_no=11223344&total_fee=19900&product_id=year&openid=oMZZkwyFG5sAx-d4PMQ6Lq1xisHE" for 180.153.214.182 at 2016-10-11 16:04:27 +0800
Cannot render console from 180.153.214.182! Allowed networks: 192.168.0.0/192.168.255.255, 127.0.0.0/127.255.255.255, ::1
Processing by Wechat::PaymentController#index as */*
  Parameters: {"body"=>"year_product", "out_trade_no"=>"11223344", "total_fee"=>"19900", "product_id"=>"year", "openid"=>"oMZZkwyFG5sAx-d4PMQ6Lq1xisHE"}
WECHAT PAYMENT CREATE ORDER: <xml><return_code><![CDATA[SUCCESS]]></return_code>
<return_msg><![CDATA[OK]]></return_msg>
<appid><![CDATA[wxa05b67eb1b532c44]]></appid>
<mch_id><![CDATA[1397730302]]></mch_id>
<device_info><![CDATA[WEB]]></device_info>
<nonce_str><![CDATA[lNNsiCC8hhuGE90A]]></nonce_str>
<sign><![CDATA[A290636DBE69B7668F127AC33CE9CBFF]]></sign>
<result_code><![CDATA[SUCCESS]]></result_code>
<prepay_id><![CDATA[wx20161011160427959d3cc1d50846154651]]></prepay_id>
<trade_type><![CDATA[JSAPI]]></trade_type>
</xml>
  Rendered wechat/payment/index.html.erb (1.6ms)
Completed 200 OK in 733ms (Views: 13.8ms | ActiveRecord: 0.0ms)


Started GET "/wechat/payment?body=year_product&out_trade_no=11223344&total_fee=19900&product_id=year&openid=oMZZkwyFG5sAx-d4PMQ6Lq1xisHE" for 101.226.65.104 at 2016-10-11 16:07:28 +0800
Cannot render console from 101.226.65.104! Allowed networks: 192.168.0.0/192.168.255.255, 127.0.0.0/127.255.255.255, ::1
Processing by Wechat::PaymentController#index as */*
  Parameters: {"body"=>"year_product", "out_trade_no"=>"11223344", "total_fee"=>"19900", "product_id"=>"year", "openid"=>"oMZZkwyFG5sAx-d4PMQ6Lq1xisHE"}
Completed 500 Internal Server Error in 336ms (ActiveRecord: 0.0ms)

ArgumentError (wrong number of arguments (0 for 1)):
  app/controllers/wechat/payment_controller.rb:54:in `wechat_pay_generate_sign'
  app/controllers/wechat/payment_controller.rb:43:in `index'


  Rendered /usr/local/rvm/gems/ruby-2.2.2/gems/actionpack-4.2.3/lib/action_dispatch/middleware/templates/rescues/_source.erb (5.1ms)
  Rendered /usr/local/rvm/gems/ruby-2.2.2/gems/actionpack-4.2.3/lib/action_dispatch/middleware/templates/rescues/_trace.html.erb (3.5ms)
  Rendered /usr/local/rvm/gems/ruby-2.2.2/gems/actionpack-4.2.3/lib/action_dispatch/middleware/templates/rescues/_request_and_response.html.erb (1.2ms)
  Rendered /usr/local/rvm/gems/ruby-2.2.2/gems/actionpack-4.2.3/lib/action_dispatch/middleware/templates/rescues/diagnostics.html.erb within rescues/layout (47.3ms)


Started GET "/wechat/payment?body=year_product&out_trade_no=11223344&total_fee=19900&product_id=year&openid=oMZZkwyFG5sAx-d4PMQ6Lq1xisHE" for 123.161.110.115 at 2016-10-11 16:47:17 +0800
Cannot render console from 123.161.110.115! Allowed networks: 192.168.0.0/192.168.255.255, 127.0.0.0/127.255.255.255, ::1
Processing by Wechat::PaymentController#index as HTML
  Parameters: {"body"=>"year_product", "out_trade_no"=>"11223344", "total_fee"=>"19900", "product_id"=>"year", "openid"=>"oMZZkwyFG5sAx-d4PMQ6Lq1xisHE"}
WECHAT PAYMENT CREATE ORDER: <xml><return_code><![CDATA[SUCCESS]]></return_code>
<return_msg><![CDATA[OK]]></return_msg>
<appid><![CDATA[wxa05b67eb1b532c44]]></appid>
<mch_id><![CDATA[1397730302]]></mch_id>
<device_info><![CDATA[WEB]]></device_info>
<nonce_str><![CDATA[FjmHXAGDGqnGJOLi]]></nonce_str>
<sign><![CDATA[D314A083C34F2A92D63E821C585DB442]]></sign>
<result_code><![CDATA[SUCCESS]]></result_code>
<prepay_id><![CDATA[wx20161011164718ec38dfa5e50982775050]]></prepay_id>
<trade_type><![CDATA[JSAPI]]></trade_type>
</xml>
  Rendered text template (0.0ms)
Completed 200 OK in 875ms (Views: 6.4ms | ActiveRecord: 0.0ms)


Started GET "/wechat/payment?body=year_product&out_trade_no=11223344&total_fee=19900&product_id=year&openid=oMZZkwyFG5sAx-d4PMQ6Lq1xisHE" for 123.161.110.115 at 2016-10-11 16:50:27 +0800
Cannot render console from 123.161.110.115! Allowed networks: 192.168.0.0/192.168.255.255, 127.0.0.0/127.255.255.255, ::1
Processing by Wechat::PaymentController#index as HTML
  Parameters: {"body"=>"year_product", "out_trade_no"=>"11223344", "total_fee"=>"19900", "product_id"=>"year", "openid"=>"oMZZkwyFG5sAx-d4PMQ6Lq1xisHE"}
WECHAT PAYMENT CREATE ORDER: <xml><return_code><![CDATA[SUCCESS]]></return_code>
<return_msg><![CDATA[OK]]></return_msg>
<appid><![CDATA[wxa05b67eb1b532c44]]></appid>
<mch_id><![CDATA[1397730302]]></mch_id>
<device_info><![CDATA[WEB]]></device_info>
<nonce_str><![CDATA[E6rr3Ndliz4Ro8xU]]></nonce_str>
<sign><![CDATA[0F5D35B362F0F174E4F4994ABF9D70A2]]></sign>
<result_code><![CDATA[SUCCESS]]></result_code>
<prepay_id><![CDATA[wx201610111650278e507bdce30384379921]]></prepay_id>
<trade_type><![CDATA[JSAPI]]></trade_type>
</xml>
  Rendered wechat/payment/index.html.erb (4.9ms)
Completed 200 OK in 512ms (Views: 13.1ms | ActiveRecord: 0.0ms)


Started GET "/wechat/payment?body=year_product&out_trade_no=11223344&total_fee=19900&product_id=year&openid=oMZZkwyFG5sAx-d4PMQ6Lq1xisHE" for 123.161.110.115 at 2016-10-11 16:59:35 +0800
Cannot render console from 123.161.110.115! Allowed networks: 192.168.0.0/192.168.255.255, 127.0.0.0/127.255.255.255, ::1
Processing by Wechat::PaymentController#index as HTML
  Parameters: {"body"=>"year_product", "out_trade_no"=>"11223344", "total_fee"=>"19900", "product_id"=>"year", "openid"=>"oMZZkwyFG5sAx-d4PMQ6Lq1xisHE"}
WECHAT PAYMENT CREATE ORDER: <xml><return_code><![CDATA[SUCCESS]]></return_code>
<return_msg><![CDATA[OK]]></return_msg>
<appid><![CDATA[wxa05b67eb1b532c44]]></appid>
<mch_id><![CDATA[1397730302]]></mch_id>
<device_info><![CDATA[WEB]]></device_info>
<nonce_str><![CDATA[2p0mibaOWfmvmALl]]></nonce_str>
<sign><![CDATA[CDEC0B2F7DFF99ADEFA924ADBA0746DA]]></sign>
<result_code><![CDATA[SUCCESS]]></result_code>
<prepay_id><![CDATA[wx20161011165936aed64b89c80575835408]]></prepay_id>
<trade_type><![CDATA[JSAPI]]></trade_type>
</xml>
  Rendered wechat/payment/index.html.erb (0.5ms)
Completed 200 OK in 635ms (Views: 7.5ms | ActiveRecord: 0.0ms)


Started GET "/wechat/payment?body=year_product&out_trade_no=11223344&total_fee=19900&product_id=year&openid=oMZZkwyFG5sAx-d4PMQ6Lq1xisHE" for 123.161.110.115 at 2016-10-11 17:00:45 +0800
Cannot render console from 123.161.110.115! Allowed networks: 192.168.0.0/192.168.255.255, 127.0.0.0/127.255.255.255, ::1
Processing by Wechat::PaymentController#index as HTML
  Parameters: {"body"=>"year_product", "out_trade_no"=>"11223344", "total_fee"=>"19900", "product_id"=>"year", "openid"=>"oMZZkwyFG5sAx-d4PMQ6Lq1xisHE"}
WECHAT PAYMENT CREATE ORDER: <xml><return_code><![CDATA[SUCCESS]]></return_code>
<return_msg><![CDATA[OK]]></return_msg>
<appid><![CDATA[wxa05b67eb1b532c44]]></appid>
<mch_id><![CDATA[1397730302]]></mch_id>
<device_info><![CDATA[WEB]]></device_info>
<nonce_str><![CDATA[U8Ay37X4Rq0DZfaQ]]></nonce_str>
<sign><![CDATA[9DD9F4E350A0043F8B9BB88821F630AB]]></sign>
<result_code><![CDATA[SUCCESS]]></result_code>
<prepay_id><![CDATA[wx201610111700455332877d390295743316]]></prepay_id>
<trade_type><![CDATA[JSAPI]]></trade_type>
</xml>
  Rendered wechat/payment/index.html.erb (0.1ms)
Completed 200 OK in 369ms (Views: 3.1ms | ActiveRecord: 0.0ms)


Started GET "/wechat/payment/?body=year_product&out_trade_no=11223344&total_fee=19900&product_id=year&openid=oMZZkwyFG5sAx-d4PMQ6Lq1xisHE" for 123.161.110.115 at 2016-10-11 17:01:32 +0800
Cannot render console from 123.161.110.115! Allowed networks: 192.168.0.0/192.168.255.255, 127.0.0.0/127.255.255.255, ::1
Processing by Wechat::PaymentController#index as HTML
  Parameters: {"body"=>"year_product", "out_trade_no"=>"11223344", "total_fee"=>"19900", "product_id"=>"year", "openid"=>"oMZZkwyFG5sAx-d4PMQ6Lq1xisHE"}
WECHAT PAYMENT CREATE ORDER: <xml><return_code><![CDATA[SUCCESS]]></return_code>
<return_msg><![CDATA[OK]]></return_msg>
<appid><![CDATA[wxa05b67eb1b532c44]]></appid>
<mch_id><![CDATA[1397730302]]></mch_id>
<device_info><![CDATA[WEB]]></device_info>
<nonce_str><![CDATA[AXLPIfeqyIMYinXF]]></nonce_str>
<sign><![CDATA[57269668977D9A7A3A7F147F5AB54A52]]></sign>
<result_code><![CDATA[SUCCESS]]></result_code>
<prepay_id><![CDATA[wx20161011170132fa4ce04d660044889925]]></prepay_id>
<trade_type><![CDATA[JSAPI]]></trade_type>
</xml>
  Rendered wechat/payment/index.html.erb (0.3ms)
Completed 200 OK in 372ms (Views: 3.5ms | ActiveRecord: 0.0ms)


Started GET "/wechat/payment/?body=year_product&out_trade_no=11223344&total_fee=19900&product_id=year&openid=oMZZkwyFG5sAx-d4PMQ6Lq1xisHE" for 123.161.110.115 at 2016-10-11 17:04:00 +0800
Cannot render console from 123.161.110.115! Allowed networks: 192.168.0.0/192.168.255.255, 127.0.0.0/127.255.255.255, ::1
Processing by Wechat::PaymentController#index as HTML
  Parameters: {"body"=>"year_product", "out_trade_no"=>"11223344", "total_fee"=>"19900", "product_id"=>"year", "openid"=>"oMZZkwyFG5sAx-d4PMQ6Lq1xisHE"}
WECHAT PAYMENT CREATE ORDER: <xml><return_code><![CDATA[SUCCESS]]></return_code>
<return_msg><![CDATA[OK]]></return_msg>
<appid><![CDATA[wxa05b67eb1b532c44]]></appid>
<mch_id><![CDATA[1397730302]]></mch_id>
<device_info><![CDATA[WEB]]></device_info>
<nonce_str><![CDATA[NxmRTRv9jUWrds0X]]></nonce_str>
<sign><![CDATA[0A6CB67BD2FAF8E5F5E74F16C96C7A81]]></sign>
<result_code><![CDATA[SUCCESS]]></result_code>
<prepay_id><![CDATA[wx20161011170400a964f7d4af0567214826]]></prepay_id>
<trade_type><![CDATA[JSAPI]]></trade_type>
</xml>
  Rendered wechat/payment/index.html.erb (0.3ms)
Completed 200 OK in 450ms (Views: 2.5ms | ActiveRecord: 0.0ms)


Started GET "/wechat/payment/?body=year_product&out_trade_no=11223344&total_fee=19900&product_id=year&openid=oMZZkwyFG5sAx-d4PMQ6Lq1xisHE" for 123.161.110.115 at 2016-10-11 17:04:27 +0800
Cannot render console from 123.161.110.115! Allowed networks: 192.168.0.0/192.168.255.255, 127.0.0.0/127.255.255.255, ::1
Processing by Wechat::PaymentController#index as HTML
  Parameters: {"body"=>"year_product", "out_trade_no"=>"11223344", "total_fee"=>"19900", "product_id"=>"year", "openid"=>"oMZZkwyFG5sAx-d4PMQ6Lq1xisHE"}
WECHAT PAYMENT CREATE ORDER: <xml><return_code><![CDATA[SUCCESS]]></return_code>
<return_msg><![CDATA[OK]]></return_msg>
<appid><![CDATA[wxa05b67eb1b532c44]]></appid>
<mch_id><![CDATA[1397730302]]></mch_id>
<device_info><![CDATA[WEB]]></device_info>
<nonce_str><![CDATA[RD9CPDHq5aAPMgMF]]></nonce_str>
<sign><![CDATA[1C3587D978974CF627F9611B7A681CDF]]></sign>
<result_code><![CDATA[SUCCESS]]></result_code>
<prepay_id><![CDATA[wx201610111704289a5ad727a70136399162]]></prepay_id>
<trade_type><![CDATA[JSAPI]]></trade_type>
</xml>
  Rendered wechat/payment/index.html.erb (0.1ms)
Completed 200 OK in 457ms (Views: 2.2ms | ActiveRecord: 0.0ms)


Started GET "/wechat/payment/?body=year_product&out_trade_no=11223344&total_fee=19900&product_id=year&openid=oMZZkwyFG5sAx-d4PMQ6Lq1xisHE" for 180.153.214.198 at 2016-10-11 17:04:32 +0800
Cannot render console from 180.153.214.198! Allowed networks: 192.168.0.0/192.168.255.255, 127.0.0.0/127.255.255.255, ::1
Processing by Wechat::PaymentController#index as */*
  Parameters: {"body"=>"year_product", "out_trade_no"=>"11223344", "total_fee"=>"19900", "product_id"=>"year", "openid"=>"oMZZkwyFG5sAx-d4PMQ6Lq1xisHE"}
WECHAT PAYMENT CREATE ORDER: <xml><return_code><![CDATA[SUCCESS]]></return_code>
<return_msg><![CDATA[OK]]></return_msg>
<appid><![CDATA[wxa05b67eb1b532c44]]></appid>
<mch_id><![CDATA[1397730302]]></mch_id>
<device_info><![CDATA[WEB]]></device_info>
<nonce_str><![CDATA[QgH6VmPKWxj1yLZ1]]></nonce_str>
<sign><![CDATA[28A9660485A3F09C6D64FFE30351CFEA]]></sign>
<result_code><![CDATA[SUCCESS]]></result_code>
<prepay_id><![CDATA[wx2016101117043252dc02de280978214339]]></prepay_id>
<trade_type><![CDATA[JSAPI]]></trade_type>
</xml>
  Rendered wechat/payment/index.html.erb (3.2ms)
Completed 200 OK in 416ms (Views: 13.9ms | ActiveRecord: 0.0ms)


Started GET "/wechat/payment/?body=year_product&out_trade_no=11223344&total_fee=19900&product_id=year&openid=oMZZkwyFG5sAx-d4PMQ6Lq1xisHE" for 123.161.110.115 at 2016-10-11 17:06:08 +0800
Cannot render console from 123.161.110.115! Allowed networks: 192.168.0.0/192.168.255.255, 127.0.0.0/127.255.255.255, ::1
Processing by Wechat::PaymentController#index as HTML
  Parameters: {"body"=>"year_product", "out_trade_no"=>"11223344", "total_fee"=>"19900", "product_id"=>"year", "openid"=>"oMZZkwyFG5sAx-d4PMQ6Lq1xisHE"}
WECHAT PAYMENT CREATE ORDER: <xml><return_code><![CDATA[SUCCESS]]></return_code>
<return_msg><![CDATA[OK]]></return_msg>
<appid><![CDATA[wxa05b67eb1b532c44]]></appid>
<mch_id><![CDATA[1397730302]]></mch_id>
<device_info><![CDATA[WEB]]></device_info>
<nonce_str><![CDATA[iaYKbA0yIfcxLk6A]]></nonce_str>
<sign><![CDATA[C902783904464F6ADED20C058029D256]]></sign>
<result_code><![CDATA[SUCCESS]]></result_code>
<prepay_id><![CDATA[wx20161011170608a799825d830734909165]]></prepay_id>
<trade_type><![CDATA[JSAPI]]></trade_type>
</xml>
  Rendered wechat/payment/index.html.erb (1.3ms)
Completed 200 OK in 718ms (Views: 3.8ms | ActiveRecord: 0.0ms)


Started GET "/wechat/payment/?body=year_product&out_trade_no=11223344&total_fee=19900&product_id=year&openid=oMZZkwyFG5sAx-d4PMQ6Lq1xisHE" for 117.185.27.113 at 2016-10-11 17:07:27 +0800
Cannot render console from 117.185.27.113! Allowed networks: 192.168.0.0/192.168.255.255, 127.0.0.0/127.255.255.255, ::1
Processing by Wechat::PaymentController#index as */*
  Parameters: {"body"=>"year_product", "out_trade_no"=>"11223344", "total_fee"=>"19900", "product_id"=>"year", "openid"=>"oMZZkwyFG5sAx-d4PMQ6Lq1xisHE"}
WECHAT PAYMENT CREATE ORDER: <xml><return_code><![CDATA[SUCCESS]]></return_code>
<return_msg><![CDATA[OK]]></return_msg>
<appid><![CDATA[wxa05b67eb1b532c44]]></appid>
<mch_id><![CDATA[1397730302]]></mch_id>
<device_info><![CDATA[WEB]]></device_info>
<nonce_str><![CDATA[uj0OBDNKOz1luTHx]]></nonce_str>
<sign><![CDATA[EF98E086591DA3F5D12ECD7273636AE1]]></sign>
<result_code><![CDATA[SUCCESS]]></result_code>
<prepay_id><![CDATA[wx201610111707287cb25016870531958521]]></prepay_id>
<trade_type><![CDATA[JSAPI]]></trade_type>
</xml>
  Rendered wechat/payment/index.html.erb (1.6ms)
Completed 200 OK in 652ms (Views: 11.9ms | ActiveRecord: 0.0ms)


Started GET "/wechat/payment/?body=year_product&out_trade_no=11223344&total_fee=100&product_id=year&openid=oMZZkwyFG5sAx-d4PMQ6Lq1xisHE" for 123.161.110.115 at 2016-10-11 17:08:36 +0800
Cannot render console from 123.161.110.115! Allowed networks: 192.168.0.0/192.168.255.255, 127.0.0.0/127.255.255.255, ::1
Processing by Wechat::PaymentController#index as HTML
  Parameters: {"body"=>"year_product", "out_trade_no"=>"11223344", "total_fee"=>"100", "product_id"=>"year", "openid"=>"oMZZkwyFG5sAx-d4PMQ6Lq1xisHE"}
WECHAT PAYMENT CREATE ORDER: <xml><return_code><![CDATA[SUCCESS]]></return_code>
<return_msg><![CDATA[OK]]></return_msg>
<appid><![CDATA[wxa05b67eb1b532c44]]></appid>
<mch_id><![CDATA[1397730302]]></mch_id>
<device_info><![CDATA[WEB]]></device_info>
<nonce_str><![CDATA[bZmpMpvN7yZuZScU]]></nonce_str>
<sign><![CDATA[5846F9731D6ABD6454362CA64036DFC4]]></sign>
<result_code><![CDATA[FAIL]]></result_code>
<err_code><![CDATA[OUT_TRADE_NO_USED]]></err_code>
<err_code_des><![CDATA[商户订单号重复]]></err_code_des>
</xml>
  Rendered text template (0.0ms)
Completed 200 OK in 316ms (Views: 0.9ms | ActiveRecord: 0.0ms)


Started GET "/wechat/payment/?body=year_product&out_trade_no=112233445&total_fee=100&product_id=year&openid=oMZZkwyFG5sAx-d4PMQ6Lq1xisHE" for 123.161.110.115 at 2016-10-11 17:09:09 +0800
Cannot render console from 123.161.110.115! Allowed networks: 192.168.0.0/192.168.255.255, 127.0.0.0/127.255.255.255, ::1
Processing by Wechat::PaymentController#index as HTML
  Parameters: {"body"=>"year_product", "out_trade_no"=>"112233445", "total_fee"=>"100", "product_id"=>"year", "openid"=>"oMZZkwyFG5sAx-d4PMQ6Lq1xisHE"}
WECHAT PAYMENT CREATE ORDER: <xml><return_code><![CDATA[SUCCESS]]></return_code>
<return_msg><![CDATA[OK]]></return_msg>
<appid><![CDATA[wxa05b67eb1b532c44]]></appid>
<mch_id><![CDATA[1397730302]]></mch_id>
<device_info><![CDATA[WEB]]></device_info>
<nonce_str><![CDATA[oGkqyqBzPeIcJpPV]]></nonce_str>
<sign><![CDATA[1C238AE48DCA2F16A09161A5AE9AD84C]]></sign>
<result_code><![CDATA[SUCCESS]]></result_code>
<prepay_id><![CDATA[wx20161011170909215af1138a0250512744]]></prepay_id>
<trade_type><![CDATA[JSAPI]]></trade_type>
</xml>
  Rendered wechat/payment/index.html.erb (0.7ms)
Completed 200 OK in 324ms (Views: 3.4ms | ActiveRecord: 0.0ms)


Started POST "/wechat/payment/notify" for 101.226.103.61 at 2016-10-11 17:09:22 +0800
Cannot render console from 101.226.103.61! Allowed networks: 192.168.0.0/192.168.255.255, 127.0.0.0/127.255.255.255, ::1

ActionController::RoutingError (No route matches [POST] "/wechat/payment/notify"):
  actionpack (4.2.3) lib/action_dispatch/middleware/debug_exceptions.rb:21:in `call'
  web-console (2.3.0) lib/web_console/middleware.rb:20:in `block in call'
  web-console (2.3.0) lib/web_console/middleware.rb:18:in `catch'
  web-console (2.3.0) lib/web_console/middleware.rb:18:in `call'
  actionpack (4.2.3) lib/action_dispatch/middleware/show_exceptions.rb:30:in `call'
  railties (4.2.3) lib/rails/rack/logger.rb:38:in `call_app'
  railties (4.2.3) lib/rails/rack/logger.rb:20:in `block in call'
  activesupport (4.2.3) lib/active_support/tagged_logging.rb:68:in `block in tagged'
  activesupport (4.2.3) lib/active_support/tagged_logging.rb:26:in `tagged'
  activesupport (4.2.3) lib/active_support/tagged_logging.rb:68:in `tagged'
  railties (4.2.3) lib/rails/rack/logger.rb:20:in `call'
  actionpack (4.2.3) lib/action_dispatch/middleware/request_id.rb:21:in `call'
  rack (1.6.4) lib/rack/methodoverride.rb:22:in `call'
  rack (1.6.4) lib/rack/runtime.rb:18:in `call'
  activesupport (4.2.3) lib/active_support/cache/strategy/local_cache_middleware.rb:28:in `call'
  rack (1.6.4) lib/rack/lock.rb:17:in `call'
  actionpack (4.2.3) lib/action_dispatch/middleware/static.rb:116:in `call'
  rack (1.6.4) lib/rack/sendfile.rb:113:in `call'
  railties (4.2.3) lib/rails/engine.rb:518:in `call'
  railties (4.2.3) lib/rails/application.rb:165:in `call'
  rack (1.6.4) lib/rack/lock.rb:17:in `call'
  rack (1.6.4) lib/rack/content_length.rb:15:in `call'
  rack (1.6.4) lib/rack/handler/webrick.rb:88:in `service'
  /usr/local/rvm/rubies/ruby-2.2.2/lib/ruby/2.2.0/webrick/httpserver.rb:138:in `service'
  /usr/local/rvm/rubies/ruby-2.2.2/lib/ruby/2.2.0/webrick/httpserver.rb:94:in `run'
  /usr/local/rvm/rubies/ruby-2.2.2/lib/ruby/2.2.0/webrick/server.rb:294:in `block in start_thread'


  Rendered /usr/local/rvm/gems/ruby-2.2.2/gems/actionpack-4.2.3/lib/action_dispatch/middleware/templates/rescues/_trace.html.erb (5.5ms)
  Rendered /usr/local/rvm/gems/ruby-2.2.2/gems/actionpack-4.2.3/lib/action_dispatch/middleware/templates/routes/_route.html.erb (13.0ms)
  Rendered /usr/local/rvm/gems/ruby-2.2.2/gems/actionpack-4.2.3/lib/action_dispatch/middleware/templates/routes/_table.html.erb (27.3ms)
  Rendered /usr/local/rvm/gems/ruby-2.2.2/gems/actionpack-4.2.3/lib/action_dispatch/middleware/templates/rescues/_request_and_response.html.erb (1.1ms)
  Rendered /usr/local/rvm/gems/ruby-2.2.2/gems/actionpack-4.2.3/lib/action_dispatch/middleware/templates/rescues/routing_error.html.erb within rescues/layout (208.8ms)


Started POST "/wechat/payment/notify" for 140.207.54.75 at 2016-10-11 17:09:34 +0800
Cannot render console from 140.207.54.75! Allowed networks: 192.168.0.0/192.168.255.255, 127.0.0.0/127.255.255.255, ::1

ActionController::RoutingError (No route matches [POST] "/wechat/payment/notify"):
  actionpack (4.2.3) lib/action_dispatch/middleware/debug_exceptions.rb:21:in `call'
  web-console (2.3.0) lib/web_console/middleware.rb:20:in `block in call'
  web-console (2.3.0) lib/web_console/middleware.rb:18:in `catch'
  web-console (2.3.0) lib/web_console/middleware.rb:18:in `call'
  actionpack (4.2.3) lib/action_dispatch/middleware/show_exceptions.rb:30:in `call'
  railties (4.2.3) lib/rails/rack/logger.rb:38:in `call_app'
  railties (4.2.3) lib/rails/rack/logger.rb:20:in `block in call'
  activesupport (4.2.3) lib/active_support/tagged_logging.rb:68:in `block in tagged'
  activesupport (4.2.3) lib/active_support/tagged_logging.rb:26:in `tagged'
  activesupport (4.2.3) lib/active_support/tagged_logging.rb:68:in `tagged'
  railties (4.2.3) lib/rails/rack/logger.rb:20:in `call'
  actionpack (4.2.3) lib/action_dispatch/middleware/request_id.rb:21:in `call'
  rack (1.6.4) lib/rack/methodoverride.rb:22:in `call'
  rack (1.6.4) lib/rack/runtime.rb:18:in `call'
  activesupport (4.2.3) lib/active_support/cache/strategy/local_cache_middleware.rb:28:in `call'
  rack (1.6.4) lib/rack/lock.rb:17:in `call'
  actionpack (4.2.3) lib/action_dispatch/middleware/static.rb:116:in `call'
  rack (1.6.4) lib/rack/sendfile.rb:113:in `call'
  railties (4.2.3) lib/rails/engine.rb:518:in `call'
  railties (4.2.3) lib/rails/application.rb:165:in `call'
  rack (1.6.4) lib/rack/lock.rb:17:in `call'
  rack (1.6.4) lib/rack/content_length.rb:15:in `call'
  rack (1.6.4) lib/rack/handler/webrick.rb:88:in `service'
  /usr/local/rvm/rubies/ruby-2.2.2/lib/ruby/2.2.0/webrick/httpserver.rb:138:in `service'
  /usr/local/rvm/rubies/ruby-2.2.2/lib/ruby/2.2.0/webrick/httpserver.rb:94:in `run'
  /usr/local/rvm/rubies/ruby-2.2.2/lib/ruby/2.2.0/webrick/server.rb:294:in `block in start_thread'


  Rendered /usr/local/rvm/gems/ruby-2.2.2/gems/actionpack-4.2.3/lib/action_dispatch/middleware/templates/rescues/_trace.html.erb (2.4ms)
  Rendered /usr/local/rvm/gems/ruby-2.2.2/gems/actionpack-4.2.3/lib/action_dispatch/middleware/templates/routes/_route.html.erb (8.6ms)
  Rendered /usr/local/rvm/gems/ruby-2.2.2/gems/actionpack-4.2.3/lib/action_dispatch/middleware/templates/routes/_table.html.erb (1.4ms)
  Rendered /usr/local/rvm/gems/ruby-2.2.2/gems/actionpack-4.2.3/lib/action_dispatch/middleware/templates/rescues/_request_and_response.html.erb (0.9ms)
  Rendered /usr/local/rvm/gems/ruby-2.2.2/gems/actionpack-4.2.3/lib/action_dispatch/middleware/templates/rescues/routing_error.html.erb within rescues/layout (130.3ms)


Started POST "/wechat/payment/notify" for 140.207.54.75 at 2016-10-11 17:09:51 +0800
Cannot render console from 140.207.54.75! Allowed networks: 192.168.0.0/192.168.255.255, 127.0.0.0/127.255.255.255, ::1

ActionController::RoutingError (No route matches [POST] "/wechat/payment/notify"):
  actionpack (4.2.3) lib/action_dispatch/middleware/debug_exceptions.rb:21:in `call'
  web-console (2.3.0) lib/web_console/middleware.rb:20:in `block in call'
  web-console (2.3.0) lib/web_console/middleware.rb:18:in `catch'
  web-console (2.3.0) lib/web_console/middleware.rb:18:in `call'
  actionpack (4.2.3) lib/action_dispatch/middleware/show_exceptions.rb:30:in `call'
  railties (4.2.3) lib/rails/rack/logger.rb:38:in `call_app'
  railties (4.2.3) lib/rails/rack/logger.rb:20:in `block in call'
  activesupport (4.2.3) lib/active_support/tagged_logging.rb:68:in `block in tagged'
  activesupport (4.2.3) lib/active_support/tagged_logging.rb:26:in `tagged'
  activesupport (4.2.3) lib/active_support/tagged_logging.rb:68:in `tagged'
  railties (4.2.3) lib/rails/rack/logger.rb:20:in `call'
  actionpack (4.2.3) lib/action_dispatch/middleware/request_id.rb:21:in `call'
  rack (1.6.4) lib/rack/methodoverride.rb:22:in `call'
  rack (1.6.4) lib/rack/runtime.rb:18:in `call'
  activesupport (4.2.3) lib/active_support/cache/strategy/local_cache_middleware.rb:28:in `call'
  rack (1.6.4) lib/rack/lock.rb:17:in `call'
  actionpack (4.2.3) lib/action_dispatch/middleware/static.rb:116:in `call'
  rack (1.6.4) lib/rack/sendfile.rb:113:in `call'
  railties (4.2.3) lib/rails/engine.rb:518:in `call'
  railties (4.2.3) lib/rails/application.rb:165:in `call'
  rack (1.6.4) lib/rack/lock.rb:17:in `call'
  rack (1.6.4) lib/rack/content_length.rb:15:in `call'
  rack (1.6.4) lib/rack/handler/webrick.rb:88:in `service'
  /usr/local/rvm/rubies/ruby-2.2.2/lib/ruby/2.2.0/webrick/httpserver.rb:138:in `service'
  /usr/local/rvm/rubies/ruby-2.2.2/lib/ruby/2.2.0/webrick/httpserver.rb:94:in `run'
  /usr/local/rvm/rubies/ruby-2.2.2/lib/ruby/2.2.0/webrick/server.rb:294:in `block in start_thread'


  Rendered /usr/local/rvm/gems/ruby-2.2.2/gems/actionpack-4.2.3/lib/action_dispatch/middleware/templates/rescues/_trace.html.erb (2.3ms)
  Rendered /usr/local/rvm/gems/ruby-2.2.2/gems/actionpack-4.2.3/lib/action_dispatch/middleware/templates/routes/_route.html.erb (7.9ms)
  Rendered /usr/local/rvm/gems/ruby-2.2.2/gems/actionpack-4.2.3/lib/action_dispatch/middleware/templates/routes/_table.html.erb (1.3ms)
  Rendered /usr/local/rvm/gems/ruby-2.2.2/gems/actionpack-4.2.3/lib/action_dispatch/middleware/templates/rescues/_request_and_response.html.erb (1.3ms)
  Rendered /usr/local/rvm/gems/ruby-2.2.2/gems/actionpack-4.2.3/lib/action_dispatch/middleware/templates/rescues/routing_error.html.erb within rescues/layout (130.3ms)


Started POST "/wechat/payment/notify" for 140.207.54.74 at 2016-10-11 17:10:25 +0800
Cannot render console from 140.207.54.74! Allowed networks: 192.168.0.0/192.168.255.255, 127.0.0.0/127.255.255.255, ::1

ActionController::RoutingError (No route matches [POST] "/wechat/payment/notify"):
  actionpack (4.2.3) lib/action_dispatch/middleware/debug_exceptions.rb:21:in `call'
  web-console (2.3.0) lib/web_console/middleware.rb:20:in `block in call'
  web-console (2.3.0) lib/web_console/middleware.rb:18:in `catch'
  web-console (2.3.0) lib/web_console/middleware.rb:18:in `call'
  actionpack (4.2.3) lib/action_dispatch/middleware/show_exceptions.rb:30:in `call'
  railties (4.2.3) lib/rails/rack/logger.rb:38:in `call_app'
  railties (4.2.3) lib/rails/rack/logger.rb:20:in `block in call'
  activesupport (4.2.3) lib/active_support/tagged_logging.rb:68:in `block in tagged'
  activesupport (4.2.3) lib/active_support/tagged_logging.rb:26:in `tagged'
  activesupport (4.2.3) lib/active_support/tagged_logging.rb:68:in `tagged'
  railties (4.2.3) lib/rails/rack/logger.rb:20:in `call'
  actionpack (4.2.3) lib/action_dispatch/middleware/request_id.rb:21:in `call'
  rack (1.6.4) lib/rack/methodoverride.rb:22:in `call'
  rack (1.6.4) lib/rack/runtime.rb:18:in `call'
  activesupport (4.2.3) lib/active_support/cache/strategy/local_cache_middleware.rb:28:in `call'
  rack (1.6.4) lib/rack/lock.rb:17:in `call'
  actionpack (4.2.3) lib/action_dispatch/middleware/static.rb:116:in `call'
  rack (1.6.4) lib/rack/sendfile.rb:113:in `call'
  railties (4.2.3) lib/rails/engine.rb:518:in `call'
  railties (4.2.3) lib/rails/application.rb:165:in `call'
  rack (1.6.4) lib/rack/lock.rb:17:in `call'
  rack (1.6.4) lib/rack/content_length.rb:15:in `call'
  rack (1.6.4) lib/rack/handler/webrick.rb:88:in `service'
  /usr/local/rvm/rubies/ruby-2.2.2/lib/ruby/2.2.0/webrick/httpserver.rb:138:in `service'
  /usr/local/rvm/rubies/ruby-2.2.2/lib/ruby/2.2.0/webrick/httpserver.rb:94:in `run'
  /usr/local/rvm/rubies/ruby-2.2.2/lib/ruby/2.2.0/webrick/server.rb:294:in `block in start_thread'


  Rendered /usr/local/rvm/gems/ruby-2.2.2/gems/actionpack-4.2.3/lib/action_dispatch/middleware/templates/rescues/_trace.html.erb (1.6ms)
  Rendered /usr/local/rvm/gems/ruby-2.2.2/gems/actionpack-4.2.3/lib/action_dispatch/middleware/templates/routes/_route.html.erb (21.3ms)
  Rendered /usr/local/rvm/gems/ruby-2.2.2/gems/actionpack-4.2.3/lib/action_dispatch/middleware/templates/routes/_table.html.erb (7.4ms)
  Rendered /usr/local/rvm/gems/ruby-2.2.2/gems/actionpack-4.2.3/lib/action_dispatch/middleware/templates/rescues/_request_and_response.html.erb (2.7ms)
  Rendered /usr/local/rvm/gems/ruby-2.2.2/gems/actionpack-4.2.3/lib/action_dispatch/middleware/templates/rescues/routing_error.html.erb within rescues/layout (228.6ms)


Started GET "/wechat/payment/?body=year_product&out_trade_no=11223344&total_fee=100&product_id=year&openid=oMZZkwyFG5sAx-d4PMQ6Lq1xisHE" for 101.226.89.122 at 2016-10-11 17:11:45 +0800
Cannot render console from 101.226.89.122! Allowed networks: 192.168.0.0/192.168.255.255, 127.0.0.0/127.255.255.255, ::1
Processing by Wechat::PaymentController#index as */*
  Parameters: {"body"=>"year_product", "out_trade_no"=>"11223344", "total_fee"=>"100", "product_id"=>"year", "openid"=>"oMZZkwyFG5sAx-d4PMQ6Lq1xisHE"}
WECHAT PAYMENT CREATE ORDER: <xml><return_code><![CDATA[SUCCESS]]></return_code>
<return_msg><![CDATA[OK]]></return_msg>
<appid><![CDATA[wxa05b67eb1b532c44]]></appid>
<mch_id><![CDATA[1397730302]]></mch_id>
<device_info><![CDATA[WEB]]></device_info>
<nonce_str><![CDATA[c1s48mW9b9061k1N]]></nonce_str>
<sign><![CDATA[BBDDB1C4B4C992226703130B043F102C]]></sign>
<result_code><![CDATA[FAIL]]></result_code>
<err_code><![CDATA[OUT_TRADE_NO_USED]]></err_code>
<err_code_des><![CDATA[商户订单号重复]]></err_code_des>
</xml>
  Rendered text template (0.0ms)
Completed 200 OK in 1660ms (Views: 0.6ms | ActiveRecord: 0.0ms)


Started GET "/wechat/payment/?body=year_product&out_trade_no=112233445&total_fee=100&product_id=year&openid=oMZZkwyFG5sAx-d4PMQ6Lq1xisHE" for 140.207.185.109 at 2016-10-11 17:12:08 +0800
Cannot render console from 140.207.185.109! Allowed networks: 192.168.0.0/192.168.255.255, 127.0.0.0/127.255.255.255, ::1
Processing by Wechat::PaymentController#index as */*
  Parameters: {"body"=>"year_product", "out_trade_no"=>"112233445", "total_fee"=>"100", "product_id"=>"year", "openid"=>"oMZZkwyFG5sAx-d4PMQ6Lq1xisHE"}
WECHAT PAYMENT CREATE ORDER: <xml><return_code><![CDATA[SUCCESS]]></return_code>
<return_msg><![CDATA[OK]]></return_msg>
<appid><![CDATA[wxa05b67eb1b532c44]]></appid>
<mch_id><![CDATA[1397730302]]></mch_id>
<device_info><![CDATA[WEB]]></device_info>
<nonce_str><![CDATA[TY7dzAR2YgoqZJVs]]></nonce_str>
<sign><![CDATA[8A9E9817CC439A921E8D9A33374405FD]]></sign>
<result_code><![CDATA[FAIL]]></result_code>
<err_code><![CDATA[ORDERPAID]]></err_code>
<err_code_des><![CDATA[该订单已支付]]></err_code_des>
</xml>
  Rendered text template (0.0ms)
Completed 200 OK in 334ms (Views: 0.5ms | ActiveRecord: 0.0ms)


Started GET "/wechat/payment/?body=year_product&out_trade_no=112233445&total_fee=100&product_id=year&openid=oMZZkwyFG5sAx-d4PMQ6Lq1xisHE" for 123.161.110.115 at 2016-10-11 17:13:10 +0800
Cannot render console from 123.161.110.115! Allowed networks: 192.168.0.0/192.168.255.255, 127.0.0.0/127.255.255.255, ::1
Processing by Wechat::PaymentController#index as HTML
  Parameters: {"body"=>"year_product", "out_trade_no"=>"112233445", "total_fee"=>"100", "product_id"=>"year", "openid"=>"oMZZkwyFG5sAx-d4PMQ6Lq1xisHE"}
WECHAT PAYMENT CREATE ORDER: <xml><return_code><![CDATA[SUCCESS]]></return_code>
<return_msg><![CDATA[OK]]></return_msg>
<appid><![CDATA[wxa05b67eb1b532c44]]></appid>
<mch_id><![CDATA[1397730302]]></mch_id>
<device_info><![CDATA[WEB]]></device_info>
<nonce_str><![CDATA[mAcGHrSuFKrlrbmK]]></nonce_str>
<sign><![CDATA[3E0043087878FB987DAF447643348ED1]]></sign>
<result_code><![CDATA[FAIL]]></result_code>
<err_code><![CDATA[ORDERPAID]]></err_code>
<err_code_des><![CDATA[该订单已支付]]></err_code_des>
</xml>
  Rendered text template (0.0ms)
Completed 200 OK in 359ms (Views: 0.5ms | ActiveRecord: 0.0ms)


Started POST "/wechat/payment/notify" for 140.207.54.73 at 2016-10-11 17:13:28 +0800
Cannot render console from 140.207.54.73! Allowed networks: 192.168.0.0/192.168.255.255, 127.0.0.0/127.255.255.255, ::1
Processing by Wechat::PaymentController#notify as */*
WECHAT PAYMENT NOTIFY: {"controller"=>"wechat/payment", "action"=>"notify"}, body: <xml><appid><![CDATA[wxa05b67eb1b532c44]]></appid>
<attach><![CDATA[蛋人网]]></attach>
<bank_type><![CDATA[CCB_DEBIT]]></bank_type>
<cash_fee><![CDATA[100]]></cash_fee>
<device_info><![CDATA[WEB]]></device_info>
<fee_type><![CDATA[CNY]]></fee_type>
<is_subscribe><![CDATA[Y]]></is_subscribe>
<mch_id><![CDATA[1397730302]]></mch_id>
<nonce_str><![CDATA[ztmsoda3cwl55wht]]></nonce_str>
<openid><![CDATA[oMZZkwyFG5sAx-d4PMQ6Lq1xisHE]]></openid>
<out_trade_no><![CDATA[112233445]]></out_trade_no>
<result_code><![CDATA[SUCCESS]]></result_code>
<return_code><![CDATA[SUCCESS]]></return_code>
<sign><![CDATA[0F0EF7D2BF593AB77D59FA59DEC8CA95]]></sign>
<time_end><![CDATA[20161011170921]]></time_end>
<total_fee>100</total_fee>
<trade_type><![CDATA[JSAPI]]></trade_type>
<transaction_id><![CDATA[4005392001201610116406379923]]></transaction_id>
</xml>
  Rendered text template (0.0ms)
Completed 200 OK in 1ms (Views: 0.3ms | ActiveRecord: 0.0ms)


Started GET "/wechat/payment/?body=year_product&out_trade_no=112233446&total_fee=100&product_id=year&openid=oMZZkwyFG5sAx-d4PMQ6Lq1xisHE" for 123.161.110.115 at 2016-10-11 17:13:45 +0800
Cannot render console from 123.161.110.115! Allowed networks: 192.168.0.0/192.168.255.255, 127.0.0.0/127.255.255.255, ::1
Processing by Wechat::PaymentController#index as HTML
  Parameters: {"body"=>"year_product", "out_trade_no"=>"112233446", "total_fee"=>"100", "product_id"=>"year", "openid"=>"oMZZkwyFG5sAx-d4PMQ6Lq1xisHE"}
WECHAT PAYMENT CREATE ORDER: <xml><return_code><![CDATA[SUCCESS]]></return_code>
<return_msg><![CDATA[OK]]></return_msg>
<appid><![CDATA[wxa05b67eb1b532c44]]></appid>
<mch_id><![CDATA[1397730302]]></mch_id>
<device_info><![CDATA[WEB]]></device_info>
<nonce_str><![CDATA[4JITY3DlcgKvAPQb]]></nonce_str>
<sign><![CDATA[6B596DB1F57567128C83FFB7EE188A66]]></sign>
<result_code><![CDATA[SUCCESS]]></result_code>
<prepay_id><![CDATA[wx201610111713458e317c925c0163207020]]></prepay_id>
<trade_type><![CDATA[JSAPI]]></trade_type>
</xml>
  Rendered wechat/payment/index.html.erb (0.2ms)
Completed 200 OK in 359ms (Views: 2.2ms | ActiveRecord: 0.0ms)


Started POST "/wechat/payment/notify" for 101.226.103.61 at 2016-10-11 17:13:54 +0800
Cannot render console from 101.226.103.61! Allowed networks: 192.168.0.0/192.168.255.255, 127.0.0.0/127.255.255.255, ::1
Processing by Wechat::PaymentController#notify as */*
WECHAT PAYMENT NOTIFY: {"controller"=>"wechat/payment", "action"=>"notify"}, body: <xml><appid><![CDATA[wxa05b67eb1b532c44]]></appid>
<attach><![CDATA[蛋人网]]></attach>
<bank_type><![CDATA[CCB_DEBIT]]></bank_type>
<cash_fee><![CDATA[100]]></cash_fee>
<device_info><![CDATA[WEB]]></device_info>
<fee_type><![CDATA[CNY]]></fee_type>
<is_subscribe><![CDATA[Y]]></is_subscribe>
<mch_id><![CDATA[1397730302]]></mch_id>
<nonce_str><![CDATA[w1gqv7u4pitp0y4a]]></nonce_str>
<openid><![CDATA[oMZZkwyFG5sAx-d4PMQ6Lq1xisHE]]></openid>
<out_trade_no><![CDATA[112233446]]></out_trade_no>
<result_code><![CDATA[SUCCESS]]></result_code>
<return_code><![CDATA[SUCCESS]]></return_code>
<sign><![CDATA[85C6612747006B3582D794CA26CD7ACE]]></sign>
<time_end><![CDATA[20161011171353]]></time_end>
<total_fee>100</total_fee>
<trade_type><![CDATA[JSAPI]]></trade_type>
<transaction_id><![CDATA[4005392001201610116405008125]]></transaction_id>
</xml>
  Rendered text template (0.0ms)
Completed 200 OK in 1ms (Views: 0.4ms | ActiveRecord: 0.0ms)


Started POST "/wechat/payment/notify" for 101.226.103.71 at 2016-10-11 17:14:05 +0800
Cannot render console from 101.226.103.71! Allowed networks: 192.168.0.0/192.168.255.255, 127.0.0.0/127.255.255.255, ::1
Processing by Wechat::PaymentController#notify as */*
WECHAT PAYMENT NOTIFY: {"controller"=>"wechat/payment", "action"=>"notify"}, body: <xml><appid><![CDATA[wxa05b67eb1b532c44]]></appid>
<attach><![CDATA[蛋人网]]></attach>
<bank_type><![CDATA[CCB_DEBIT]]></bank_type>
<cash_fee><![CDATA[100]]></cash_fee>
<device_info><![CDATA[WEB]]></device_info>
<fee_type><![CDATA[CNY]]></fee_type>
<is_subscribe><![CDATA[Y]]></is_subscribe>
<mch_id><![CDATA[1397730302]]></mch_id>
<nonce_str><![CDATA[w1gqv7u4pitp0y4a]]></nonce_str>
<openid><![CDATA[oMZZkwyFG5sAx-d4PMQ6Lq1xisHE]]></openid>
<out_trade_no><![CDATA[112233446]]></out_trade_no>
<result_code><![CDATA[SUCCESS]]></result_code>
<return_code><![CDATA[SUCCESS]]></return_code>
<sign><![CDATA[85C6612747006B3582D794CA26CD7ACE]]></sign>
<time_end><![CDATA[20161011171353]]></time_end>
<total_fee>100</total_fee>
<trade_type><![CDATA[JSAPI]]></trade_type>
<transaction_id><![CDATA[4005392001201610116405008125]]></transaction_id>
</xml>
  Rendered text template (0.0ms)
Completed 200 OK in 1ms (Views: 0.2ms | ActiveRecord: 0.0ms)


Started POST "/wechat/payment/notify" for 101.226.103.59 at 2016-10-11 17:14:22 +0800
Cannot render console from 101.226.103.59! Allowed networks: 192.168.0.0/192.168.255.255, 127.0.0.0/127.255.255.255, ::1
Processing by Wechat::PaymentController#notify as */*
WECHAT PAYMENT NOTIFY: {"controller"=>"wechat/payment", "action"=>"notify"}, body: <xml><appid><![CDATA[wxa05b67eb1b532c44]]></appid>
<attach><![CDATA[蛋人网]]></attach>
<bank_type><![CDATA[CCB_DEBIT]]></bank_type>
<cash_fee><![CDATA[100]]></cash_fee>
<device_info><![CDATA[WEB]]></device_info>
<fee_type><![CDATA[CNY]]></fee_type>
<is_subscribe><![CDATA[Y]]></is_subscribe>
<mch_id><![CDATA[1397730302]]></mch_id>
<nonce_str><![CDATA[w1gqv7u4pitp0y4a]]></nonce_str>
<openid><![CDATA[oMZZkwyFG5sAx-d4PMQ6Lq1xisHE]]></openid>
<out_trade_no><![CDATA[112233446]]></out_trade_no>
<result_code><![CDATA[SUCCESS]]></result_code>
<return_code><![CDATA[SUCCESS]]></return_code>
<sign><![CDATA[85C6612747006B3582D794CA26CD7ACE]]></sign>
<time_end><![CDATA[20161011171353]]></time_end>
<total_fee>100</total_fee>
<trade_type><![CDATA[JSAPI]]></trade_type>
<transaction_id><![CDATA[4005392001201610116405008125]]></transaction_id>
</xml>
  Rendered text template (0.0ms)
Completed 200 OK in 1ms (Views: 0.3ms | ActiveRecord: 0.0ms)


Started POST "/wechat/payment/notify" for 140.207.54.75 at 2016-10-11 17:14:54 +0800
Cannot render console from 140.207.54.75! Allowed networks: 192.168.0.0/192.168.255.255, 127.0.0.0/127.255.255.255, ::1
Processing by Wechat::PaymentController#notify as */*
WECHAT PAYMENT NOTIFY: {"controller"=>"wechat/payment", "action"=>"notify"}, body: <xml><appid><![CDATA[wxa05b67eb1b532c44]]></appid>
<attach><![CDATA[蛋人网]]></attach>
<bank_type><![CDATA[CCB_DEBIT]]></bank_type>
<cash_fee><![CDATA[100]]></cash_fee>
<device_info><![CDATA[WEB]]></device_info>
<fee_type><![CDATA[CNY]]></fee_type>
<is_subscribe><![CDATA[Y]]></is_subscribe>
<mch_id><![CDATA[1397730302]]></mch_id>
<nonce_str><![CDATA[w1gqv7u4pitp0y4a]]></nonce_str>
<openid><![CDATA[oMZZkwyFG5sAx-d4PMQ6Lq1xisHE]]></openid>
<out_trade_no><![CDATA[112233446]]></out_trade_no>
<result_code><![CDATA[SUCCESS]]></result_code>
<return_code><![CDATA[SUCCESS]]></return_code>
<sign><![CDATA[85C6612747006B3582D794CA26CD7ACE]]></sign>
<time_end><![CDATA[20161011171353]]></time_end>
<total_fee>100</total_fee>
<trade_type><![CDATA[JSAPI]]></trade_type>
<transaction_id><![CDATA[4005392001201610116405008125]]></transaction_id>
</xml>
  Rendered text template (0.0ms)
Completed 200 OK in 1ms (Views: 0.5ms | ActiveRecord: 0.0ms)


Started GET "/wechat/payment/?body=year_product&out_trade_no=112233445&total_fee=100&product_id=year&openid=oMZZkwyFG5sAx-d4PMQ6Lq1xisHE" for 180.153.214.198 at 2016-10-11 17:15:11 +0800
Cannot render console from 180.153.214.198! Allowed networks: 192.168.0.0/192.168.255.255, 127.0.0.0/127.255.255.255, ::1
Processing by Wechat::PaymentController#index as */*
  Parameters: {"body"=>"year_product", "out_trade_no"=>"112233445", "total_fee"=>"100", "product_id"=>"year", "openid"=>"oMZZkwyFG5sAx-d4PMQ6Lq1xisHE"}
WECHAT PAYMENT CREATE ORDER: <xml><return_code><![CDATA[SUCCESS]]></return_code>
<return_msg><![CDATA[OK]]></return_msg>
<appid><![CDATA[wxa05b67eb1b532c44]]></appid>
<mch_id><![CDATA[1397730302]]></mch_id>
<device_info><![CDATA[WEB]]></device_info>
<nonce_str><![CDATA[1SSgF6taZsuKNO7c]]></nonce_str>
<sign><![CDATA[8FA59E577E0CCB88E84AFCF5904D8649]]></sign>
<result_code><![CDATA[FAIL]]></result_code>
<err_code><![CDATA[ORDERPAID]]></err_code>
<err_code_des><![CDATA[该订单已支付]]></err_code_des>
</xml>
  Rendered text template (0.0ms)
Completed 200 OK in 335ms (Views: 1.0ms | ActiveRecord: 0.0ms)


Started GET "/wechat/payment/?body=year_product&out_trade_no=112233446&total_fee=100&product_id=year&openid=oMZZkwyFG5sAx-d4PMQ6Lq1xisHE" for 101.226.66.180 at 2016-10-11 17:16:45 +0800
Cannot render console from 101.226.66.180! Allowed networks: 192.168.0.0/192.168.255.255, 127.0.0.0/127.255.255.255, ::1
Processing by Wechat::PaymentController#index as */*
  Parameters: {"body"=>"year_product", "out_trade_no"=>"112233446", "total_fee"=>"100", "product_id"=>"year", "openid"=>"oMZZkwyFG5sAx-d4PMQ6Lq1xisHE"}
WECHAT PAYMENT CREATE ORDER: <xml><return_code><![CDATA[SUCCESS]]></return_code>
<return_msg><![CDATA[OK]]></return_msg>
<appid><![CDATA[wxa05b67eb1b532c44]]></appid>
<mch_id><![CDATA[1397730302]]></mch_id>
<device_info><![CDATA[WEB]]></device_info>
<nonce_str><![CDATA[et5JXHn0waRzYfp6]]></nonce_str>
<sign><![CDATA[074E16EB097B8A4890A16E2844A0DF05]]></sign>
<result_code><![CDATA[FAIL]]></result_code>
<err_code><![CDATA[ORDERPAID]]></err_code>
<err_code_des><![CDATA[该订单已支付]]></err_code_des>
</xml>
  Rendered text template (0.1ms)
Completed 200 OK in 460ms (Views: 2.6ms | ActiveRecord: 0.0ms)


Started POST "/wechat/payment/notify" for 140.207.54.73 at 2016-10-11 17:17:58 +0800
Cannot render console from 140.207.54.73! Allowed networks: 192.168.0.0/192.168.255.255, 127.0.0.0/127.255.255.255, ::1
Processing by Wechat::PaymentController#notify as */*
WECHAT PAYMENT NOTIFY: {"controller"=>"wechat/payment", "action"=>"notify"}, body: <xml><appid><![CDATA[wxa05b67eb1b532c44]]></appid>
<attach><![CDATA[蛋人网]]></attach>
<bank_type><![CDATA[CCB_DEBIT]]></bank_type>
<cash_fee><![CDATA[100]]></cash_fee>
<device_info><![CDATA[WEB]]></device_info>
<fee_type><![CDATA[CNY]]></fee_type>
<is_subscribe><![CDATA[Y]]></is_subscribe>
<mch_id><![CDATA[1397730302]]></mch_id>
<nonce_str><![CDATA[w1gqv7u4pitp0y4a]]></nonce_str>
<openid><![CDATA[oMZZkwyFG5sAx-d4PMQ6Lq1xisHE]]></openid>
<out_trade_no><![CDATA[112233446]]></out_trade_no>
<result_code><![CDATA[SUCCESS]]></result_code>
<return_code><![CDATA[SUCCESS]]></return_code>
<sign><![CDATA[85C6612747006B3582D794CA26CD7ACE]]></sign>
<time_end><![CDATA[20161011171353]]></time_end>
<total_fee>100</total_fee>
<trade_type><![CDATA[JSAPI]]></trade_type>
<transaction_id><![CDATA[4005392001201610116405008125]]></transaction_id>
</xml>
  Rendered text template (0.0ms)
Completed 200 OK in 1ms (Views: 0.3ms | ActiveRecord: 0.0ms)


Started GET "/wechat/payment/?body=year_product&out_trade_no=1122334467&total_fee=100&product_id=year&openid=oMZZkwyFG5sAx-d4PMQ6Lq1xisHE" for 123.161.110.115 at 2016-10-11 18:04:28 +0800
Cannot render console from 123.161.110.115! Allowed networks: 192.168.0.0/192.168.255.255, 127.0.0.0/127.255.255.255, ::1
  [1m[35mActiveRecord::SchemaMigration Load (18.3ms)[0m  SELECT `schema_migrations`.* FROM `schema_migrations`

ActiveRecord::PendingMigrationError (

Migrations are pending. To resolve this issue, run:

	bin/rake db:migrate RAILS_ENV=development

):
  activerecord (4.2.3) lib/active_record/migration.rb:392:in `check_pending!'
  activerecord (4.2.3) lib/active_record/migration.rb:373:in `call'
  actionpack (4.2.3) lib/action_dispatch/middleware/callbacks.rb:29:in `block in call'
  activesupport (4.2.3) lib/active_support/callbacks.rb:84:in `run_callbacks'
  actionpack (4.2.3) lib/action_dispatch/middleware/callbacks.rb:27:in `call'
  actionpack (4.2.3) lib/action_dispatch/middleware/reloader.rb:73:in `call'
  actionpack (4.2.3) lib/action_dispatch/middleware/remote_ip.rb:78:in `call'
  better_errors (2.1.1) lib/better_errors/middleware.rb:59:in `call'
  actionpack (4.2.3) lib/action_dispatch/middleware/debug_exceptions.rb:17:in `call'
  web-console (2.3.0) lib/web_console/middleware.rb:20:in `block in call'
  web-console (2.3.0) lib/web_console/middleware.rb:18:in `catch'
  web-console (2.3.0) lib/web_console/middleware.rb:18:in `call'
  actionpack (4.2.3) lib/action_dispatch/middleware/show_exceptions.rb:30:in `call'
  railties (4.2.3) lib/rails/rack/logger.rb:38:in `call_app'
  railties (4.2.3) lib/rails/rack/logger.rb:20:in `block in call'
  activesupport (4.2.3) lib/active_support/tagged_logging.rb:68:in `block in tagged'
  activesupport (4.2.3) lib/active_support/tagged_logging.rb:26:in `tagged'
  activesupport (4.2.3) lib/active_support/tagged_logging.rb:68:in `tagged'
  railties (4.2.3) lib/rails/rack/logger.rb:20:in `call'
  actionpack (4.2.3) lib/action_dispatch/middleware/request_id.rb:21:in `call'
  rack (1.6.4) lib/rack/methodoverride.rb:22:in `call'
  rack (1.6.4) lib/rack/runtime.rb:18:in `call'
  activesupport (4.2.3) lib/active_support/cache/strategy/local_cache_middleware.rb:28:in `call'
  rack (1.6.4) lib/rack/lock.rb:17:in `call'
  actionpack (4.2.3) lib/action_dispatch/middleware/static.rb:116:in `call'
  rack (1.6.4) lib/rack/sendfile.rb:113:in `call'
  railties (4.2.3) lib/rails/engine.rb:518:in `call'
  railties (4.2.3) lib/rails/application.rb:165:in `call'
  rack (1.6.4) lib/rack/lock.rb:17:in `call'
  rack (1.6.4) lib/rack/content_length.rb:15:in `call'
  rack (1.6.4) lib/rack/handler/webrick.rb:88:in `service'
  /usr/local/rvm/rubies/ruby-2.2.2/lib/ruby/2.2.0/webrick/httpserver.rb:138:in `service'
  /usr/local/rvm/rubies/ruby-2.2.2/lib/ruby/2.2.0/webrick/httpserver.rb:94:in `run'
  /usr/local/rvm/rubies/ruby-2.2.2/lib/ruby/2.2.0/webrick/server.rb:294:in `block in start_thread'


  Rendered /usr/local/rvm/gems/ruby-2.2.2/gems/actionpack-4.2.3/lib/action_dispatch/middleware/templates/rescues/_source.erb (11.4ms)
  Rendered /usr/local/rvm/gems/ruby-2.2.2/gems/actionpack-4.2.3/lib/action_dispatch/middleware/templates/rescues/_trace.html.erb (7.6ms)
  Rendered /usr/local/rvm/gems/ruby-2.2.2/gems/actionpack-4.2.3/lib/action_dispatch/middleware/templates/rescues/_request_and_response.html.erb (3.3ms)
  Rendered /usr/local/rvm/gems/ruby-2.2.2/gems/actionpack-4.2.3/lib/action_dispatch/middleware/templates/rescues/diagnostics.html.erb within rescues/layout (73.0ms)
  [1m[36mActiveRecord::SchemaMigration Load (3.0ms)[0m  [1mSELECT `schema_migrations`.* FROM `schema_migrations`[0m
Migrating to CreatePaymentRecords (20161011094012)
  [1m[35m (71.5ms)[0m  CREATE TABLE `payment_records` (`id` int(11) auto_increment PRIMARY KEY, `user_id` int(11), `open_id` varchar(255), `app_name` varchar(255), `order_no` varchar(255), `payment_method` varchar(255), `status` varchar(255), `total_money` decimal(10,2) DEFAULT 0.0, `payment_response` text, `created_at` datetime NOT NULL, `updated_at` datetime NOT NULL) ENGINE=InnoDB
  [1m[36m (28.3ms)[0m  [1mCREATE  INDEX `index_payment_records_on_open_id`  ON `payment_records` (`open_id`) [0m
  [1m[35m (19.0ms)[0m  CREATE  INDEX `index_payment_records_on_order_no`  ON `payment_records` (`order_no`) 
  [1m[36m (0.2ms)[0m  [1mBEGIN[0m
  [1m[35mSQL (5.7ms)[0m  INSERT INTO `schema_migrations` (`version`) VALUES ('20161011094012')
  [1m[36m (0.3ms)[0m  [1mCOMMIT[0m
  [1m[35mActiveRecord::SchemaMigration Load (0.4ms)[0m  SELECT `schema_migrations`.* FROM `schema_migrations`
  [1m[36m (0.8ms)[0m  [1mSELECT fk.referenced_table_name as 'to_table'
      ,fk.referenced_column_name as 'primary_key'
      ,fk.column_name as 'column'
      ,fk.constraint_name as 'name'
FROM information_schema.key_column_usage fk
WHERE fk.referenced_column_name is not null
  AND fk.table_schema = 'edu343_development'
  AND fk.table_name = 'attachment_images'
[0m
  [1m[35m (4.8ms)[0m  SHOW CREATE TABLE `attachment_images`
  [1m[36m (0.5ms)[0m  [1mSELECT fk.referenced_table_name as 'to_table'
      ,fk.referenced_column_name as 'primary_key'
      ,fk.column_name as 'column'
      ,fk.constraint_name as 'name'
FROM information_schema.key_column_usage fk
WHERE fk.referenced_column_name is not null
  AND fk.table_schema = 'edu343_development'
  AND fk.table_name = 'blogs'
[0m
  [1m[35m (0.4ms)[0m  SHOW CREATE TABLE `blogs`
  [1m[36m (0.6ms)[0m  [1mSELECT fk.referenced_table_name as 'to_table'
      ,fk.referenced_column_name as 'primary_key'
      ,fk.column_name as 'column'
      ,fk.constraint_name as 'name'
FROM information_schema.key_column_usage fk
WHERE fk.referenced_column_name is not null
  AND fk.table_schema = 'edu343_development'
  AND fk.table_name = 'lessons'
[0m
  [1m[35m (0.3ms)[0m  SHOW CREATE TABLE `lessons`
  [1m[36m (0.4ms)[0m  [1mSELECT fk.referenced_table_name as 'to_table'
      ,fk.referenced_column_name as 'primary_key'
      ,fk.column_name as 'column'
      ,fk.constraint_name as 'name'
FROM information_schema.key_column_usage fk
WHERE fk.referenced_column_name is not null
  AND fk.table_schema = 'edu343_development'
  AND fk.table_name = 'payment_records'
[0m
  [1m[35m (0.3ms)[0m  SHOW CREATE TABLE `payment_records`
  [1m[36m (0.4ms)[0m  [1mSELECT fk.referenced_table_name as 'to_table'
      ,fk.referenced_column_name as 'primary_key'
      ,fk.column_name as 'column'
      ,fk.constraint_name as 'name'
FROM information_schema.key_column_usage fk
WHERE fk.referenced_column_name is not null
  AND fk.table_schema = 'edu343_development'
  AND fk.table_name = 'public_course_tickets'
[0m
  [1m[35m (0.3ms)[0m  SHOW CREATE TABLE `public_course_tickets`
  [1m[36m (0.3ms)[0m  [1mSELECT fk.referenced_table_name as 'to_table'
      ,fk.referenced_column_name as 'primary_key'
      ,fk.column_name as 'column'
      ,fk.constraint_name as 'name'
FROM information_schema.key_column_usage fk
WHERE fk.referenced_column_name is not null
  AND fk.table_schema = 'edu343_development'
  AND fk.table_name = 'question_favors'
[0m
  [1m[35m (0.2ms)[0m  SHOW CREATE TABLE `question_favors`
  [1m[36m (0.3ms)[0m  [1mSELECT fk.referenced_table_name as 'to_table'
      ,fk.referenced_column_name as 'primary_key'
      ,fk.column_name as 'column'
      ,fk.constraint_name as 'name'
FROM information_schema.key_column_usage fk
WHERE fk.referenced_column_name is not null
  AND fk.table_schema = 'edu343_development'
  AND fk.table_name = 'question_replies'
[0m
  [1m[35m (0.2ms)[0m  SHOW CREATE TABLE `question_replies`
  [1m[36m (0.3ms)[0m  [1mSELECT fk.referenced_table_name as 'to_table'
      ,fk.referenced_column_name as 'primary_key'
      ,fk.column_name as 'column'
      ,fk.constraint_name as 'name'
FROM information_schema.key_column_usage fk
WHERE fk.referenced_column_name is not null
  AND fk.table_schema = 'edu343_development'
  AND fk.table_name = 'questions'
[0m
  [1m[35m (0.2ms)[0m  SHOW CREATE TABLE `questions`
  [1m[36m (0.3ms)[0m  [1mSELECT fk.referenced_table_name as 'to_table'
      ,fk.referenced_column_name as 'primary_key'
      ,fk.column_name as 'column'
      ,fk.constraint_name as 'name'
FROM information_schema.key_column_usage fk
WHERE fk.referenced_column_name is not null
  AND fk.table_schema = 'edu343_development'
  AND fk.table_name = 'quizzes'
[0m
  [1m[35m (0.2ms)[0m  SHOW CREATE TABLE `quizzes`
  [1m[36m (0.3ms)[0m  [1mSELECT fk.referenced_table_name as 'to_table'
      ,fk.referenced_column_name as 'primary_key'
      ,fk.column_name as 'column'
      ,fk.constraint_name as 'name'
FROM information_schema.key_column_usage fk
WHERE fk.referenced_column_name is not null
  AND fk.table_schema = 'edu343_development'
  AND fk.table_name = 'student_quizzes'
[0m
  [1m[35m (0.2ms)[0m  SHOW CREATE TABLE `student_quizzes`
  [1m[36m (0.3ms)[0m  [1mSELECT fk.referenced_table_name as 'to_table'
      ,fk.referenced_column_name as 'primary_key'
      ,fk.column_name as 'column'
      ,fk.constraint_name as 'name'
FROM information_schema.key_column_usage fk
WHERE fk.referenced_column_name is not null
  AND fk.table_schema = 'edu343_development'
  AND fk.table_name = 'student_votes'
[0m
  [1m[35m (0.2ms)[0m  SHOW CREATE TABLE `student_votes`
  [1m[36m (0.3ms)[0m  [1mSELECT fk.referenced_table_name as 'to_table'
      ,fk.referenced_column_name as 'primary_key'
      ,fk.column_name as 'column'
      ,fk.constraint_name as 'name'
FROM information_schema.key_column_usage fk
WHERE fk.referenced_column_name is not null
  AND fk.table_schema = 'edu343_development'
  AND fk.table_name = 'students'
[0m
  [1m[35m (0.3ms)[0m  SHOW CREATE TABLE `students`
  [1m[36m (0.3ms)[0m  [1mSELECT fk.referenced_table_name as 'to_table'
      ,fk.referenced_column_name as 'primary_key'
      ,fk.column_name as 'column'
      ,fk.constraint_name as 'name'
FROM information_schema.key_column_usage fk
WHERE fk.referenced_column_name is not null
  AND fk.table_schema = 'edu343_development'
  AND fk.table_name = 'subscribes'
[0m
  [1m[35m (0.2ms)[0m  SHOW CREATE TABLE `subscribes`
  [1m[36m (1.6ms)[0m  [1mSELECT fk.referenced_table_name as 'to_table'
      ,fk.referenced_column_name as 'primary_key'
      ,fk.column_name as 'column'
      ,fk.constraint_name as 'name'
FROM information_schema.key_column_usage fk
WHERE fk.referenced_column_name is not null
  AND fk.table_schema = 'edu343_development'
  AND fk.table_name = 'taggings'
[0m
  [1m[35m (0.3ms)[0m  SHOW CREATE TABLE `taggings`
  [1m[36m (0.4ms)[0m  [1mSELECT fk.referenced_table_name as 'to_table'
      ,fk.referenced_column_name as 'primary_key'
      ,fk.column_name as 'column'
      ,fk.constraint_name as 'name'
FROM information_schema.key_column_usage fk
WHERE fk.referenced_column_name is not null
  AND fk.table_schema = 'edu343_development'
  AND fk.table_name = 'tags'
[0m
  [1m[35m (0.2ms)[0m  SHOW CREATE TABLE `tags`
  [1m[36m (0.3ms)[0m  [1mSELECT fk.referenced_table_name as 'to_table'
      ,fk.referenced_column_name as 'primary_key'
      ,fk.column_name as 'column'
      ,fk.constraint_name as 'name'
FROM information_schema.key_column_usage fk
WHERE fk.referenced_column_name is not null
  AND fk.table_schema = 'edu343_development'
  AND fk.table_name = 'users'
[0m
  [1m[35m (0.3ms)[0m  SHOW CREATE TABLE `users`
  [1m[36m (0.3ms)[0m  [1mSELECT fk.referenced_table_name as 'to_table'
      ,fk.referenced_column_name as 'primary_key'
      ,fk.column_name as 'column'
      ,fk.constraint_name as 'name'
FROM information_schema.key_column_usage fk
WHERE fk.referenced_column_name is not null
  AND fk.table_schema = 'edu343_development'
  AND fk.table_name = 'verify_tokens'
[0m
  [1m[35m (0.2ms)[0m  SHOW CREATE TABLE `verify_tokens`
  [1m[36m (0.3ms)[0m  [1mSELECT fk.referenced_table_name as 'to_table'
      ,fk.referenced_column_name as 'primary_key'
      ,fk.column_name as 'column'
      ,fk.constraint_name as 'name'
FROM information_schema.key_column_usage fk
WHERE fk.referenced_column_name is not null
  AND fk.table_schema = 'edu343_development'
  AND fk.table_name = 'wechat_users'
[0m
  [1m[35m (0.2ms)[0m  SHOW CREATE TABLE `wechat_users`


Started GET "/wechat/payment/?body=year_product&out_trade_no=1122334467&total_fee=100&product_id=year&openid=oMZZkwyFG5sAx-d4PMQ6Lq1xisHE" for 123.161.110.115 at 2016-10-11 18:05:10 +0800
Cannot render console from 123.161.110.115! Allowed networks: 192.168.0.0/192.168.255.255, 127.0.0.0/127.255.255.255, ::1
  [1m[36mActiveRecord::SchemaMigration Load (4.3ms)[0m  [1mSELECT `schema_migrations`.* FROM `schema_migrations`[0m
Processing by Wechat::PaymentController#index as HTML
  Parameters: {"body"=>"year_product", "out_trade_no"=>"1122334467", "total_fee"=>"100", "product_id"=>"year", "openid"=>"oMZZkwyFG5sAx-d4PMQ6Lq1xisHE"}
  Rendered text template (0.0ms)
Filter chain halted as :auth_wechat_3rd_party_app rendered or redirected
Completed 200 OK in 22ms (Views: 10.1ms | ActiveRecord: 0.0ms)


Started GET "/wechat/payment/?key=9eyjdxpbqupgvv6nza85b2oesv9a4h7v5fhzwpxqkm8o945i&app=eggman&body=year_product&out_trade_no=1122334467&total_fee=100&product_id=year&openid=oMZZkwyFG5sAx-d4PMQ6Lq1xisHE" for 123.161.110.115 at 2016-10-11 18:05:45 +0800
Cannot render console from 123.161.110.115! Allowed networks: 192.168.0.0/192.168.255.255, 127.0.0.0/127.255.255.255, ::1
Processing by Wechat::PaymentController#index as HTML
  Parameters: {"key"=>"9eyjdxpbqupgvv6nza85b2oesv9a4h7v5fhzwpxqkm8o945i", "app"=>"eggman", "body"=>"year_product", "out_trade_no"=>"1122334467", "total_fee"=>"100", "product_id"=>"year", "openid"=>"oMZZkwyFG5sAx-d4PMQ6Lq1xisHE"}
WECHAT PAYMENT CREATE ORDER: <xml><return_code><![CDATA[SUCCESS]]></return_code>
<return_msg><![CDATA[OK]]></return_msg>
<appid><![CDATA[wxa05b67eb1b532c44]]></appid>
<mch_id><![CDATA[1397730302]]></mch_id>
<device_info><![CDATA[WEB]]></device_info>
<nonce_str><![CDATA[MYGjYOMq95CpaDHx]]></nonce_str>
<sign><![CDATA[667E21E4C81A2E494187BB4C02844125]]></sign>
<result_code><![CDATA[SUCCESS]]></result_code>
<prepay_id><![CDATA[wx2016101118054645607fa61a0951596133]]></prepay_id>
<trade_type><![CDATA[JSAPI]]></trade_type>
</xml>
  Rendered wechat/payment/index.html.erb (2.9ms)
Completed 200 OK in 752ms (Views: 5.4ms | ActiveRecord: 0.0ms)


Started GET "/" for 123.161.110.115 at 2016-10-11 18:06:22 +0800
Cannot render console from 123.161.110.115! Allowed networks: 192.168.0.0/192.168.255.255, 127.0.0.0/127.255.255.255, ::1
Processing by WelcomeController#index as HTML
  Rendered welcome/_career.html.erb (1.5ms)
  Rendered welcome/_wearefrom.html.erb (0.3ms)
  Rendered welcome/_whoami.html.erb (2.3ms)
  Rendered welcome/_results.html.erb (595.1ms)
  Rendered welcome/index.html.erb within layouts/application (607.9ms)
  Rendered layouts/_header.html.erb (0.6ms)
  Rendered welcome/_courses.html.erb (10.8ms)
  Rendered share/_wechat.html.erb (0.5ms)
  Rendered share/_contact_cellphones.html.erb (0.2ms)
  Rendered layouts/_footer.html.erb (6.1ms)
Completed 200 OK in 785ms (Views: 784.2ms | ActiveRecord: 0.0ms)


Started GET "/wechat/payment/?body=year_product&out_trade_no=1122334467&total_fee=100&product_id=year&openid=oMZZkwyFG5sAx-d4PMQ6Lq1xisHE" for 117.185.27.115 at 2016-10-11 18:07:27 +0800
Cannot render console from 117.185.27.115! Allowed networks: 192.168.0.0/192.168.255.255, 127.0.0.0/127.255.255.255, ::1
Processing by Wechat::PaymentController#index as */*
  Parameters: {"body"=>"year_product", "out_trade_no"=>"1122334467", "total_fee"=>"100", "product_id"=>"year", "openid"=>"oMZZkwyFG5sAx-d4PMQ6Lq1xisHE"}
  Rendered text template (0.0ms)
Filter chain halted as :auth_wechat_3rd_party_app rendered or redirected
Completed 200 OK in 1ms (Views: 0.4ms | ActiveRecord: 0.0ms)


Started GET "/wechat/payment/?key=9eyjdxpbqupgvv6nza85b2oesv9a4h7v5fhzwpxqkm8o945i&app=eggman&body=year_product&out_trade_no=1122334467&total_fee=100&product_id=year&openid=oMZZkwyFG5sAx-d4PMQ6Lq1xisHE" for 101.226.65.108 at 2016-10-11 18:08:45 +0800
Cannot render console from 101.226.65.108! Allowed networks: 192.168.0.0/192.168.255.255, 127.0.0.0/127.255.255.255, ::1
Processing by Wechat::PaymentController#index as */*
  Parameters: {"key"=>"9eyjdxpbqupgvv6nza85b2oesv9a4h7v5fhzwpxqkm8o945i", "app"=>"eggman", "body"=>"year_product", "out_trade_no"=>"1122334467", "total_fee"=>"100", "product_id"=>"year", "openid"=>"oMZZkwyFG5sAx-d4PMQ6Lq1xisHE"}
WECHAT PAYMENT CREATE ORDER: <xml><return_code><![CDATA[SUCCESS]]></return_code>
<return_msg><![CDATA[OK]]></return_msg>
<appid><![CDATA[wxa05b67eb1b532c44]]></appid>
<mch_id><![CDATA[1397730302]]></mch_id>
<device_info><![CDATA[WEB]]></device_info>
<nonce_str><![CDATA[lod5q3uDFFO9zSVC]]></nonce_str>
<sign><![CDATA[147AABB95642C7E5C3C893AC3A0ACB5B]]></sign>
<result_code><![CDATA[SUCCESS]]></result_code>
<prepay_id><![CDATA[wx201610111808451b823fe5ef0901641337]]></prepay_id>
<trade_type><![CDATA[JSAPI]]></trade_type>
</xml>
  Rendered wechat/payment/index.html.erb (0.9ms)
Completed 200 OK in 544ms (Views: 13.3ms | ActiveRecord: 0.0ms)


Started GET "/" for 123.161.110.115 at 2016-10-11 18:10:45 +0800
Cannot render console from 123.161.110.115! Allowed networks: 192.168.0.0/192.168.255.255, 127.0.0.0/127.255.255.255, ::1
Processing by WelcomeController#index as HTML
  Rendered welcome/_career.html.erb (1.8ms)
  Rendered welcome/_wearefrom.html.erb (0.1ms)
  Rendered welcome/_whoami.html.erb (1.2ms)
  Rendered welcome/_results.html.erb (31.2ms)
  Rendered welcome/index.html.erb within layouts/application (39.3ms)
  Rendered layouts/_header.html.erb (1.1ms)
  Rendered welcome/_courses.html.erb (10.6ms)
  Rendered share/_wechat.html.erb (0.1ms)
  Rendered share/_contact_cellphones.html.erb (0.1ms)
  Rendered layouts/_footer.html.erb (3.4ms)
Completed 200 OK in 152ms (Views: 150.3ms | ActiveRecord: 0.0ms)


Started GET "/assets/application.self-cb0307daf48310d36ba829e4cd8d9dc68c78f47802840cfbe89732a21d108185.css?body=1" for 123.161.110.115 at 2016-10-11 18:10:45 +0800
Cannot render console from 123.161.110.115! Allowed networks: 192.168.0.0/192.168.255.255, 127.0.0.0/127.255.255.255, ::1


Started GET "/assets/jquery.self-660adc51e0224b731d29f575a6f1ec167ba08ad06ed5deca4f1e8654c135bf4c.js?body=1" for 123.161.110.115 at 2016-10-11 18:10:46 +0800
Cannot render console from 123.161.110.115! Allowed networks: 192.168.0.0/192.168.255.255, 127.0.0.0/127.255.255.255, ::1


Started GET "/assets/jquery_ujs.self-e87806d0cf4489aeb1bb7288016024e8de67fd18db693fe026fe3907581e53cd.js?body=1" for 123.161.110.115 at 2016-10-11 18:10:47 +0800
Cannot render console from 123.161.110.115! Allowed networks: 192.168.0.0/192.168.255.255, 127.0.0.0/127.255.255.255, ::1


Started GET "/assets/jquery.lazyload.min.self-70563866ae30eacbbf78d003e40201b380eb8c89dd14389934d7e00b596530a7.js?body=1" for 123.161.110.115 at 2016-10-11 18:10:47 +0800
Cannot render console from 123.161.110.115! Allowed networks: 192.168.0.0/192.168.255.255, 127.0.0.0/127.255.255.255, ::1


Started GET "/assets/bootstrap/alert.self-896ab026e6823f5cef2441e07dac53d0692a5b772ac58b1ce20aa624c342d3f4.js?body=1" for 123.161.110.115 at 2016-10-11 18:10:47 +0800
Cannot render console from 123.161.110.115! Allowed networks: 192.168.0.0/192.168.255.255, 127.0.0.0/127.255.255.255, ::1


Started GET "/assets/bootstrap/affix.self-f7aef9d98ee5ece34a6a92a6a15bba777d93e8d908b75c95a85088277f394200.js?body=1" for 123.161.110.115 at 2016-10-11 18:10:47 +0800
Cannot render console from 123.161.110.115! Allowed networks: 192.168.0.0/192.168.255.255, 127.0.0.0/127.255.255.255, ::1


Started GET "/assets/bootstrap/button.self-d19f3e2bcd3a7a4d75c11b9141b3fabd2c11987da1e99c85548ec3ecf8db30c3.js?body=1" for 123.161.110.115 at 2016-10-11 18:10:47 +0800
Cannot render console from 123.161.110.115! Allowed networks: 192.168.0.0/192.168.255.255, 127.0.0.0/127.255.255.255, ::1


Started GET "/assets/fontawesome-webfont-d3ebb498192527b985939ae62cc4e5eb5c108efc1896184126b45d866868e73d.woff2?v=4.6.1" for 123.161.110.115 at 2016-10-11 18:10:47 +0800
Cannot render console from 123.161.110.115! Allowed networks: 192.168.0.0/192.168.255.255, 127.0.0.0/127.255.255.255, ::1


Started GET "/assets/bootstrap/tab.self-9b77df34cbbb08ec93a806d6cdb741f04e3dbf3389978a0679146f2d2987bc89.js?body=1" for 123.161.110.115 at 2016-10-11 18:10:47 +0800
Cannot render console from 123.161.110.115! Allowed networks: 192.168.0.0/192.168.255.255, 127.0.0.0/127.255.255.255, ::1


Started GET "/assets/bootstrap/carousel.self-b2e5e14483e6c31343a83861b7d487620f143d6fc2d07d5ae7544b6b225ba6be.js?body=1" for 123.161.110.115 at 2016-10-11 18:10:47 +0800
Cannot render console from 123.161.110.115! Allowed networks: 192.168.0.0/192.168.255.255, 127.0.0.0/127.255.255.255, ::1


Started GET "/assets/bootstrap/collapse.self-93820e9b486e375a7fb4477602def3a6f8381fa6d50938d5378297ffbe4a1248.js?body=1" for 123.161.110.115 at 2016-10-11 18:10:47 +0800
Cannot render console from 123.161.110.115! Allowed networks: 192.168.0.0/192.168.255.255, 127.0.0.0/127.255.255.255, ::1


Started GET "/assets/bootstrap/dropdown.self-30536ae4d54b2685c26b5787ed0eb549a9075717fe690cce6270873bedf2df00.js?body=1" for 123.161.110.115 at 2016-10-11 18:10:47 +0800
Cannot render console from 123.161.110.115! Allowed networks: 192.168.0.0/192.168.255.255, 127.0.0.0/127.255.255.255, ::1


Started GET "/assets/bootstrap/transition.self-9616c4e856b57659b67da3c6f2adcd584b5601ef4bebcdadab8ebb387d80bb25.js?body=1" for 123.161.110.115 at 2016-10-11 18:10:47 +0800
Cannot render console from 123.161.110.115! Allowed networks: 192.168.0.0/192.168.255.255, 127.0.0.0/127.255.255.255, ::1


Started GET "/assets/bootstrap/scrollspy.self-c5c6ed008955656d345067e9821d79f1216b8383134d08465d4aa1a33a2b93b4.js?body=1" for 123.161.110.115 at 2016-10-11 18:10:47 +0800
Cannot render console from 123.161.110.115! Allowed networks: 192.168.0.0/192.168.255.255, 127.0.0.0/127.255.255.255, ::1


Started GET "/assets/bootstrap/modal.self-bcfe54f3132bf16a8c5ce4289e47eba488f6522a08f49f378a037061c6c7aa4c.js?body=1" for 123.161.110.115 at 2016-10-11 18:10:47 +0800
Cannot render console from 123.161.110.115! Allowed networks: 192.168.0.0/192.168.255.255, 127.0.0.0/127.255.255.255, ::1


Started GET "/assets/bootstrap/tooltip.self-3aa41fbe871573b34e0ebddf31598cd5a11a9841ca85f90934ea46326e46626d.js?body=1" for 123.161.110.115 at 2016-10-11 18:10:48 +0800
Cannot render console from 123.161.110.115! Allowed networks: 192.168.0.0/192.168.255.255, 127.0.0.0/127.255.255.255, ::1


Started GET "/assets/bootstrap/popover.self-b73e9c9111d01148e24bbc46e096782e024dc5db630e7078cf11ed2587ef8551.js?body=1" for 123.161.110.115 at 2016-10-11 18:10:48 +0800
Cannot render console from 123.161.110.115! Allowed networks: 192.168.0.0/192.168.255.255, 127.0.0.0/127.255.255.255, ::1


Started GET "/assets/bootstrap-sprockets.self-fbfa5ad7d9aa0afe439ec4ff3883acc4cb92b62cb67c40d674320c9aa1d4642d.js?body=1" for 123.161.110.115 at 2016-10-11 18:10:48 +0800
Cannot render console from 123.161.110.115! Allowed networks: 192.168.0.0/192.168.255.255, 127.0.0.0/127.255.255.255, ::1


Started GET "/assets/owl.carousel.min.self-0d37be315eae4b8700583ef49f93fd6887aab6dbf13249a8476bacbbf9a673c3.js?body=1" for 123.161.110.115 at 2016-10-11 18:10:48 +0800
Cannot render console from 123.161.110.115! Allowed networks: 192.168.0.0/192.168.255.255, 127.0.0.0/127.255.255.255, ::1


Started GET "/assets/WeixinApi.self-60b7c8997fd79c0b1fb5ade9091e7961b5b0edec318b2443926f98bc4b5c7327.js?body=1" for 123.161.110.115 at 2016-10-11 18:10:48 +0800
Cannot render console from 123.161.110.115! Allowed networks: 192.168.0.0/192.168.255.255, 127.0.0.0/127.255.255.255, ::1


Started GET "/assets/welcome.self-a26324c9d7433be7b183ebb8b77c27378c8c6c62b11ce01e65a8ea1a207a7082.js?body=1" for 123.161.110.115 at 2016-10-11 18:10:48 +0800
Cannot render console from 123.161.110.115! Allowed networks: 192.168.0.0/192.168.255.255, 127.0.0.0/127.255.255.255, ::1


Started GET "/assets/application.self-90ccdce12d16e59172e05170a36ad364760df9726470dae02e35b44d5fb588a2.js?body=1" for 123.161.110.115 at 2016-10-11 18:10:48 +0800
Cannot render console from 123.161.110.115! Allowed networks: 192.168.0.0/192.168.255.255, 127.0.0.0/127.255.255.255, ::1


Started GET "/assets/wechat_share.self-f5aa2850e4d165a1d04d377baddc836e19d831e1ee2935b421b8baa2cbb5401f.js?body=1" for 123.161.110.115 at 2016-10-11 18:10:48 +0800
Cannot render console from 123.161.110.115! Allowed networks: 192.168.0.0/192.168.255.255, 127.0.0.0/127.255.255.255, ::1


Started GET "/assets/blank-2dfe28cbdb83f01c940de6a88ab86200154fd772d568035ac568664e52068363.gif" for 123.161.110.115 at 2016-10-11 18:10:48 +0800
Cannot render console from 123.161.110.115! Allowed networks: 192.168.0.0/192.168.255.255, 127.0.0.0/127.255.255.255, ::1


Started GET "/wechat/payment/?body=year_product&out_trade_no=1122334467&total_fee=100&product_id=year&openid=oMZZkwyFG5sAx-d4PMQ6Lq1xisHE" for 119.147.146.60 at 2016-10-11 18:11:44 +0800
Cannot render console from 119.147.146.60! Allowed networks: 192.168.0.0/192.168.255.255, 127.0.0.0/127.255.255.255, ::1
Processing by Wechat::PaymentController#index as HTML
  Parameters: {"body"=>"year_product", "out_trade_no"=>"1122334467", "total_fee"=>"100", "product_id"=>"year", "openid"=>"oMZZkwyFG5sAx-d4PMQ6Lq1xisHE"}
  Rendered text template (0.0ms)
Filter chain halted as :auth_wechat_3rd_party_app rendered or redirected
Completed 200 OK in 1ms (Views: 0.5ms | ActiveRecord: 0.0ms)


Started GET "/" for 123.161.110.115 at 2016-10-11 18:13:35 +0800
Cannot render console from 123.161.110.115! Allowed networks: 192.168.0.0/192.168.255.255, 127.0.0.0/127.255.255.255, ::1
Processing by WelcomeController#index as HTML
  Rendered welcome/_career.html.erb (0.9ms)
  Rendered welcome/_wearefrom.html.erb (0.0ms)
  Rendered welcome/_whoami.html.erb (1.3ms)
  Rendered welcome/_results.html.erb (24.3ms)
  Rendered welcome/index.html.erb within layouts/application (30.5ms)
  Rendered layouts/_header.html.erb (0.3ms)
  Rendered welcome/_courses.html.erb (9.2ms)
  Rendered share/_wechat.html.erb (0.1ms)
  Rendered share/_contact_cellphones.html.erb (0.1ms)
  Rendered layouts/_footer.html.erb (3.7ms)
Completed 200 OK in 119ms (Views: 118.1ms | ActiveRecord: 0.0ms)


Started GET "/assets/application.self-cb0307daf48310d36ba829e4cd8d9dc68c78f47802840cfbe89732a21d108185.css?body=1" for 123.161.110.115 at 2016-10-11 18:13:36 +0800
Cannot render console from 123.161.110.115! Allowed networks: 192.168.0.0/192.168.255.255, 127.0.0.0/127.255.255.255, ::1


Started POST "/wechat/payment/notify" for 101.226.103.70 at 2016-10-11 18:13:36 +0800
Cannot render console from 101.226.103.70! Allowed networks: 192.168.0.0/192.168.255.255, 127.0.0.0/127.255.255.255, ::1
Processing by Wechat::PaymentController#notify as */*
Completed 500 Internal Server Error in 6ms (ActiveRecord: 0.0ms)

NoMethodError (undefined method `delete_if' for #<ActionDispatch::Response:0x007fdef21f21a0>):
  app/controllers/wechat/payment_controller.rb:106:in `wechat_pay_generate_sign'
  app/controllers/wechat/payment_controller.rb:132:in `is_response_from_wechat?'
  app/controllers/wechat/payment_controller.rb:63:in `notify'


  Rendered /usr/local/rvm/gems/ruby-2.2.2/gems/actionpack-4.2.3/lib/action_dispatch/middleware/templates/rescues/_source.erb (3.3ms)
  Rendered /usr/local/rvm/gems/ruby-2.2.2/gems/actionpack-4.2.3/lib/action_dispatch/middleware/templates/rescues/_trace.html.erb (2.3ms)
  Rendered /usr/local/rvm/gems/ruby-2.2.2/gems/actionpack-4.2.3/lib/action_dispatch/middleware/templates/rescues/_request_and_response.html.erb (1.3ms)
  Rendered /usr/local/rvm/gems/ruby-2.2.2/gems/actionpack-4.2.3/lib/action_dispatch/middleware/templates/rescues/diagnostics.html.erb within rescues/layout (46.8ms)


Started GET "/assets/jquery.self-660adc51e0224b731d29f575a6f1ec167ba08ad06ed5deca4f1e8654c135bf4c.js?body=1" for 123.161.110.115 at 2016-10-11 18:13:36 +0800
Cannot render console from 123.161.110.115! Allowed networks: 192.168.0.0/192.168.255.255, 127.0.0.0/127.255.255.255, ::1


Started GET "/assets/bootstrap/alert.self-896ab026e6823f5cef2441e07dac53d0692a5b772ac58b1ce20aa624c342d3f4.js?body=1" for 123.161.110.115 at 2016-10-11 18:13:38 +0800
Cannot render console from 123.161.110.115! Allowed networks: 192.168.0.0/192.168.255.255, 127.0.0.0/127.255.255.255, ::1


Started GET "/assets/jquery_ujs.self-e87806d0cf4489aeb1bb7288016024e8de67fd18db693fe026fe3907581e53cd.js?body=1" for 123.161.110.115 at 2016-10-11 18:13:38 +0800
Cannot render console from 123.161.110.115! Allowed networks: 192.168.0.0/192.168.255.255, 127.0.0.0/127.255.255.255, ::1


Started GET "/assets/bootstrap/affix.self-f7aef9d98ee5ece34a6a92a6a15bba777d93e8d908b75c95a85088277f394200.js?body=1" for 123.161.110.115 at 2016-10-11 18:13:38 +0800
Cannot render console from 123.161.110.115! Allowed networks: 192.168.0.0/192.168.255.255, 127.0.0.0/127.255.255.255, ::1


Started GET "/assets/jquery.lazyload.min.self-70563866ae30eacbbf78d003e40201b380eb8c89dd14389934d7e00b596530a7.js?body=1" for 123.161.110.115 at 2016-10-11 18:13:38 +0800
Cannot render console from 123.161.110.115! Allowed networks: 192.168.0.0/192.168.255.255, 127.0.0.0/127.255.255.255, ::1


Started GET "/assets/bootstrap/button.self-d19f3e2bcd3a7a4d75c11b9141b3fabd2c11987da1e99c85548ec3ecf8db30c3.js?body=1" for 123.161.110.115 at 2016-10-11 18:13:38 +0800
Cannot render console from 123.161.110.115! Allowed networks: 192.168.0.0/192.168.255.255, 127.0.0.0/127.255.255.255, ::1


Started GET "/assets/fontawesome-webfont-d3ebb498192527b985939ae62cc4e5eb5c108efc1896184126b45d866868e73d.woff2?v=4.6.1" for 123.161.110.115 at 2016-10-11 18:13:38 +0800
Cannot render console from 123.161.110.115! Allowed networks: 192.168.0.0/192.168.255.255, 127.0.0.0/127.255.255.255, ::1


Started GET "/assets/bootstrap/carousel.self-b2e5e14483e6c31343a83861b7d487620f143d6fc2d07d5ae7544b6b225ba6be.js?body=1" for 123.161.110.115 at 2016-10-11 18:13:38 +0800
Cannot render console from 123.161.110.115! Allowed networks: 192.168.0.0/192.168.255.255, 127.0.0.0/127.255.255.255, ::1


Started GET "/assets/bootstrap/collapse.self-93820e9b486e375a7fb4477602def3a6f8381fa6d50938d5378297ffbe4a1248.js?body=1" for 123.161.110.115 at 2016-10-11 18:13:38 +0800
Cannot render console from 123.161.110.115! Allowed networks: 192.168.0.0/192.168.255.255, 127.0.0.0/127.255.255.255, ::1


Started GET "/assets/bootstrap/tab.self-9b77df34cbbb08ec93a806d6cdb741f04e3dbf3389978a0679146f2d2987bc89.js?body=1" for 123.161.110.115 at 2016-10-11 18:13:38 +0800
Cannot render console from 123.161.110.115! Allowed networks: 192.168.0.0/192.168.255.255, 127.0.0.0/127.255.255.255, ::1


Started GET "/assets/bootstrap/dropdown.self-30536ae4d54b2685c26b5787ed0eb549a9075717fe690cce6270873bedf2df00.js?body=1" for 123.161.110.115 at 2016-10-11 18:13:38 +0800
Cannot render console from 123.161.110.115! Allowed networks: 192.168.0.0/192.168.255.255, 127.0.0.0/127.255.255.255, ::1


Started GET "/assets/bootstrap/transition.self-9616c4e856b57659b67da3c6f2adcd584b5601ef4bebcdadab8ebb387d80bb25.js?body=1" for 123.161.110.115 at 2016-10-11 18:13:38 +0800
Cannot render console from 123.161.110.115! Allowed networks: 192.168.0.0/192.168.255.255, 127.0.0.0/127.255.255.255, ::1


Started GET "/assets/bootstrap/scrollspy.self-c5c6ed008955656d345067e9821d79f1216b8383134d08465d4aa1a33a2b93b4.js?body=1" for 123.161.110.115 at 2016-10-11 18:13:38 +0800
Cannot render console from 123.161.110.115! Allowed networks: 192.168.0.0/192.168.255.255, 127.0.0.0/127.255.255.255, ::1


Started GET "/assets/bootstrap/modal.self-bcfe54f3132bf16a8c5ce4289e47eba488f6522a08f49f378a037061c6c7aa4c.js?body=1" for 123.161.110.115 at 2016-10-11 18:13:38 +0800
Cannot render console from 123.161.110.115! Allowed networks: 192.168.0.0/192.168.255.255, 127.0.0.0/127.255.255.255, ::1


Started GET "/assets/bootstrap/tooltip.self-3aa41fbe871573b34e0ebddf31598cd5a11a9841ca85f90934ea46326e46626d.js?body=1" for 123.161.110.115 at 2016-10-11 18:13:38 +0800
Cannot render console from 123.161.110.115! Allowed networks: 192.168.0.0/192.168.255.255, 127.0.0.0/127.255.255.255, ::1


Started GET "/assets/bootstrap/popover.self-b73e9c9111d01148e24bbc46e096782e024dc5db630e7078cf11ed2587ef8551.js?body=1" for 123.161.110.115 at 2016-10-11 18:13:38 +0800
Cannot render console from 123.161.110.115! Allowed networks: 192.168.0.0/192.168.255.255, 127.0.0.0/127.255.255.255, ::1


Started GET "/assets/bootstrap-sprockets.self-fbfa5ad7d9aa0afe439ec4ff3883acc4cb92b62cb67c40d674320c9aa1d4642d.js?body=1" for 123.161.110.115 at 2016-10-11 18:13:38 +0800
Cannot render console from 123.161.110.115! Allowed networks: 192.168.0.0/192.168.255.255, 127.0.0.0/127.255.255.255, ::1


Started GET "/assets/owl.carousel.min.self-0d37be315eae4b8700583ef49f93fd6887aab6dbf13249a8476bacbbf9a673c3.js?body=1" for 123.161.110.115 at 2016-10-11 18:13:38 +0800
Cannot render console from 123.161.110.115! Allowed networks: 192.168.0.0/192.168.255.255, 127.0.0.0/127.255.255.255, ::1


Started GET "/assets/WeixinApi.self-60b7c8997fd79c0b1fb5ade9091e7961b5b0edec318b2443926f98bc4b5c7327.js?body=1" for 123.161.110.115 at 2016-10-11 18:13:39 +0800
Cannot render console from 123.161.110.115! Allowed networks: 192.168.0.0/192.168.255.255, 127.0.0.0/127.255.255.255, ::1


Started GET "/assets/welcome.self-a26324c9d7433be7b183ebb8b77c27378c8c6c62b11ce01e65a8ea1a207a7082.js?body=1" for 123.161.110.115 at 2016-10-11 18:13:39 +0800
Cannot render console from 123.161.110.115! Allowed networks: 192.168.0.0/192.168.255.255, 127.0.0.0/127.255.255.255, ::1


Started GET "/assets/wechat_share.self-f5aa2850e4d165a1d04d377baddc836e19d831e1ee2935b421b8baa2cbb5401f.js?body=1" for 123.161.110.115 at 2016-10-11 18:13:39 +0800
Cannot render console from 123.161.110.115! Allowed networks: 192.168.0.0/192.168.255.255, 127.0.0.0/127.255.255.255, ::1


Started GET "/assets/application.self-90ccdce12d16e59172e05170a36ad364760df9726470dae02e35b44d5fb588a2.js?body=1" for 123.161.110.115 at 2016-10-11 18:13:39 +0800
Cannot render console from 123.161.110.115! Allowed networks: 192.168.0.0/192.168.255.255, 127.0.0.0/127.255.255.255, ::1


Started GET "/about" for 123.161.110.115 at 2016-10-11 18:13:39 +0800
Cannot render console from 123.161.110.115! Allowed networks: 192.168.0.0/192.168.255.255, 127.0.0.0/127.255.255.255, ::1
Processing by WelcomeController#about as HTML
  Rendered welcome/_results.html.erb (18.8ms)
  Rendered teams/_teachers.html.erb (3.8ms)
  Rendered welcome/about.html.erb within layouts/application (26.9ms)
  Rendered layouts/_header.html.erb (0.2ms)
  Rendered welcome/_courses.html.erb (0.2ms)
  Rendered share/_wechat.html.erb (0.0ms)
  Rendered share/_contact_cellphones.html.erb (0.0ms)
  Rendered layouts/_footer.html.erb (1.6ms)
Completed 200 OK in 95ms (Views: 94.7ms | ActiveRecord: 0.0ms)


Started GET "/assets/blank-2dfe28cbdb83f01c940de6a88ab86200154fd772d568035ac568664e52068363.gif" for 123.161.110.115 at 2016-10-11 18:13:39 +0800
Cannot render console from 123.161.110.115! Allowed networks: 192.168.0.0/192.168.255.255, 127.0.0.0/127.255.255.255, ::1


Started GET "/assets/welcome.self-a26324c9d7433be7b183ebb8b77c27378c8c6c62b11ce01e65a8ea1a207a7082.js?body=1" for 123.161.110.115 at 2016-10-11 18:13:39 +0800
Cannot render console from 123.161.110.115! Allowed networks: 192.168.0.0/192.168.255.255, 127.0.0.0/127.255.255.255, ::1


Started GET "/wechat/payment/?key=9eyjdxpbqupgvv6nza85b2oesv9a4h7v5fhzwpxqkm8o945i&app=eggman&body=year_product&out_trade_no=1122334468&total_fee=100&product_id=year&openid=oMZZkwyFG5sAx-d4PMQ6Lq1xisHE" for 123.161.110.115 at 2016-10-11 18:14:26 +0800
Cannot render console from 123.161.110.115! Allowed networks: 192.168.0.0/192.168.255.255, 127.0.0.0/127.255.255.255, ::1
Processing by Wechat::PaymentController#index as HTML
  Parameters: {"key"=>"9eyjdxpbqupgvv6nza85b2oesv9a4h7v5fhzwpxqkm8o945i", "app"=>"eggman", "body"=>"year_product", "out_trade_no"=>"1122334468", "total_fee"=>"100", "product_id"=>"year", "openid"=>"oMZZkwyFG5sAx-d4PMQ6Lq1xisHE"}
WECHAT PAYMENT CREATE ORDER: <xml><return_code><![CDATA[SUCCESS]]></return_code>
<return_msg><![CDATA[OK]]></return_msg>
<appid><![CDATA[wxa05b67eb1b532c44]]></appid>
<mch_id><![CDATA[1397730302]]></mch_id>
<device_info><![CDATA[WEB]]></device_info>
<nonce_str><![CDATA[HAeMzO4M0D6AzO3y]]></nonce_str>
<sign><![CDATA[6BFE3C6D5E18D78DBCA7293457ED6D79]]></sign>
<result_code><![CDATA[SUCCESS]]></result_code>
<prepay_id><![CDATA[wx201610111814261efe8a62060906578313]]></prepay_id>
<trade_type><![CDATA[JSAPI]]></trade_type>
</xml>
  Rendered wechat/payment/index.html.erb (0.9ms)
Completed 200 OK in 654ms (Views: 4.2ms | ActiveRecord: 0.0ms)


Started POST "/wechat/payment/notify" for 140.207.54.75 at 2016-10-11 18:14:38 +0800
Cannot render console from 140.207.54.75! Allowed networks: 192.168.0.0/192.168.255.255, 127.0.0.0/127.255.255.255, ::1
Processing by Wechat::PaymentController#notify as */*
Completed 500 Internal Server Error in 5ms (ActiveRecord: 0.0ms)

NoMethodError (undefined method `delete_if' for #<ActionDispatch::Response:0x007fdeee6c8188>):
  app/controllers/wechat/payment_controller.rb:106:in `wechat_pay_generate_sign'
  app/controllers/wechat/payment_controller.rb:132:in `is_response_from_wechat?'
  app/controllers/wechat/payment_controller.rb:63:in `notify'


  Rendered /usr/local/rvm/gems/ruby-2.2.2/gems/actionpack-4.2.3/lib/action_dispatch/middleware/templates/rescues/_source.erb (4.5ms)
  Rendered /usr/local/rvm/gems/ruby-2.2.2/gems/actionpack-4.2.3/lib/action_dispatch/middleware/templates/rescues/_trace.html.erb (1.8ms)
  Rendered /usr/local/rvm/gems/ruby-2.2.2/gems/actionpack-4.2.3/lib/action_dispatch/middleware/templates/rescues/_request_and_response.html.erb (1.2ms)
  Rendered /usr/local/rvm/gems/ruby-2.2.2/gems/actionpack-4.2.3/lib/action_dispatch/middleware/templates/rescues/diagnostics.html.erb within rescues/layout (45.0ms)


Started POST "/wechat/payment/notify" for 140.207.54.76 at 2016-10-11 18:14:53 +0800
Cannot render console from 140.207.54.76! Allowed networks: 192.168.0.0/192.168.255.255, 127.0.0.0/127.255.255.255, ::1
Processing by Wechat::PaymentController#notify as */*
Completed 500 Internal Server Error in 6ms (ActiveRecord: 0.0ms)

NoMethodError (undefined method `delete_if' for #<ActionDispatch::Response:0x007fdef0495148>):
  app/controllers/wechat/payment_controller.rb:106:in `wechat_pay_generate_sign'
  app/controllers/wechat/payment_controller.rb:132:in `is_response_from_wechat?'
  app/controllers/wechat/payment_controller.rb:63:in `notify'


  Rendered /usr/local/rvm/gems/ruby-2.2.2/gems/actionpack-4.2.3/lib/action_dispatch/middleware/templates/rescues/_source.erb (3.2ms)
  Rendered /usr/local/rvm/gems/ruby-2.2.2/gems/actionpack-4.2.3/lib/action_dispatch/middleware/templates/rescues/_trace.html.erb (1.7ms)
  Rendered /usr/local/rvm/gems/ruby-2.2.2/gems/actionpack-4.2.3/lib/action_dispatch/middleware/templates/rescues/_request_and_response.html.erb (0.7ms)
  Rendered /usr/local/rvm/gems/ruby-2.2.2/gems/actionpack-4.2.3/lib/action_dispatch/middleware/templates/rescues/diagnostics.html.erb within rescues/layout (40.1ms)


Started POST "/wechat/payment/notify" for 101.226.103.71 at 2016-10-11 18:15:09 +0800
Cannot render console from 101.226.103.71! Allowed networks: 192.168.0.0/192.168.255.255, 127.0.0.0/127.255.255.255, ::1
Processing by Wechat::PaymentController#notify as */*
Completed 500 Internal Server Error in 7ms (ActiveRecord: 0.0ms)

NoMethodError (undefined method `delete_if' for #<ActionDispatch::Response:0x007fdee99579a8>):
  app/controllers/wechat/payment_controller.rb:106:in `wechat_pay_generate_sign'
  app/controllers/wechat/payment_controller.rb:132:in `is_response_from_wechat?'
  app/controllers/wechat/payment_controller.rb:63:in `notify'


  Rendered /usr/local/rvm/gems/ruby-2.2.2/gems/actionpack-4.2.3/lib/action_dispatch/middleware/templates/rescues/_source.erb (4.4ms)
  Rendered /usr/local/rvm/gems/ruby-2.2.2/gems/actionpack-4.2.3/lib/action_dispatch/middleware/templates/rescues/_trace.html.erb (2.1ms)
  Rendered /usr/local/rvm/gems/ruby-2.2.2/gems/actionpack-4.2.3/lib/action_dispatch/middleware/templates/rescues/_request_and_response.html.erb (0.7ms)
  Rendered /usr/local/rvm/gems/ruby-2.2.2/gems/actionpack-4.2.3/lib/action_dispatch/middleware/templates/rescues/diagnostics.html.erb within rescues/layout (48.7ms)


Started POST "/wechat/payment/notify" for 101.226.103.61 at 2016-10-11 18:15:41 +0800
Cannot render console from 101.226.103.61! Allowed networks: 192.168.0.0/192.168.255.255, 127.0.0.0/127.255.255.255, ::1
Processing by Wechat::PaymentController#notify as */*
Completed 500 Internal Server Error in 6ms (ActiveRecord: 0.0ms)

NoMethodError (undefined method `delete_if' for #<ActionDispatch::Response:0x007fdee768ca68>):
  app/controllers/wechat/payment_controller.rb:106:in `wechat_pay_generate_sign'
  app/controllers/wechat/payment_controller.rb:132:in `is_response_from_wechat?'
  app/controllers/wechat/payment_controller.rb:63:in `notify'


  Rendered /usr/local/rvm/gems/ruby-2.2.2/gems/actionpack-4.2.3/lib/action_dispatch/middleware/templates/rescues/_source.erb (3.6ms)
  Rendered /usr/local/rvm/gems/ruby-2.2.2/gems/actionpack-4.2.3/lib/action_dispatch/middleware/templates/rescues/_trace.html.erb (1.8ms)
  Rendered /usr/local/rvm/gems/ruby-2.2.2/gems/actionpack-4.2.3/lib/action_dispatch/middleware/templates/rescues/_request_and_response.html.erb (1.0ms)
  Rendered /usr/local/rvm/gems/ruby-2.2.2/gems/actionpack-4.2.3/lib/action_dispatch/middleware/templates/rescues/diagnostics.html.erb within rescues/layout (39.4ms)


Started GET "/wechat/payment/check_payment?1476181003000" for 123.161.110.115 at 2016-10-11 18:16:44 +0800
Cannot render console from 123.161.110.115! Allowed networks: 192.168.0.0/192.168.255.255, 127.0.0.0/127.255.255.255, ::1
Processing by Wechat::PaymentController#check_payment as HTML
  Parameters: {"1476181003000"=>nil}
  [1m[35mPaymentRecord Load (10.1ms)[0m  SELECT  `payment_records`.* FROM `payment_records` WHERE `payment_records`.`order_no` = '1122334468'  ORDER BY `payment_records`.`id` ASC LIMIT 1
  Rendered wechat/payment/index.html.erb (4.0ms)
Completed 500 Internal Server Error in 38ms (ActiveRecord: 19.5ms)

NoMethodError (undefined method `[]' for nil:NilClass):
  app/views/wechat/payment/index.html.erb:24:in `_app_views_wechat_payment_index_html_erb__2491992896885611865_70297724979300'
  app/controllers/wechat/payment_controller.rb:100:in `check_payment'


  Rendered /usr/local/rvm/gems/ruby-2.2.2/gems/actionpack-4.2.3/lib/action_dispatch/middleware/templates/rescues/_source.erb (4.4ms)
  Rendered /usr/local/rvm/gems/ruby-2.2.2/gems/actionpack-4.2.3/lib/action_dispatch/middleware/templates/rescues/_trace.html.erb (2.0ms)
  Rendered /usr/local/rvm/gems/ruby-2.2.2/gems/actionpack-4.2.3/lib/action_dispatch/middleware/templates/rescues/_request_and_response.html.erb (0.9ms)
  Rendered /usr/local/rvm/gems/ruby-2.2.2/gems/actionpack-4.2.3/lib/action_dispatch/middleware/templates/rescues/diagnostics.html.erb within rescues/layout (37.5ms)


Started GET "/wechat/payment/?key=9eyjdxpbqupgvv6nza85b2oesv9a4h7v5fhzwpxqkm8o945i&app=eggman&body=year_product&out_trade_no=1122334468&total_fee=100&product_id=year&openid=oMZZkwyFG5sAx-d4PMQ6Lq1xisHE" for 101.226.33.217 at 2016-10-11 18:17:33 +0800
Cannot render console from 101.226.33.217! Allowed networks: 192.168.0.0/192.168.255.255, 127.0.0.0/127.255.255.255, ::1
Processing by Wechat::PaymentController#index as */*
  Parameters: {"key"=>"9eyjdxpbqupgvv6nza85b2oesv9a4h7v5fhzwpxqkm8o945i", "app"=>"eggman", "body"=>"year_product", "out_trade_no"=>"1122334468", "total_fee"=>"100", "product_id"=>"year", "openid"=>"oMZZkwyFG5sAx-d4PMQ6Lq1xisHE"}
WECHAT PAYMENT CREATE ORDER: <xml><return_code><![CDATA[SUCCESS]]></return_code>
<return_msg><![CDATA[OK]]></return_msg>
<appid><![CDATA[wxa05b67eb1b532c44]]></appid>
<mch_id><![CDATA[1397730302]]></mch_id>
<device_info><![CDATA[WEB]]></device_info>
<nonce_str><![CDATA[xL0FvtGApg4JlWmQ]]></nonce_str>
<sign><![CDATA[32789BFAE7ED9CCF7CC4CC4862120841]]></sign>
<result_code><![CDATA[FAIL]]></result_code>
<err_code><![CDATA[ORDERPAID]]></err_code>
<err_code_des><![CDATA[该订单已支付]]></err_code_des>
</xml>
  Rendered text template (0.0ms)
Completed 200 OK in 512ms (Views: 0.9ms | ActiveRecord: 0.0ms)


Started GET "/wechat/payment/?key=9eyjdxpbqupgvv6nza85b2oesv9a4h7v5fhzwpxqkm8o945i&app=eggman&body=year_product&out_trade_no=1122334469&total_fee=100&product_id=year&openid=oMZZkwyFG5sAx-d4PMQ6Lq1xisHE" for 123.161.110.115 at 2016-10-11 18:17:38 +0800
Cannot render console from 123.161.110.115! Allowed networks: 192.168.0.0/192.168.255.255, 127.0.0.0/127.255.255.255, ::1
Processing by Wechat::PaymentController#index as HTML
  Parameters: {"key"=>"9eyjdxpbqupgvv6nza85b2oesv9a4h7v5fhzwpxqkm8o945i", "app"=>"eggman", "body"=>"year_product", "out_trade_no"=>"1122334469", "total_fee"=>"100", "product_id"=>"year", "openid"=>"oMZZkwyFG5sAx-d4PMQ6Lq1xisHE"}
WECHAT PAYMENT CREATE ORDER: <xml><return_code><![CDATA[SUCCESS]]></return_code>
<return_msg><![CDATA[OK]]></return_msg>
<appid><![CDATA[wxa05b67eb1b532c44]]></appid>
<mch_id><![CDATA[1397730302]]></mch_id>
<device_info><![CDATA[WEB]]></device_info>
<nonce_str><![CDATA[sIxywf4EgXYW92AC]]></nonce_str>
<sign><![CDATA[6BF2831F44792C81277A9FCFA6D300C7]]></sign>
<result_code><![CDATA[SUCCESS]]></result_code>
<prepay_id><![CDATA[wx2016101118173883ba917f980228111158]]></prepay_id>
<trade_type><![CDATA[JSAPI]]></trade_type>
</xml>
  Rendered wechat/payment/index.html.erb (0.1ms)
Completed 200 OK in 370ms (Views: 3.3ms | ActiveRecord: 0.0ms)


Started POST "/wechat/payment/notify" for 140.207.54.75 at 2016-10-11 18:17:47 +0800
Cannot render console from 140.207.54.75! Allowed networks: 192.168.0.0/192.168.255.255, 127.0.0.0/127.255.255.255, ::1
Processing by Wechat::PaymentController#notify as */*
Completed 500 Internal Server Error in 36459ms (ActiveRecord: 0.0ms)

NoMethodError (undefined method `children' for nil:NilClass):
  app/controllers/wechat/payment_controller.rb:137:in `response_xml_to_hash'
  app/controllers/wechat/payment_controller.rb:62:in `notify'


  Rendered /usr/local/rvm/gems/ruby-2.2.2/gems/actionpack-4.2.3/lib/action_dispatch/middleware/templates/rescues/_source.erb (3.5ms)
  Rendered /usr/local/rvm/gems/ruby-2.2.2/gems/actionpack-4.2.3/lib/action_dispatch/middleware/templates/rescues/_trace.html.erb (3.0ms)
  Rendered /usr/local/rvm/gems/ruby-2.2.2/gems/actionpack-4.2.3/lib/action_dispatch/middleware/templates/rescues/_request_and_response.html.erb (0.9ms)
  Rendered /usr/local/rvm/gems/ruby-2.2.2/gems/actionpack-4.2.3/lib/action_dispatch/middleware/templates/rescues/diagnostics.html.erb within rescues/layout (44.3ms)


Started POST "/wechat/payment/notify" for 140.207.54.75 at 2016-10-11 18:18:24 +0800
Cannot render console from 140.207.54.75! Allowed networks: 192.168.0.0/192.168.255.255, 127.0.0.0/127.255.255.255, ::1
Processing by Wechat::PaymentController#notify as */*
Completed 500 Internal Server Error in 7598ms (ActiveRecord: 0.0ms)

NoMethodError (undefined method `delete_if' for #<ActionDispatch::Response:0x007fdef26fcee8>):
  app/controllers/wechat/payment_controller.rb:107:in `wechat_pay_generate_sign'
  app/controllers/wechat/payment_controller.rb:133:in `is_response_from_wechat?'
  app/controllers/wechat/payment_controller.rb:64:in `notify'


  Rendered /usr/local/rvm/gems/ruby-2.2.2/gems/actionpack-4.2.3/lib/action_dispatch/middleware/templates/rescues/_source.erb (3.8ms)
  Rendered /usr/local/rvm/gems/ruby-2.2.2/gems/actionpack-4.2.3/lib/action_dispatch/middleware/templates/rescues/_trace.html.erb (1.8ms)
  Rendered /usr/local/rvm/gems/ruby-2.2.2/gems/actionpack-4.2.3/lib/action_dispatch/middleware/templates/rescues/_request_and_response.html.erb (0.7ms)
  Rendered /usr/local/rvm/gems/ruby-2.2.2/gems/actionpack-4.2.3/lib/action_dispatch/middleware/templates/rescues/diagnostics.html.erb within rescues/layout (44.2ms)


Started POST "/wechat/payment/notify" for 140.207.54.75 at 2016-10-11 18:18:32 +0800
Cannot render console from 140.207.54.75! Allowed networks: 192.168.0.0/192.168.255.255, 127.0.0.0/127.255.255.255, ::1
Processing by Wechat::PaymentController#notify as */*
Completed 500 Internal Server Error in 660ms (ActiveRecord: 0.0ms)

NoMethodError (undefined method `delete_if' for #<ActionDispatch::Response:0x007fdef01ba8b0>):
  app/controllers/wechat/payment_controller.rb:107:in `wechat_pay_generate_sign'
  app/controllers/wechat/payment_controller.rb:133:in `is_response_from_wechat?'
  app/controllers/wechat/payment_controller.rb:64:in `notify'


  Rendered /usr/local/rvm/gems/ruby-2.2.2/gems/actionpack-4.2.3/lib/action_dispatch/middleware/templates/rescues/_source.erb (4.2ms)
  Rendered /usr/local/rvm/gems/ruby-2.2.2/gems/actionpack-4.2.3/lib/action_dispatch/middleware/templates/rescues/_trace.html.erb (2.3ms)
  Rendered /usr/local/rvm/gems/ruby-2.2.2/gems/actionpack-4.2.3/lib/action_dispatch/middleware/templates/rescues/_request_and_response.html.erb (0.6ms)
  Rendered /usr/local/rvm/gems/ruby-2.2.2/gems/actionpack-4.2.3/lib/action_dispatch/middleware/templates/rescues/diagnostics.html.erb within rescues/layout (41.3ms)


Started POST "/wechat/payment/notify" for 140.207.54.75 at 2016-10-11 18:18:33 +0800
Cannot render console from 140.207.54.75! Allowed networks: 192.168.0.0/192.168.255.255, 127.0.0.0/127.255.255.255, ::1
Processing by Wechat::PaymentController#notify as */*
Completed 500 Internal Server Error in 636ms (ActiveRecord: 0.0ms)

NoMethodError (undefined method `delete_if' for #<ActionDispatch::Response:0x007fdee84721f0>):
  app/controllers/wechat/payment_controller.rb:107:in `wechat_pay_generate_sign'
  app/controllers/wechat/payment_controller.rb:133:in `is_response_from_wechat?'
  app/controllers/wechat/payment_controller.rb:64:in `notify'


  Rendered /usr/local/rvm/gems/ruby-2.2.2/gems/actionpack-4.2.3/lib/action_dispatch/middleware/templates/rescues/_source.erb (3.4ms)
  Rendered /usr/local/rvm/gems/ruby-2.2.2/gems/actionpack-4.2.3/lib/action_dispatch/middleware/templates/rescues/_trace.html.erb (1.6ms)
  Rendered /usr/local/rvm/gems/ruby-2.2.2/gems/actionpack-4.2.3/lib/action_dispatch/middleware/templates/rescues/_request_and_response.html.erb (0.6ms)
  Rendered /usr/local/rvm/gems/ruby-2.2.2/gems/actionpack-4.2.3/lib/action_dispatch/middleware/templates/rescues/diagnostics.html.erb within rescues/layout (43.7ms)


Started POST "/wechat/payment/notify" for 101.226.103.70 at 2016-10-11 18:18:43 +0800
Cannot render console from 101.226.103.70! Allowed networks: 192.168.0.0/192.168.255.255, 127.0.0.0/127.255.255.255, ::1
Processing by Wechat::PaymentController#notify as */*
Completed 500 Internal Server Error in 7ms (ActiveRecord: 0.0ms)

NoMethodError (undefined method `delete_if' for #<ActionDispatch::Response:0x007fdef27467c8>):
  app/controllers/wechat/payment_controller.rb:107:in `wechat_pay_generate_sign'
  app/controllers/wechat/payment_controller.rb:133:in `is_response_from_wechat?'
  app/controllers/wechat/payment_controller.rb:64:in `notify'


  Rendered /usr/local/rvm/gems/ruby-2.2.2/gems/actionpack-4.2.3/lib/action_dispatch/middleware/templates/rescues/_source.erb (3.8ms)
  Rendered /usr/local/rvm/gems/ruby-2.2.2/gems/actionpack-4.2.3/lib/action_dispatch/middleware/templates/rescues/_trace.html.erb (1.8ms)
  Rendered /usr/local/rvm/gems/ruby-2.2.2/gems/actionpack-4.2.3/lib/action_dispatch/middleware/templates/rescues/_request_and_response.html.erb (0.6ms)
  Rendered /usr/local/rvm/gems/ruby-2.2.2/gems/actionpack-4.2.3/lib/action_dispatch/middleware/templates/rescues/diagnostics.html.erb within rescues/layout (40.1ms)


Started POST "/wechat/payment/notify" for 101.226.103.71 at 2016-10-11 18:19:02 +0800
Cannot render console from 101.226.103.71! Allowed networks: 192.168.0.0/192.168.255.255, 127.0.0.0/127.255.255.255, ::1
Processing by Wechat::PaymentController#notify as */*
Completed 500 Internal Server Error in 13ms (ActiveRecord: 0.0ms)

NoMethodError (undefined method `delete_if' for #<ActionDispatch::Response:0x007fdeee652ff0>):
  app/controllers/wechat/payment_controller.rb:107:in `wechat_pay_generate_sign'
  app/controllers/wechat/payment_controller.rb:133:in `is_response_from_wechat?'
  app/controllers/wechat/payment_controller.rb:64:in `notify'


  Rendered /usr/local/rvm/gems/ruby-2.2.2/gems/actionpack-4.2.3/lib/action_dispatch/middleware/templates/rescues/_source.erb (3.9ms)
  Rendered /usr/local/rvm/gems/ruby-2.2.2/gems/actionpack-4.2.3/lib/action_dispatch/middleware/templates/rescues/_trace.html.erb (2.3ms)
  Rendered /usr/local/rvm/gems/ruby-2.2.2/gems/actionpack-4.2.3/lib/action_dispatch/middleware/templates/rescues/_request_and_response.html.erb (0.7ms)
  Rendered /usr/local/rvm/gems/ruby-2.2.2/gems/actionpack-4.2.3/lib/action_dispatch/middleware/templates/rescues/diagnostics.html.erb within rescues/layout (43.3ms)


Started GET "/wechat/payment/check_payment?1476181146000" for 123.161.110.115 at 2016-10-11 18:19:07 +0800
Cannot render console from 123.161.110.115! Allowed networks: 192.168.0.0/192.168.255.255, 127.0.0.0/127.255.255.255, ::1
Processing by Wechat::PaymentController#check_payment as HTML
  Parameters: {"1476181146000"=>nil}
  [1m[36mPaymentRecord Load (0.4ms)[0m  [1mSELECT  `payment_records`.* FROM `payment_records` WHERE `payment_records`.`order_no` = '1122334469'  ORDER BY `payment_records`.`id` ASC LIMIT 1[0m
Redirected to http://ll.343edu.com/wechat/payment/failed
Completed 302 Found in 8ms (ActiveRecord: 3.0ms)


Started GET "/wechat/payment/failed" for 123.161.110.115 at 2016-10-11 18:19:07 +0800
Cannot render console from 123.161.110.115! Allowed networks: 192.168.0.0/192.168.255.255, 127.0.0.0/127.255.255.255, ::1
Processing by Wechat::PaymentController#failed as HTML
  Rendered wechat/payment/failed.html.erb (0.7ms)
Completed 200 OK in 3ms (Views: 2.2ms | ActiveRecord: 0.0ms)


Started GET "/wechat/payment/failed" for 180.153.211.190 at 2016-10-11 18:19:17 +0800
Cannot render console from 180.153.211.190! Allowed networks: 192.168.0.0/192.168.255.255, 127.0.0.0/127.255.255.255, ::1
Processing by Wechat::PaymentController#failed as */*
  Rendered wechat/payment/failed.html.erb (0.4ms)
Completed 200 OK in 8ms (Views: 7.9ms | ActiveRecord: 0.0ms)


Started GET "/wechat/payment/?key=9eyjdxpbqupgvv6nza85b2oesv9a4h7v5fhzwpxqkm8o945i&app=eggman&body=year_product&out_trade_no=1122334471&total_fee=10&product_id=year&openid=oMZZkwyFG5sAx-d4PMQ6Lq1xisHE" for 123.161.110.115 at 2016-10-11 18:19:36 +0800
Cannot render console from 123.161.110.115! Allowed networks: 192.168.0.0/192.168.255.255, 127.0.0.0/127.255.255.255, ::1
Processing by Wechat::PaymentController#index as HTML
  Parameters: {"key"=>"9eyjdxpbqupgvv6nza85b2oesv9a4h7v5fhzwpxqkm8o945i", "app"=>"eggman", "body"=>"year_product", "out_trade_no"=>"1122334471", "total_fee"=>"10", "product_id"=>"year", "openid"=>"oMZZkwyFG5sAx-d4PMQ6Lq1xisHE"}
WECHAT PAYMENT CREATE ORDER: <xml><return_code><![CDATA[SUCCESS]]></return_code>
<return_msg><![CDATA[OK]]></return_msg>
<appid><![CDATA[wxa05b67eb1b532c44]]></appid>
<mch_id><![CDATA[1397730302]]></mch_id>
<device_info><![CDATA[WEB]]></device_info>
<nonce_str><![CDATA[X95ActsBq8cF0BTD]]></nonce_str>
<sign><![CDATA[4D875EDD9E2AC6478319264B3F42F23E]]></sign>
<result_code><![CDATA[SUCCESS]]></result_code>
<prepay_id><![CDATA[wx201610111819371e03149aef0193295246]]></prepay_id>
<trade_type><![CDATA[JSAPI]]></trade_type>
</xml>
  Rendered wechat/payment/index.html.erb (0.2ms)
Completed 200 OK in 766ms (Views: 3.8ms | ActiveRecord: 0.0ms)


Started GET "/wechat/payment/check_payment?1476181003000" for 101.226.99.196 at 2016-10-11 18:19:44 +0800
Cannot render console from 101.226.99.196! Allowed networks: 192.168.0.0/192.168.255.255, 127.0.0.0/127.255.255.255, ::1
Processing by Wechat::PaymentController#check_payment as */*
  Parameters: {"1476181003000"=>nil}
  [1m[35mPaymentRecord Load (2.3ms)[0m  SELECT  `payment_records`.* FROM `payment_records` WHERE `payment_records`.`order_no` IS NULL  ORDER BY `payment_records`.`id` ASC LIMIT 1
Redirected to http://ll.343edu.com/wechat/payment/failed
Completed 302 Found in 15ms (ActiveRecord: 9.6ms)


Started POST "/wechat/payment/notify" for 101.226.103.71 at 2016-10-11 18:19:44 +0800
Cannot render console from 101.226.103.71! Allowed networks: 192.168.0.0/192.168.255.255, 127.0.0.0/127.255.255.255, ::1
Processing by Wechat::PaymentController#notify as */*
Completed 500 Internal Server Error in 12ms (ActiveRecord: 0.0ms)

NoMethodError (undefined method `delete_if' for #<ActionDispatch::Response:0x007fdef4032610>):
  app/controllers/wechat/payment_controller.rb:107:in `wechat_pay_generate_sign'
  app/controllers/wechat/payment_controller.rb:133:in `is_response_from_wechat?'
  app/controllers/wechat/payment_controller.rb:64:in `notify'


  Rendered /usr/local/rvm/gems/ruby-2.2.2/gems/actionpack-4.2.3/lib/action_dispatch/middleware/templates/rescues/_source.erb (4.0ms)
  Rendered /usr/local/rvm/gems/ruby-2.2.2/gems/actionpack-4.2.3/lib/action_dispatch/middleware/templates/rescues/_trace.html.erb (4.0ms)
  Rendered /usr/local/rvm/gems/ruby-2.2.2/gems/actionpack-4.2.3/lib/action_dispatch/middleware/templates/rescues/_request_and_response.html.erb (0.9ms)
  Rendered /usr/local/rvm/gems/ruby-2.2.2/gems/actionpack-4.2.3/lib/action_dispatch/middleware/templates/rescues/diagnostics.html.erb within rescues/layout (48.9ms)


Started GET "/wechat/payment/failed" for 101.226.99.196 at 2016-10-11 18:19:44 +0800
Cannot render console from 101.226.99.196! Allowed networks: 192.168.0.0/192.168.255.255, 127.0.0.0/127.255.255.255, ::1
Processing by Wechat::PaymentController#failed as */*
  Rendered wechat/payment/failed.html.erb (0.1ms)
Completed 200 OK in 9ms (Views: 7.5ms | ActiveRecord: 0.0ms)


Started GET "/wechat/payment/check_payment?1476181190000" for 123.161.110.115 at 2016-10-11 18:19:51 +0800
Cannot render console from 123.161.110.115! Allowed networks: 192.168.0.0/192.168.255.255, 127.0.0.0/127.255.255.255, ::1
Processing by Wechat::PaymentController#check_payment as HTML
  Parameters: {"1476181190000"=>nil}
  [1m[36mPaymentRecord Load (0.5ms)[0m  [1mSELECT  `payment_records`.* FROM `payment_records` WHERE `payment_records`.`order_no` = '1122334471'  ORDER BY `payment_records`.`id` ASC LIMIT 1[0m
Redirected to http://ll.343edu.com/wechat/payment/failed
Completed 302 Found in 2ms (ActiveRecord: 0.5ms)


Started GET "/wechat/payment/failed" for 123.161.110.115 at 2016-10-11 18:19:51 +0800
Cannot render console from 123.161.110.115! Allowed networks: 192.168.0.0/192.168.255.255, 127.0.0.0/127.255.255.255, ::1
Processing by Wechat::PaymentController#failed as HTML
  Rendered wechat/payment/failed.html.erb (0.1ms)
Completed 200 OK in 1ms (Views: 1.0ms | ActiveRecord: 0.0ms)


Started POST "/wechat/payment/notify" for 101.226.103.61 at 2016-10-11 18:20:13 +0800
Cannot render console from 101.226.103.61! Allowed networks: 192.168.0.0/192.168.255.255, 127.0.0.0/127.255.255.255, ::1
  [1m[36mActiveRecord::SchemaMigration Load (0.5ms)[0m  [1mSELECT `schema_migrations`.* FROM `schema_migrations`[0m
Processing by Wechat::PaymentController#notify as */*
Completed 500 Internal Server Error in 14866ms (ActiveRecord: 0.0ms)

NoMethodError (undefined method `delete_if' for #<ActionDispatch::Response:0x007f9bc8a44d20>):
  app/controllers/wechat/payment_controller.rb:107:in `wechat_pay_generate_sign'
  app/controllers/wechat/payment_controller.rb:133:in `is_response_from_wechat?'
  app/controllers/wechat/payment_controller.rb:64:in `notify'


  Rendered /usr/local/rvm/gems/ruby-2.2.2/gems/actionpack-4.2.3/lib/action_dispatch/middleware/templates/rescues/_source.erb (3.8ms)
  Rendered /usr/local/rvm/gems/ruby-2.2.2/gems/actionpack-4.2.3/lib/action_dispatch/middleware/templates/rescues/_trace.html.erb (1.9ms)
  Rendered /usr/local/rvm/gems/ruby-2.2.2/gems/actionpack-4.2.3/lib/action_dispatch/middleware/templates/rescues/_request_and_response.html.erb (0.8ms)
  Rendered /usr/local/rvm/gems/ruby-2.2.2/gems/actionpack-4.2.3/lib/action_dispatch/middleware/templates/rescues/diagnostics.html.erb within rescues/layout (45.1ms)


Started GET "/wechat/payment/?key=9eyjdxpbqupgvv6nza85b2oesv9a4h7v5fhzwpxqkm8o945i&app=eggman&body=year_product&out_trade_no=1122334472&total_fee=10&product_id=year&openid=oMZZkwyFG5sAx-d4PMQ6Lq1xisHE" for 123.161.110.115 at 2016-10-11 18:20:28 +0800
Cannot render console from 123.161.110.115! Allowed networks: 192.168.0.0/192.168.255.255, 127.0.0.0/127.255.255.255, ::1
Processing by Wechat::PaymentController#index as HTML
  Parameters: {"key"=>"9eyjdxpbqupgvv6nza85b2oesv9a4h7v5fhzwpxqkm8o945i", "app"=>"eggman", "body"=>"year_product", "out_trade_no"=>"1122334472", "total_fee"=>"10", "product_id"=>"year", "openid"=>"oMZZkwyFG5sAx-d4PMQ6Lq1xisHE"}
WECHAT PAYMENT CREATE ORDER: <xml><return_code><![CDATA[SUCCESS]]></return_code>
<return_msg><![CDATA[OK]]></return_msg>
<appid><![CDATA[wxa05b67eb1b532c44]]></appid>
<mch_id><![CDATA[1397730302]]></mch_id>
<device_info><![CDATA[WEB]]></device_info>
<nonce_str><![CDATA[kNbpRwVKqdHgEB7c]]></nonce_str>
<sign><![CDATA[E0CF73F7BB95A8AAD8FB5BA8F268E7F2]]></sign>
<result_code><![CDATA[SUCCESS]]></result_code>
<prepay_id><![CDATA[wx201610111820297461e50d940117944369]]></prepay_id>
<trade_type><![CDATA[JSAPI]]></trade_type>
</xml>
  Rendered wechat/payment/index.html.erb (0.8ms)
Completed 200 OK in 584ms (Views: 3.4ms | ActiveRecord: 0.0ms)


Started POST "/wechat/payment/notify" for 101.226.103.70 at 2016-10-11 18:20:38 +0800
Cannot render console from 101.226.103.70! Allowed networks: 192.168.0.0/192.168.255.255, 127.0.0.0/127.255.255.255, ::1
Processing by Wechat::PaymentController#notify as */*
Completed 500 Internal Server Error in 10508ms (ActiveRecord: 0.0ms)

NoMethodError (undefined method `delete_if' for #<ActionDispatch::Response:0x007f9bc8e6ff08>):
  app/controllers/wechat/payment_controller.rb:107:in `wechat_pay_generate_sign'
  app/controllers/wechat/payment_controller.rb:133:in `is_response_from_wechat?'
  app/controllers/wechat/payment_controller.rb:64:in `notify'


  Rendered /usr/local/rvm/gems/ruby-2.2.2/gems/actionpack-4.2.3/lib/action_dispatch/middleware/templates/rescues/_source.erb (3.6ms)
  Rendered /usr/local/rvm/gems/ruby-2.2.2/gems/actionpack-4.2.3/lib/action_dispatch/middleware/templates/rescues/_trace.html.erb (2.5ms)
  Rendered /usr/local/rvm/gems/ruby-2.2.2/gems/actionpack-4.2.3/lib/action_dispatch/middleware/templates/rescues/_request_and_response.html.erb (0.8ms)
  Rendered /usr/local/rvm/gems/ruby-2.2.2/gems/actionpack-4.2.3/lib/action_dispatch/middleware/templates/rescues/diagnostics.html.erb within rescues/layout (43.0ms)


Started GET "/wechat/payment/?key=9eyjdxpbqupgvv6nza85b2oesv9a4h7v5fhzwpxqkm8o945i&app=eggman&body=year_product&out_trade_no=1122334469&total_fee=100&product_id=year&openid=oMZZkwyFG5sAx-d4PMQ6Lq1xisHE" for 101.226.89.115 at 2016-10-11 18:20:48 +0800
Cannot render console from 101.226.89.115! Allowed networks: 192.168.0.0/192.168.255.255, 127.0.0.0/127.255.255.255, ::1
Processing by Wechat::PaymentController#index as */*
  Parameters: {"key"=>"9eyjdxpbqupgvv6nza85b2oesv9a4h7v5fhzwpxqkm8o945i", "app"=>"eggman", "body"=>"year_product", "out_trade_no"=>"1122334469", "total_fee"=>"100", "product_id"=>"year", "openid"=>"oMZZkwyFG5sAx-d4PMQ6Lq1xisHE"}
WECHAT PAYMENT CREATE ORDER: <xml><return_code><![CDATA[SUCCESS]]></return_code>
<return_msg><![CDATA[OK]]></return_msg>
<appid><![CDATA[wxa05b67eb1b532c44]]></appid>
<mch_id><![CDATA[1397730302]]></mch_id>
<device_info><![CDATA[WEB]]></device_info>
<nonce_str><![CDATA[QS6MloLUCJ6epsz1]]></nonce_str>
<sign><![CDATA[CF3D330B7527183D361B3A3144279223]]></sign>
<result_code><![CDATA[FAIL]]></result_code>
<err_code><![CDATA[ORDERPAID]]></err_code>
<err_code_des><![CDATA[该订单已支付]]></err_code_des>
</xml>
  Rendered text template (0.0ms)
Completed 200 OK in 352ms (Views: 3.2ms | ActiveRecord: 0.0ms)


Started POST "/wechat/payment/notify" for 101.226.103.63 at 2016-10-11 18:20:49 +0800
Cannot render console from 101.226.103.63! Allowed networks: 192.168.0.0/192.168.255.255, 127.0.0.0/127.255.255.255, ::1
Processing by Wechat::PaymentController#notify as */*
Completed 500 Internal Server Error in 17339ms (ActiveRecord: 0.0ms)

NoMethodError (undefined method `delete_if' for #<ActionDispatch::Response:0x007f9bc33b4b90>):
  app/controllers/wechat/payment_controller.rb:107:in `wechat_pay_generate_sign'
  app/controllers/wechat/payment_controller.rb:133:in `is_response_from_wechat?'
  app/controllers/wechat/payment_controller.rb:64:in `notify'


  Rendered /usr/local/rvm/gems/ruby-2.2.2/gems/actionpack-4.2.3/lib/action_dispatch/middleware/templates/rescues/_source.erb (12.0ms)
  Rendered /usr/local/rvm/gems/ruby-2.2.2/gems/actionpack-4.2.3/lib/action_dispatch/middleware/templates/rescues/_trace.html.erb (3.5ms)
  Rendered /usr/local/rvm/gems/ruby-2.2.2/gems/actionpack-4.2.3/lib/action_dispatch/middleware/templates/rescues/_request_and_response.html.erb (1.0ms)
  Rendered /usr/local/rvm/gems/ruby-2.2.2/gems/actionpack-4.2.3/lib/action_dispatch/middleware/templates/rescues/diagnostics.html.erb within rescues/layout (57.4ms)


Started POST "/wechat/payment/notify" for 140.207.54.74 at 2016-10-11 18:21:06 +0800
Cannot render console from 140.207.54.74! Allowed networks: 192.168.0.0/192.168.255.255, 127.0.0.0/127.255.255.255, ::1
Processing by Wechat::PaymentController#notify as */*
Completed 500 Internal Server Error in 7205ms (ActiveRecord: 0.0ms)

NoMethodError (undefined method `delete_if' for #<ActionDispatch::Response:0x007f9bc2c4c470>):
  app/controllers/wechat/payment_controller.rb:107:in `wechat_pay_generate_sign'
  app/controllers/wechat/payment_controller.rb:133:in `is_response_from_wechat?'
  app/controllers/wechat/payment_controller.rb:64:in `notify'


  Rendered /usr/local/rvm/gems/ruby-2.2.2/gems/actionpack-4.2.3/lib/action_dispatch/middleware/templates/rescues/_source.erb (7.5ms)
  Rendered /usr/local/rvm/gems/ruby-2.2.2/gems/actionpack-4.2.3/lib/action_dispatch/middleware/templates/rescues/_trace.html.erb (1.8ms)
  Rendered /usr/local/rvm/gems/ruby-2.2.2/gems/actionpack-4.2.3/lib/action_dispatch/middleware/templates/rescues/_request_and_response.html.erb (0.9ms)
  Rendered /usr/local/rvm/gems/ruby-2.2.2/gems/actionpack-4.2.3/lib/action_dispatch/middleware/templates/rescues/diagnostics.html.erb within rescues/layout (42.5ms)


Started POST "/wechat/payment/notify" for 140.207.54.75 at 2016-10-11 18:21:15 +0800
Cannot render console from 140.207.54.75! Allowed networks: 192.168.0.0/192.168.255.255, 127.0.0.0/127.255.255.255, ::1
Processing by Wechat::PaymentController#notify as */*
Completed 500 Internal Server Error in 104ms (ActiveRecord: 0.0ms)

NoMethodError (undefined method `delete_if' for #<ActionDispatch::Response:0x007f9bc7e93648>):
  app/controllers/wechat/payment_controller.rb:107:in `wechat_pay_generate_sign'
  app/controllers/wechat/payment_controller.rb:133:in `is_response_from_wechat?'
  app/controllers/wechat/payment_controller.rb:64:in `notify'


  Rendered /usr/local/rvm/gems/ruby-2.2.2/gems/actionpack-4.2.3/lib/action_dispatch/middleware/templates/rescues/_source.erb (4.1ms)
  Rendered /usr/local/rvm/gems/ruby-2.2.2/gems/actionpack-4.2.3/lib/action_dispatch/middleware/templates/rescues/_trace.html.erb (2.0ms)
  Rendered /usr/local/rvm/gems/ruby-2.2.2/gems/actionpack-4.2.3/lib/action_dispatch/middleware/templates/rescues/_request_and_response.html.erb (0.7ms)
  Rendered /usr/local/rvm/gems/ruby-2.2.2/gems/actionpack-4.2.3/lib/action_dispatch/middleware/templates/rescues/diagnostics.html.erb within rescues/layout (38.9ms)


Started GET "/career" for 123.161.110.115 at 2016-10-11 18:24:57 +0800
Cannot render console from 123.161.110.115! Allowed networks: 192.168.0.0/192.168.255.255, 127.0.0.0/127.255.255.255, ::1
  [1m[36mActiveRecord::SchemaMigration Load (6.4ms)[0m  [1mSELECT `schema_migrations`.* FROM `schema_migrations`[0m
Processing by WelcomeController#career as HTML
  Rendered welcome/_career.html.erb (0.6ms)
  Rendered welcome/career.html.erb within layouts/application (8.5ms)
  Rendered layouts/_header.html.erb (0.8ms)
  Rendered welcome/_courses.html.erb (13.3ms)
  Rendered share/_wechat.html.erb (0.3ms)
  Rendered share/_contact_cellphones.html.erb (0.2ms)
  Rendered layouts/_footer.html.erb (4.5ms)
Completed 200 OK in 767ms (Views: 754.1ms | ActiveRecord: 0.0ms)


Started GET "/assets/application.self-cb0307daf48310d36ba829e4cd8d9dc68c78f47802840cfbe89732a21d108185.css?body=1" for 123.161.110.115 at 2016-10-11 18:24:59 +0800
Cannot render console from 123.161.110.115! Allowed networks: 192.168.0.0/192.168.255.255, 127.0.0.0/127.255.255.255, ::1


Started GET "/assets/jquery.self-660adc51e0224b731d29f575a6f1ec167ba08ad06ed5deca4f1e8654c135bf4c.js?body=1" for 123.161.110.115 at 2016-10-11 18:24:59 +0800
Cannot render console from 123.161.110.115! Allowed networks: 192.168.0.0/192.168.255.255, 127.0.0.0/127.255.255.255, ::1


Started GET "/assets/bootstrap/button.self-d19f3e2bcd3a7a4d75c11b9141b3fabd2c11987da1e99c85548ec3ecf8db30c3.js?body=1" for 123.161.110.115 at 2016-10-11 18:25:01 +0800
Cannot render console from 123.161.110.115! Allowed networks: 192.168.0.0/192.168.255.255, 127.0.0.0/127.255.255.255, ::1


Started GET "/assets/bootstrap/alert.self-896ab026e6823f5cef2441e07dac53d0692a5b772ac58b1ce20aa624c342d3f4.js?body=1" for 123.161.110.115 at 2016-10-11 18:25:01 +0800
Cannot render console from 123.161.110.115! Allowed networks: 192.168.0.0/192.168.255.255, 127.0.0.0/127.255.255.255, ::1


Started GET "/assets/bootstrap/affix.self-f7aef9d98ee5ece34a6a92a6a15bba777d93e8d908b75c95a85088277f394200.js?body=1" for 123.161.110.115 at 2016-10-11 18:25:01 +0800
Cannot render console from 123.161.110.115! Allowed networks: 192.168.0.0/192.168.255.255, 127.0.0.0/127.255.255.255, ::1


Started GET "/assets/jquery.lazyload.min.self-70563866ae30eacbbf78d003e40201b380eb8c89dd14389934d7e00b596530a7.js?body=1" for 123.161.110.115 at 2016-10-11 18:25:01 +0800
Cannot render console from 123.161.110.115! Allowed networks: 192.168.0.0/192.168.255.255, 127.0.0.0/127.255.255.255, ::1


Started GET "/assets/fontawesome-webfont-d3ebb498192527b985939ae62cc4e5eb5c108efc1896184126b45d866868e73d.woff2?v=4.6.1" for 123.161.110.115 at 2016-10-11 18:25:01 +0800
Cannot render console from 123.161.110.115! Allowed networks: 192.168.0.0/192.168.255.255, 127.0.0.0/127.255.255.255, ::1


Started GET "/assets/bootstrap/carousel.self-b2e5e14483e6c31343a83861b7d487620f143d6fc2d07d5ae7544b6b225ba6be.js?body=1" for 123.161.110.115 at 2016-10-11 18:25:01 +0800
Cannot render console from 123.161.110.115! Allowed networks: 192.168.0.0/192.168.255.255, 127.0.0.0/127.255.255.255, ::1


Started GET "/assets/bootstrap/dropdown.self-30536ae4d54b2685c26b5787ed0eb549a9075717fe690cce6270873bedf2df00.js?body=1" for 123.161.110.115 at 2016-10-11 18:25:01 +0800
Cannot render console from 123.161.110.115! Allowed networks: 192.168.0.0/192.168.255.255, 127.0.0.0/127.255.255.255, ::1


Started GET "/assets/bootstrap/tab.self-9b77df34cbbb08ec93a806d6cdb741f04e3dbf3389978a0679146f2d2987bc89.js?body=1" for 123.161.110.115 at 2016-10-11 18:25:01 +0800
Cannot render console from 123.161.110.115! Allowed networks: 192.168.0.0/192.168.255.255, 127.0.0.0/127.255.255.255, ::1


Started GET "/assets/bootstrap/collapse.self-93820e9b486e375a7fb4477602def3a6f8381fa6d50938d5378297ffbe4a1248.js?body=1" for 123.161.110.115 at 2016-10-11 18:25:01 +0800
Cannot render console from 123.161.110.115! Allowed networks: 192.168.0.0/192.168.255.255, 127.0.0.0/127.255.255.255, ::1


Started GET "/assets/bootstrap/transition.self-9616c4e856b57659b67da3c6f2adcd584b5601ef4bebcdadab8ebb387d80bb25.js?body=1" for 123.161.110.115 at 2016-10-11 18:25:01 +0800
Cannot render console from 123.161.110.115! Allowed networks: 192.168.0.0/192.168.255.255, 127.0.0.0/127.255.255.255, ::1


Started GET "/assets/bootstrap/modal.self-bcfe54f3132bf16a8c5ce4289e47eba488f6522a08f49f378a037061c6c7aa4c.js?body=1" for 123.161.110.115 at 2016-10-11 18:25:01 +0800
Cannot render console from 123.161.110.115! Allowed networks: 192.168.0.0/192.168.255.255, 127.0.0.0/127.255.255.255, ::1


Started GET "/assets/bootstrap/scrollspy.self-c5c6ed008955656d345067e9821d79f1216b8383134d08465d4aa1a33a2b93b4.js?body=1" for 123.161.110.115 at 2016-10-11 18:25:01 +0800
Cannot render console from 123.161.110.115! Allowed networks: 192.168.0.0/192.168.255.255, 127.0.0.0/127.255.255.255, ::1


Started GET "/assets/bootstrap/tooltip.self-3aa41fbe871573b34e0ebddf31598cd5a11a9841ca85f90934ea46326e46626d.js?body=1" for 123.161.110.115 at 2016-10-11 18:25:01 +0800
Cannot render console from 123.161.110.115! Allowed networks: 192.168.0.0/192.168.255.255, 127.0.0.0/127.255.255.255, ::1


Started GET "/assets/bootstrap/popover.self-b73e9c9111d01148e24bbc46e096782e024dc5db630e7078cf11ed2587ef8551.js?body=1" for 123.161.110.115 at 2016-10-11 18:25:01 +0800
Cannot render console from 123.161.110.115! Allowed networks: 192.168.0.0/192.168.255.255, 127.0.0.0/127.255.255.255, ::1


Started GET "/assets/bootstrap-sprockets.self-fbfa5ad7d9aa0afe439ec4ff3883acc4cb92b62cb67c40d674320c9aa1d4642d.js?body=1" for 123.161.110.115 at 2016-10-11 18:25:01 +0800
Cannot render console from 123.161.110.115! Allowed networks: 192.168.0.0/192.168.255.255, 127.0.0.0/127.255.255.255, ::1


Started GET "/assets/owl.carousel.min.self-0d37be315eae4b8700583ef49f93fd6887aab6dbf13249a8476bacbbf9a673c3.js?body=1" for 123.161.110.115 at 2016-10-11 18:25:01 +0800
Cannot render console from 123.161.110.115! Allowed networks: 192.168.0.0/192.168.255.255, 127.0.0.0/127.255.255.255, ::1


Started GET "/assets/WeixinApi.self-60b7c8997fd79c0b1fb5ade9091e7961b5b0edec318b2443926f98bc4b5c7327.js?body=1" for 123.161.110.115 at 2016-10-11 18:25:01 +0800
Cannot render console from 123.161.110.115! Allowed networks: 192.168.0.0/192.168.255.255, 127.0.0.0/127.255.255.255, ::1


Started GET "/assets/jquery_ujs.self-e87806d0cf4489aeb1bb7288016024e8de67fd18db693fe026fe3907581e53cd.js?body=1" for 123.161.110.115 at 2016-10-11 18:25:01 +0800
Cannot render console from 123.161.110.115! Allowed networks: 192.168.0.0/192.168.255.255, 127.0.0.0/127.255.255.255, ::1


Started GET "/assets/welcome.self-a26324c9d7433be7b183ebb8b77c27378c8c6c62b11ce01e65a8ea1a207a7082.js?body=1" for 123.161.110.115 at 2016-10-11 18:25:01 +0800
Cannot render console from 123.161.110.115! Allowed networks: 192.168.0.0/192.168.255.255, 127.0.0.0/127.255.255.255, ::1


Started GET "/assets/wechat_share.self-f5aa2850e4d165a1d04d377baddc836e19d831e1ee2935b421b8baa2cbb5401f.js?body=1" for 123.161.110.115 at 2016-10-11 18:25:01 +0800
Cannot render console from 123.161.110.115! Allowed networks: 192.168.0.0/192.168.255.255, 127.0.0.0/127.255.255.255, ::1


Started GET "/assets/application.self-90ccdce12d16e59172e05170a36ad364760df9726470dae02e35b44d5fb588a2.js?body=1" for 123.161.110.115 at 2016-10-11 18:25:01 +0800
Cannot render console from 123.161.110.115! Allowed networks: 192.168.0.0/192.168.255.255, 127.0.0.0/127.255.255.255, ::1


Started GET "/wechat/payment/check_payment?1476181558000" for 123.161.110.115 at 2016-10-11 18:25:59 +0800
Cannot render console from 123.161.110.115! Allowed networks: 192.168.0.0/192.168.255.255, 127.0.0.0/127.255.255.255, ::1
Processing by Wechat::PaymentController#check_payment as HTML
  Parameters: {"1476181558000"=>nil}
  [1m[35mPaymentRecord Load (4.4ms)[0m  SELECT  `payment_records`.* FROM `payment_records` WHERE `payment_records`.`order_no` = '1122334472'  ORDER BY `payment_records`.`id` ASC LIMIT 1
Redirected to http://ll.343edu.com/wechat/payment/failed
Completed 302 Found in 23ms (ActiveRecord: 10.2ms)


Started GET "/wechat/payment/failed" for 123.161.110.115 at 2016-10-11 18:25:59 +0800
Cannot render console from 123.161.110.115! Allowed networks: 192.168.0.0/192.168.255.255, 127.0.0.0/127.255.255.255, ::1
Processing by Wechat::PaymentController#failed as HTML
  Rendered wechat/payment/failed.html.erb (0.4ms)
Completed 200 OK in 2ms (Views: 1.6ms | ActiveRecord: 0.0ms)


Started GET "/wechat/payment/?key=9eyjdxpbqupgvv6nza85b2oesv9a4h7v5fhzwpxqkm8o945i&app=eggman&body=year_product&out_trade_no=1122334473&total_fee=10&product_id=year&openid=oMZZkwyFG5sAx-d4PMQ6Lq1xisHE" for 123.161.110.115 at 2016-10-11 18:26:03 +0800
Cannot render console from 123.161.110.115! Allowed networks: 192.168.0.0/192.168.255.255, 127.0.0.0/127.255.255.255, ::1
Processing by Wechat::PaymentController#index as HTML
  Parameters: {"key"=>"9eyjdxpbqupgvv6nza85b2oesv9a4h7v5fhzwpxqkm8o945i", "app"=>"eggman", "body"=>"year_product", "out_trade_no"=>"1122334473", "total_fee"=>"10", "product_id"=>"year", "openid"=>"oMZZkwyFG5sAx-d4PMQ6Lq1xisHE"}
WECHAT PAYMENT CREATE ORDER: <xml><return_code><![CDATA[SUCCESS]]></return_code>
<return_msg><![CDATA[OK]]></return_msg>
<appid><![CDATA[wxa05b67eb1b532c44]]></appid>
<mch_id><![CDATA[1397730302]]></mch_id>
<device_info><![CDATA[WEB]]></device_info>
<nonce_str><![CDATA[jNxjxvHDUbAbkcbL]]></nonce_str>
<sign><![CDATA[8BAAC1BF6EBA327B08A17432985C7EF4]]></sign>
<result_code><![CDATA[SUCCESS]]></result_code>
<prepay_id><![CDATA[wx20161011182604e11f5f102b0744160466]]></prepay_id>
<trade_type><![CDATA[JSAPI]]></trade_type>
</xml>
  Rendered wechat/payment/index.html.erb (1.0ms)
Completed 200 OK in 1362ms (Views: 3.5ms | ActiveRecord: 0.0ms)


Started POST "/wechat/payment/notify" for 140.207.54.73 at 2016-10-11 18:26:15 +0800
Cannot render console from 140.207.54.73! Allowed networks: 192.168.0.0/192.168.255.255, 127.0.0.0/127.255.255.255, ::1
Processing by Wechat::PaymentController#notify as */*
  [1m[36mPaymentRecord Load (0.6ms)[0m  [1mSELECT  `payment_records`.* FROM `payment_records` WHERE `payment_records`.`order_no` = '1122334473' AND `payment_records`.`status` = 'success' LIMIT 1[0m
  [1m[35m (0.3ms)[0m  BEGIN
  [1m[36mSQL (2.7ms)[0m  [1mINSERT INTO `payment_records` (`open_id`, `app_name`, `order_no`, `payment_method`, `status`, `total_money`, `payment_response`, `created_at`, `updated_at`) VALUES ('oMZZkwyFG5sAx-d4PMQ6Lq1xisHE', 'eggman', '1122334473', 'WECHAT', 'success', 10.0, '{\"appid\":\"wxa05b67eb1b532c44\",\"attach\":\"eggman\",\"bank_type\":\"CCB_DEBIT\",\"cash_fee\":\"10\",\"device_info\":\"WEB\",\"fee_type\":\"CNY\",\"is_subscribe\":\"Y\",\"mch_id\":\"1397730302\",\"nonce_str\":\"pxbkqybhbrto2f1k\",\"openid\":\"oMZZkwyFG5sAx-d4PMQ6Lq1xisHE\",\"out_trade_no\":\"1122334473\",\"result_code\":\"SUCCESS\",\"return_code\":\"SUCCESS\",\"sign\":\"6DB7C31C45EE4862B0F699F25822DEE4\",\"time_end\":\"20161011182614\",\"total_fee\":\"10\",\"trade_type\":\"JSAPI\",\"transaction_id\":\"4005392001201610116411967454\"}', '2016-10-11 10:26:15', '2016-10-11 10:26:15')[0m
  [1m[35m (1.7ms)[0m  COMMIT
WECHAT PAYMENT NOTIFY AND PAYMENT SUCCESS: {"controller"=>"wechat/payment", "action"=>"notify"}, body: #<ActionDispatch::Response:0x007fe768811440>
  Rendered text template (0.0ms)
Completed 200 OK in 26ms (Views: 1.7ms | ActiveRecord: 5.2ms)


Started GET "/wechat/payment/?key=9eyjdxpbqupgvv6nza85b2oesv9a4h7v5fhzwpxqkm8o945i&app=eggman&body=year_product&out_trade_no=1122334472&total_fee=10&product_id=year&openid=oMZZkwyFG5sAx-d4PMQ6Lq1xisHE" for 101.226.33.202 at 2016-10-11 18:26:22 +0800
Cannot render console from 101.226.33.202! Allowed networks: 192.168.0.0/192.168.255.255, 127.0.0.0/127.255.255.255, ::1
Processing by Wechat::PaymentController#index as */*
  Parameters: {"key"=>"9eyjdxpbqupgvv6nza85b2oesv9a4h7v5fhzwpxqkm8o945i", "app"=>"eggman", "body"=>"year_product", "out_trade_no"=>"1122334472", "total_fee"=>"10", "product_id"=>"year", "openid"=>"oMZZkwyFG5sAx-d4PMQ6Lq1xisHE"}
WECHAT PAYMENT CREATE ORDER: <xml><return_code><![CDATA[SUCCESS]]></return_code>
<return_msg><![CDATA[OK]]></return_msg>
<appid><![CDATA[wxa05b67eb1b532c44]]></appid>
<mch_id><![CDATA[1397730302]]></mch_id>
<device_info><![CDATA[WEB]]></device_info>
<nonce_str><![CDATA[4AEpu9GkRIMwIFIA]]></nonce_str>
<sign><![CDATA[3FF959B88A40C362083E66EC749838EF]]></sign>
<result_code><![CDATA[FAIL]]></result_code>
<err_code><![CDATA[ORDERPAID]]></err_code>
<err_code_des><![CDATA[该订单已支付]]></err_code_des>
</xml>
  Rendered text template (0.0ms)
Completed 200 OK in 365ms (Views: 0.5ms | ActiveRecord: 0.0ms)


Started POST "/wechat/payment/notify" for 140.207.54.75 at 2016-10-11 18:26:28 +0800
Cannot render console from 140.207.54.75! Allowed networks: 192.168.0.0/192.168.255.255, 127.0.0.0/127.255.255.255, ::1
Processing by Wechat::PaymentController#notify as */*
  [1m[36mPaymentRecord Load (0.5ms)[0m  [1mSELECT  `payment_records`.* FROM `payment_records` WHERE `payment_records`.`order_no` = '1122334473' AND `payment_records`.`status` = 'success' LIMIT 1[0m
WECHAT PAYMENT NOTIFY AND PAYMENT SUCCESS: {"controller"=>"wechat/payment", "action"=>"notify"}, body: #<ActionDispatch::Response:0x007fe767880a08>
  Rendered text template (0.0ms)
Completed 200 OK in 2ms (Views: 0.3ms | ActiveRecord: 0.5ms)


Started GET "/wechat/payment/check_payment?1476181594000" for 123.161.110.115 at 2016-10-11 18:26:35 +0800
Cannot render console from 123.161.110.115! Allowed networks: 192.168.0.0/192.168.255.255, 127.0.0.0/127.255.255.255, ::1
Processing by Wechat::PaymentController#check_payment as HTML
  Parameters: {"1476181594000"=>nil}
  [1m[35mPaymentRecord Load (0.5ms)[0m  SELECT  `payment_records`.* FROM `payment_records` WHERE `payment_records`.`order_no` = '1122334473'  ORDER BY `payment_records`.`id` ASC LIMIT 1
Redirected to http://localhost:6001/wechat/payment_callback?order_no=1122334473&payment_record_id=1&status=ok
Completed 302 Found in 10ms (ActiveRecord: 0.5ms)


Started POST "/wechat/payment/notify" for 140.207.54.75 at 2016-10-11 18:26:46 +0800
Cannot render console from 140.207.54.75! Allowed networks: 192.168.0.0/192.168.255.255, 127.0.0.0/127.255.255.255, ::1
Processing by Wechat::PaymentController#notify as */*
  [1m[36mPaymentRecord Load (0.6ms)[0m  [1mSELECT  `payment_records`.* FROM `payment_records` WHERE `payment_records`.`order_no` = '1122334473' AND `payment_records`.`status` = 'success' LIMIT 1[0m
WECHAT PAYMENT NOTIFY AND PAYMENT SUCCESS: {"controller"=>"wechat/payment", "action"=>"notify"}, body: #<ActionDispatch::Response:0x007fe76727da70>
  Rendered text template (0.0ms)
Completed 200 OK in 2ms (Views: 0.3ms | ActiveRecord: 0.6ms)
  [1m[36m (7.1ms)[0m  [1mSELECT COUNT(*) FROM `payment_records`[0m
  [1m[35mPaymentRecord Load (0.5ms)[0m  SELECT `payment_records`.* FROM `payment_records`


Started POST "/wechat/payment/notify" for 140.207.54.74 at 2016-10-11 18:27:18 +0800
Cannot render console from 140.207.54.74! Allowed networks: 192.168.0.0/192.168.255.255, 127.0.0.0/127.255.255.255, ::1
Processing by Wechat::PaymentController#notify as */*
  [1m[35mPaymentRecord Load (0.5ms)[0m  SELECT  `payment_records`.* FROM `payment_records` WHERE `payment_records`.`order_no` = '1122334473' AND `payment_records`.`status` = 'success' LIMIT 1
WECHAT PAYMENT NOTIFY AND PAYMENT SUCCESS: {"controller"=>"wechat/payment", "action"=>"notify"}, body: #<ActionDispatch::Response:0x007fe768933378>
  Rendered text template (0.0ms)
Completed 200 OK in 2ms (Views: 0.3ms | ActiveRecord: 0.5ms)
  [1m[36mPaymentRecord Load (0.5ms)[0m  [1mSELECT  `payment_records`.* FROM `payment_records`  ORDER BY `payment_records`.`id` ASC LIMIT 1[0m
  [1m[35mPaymentRecord Load (0.6ms)[0m  SELECT  `payment_records`.* FROM `payment_records`  ORDER BY `payment_records`.`id` ASC LIMIT 1
  [1m[36mPaymentRecord Load (0.6ms)[0m  [1mSELECT  `payment_records`.* FROM `payment_records`  ORDER BY `payment_records`.`id` ASC LIMIT 1[0m
  [1m[35mPaymentRecord Load (0.5ms)[0m  SELECT  `payment_records`.* FROM `payment_records`  ORDER BY `payment_records`.`id` ASC LIMIT 1


Started GET "/wechat/payment/check_payment?1476181558000" for 101.226.99.195 at 2016-10-11 18:29:04 +0800
Cannot render console from 101.226.99.195! Allowed networks: 192.168.0.0/192.168.255.255, 127.0.0.0/127.255.255.255, ::1
Processing by Wechat::PaymentController#check_payment as */*
  Parameters: {"1476181558000"=>nil}
  [1m[36mPaymentRecord Load (0.4ms)[0m  [1mSELECT  `payment_records`.* FROM `payment_records` WHERE `payment_records`.`order_no` IS NULL  ORDER BY `payment_records`.`id` ASC LIMIT 1[0m
Redirected to http://ll.343edu.com/wechat/payment/failed
Completed 302 Found in 7ms (ActiveRecord: 2.7ms)


Started GET "/wechat/payment/failed" for 101.226.99.195 at 2016-10-11 18:29:05 +0800
Cannot render console from 101.226.99.195! Allowed networks: 192.168.0.0/192.168.255.255, 127.0.0.0/127.255.255.255, ::1
Processing by Wechat::PaymentController#failed as */*
  Rendered wechat/payment/failed.html.erb (0.4ms)
Completed 200 OK in 8ms (Views: 7.7ms | ActiveRecord: 0.0ms)


Started GET "/wechat/payment/?key=9eyjdxpbqupgvv6nza85b2oesv9a4h7v5fhzwpxqkm8o945i&app=eggman&body=year_product&out_trade_no=1122334473&total_fee=10&product_id=year&openid=oMZZkwyFG5sAx-d4PMQ6Lq1xisHE" for 101.226.89.122 at 2016-10-11 18:29:12 +0800
Cannot render console from 101.226.89.122! Allowed networks: 192.168.0.0/192.168.255.255, 127.0.0.0/127.255.255.255, ::1
Processing by Wechat::PaymentController#index as */*
  Parameters: {"key"=>"9eyjdxpbqupgvv6nza85b2oesv9a4h7v5fhzwpxqkm8o945i", "app"=>"eggman", "body"=>"year_product", "out_trade_no"=>"1122334473", "total_fee"=>"10", "product_id"=>"year", "openid"=>"oMZZkwyFG5sAx-d4PMQ6Lq1xisHE"}
WECHAT PAYMENT CREATE ORDER: <xml><return_code><![CDATA[SUCCESS]]></return_code>
<return_msg><![CDATA[OK]]></return_msg>
<appid><![CDATA[wxa05b67eb1b532c44]]></appid>
<mch_id><![CDATA[1397730302]]></mch_id>
<device_info><![CDATA[WEB]]></device_info>
<nonce_str><![CDATA[nZKbdefirXE05KGW]]></nonce_str>
<sign><![CDATA[6F31ADBC8B81253509D25D8B21CCA9B4]]></sign>
<result_code><![CDATA[FAIL]]></result_code>
<err_code><![CDATA[ORDERPAID]]></err_code>
<err_code_des><![CDATA[该订单已支付]]></err_code_des>
</xml>
  Rendered text template (0.0ms)
Completed 200 OK in 1054ms (Views: 0.5ms | ActiveRecord: 0.0ms)


Started GET "/wechat/payment/check_payment?1476181594000" for 117.185.27.115 at 2016-10-11 18:29:34 +0800
Cannot render console from 117.185.27.115! Allowed networks: 192.168.0.0/192.168.255.255, 127.0.0.0/127.255.255.255, ::1
Processing by Wechat::PaymentController#check_payment as */*
  Parameters: {"1476181594000"=>nil}
  [1m[35mPaymentRecord Load (0.4ms)[0m  SELECT  `payment_records`.* FROM `payment_records` WHERE `payment_records`.`order_no` IS NULL  ORDER BY `payment_records`.`id` ASC LIMIT 1
Redirected to http://ll.343edu.com/wechat/payment/failed
Completed 302 Found in 7ms (ActiveRecord: 3.7ms)


Started GET "/wechat/payment/failed" for 117.185.27.115 at 2016-10-11 18:29:34 +0800
Cannot render console from 117.185.27.115! Allowed networks: 192.168.0.0/192.168.255.255, 127.0.0.0/127.255.255.255, ::1
Processing by Wechat::PaymentController#failed as */*
  Rendered wechat/payment/failed.html.erb (0.1ms)
Completed 200 OK in 8ms (Views: 7.6ms | ActiveRecord: 0.0ms)


Started GET "/career" for 123.161.110.115 at 2016-10-11 18:30:12 +0800
Cannot render console from 123.161.110.115! Allowed networks: 192.168.0.0/192.168.255.255, 127.0.0.0/127.255.255.255, ::1
Processing by WelcomeController#career as HTML
  Rendered welcome/_career.html.erb (0.1ms)
  Rendered welcome/career.html.erb within layouts/application (1.5ms)
  Rendered layouts/_header.html.erb (0.4ms)
  Rendered welcome/_courses.html.erb (8.4ms)
  Rendered share/_wechat.html.erb (0.1ms)
  Rendered share/_contact_cellphones.html.erb (0.0ms)
  Rendered layouts/_footer.html.erb (2.4ms)
Completed 200 OK in 91ms (Views: 90.8ms | ActiveRecord: 0.0ms)


Started GET "/assets/application.self-cb0307daf48310d36ba829e4cd8d9dc68c78f47802840cfbe89732a21d108185.css?body=1" for 123.161.110.115 at 2016-10-11 18:30:12 +0800
Cannot render console from 123.161.110.115! Allowed networks: 192.168.0.0/192.168.255.255, 127.0.0.0/127.255.255.255, ::1


Started GET "/assets/jquery.self-660adc51e0224b731d29f575a6f1ec167ba08ad06ed5deca4f1e8654c135bf4c.js?body=1" for 123.161.110.115 at 2016-10-11 18:30:13 +0800
Cannot render console from 123.161.110.115! Allowed networks: 192.168.0.0/192.168.255.255, 127.0.0.0/127.255.255.255, ::1


Started GET "/assets/jquery_ujs.self-e87806d0cf4489aeb1bb7288016024e8de67fd18db693fe026fe3907581e53cd.js?body=1" for 123.161.110.115 at 2016-10-11 18:30:14 +0800
Cannot render console from 123.161.110.115! Allowed networks: 192.168.0.0/192.168.255.255, 127.0.0.0/127.255.255.255, ::1


Started GET "/assets/jquery.lazyload.min.self-70563866ae30eacbbf78d003e40201b380eb8c89dd14389934d7e00b596530a7.js?body=1" for 123.161.110.115 at 2016-10-11 18:30:14 +0800
Cannot render console from 123.161.110.115! Allowed networks: 192.168.0.0/192.168.255.255, 127.0.0.0/127.255.255.255, ::1


Started GET "/assets/bootstrap/affix.self-f7aef9d98ee5ece34a6a92a6a15bba777d93e8d908b75c95a85088277f394200.js?body=1" for 123.161.110.115 at 2016-10-11 18:30:14 +0800
Cannot render console from 123.161.110.115! Allowed networks: 192.168.0.0/192.168.255.255, 127.0.0.0/127.255.255.255, ::1


Started GET "/assets/bootstrap/alert.self-896ab026e6823f5cef2441e07dac53d0692a5b772ac58b1ce20aa624c342d3f4.js?body=1" for 123.161.110.115 at 2016-10-11 18:30:14 +0800
Cannot render console from 123.161.110.115! Allowed networks: 192.168.0.0/192.168.255.255, 127.0.0.0/127.255.255.255, ::1


Started GET "/assets/bootstrap/button.self-d19f3e2bcd3a7a4d75c11b9141b3fabd2c11987da1e99c85548ec3ecf8db30c3.js?body=1" for 123.161.110.115 at 2016-10-11 18:30:14 +0800
Cannot render console from 123.161.110.115! Allowed networks: 192.168.0.0/192.168.255.255, 127.0.0.0/127.255.255.255, ::1


Started GET "/assets/fontawesome-webfont-d3ebb498192527b985939ae62cc4e5eb5c108efc1896184126b45d866868e73d.woff2?v=4.6.1" for 123.161.110.115 at 2016-10-11 18:30:15 +0800
Cannot render console from 123.161.110.115! Allowed networks: 192.168.0.0/192.168.255.255, 127.0.0.0/127.255.255.255, ::1


Started GET "/assets/bootstrap/carousel.self-b2e5e14483e6c31343a83861b7d487620f143d6fc2d07d5ae7544b6b225ba6be.js?body=1" for 123.161.110.115 at 2016-10-11 18:30:15 +0800
Cannot render console from 123.161.110.115! Allowed networks: 192.168.0.0/192.168.255.255, 127.0.0.0/127.255.255.255, ::1


Started GET "/assets/bootstrap/collapse.self-93820e9b486e375a7fb4477602def3a6f8381fa6d50938d5378297ffbe4a1248.js?body=1" for 123.161.110.115 at 2016-10-11 18:30:15 +0800
Cannot render console from 123.161.110.115! Allowed networks: 192.168.0.0/192.168.255.255, 127.0.0.0/127.255.255.255, ::1


Started GET "/assets/bootstrap/dropdown.self-30536ae4d54b2685c26b5787ed0eb549a9075717fe690cce6270873bedf2df00.js?body=1" for 123.161.110.115 at 2016-10-11 18:30:15 +0800
Cannot render console from 123.161.110.115! Allowed networks: 192.168.0.0/192.168.255.255, 127.0.0.0/127.255.255.255, ::1


Started GET "/assets/bootstrap/tab.self-9b77df34cbbb08ec93a806d6cdb741f04e3dbf3389978a0679146f2d2987bc89.js?body=1" for 123.161.110.115 at 2016-10-11 18:30:15 +0800
Cannot render console from 123.161.110.115! Allowed networks: 192.168.0.0/192.168.255.255, 127.0.0.0/127.255.255.255, ::1


Started GET "/assets/bootstrap/transition.self-9616c4e856b57659b67da3c6f2adcd584b5601ef4bebcdadab8ebb387d80bb25.js?body=1" for 123.161.110.115 at 2016-10-11 18:30:15 +0800
Cannot render console from 123.161.110.115! Allowed networks: 192.168.0.0/192.168.255.255, 127.0.0.0/127.255.255.255, ::1


Started GET "/assets/bootstrap/scrollspy.self-c5c6ed008955656d345067e9821d79f1216b8383134d08465d4aa1a33a2b93b4.js?body=1" for 123.161.110.115 at 2016-10-11 18:30:15 +0800
Cannot render console from 123.161.110.115! Allowed networks: 192.168.0.0/192.168.255.255, 127.0.0.0/127.255.255.255, ::1


Started GET "/assets/bootstrap/modal.self-bcfe54f3132bf16a8c5ce4289e47eba488f6522a08f49f378a037061c6c7aa4c.js?body=1" for 123.161.110.115 at 2016-10-11 18:30:15 +0800
Cannot render console from 123.161.110.115! Allowed networks: 192.168.0.0/192.168.255.255, 127.0.0.0/127.255.255.255, ::1


Started GET "/assets/bootstrap/tooltip.self-3aa41fbe871573b34e0ebddf31598cd5a11a9841ca85f90934ea46326e46626d.js?body=1" for 123.161.110.115 at 2016-10-11 18:30:15 +0800
Cannot render console from 123.161.110.115! Allowed networks: 192.168.0.0/192.168.255.255, 127.0.0.0/127.255.255.255, ::1


Started GET "/assets/bootstrap/popover.self-b73e9c9111d01148e24bbc46e096782e024dc5db630e7078cf11ed2587ef8551.js?body=1" for 123.161.110.115 at 2016-10-11 18:30:15 +0800
Cannot render console from 123.161.110.115! Allowed networks: 192.168.0.0/192.168.255.255, 127.0.0.0/127.255.255.255, ::1


Started GET "/assets/bootstrap-sprockets.self-fbfa5ad7d9aa0afe439ec4ff3883acc4cb92b62cb67c40d674320c9aa1d4642d.js?body=1" for 123.161.110.115 at 2016-10-11 18:30:15 +0800
Cannot render console from 123.161.110.115! Allowed networks: 192.168.0.0/192.168.255.255, 127.0.0.0/127.255.255.255, ::1


Started GET "/assets/owl.carousel.min.self-0d37be315eae4b8700583ef49f93fd6887aab6dbf13249a8476bacbbf9a673c3.js?body=1" for 123.161.110.115 at 2016-10-11 18:30:15 +0800
Cannot render console from 123.161.110.115! Allowed networks: 192.168.0.0/192.168.255.255, 127.0.0.0/127.255.255.255, ::1


Started GET "/assets/WeixinApi.self-60b7c8997fd79c0b1fb5ade9091e7961b5b0edec318b2443926f98bc4b5c7327.js?body=1" for 123.161.110.115 at 2016-10-11 18:30:15 +0800
Cannot render console from 123.161.110.115! Allowed networks: 192.168.0.0/192.168.255.255, 127.0.0.0/127.255.255.255, ::1


Started GET "/assets/welcome.self-a26324c9d7433be7b183ebb8b77c27378c8c6c62b11ce01e65a8ea1a207a7082.js?body=1" for 123.161.110.115 at 2016-10-11 18:30:15 +0800
Cannot render console from 123.161.110.115! Allowed networks: 192.168.0.0/192.168.255.255, 127.0.0.0/127.255.255.255, ::1


Started GET "/assets/wechat_share.self-f5aa2850e4d165a1d04d377baddc836e19d831e1ee2935b421b8baa2cbb5401f.js?body=1" for 123.161.110.115 at 2016-10-11 18:30:15 +0800
Cannot render console from 123.161.110.115! Allowed networks: 192.168.0.0/192.168.255.255, 127.0.0.0/127.255.255.255, ::1


Started GET "/assets/application.self-90ccdce12d16e59172e05170a36ad364760df9726470dae02e35b44d5fb588a2.js?body=1" for 123.161.110.115 at 2016-10-11 18:30:15 +0800
Cannot render console from 123.161.110.115! Allowed networks: 192.168.0.0/192.168.255.255, 127.0.0.0/127.255.255.255, ::1


Started POST "/wechat/payment/notify" for 140.207.54.74 at 2016-10-11 18:30:22 +0800
Cannot render console from 140.207.54.74! Allowed networks: 192.168.0.0/192.168.255.255, 127.0.0.0/127.255.255.255, ::1
Processing by Wechat::PaymentController#notify as */*
  [1m[36mPaymentRecord Load (0.5ms)[0m  [1mSELECT  `payment_records`.* FROM `payment_records` WHERE `payment_records`.`order_no` = '1122334473' AND `payment_records`.`status` = 'success' LIMIT 1[0m
WECHAT PAYMENT NOTIFY AND PAYMENT SUCCESS: {"controller"=>"wechat/payment", "action"=>"notify"}, body: {"appid"=>"wxa05b67eb1b532c44", "attach"=>"eggman", "bank_type"=>"CCB_DEBIT", "cash_fee"=>"10", "device_info"=>"WEB", "fee_type"=>"CNY", "is_subscribe"=>"Y", "mch_id"=>"1397730302", "nonce_str"=>"pxbkqybhbrto2f1k", "openid"=>"oMZZkwyFG5sAx-d4PMQ6Lq1xisHE", "out_trade_no"=>"1122334473", "result_code"=>"SUCCESS", "return_code"=>"SUCCESS", "sign"=>"6DB7C31C45EE4862B0F699F25822DEE4", "time_end"=>"20161011182614", "total_fee"=>"10", "trade_type"=>"JSAPI", "transaction_id"=>"4005392001201610116411967454"}
  Rendered text template (0.0ms)
Completed 200 OK in 12ms (Views: 0.6ms | ActiveRecord: 2.8ms)


Started GET "/wechat/payment/failed" for 123.161.110.115 at 2016-10-11 18:31:10 +0800
Cannot render console from 123.161.110.115! Allowed networks: 192.168.0.0/192.168.255.255, 127.0.0.0/127.255.255.255, ::1
Processing by Wechat::PaymentController#failed as HTML
  Rendered wechat/payment/failed.html.erb (0.1ms)
Completed 200 OK in 2ms (Views: 1.1ms | ActiveRecord: 0.0ms)


Started GET "/wechat/payment/failed" for 123.161.110.115 at 2016-10-11 18:31:14 +0800
Cannot render console from 123.161.110.115! Allowed networks: 192.168.0.0/192.168.255.255, 127.0.0.0/127.255.255.255, ::1
Processing by Wechat::PaymentController#failed as HTML
  Rendered wechat/payment/failed.html.erb (0.1ms)
Completed 200 OK in 2ms (Views: 1.1ms | ActiveRecord: 0.0ms)


Started GET "/wechat/payment/failed" for 123.161.110.115 at 2016-10-11 18:34:53 +0800
Cannot render console from 123.161.110.115! Allowed networks: 192.168.0.0/192.168.255.255, 127.0.0.0/127.255.255.255, ::1
Processing by Wechat::PaymentController#failed as HTML
  Rendered wechat/payment/failed.html.erb (0.1ms)
Completed 200 OK in 2ms (Views: 1.4ms | ActiveRecord: 0.0ms)


Started GET "/wechat/payment/?key=9eyjdxpbqupgvv6nza85b2oesv9a4h7v5fhzwpxqkm8o945i&app=eggman&body=year_product&out_trade_no=1122334474&total_fee=0.1&product_id=year&openid=oMZZkwyFG5sAx-d4PMQ6Lq1xisHE" for 123.161.110.115 at 2016-10-11 18:34:59 +0800
Cannot render console from 123.161.110.115! Allowed networks: 192.168.0.0/192.168.255.255, 127.0.0.0/127.255.255.255, ::1
Processing by Wechat::PaymentController#index as HTML
  Parameters: {"key"=>"9eyjdxpbqupgvv6nza85b2oesv9a4h7v5fhzwpxqkm8o945i", "app"=>"eggman", "body"=>"year_product", "out_trade_no"=>"1122334474", "total_fee"=>"0.1", "product_id"=>"year", "openid"=>"oMZZkwyFG5sAx-d4PMQ6Lq1xisHE"}
WECHAT PAYMENT CREATE ORDER: <xml><return_code><![CDATA[FAIL]]></return_code>
<return_msg><![CDATA[invalid total_fee]]></return_msg>
</xml>
  Rendered text template (0.0ms)
Completed 200 OK in 595ms (Views: 0.7ms | ActiveRecord: 0.0ms)


Started GET "/wechat/payment/?key=9eyjdxpbqupgvv6nza85b2oesv9a4h7v5fhzwpxqkm8o945i&app=eggman&body=year_product&out_trade_no=1122334474&total_fee=0.1&product_id=year&openid=oMZZkwyFG5sAx-d4PMQ6Lq1xisHE" for 123.161.110.115 at 2016-10-11 18:35:13 +0800
Cannot render console from 123.161.110.115! Allowed networks: 192.168.0.0/192.168.255.255, 127.0.0.0/127.255.255.255, ::1
Processing by Wechat::PaymentController#index as HTML
  Parameters: {"key"=>"9eyjdxpbqupgvv6nza85b2oesv9a4h7v5fhzwpxqkm8o945i", "app"=>"eggman", "body"=>"year_product", "out_trade_no"=>"1122334474", "total_fee"=>"0.1", "product_id"=>"year", "openid"=>"oMZZkwyFG5sAx-d4PMQ6Lq1xisHE"}
WECHAT PAYMENT CREATE ORDER: <xml><return_code><![CDATA[FAIL]]></return_code>
<return_msg><![CDATA[invalid total_fee]]></return_msg>
</xml>
  Rendered text template (0.0ms)
Completed 200 OK in 323ms (Views: 0.5ms | ActiveRecord: 0.0ms)


Started GET "/wechat/payment/?key=9eyjdxpbqupgvv6nza85b2oesv9a4h7v5fhzwpxqkm8o945i&app=eggman&body=year_product&out_trade_no=1122334474&total_fee=0.1&product_id=year&openid=oMZZkwyFG5sAx-d4PMQ6Lq1xisHE" for 123.161.110.115 at 2016-10-11 18:36:35 +0800
Cannot render console from 123.161.110.115! Allowed networks: 192.168.0.0/192.168.255.255, 127.0.0.0/127.255.255.255, ::1
Processing by Wechat::PaymentController#index as HTML
  Parameters: {"key"=>"9eyjdxpbqupgvv6nza85b2oesv9a4h7v5fhzwpxqkm8o945i", "app"=>"eggman", "body"=>"year_product", "out_trade_no"=>"1122334474", "total_fee"=>"0.1", "product_id"=>"year", "openid"=>"oMZZkwyFG5sAx-d4PMQ6Lq1xisHE"}
WECHAT PAYMENT CREATE ORDER: <xml><return_code><![CDATA[SUCCESS]]></return_code>
<return_msg><![CDATA[OK]]></return_msg>
<appid><![CDATA[wxa05b67eb1b532c44]]></appid>
<mch_id><![CDATA[1397730302]]></mch_id>
<device_info><![CDATA[WEB]]></device_info>
<nonce_str><![CDATA[IRQg4LzHswDbNerv]]></nonce_str>
<sign><![CDATA[0C8AC941AF8517ECC94A9F6DB70A5E4F]]></sign>
<result_code><![CDATA[SUCCESS]]></result_code>
<prepay_id><![CDATA[wx201610111836350be67db8260597107922]]></prepay_id>
<trade_type><![CDATA[JSAPI]]></trade_type>
</xml>
  Rendered wechat/payment/index.html.erb (1.5ms)
Completed 200 OK in 343ms (Views: 5.0ms | ActiveRecord: 0.0ms)


Started POST "/wechat/payment/notify" for 140.207.54.75 at 2016-10-11 18:36:47 +0800
Cannot render console from 140.207.54.75! Allowed networks: 192.168.0.0/192.168.255.255, 127.0.0.0/127.255.255.255, ::1
Processing by Wechat::PaymentController#notify as */*
  [1m[35mPaymentRecord Load (0.5ms)[0m  SELECT  `payment_records`.* FROM `payment_records` WHERE `payment_records`.`order_no` = '1122334474' AND `payment_records`.`status` = 'success' LIMIT 1
  [1m[36m (0.4ms)[0m  [1mBEGIN[0m
  [1m[35mSQL (1.9ms)[0m  INSERT INTO `payment_records` (`open_id`, `app_name`, `order_no`, `payment_method`, `status`, `total_money`, `payment_response`, `created_at`, `updated_at`) VALUES ('oMZZkwyFG5sAx-d4PMQ6Lq1xisHE', 'eggman', '1122334474', 'WECHAT', 'success', 0.1, '{\"appid\":\"wxa05b67eb1b532c44\",\"attach\":\"eggman\",\"bank_type\":\"CCB_DEBIT\",\"cash_fee\":\"10\",\"device_info\":\"WEB\",\"fee_type\":\"CNY\",\"is_subscribe\":\"Y\",\"mch_id\":\"1397730302\",\"nonce_str\":\"arp4alr8sp7ib9o9\",\"openid\":\"oMZZkwyFG5sAx-d4PMQ6Lq1xisHE\",\"out_trade_no\":\"1122334474\",\"result_code\":\"SUCCESS\",\"return_code\":\"SUCCESS\",\"sign\":\"BCE766EC4D2C3DA21C88553F5089163B\",\"time_end\":\"20161011183645\",\"total_fee\":\"10\",\"trade_type\":\"JSAPI\",\"transaction_id\":\"4005392001201610116412886078\"}', '2016-10-11 10:36:47', '2016-10-11 10:36:47')
  [1m[36m (1.7ms)[0m  [1mCOMMIT[0m
WECHAT PAYMENT NOTIFY AND PAYMENT SUCCESS: {"controller"=>"wechat/payment", "action"=>"notify"}, body: {"appid"=>"wxa05b67eb1b532c44", "attach"=>"eggman", "bank_type"=>"CCB_DEBIT", "cash_fee"=>"10", "device_info"=>"WEB", "fee_type"=>"CNY", "is_subscribe"=>"Y", "mch_id"=>"1397730302", "nonce_str"=>"arp4alr8sp7ib9o9", "openid"=>"oMZZkwyFG5sAx-d4PMQ6Lq1xisHE", "out_trade_no"=>"1122334474", "result_code"=>"SUCCESS", "return_code"=>"SUCCESS", "sign"=>"BCE766EC4D2C3DA21C88553F5089163B", "time_end"=>"20161011183645", "total_fee"=>"10", "trade_type"=>"JSAPI", "transaction_id"=>"4005392001201610116412886078"}
  Rendered text template (0.0ms)
Completed 200 OK in 19ms (Views: 0.6ms | ActiveRecord: 7.3ms)


Started GET "/wechat/payment/check_payment?tid=1122334474&1476182213000" for 123.161.110.115 at 2016-10-11 18:36:53 +0800
Cannot render console from 123.161.110.115! Allowed networks: 192.168.0.0/192.168.255.255, 127.0.0.0/127.255.255.255, ::1
Processing by Wechat::PaymentController#check_payment as HTML
  Parameters: {"tid"=>"1122334474", "1476182213000"=>nil}
  [1m[35mPaymentRecord Load (2.5ms)[0m  SELECT  `payment_records`.* FROM `payment_records` WHERE `payment_records`.`order_no` = '1122334474' AND `payment_records`.`status` = 'success'  ORDER BY `payment_records`.`id` ASC LIMIT 1
Redirected to http://localhost:6001/wechat/payment_callback?order_no=1122334474&payment_record_id=2&status=ok
Completed 302 Found in 4ms (ActiveRecord: 2.5ms)


Started POST "/wechat/payment/notify" for 101.226.103.70 at 2016-10-11 18:37:01 +0800
Cannot render console from 101.226.103.70! Allowed networks: 192.168.0.0/192.168.255.255, 127.0.0.0/127.255.255.255, ::1
Processing by Wechat::PaymentController#notify as */*
  [1m[36mPaymentRecord Load (0.5ms)[0m  [1mSELECT  `payment_records`.* FROM `payment_records` WHERE `payment_records`.`order_no` = '1122334474' AND `payment_records`.`status` = 'success' LIMIT 1[0m
WECHAT PAYMENT NOTIFY AND PAYMENT SUCCESS: {"controller"=>"wechat/payment", "action"=>"notify"}, body: {"appid"=>"wxa05b67eb1b532c44", "attach"=>"eggman", "bank_type"=>"CCB_DEBIT", "cash_fee"=>"10", "device_info"=>"WEB", "fee_type"=>"CNY", "is_subscribe"=>"Y", "mch_id"=>"1397730302", "nonce_str"=>"arp4alr8sp7ib9o9", "openid"=>"oMZZkwyFG5sAx-d4PMQ6Lq1xisHE", "out_trade_no"=>"1122334474", "result_code"=>"SUCCESS", "return_code"=>"SUCCESS", "sign"=>"BCE766EC4D2C3DA21C88553F5089163B", "time_end"=>"20161011183645", "total_fee"=>"10", "trade_type"=>"JSAPI", "transaction_id"=>"4005392001201610116412886078"}
  Rendered text template (0.0ms)
Completed 200 OK in 2ms (Views: 0.3ms | ActiveRecord: 0.5ms)


Started POST "/wechat/payment/notify" for 101.226.103.61 at 2016-10-11 18:37:19 +0800
Cannot render console from 101.226.103.61! Allowed networks: 192.168.0.0/192.168.255.255, 127.0.0.0/127.255.255.255, ::1
Processing by Wechat::PaymentController#notify as */*
  [1m[35mPaymentRecord Load (0.6ms)[0m  SELECT  `payment_records`.* FROM `payment_records` WHERE `payment_records`.`order_no` = '1122334474' AND `payment_records`.`status` = 'success' LIMIT 1
WECHAT PAYMENT NOTIFY AND PAYMENT SUCCESS: {"controller"=>"wechat/payment", "action"=>"notify"}, body: {"appid"=>"wxa05b67eb1b532c44", "attach"=>"eggman", "bank_type"=>"CCB_DEBIT", "cash_fee"=>"10", "device_info"=>"WEB", "fee_type"=>"CNY", "is_subscribe"=>"Y", "mch_id"=>"1397730302", "nonce_str"=>"arp4alr8sp7ib9o9", "openid"=>"oMZZkwyFG5sAx-d4PMQ6Lq1xisHE", "out_trade_no"=>"1122334474", "result_code"=>"SUCCESS", "return_code"=>"SUCCESS", "sign"=>"BCE766EC4D2C3DA21C88553F5089163B", "time_end"=>"20161011183645", "total_fee"=>"10", "trade_type"=>"JSAPI", "transaction_id"=>"4005392001201610116412886078"}
  Rendered text template (0.0ms)
Completed 200 OK in 2ms (Views: 0.3ms | ActiveRecord: 0.6ms)


Started POST "/wechat/payment/notify" for 101.226.103.71 at 2016-10-11 18:37:51 +0800
Cannot render console from 101.226.103.71! Allowed networks: 192.168.0.0/192.168.255.255, 127.0.0.0/127.255.255.255, ::1
Processing by Wechat::PaymentController#notify as */*
  [1m[36mPaymentRecord Load (0.5ms)[0m  [1mSELECT  `payment_records`.* FROM `payment_records` WHERE `payment_records`.`order_no` = '1122334474' AND `payment_records`.`status` = 'success' LIMIT 1[0m
WECHAT PAYMENT NOTIFY AND PAYMENT SUCCESS: {"controller"=>"wechat/payment", "action"=>"notify"}, body: {"appid"=>"wxa05b67eb1b532c44", "attach"=>"eggman", "bank_type"=>"CCB_DEBIT", "cash_fee"=>"10", "device_info"=>"WEB", "fee_type"=>"CNY", "is_subscribe"=>"Y", "mch_id"=>"1397730302", "nonce_str"=>"arp4alr8sp7ib9o9", "openid"=>"oMZZkwyFG5sAx-d4PMQ6Lq1xisHE", "out_trade_no"=>"1122334474", "result_code"=>"SUCCESS", "return_code"=>"SUCCESS", "sign"=>"BCE766EC4D2C3DA21C88553F5089163B", "time_end"=>"20161011183645", "total_fee"=>"10", "trade_type"=>"JSAPI", "transaction_id"=>"4005392001201610116412886078"}
  Rendered text template (0.0ms)
Completed 200 OK in 2ms (Views: 0.3ms | ActiveRecord: 0.5ms)


Started GET "/wechat/payment/?key=9eyjdxpbqupgvv6nza85b2oesv9a4h7v5fhzwpxqkm8o945i&app=eggman&body=year_product&out_trade_no=1122334474&total_fee=0.1&product_id=year&openid=oMZZkwyFG5sAx-d4PMQ6Lq1xisHE" for 180.153.206.20 at 2016-10-11 18:37:59 +0800
Cannot render console from 180.153.206.20! Allowed networks: 192.168.0.0/192.168.255.255, 127.0.0.0/127.255.255.255, ::1
Processing by Wechat::PaymentController#index as */*
  Parameters: {"key"=>"9eyjdxpbqupgvv6nza85b2oesv9a4h7v5fhzwpxqkm8o945i", "app"=>"eggman", "body"=>"year_product", "out_trade_no"=>"1122334474", "total_fee"=>"0.1", "product_id"=>"year", "openid"=>"oMZZkwyFG5sAx-d4PMQ6Lq1xisHE"}
WECHAT PAYMENT CREATE ORDER: <xml><return_code><![CDATA[SUCCESS]]></return_code>
<return_msg><![CDATA[OK]]></return_msg>
<appid><![CDATA[wxa05b67eb1b532c44]]></appid>
<mch_id><![CDATA[1397730302]]></mch_id>
<device_info><![CDATA[WEB]]></device_info>
<nonce_str><![CDATA[YtQijQHSuIkyrkP3]]></nonce_str>
<sign><![CDATA[2164AD1198408EA5E42581438A48F387]]></sign>
<result_code><![CDATA[FAIL]]></result_code>
<err_code><![CDATA[ORDERPAID]]></err_code>
<err_code_des><![CDATA[该订单已支付]]></err_code_des>
</xml>
  Rendered text template (0.0ms)
Completed 200 OK in 339ms (Views: 0.5ms | ActiveRecord: 0.0ms)


Started GET "/wechat/payment/?key=9eyjdxpbqupgvv6nza85b2oesv9a4h7v5fhzwpxqkm8o945i&app=eggman&body=year_product&out_trade_no=1122334474&total_fee=0.1&product_id=year&openid=oMZZkwyFG5sAx-d4PMQ6Lq1xisHE" for 101.226.61.207 at 2016-10-11 18:38:19 +0800
Cannot render console from 101.226.61.207! Allowed networks: 192.168.0.0/192.168.255.255, 127.0.0.0/127.255.255.255, ::1
Processing by Wechat::PaymentController#index as */*
  Parameters: {"key"=>"9eyjdxpbqupgvv6nza85b2oesv9a4h7v5fhzwpxqkm8o945i", "app"=>"eggman", "body"=>"year_product", "out_trade_no"=>"1122334474", "total_fee"=>"0.1", "product_id"=>"year", "openid"=>"oMZZkwyFG5sAx-d4PMQ6Lq1xisHE"}
WECHAT PAYMENT CREATE ORDER: <xml><return_code><![CDATA[SUCCESS]]></return_code>
<return_msg><![CDATA[OK]]></return_msg>
<appid><![CDATA[wxa05b67eb1b532c44]]></appid>
<mch_id><![CDATA[1397730302]]></mch_id>
<device_info><![CDATA[WEB]]></device_info>
<nonce_str><![CDATA[CHrDVUCiQGziLTrq]]></nonce_str>
<sign><![CDATA[13C3CF2376A136781D07A6FD78A2BF3A]]></sign>
<result_code><![CDATA[FAIL]]></result_code>
<err_code><![CDATA[ORDERPAID]]></err_code>
<err_code_des><![CDATA[该订单已支付]]></err_code_des>
</xml>
  Rendered text template (0.0ms)
Completed 200 OK in 336ms (Views: 0.5ms | ActiveRecord: 0.0ms)


Started GET "/wechat/payment/check_payment?tid=1122334474&1476182213000" for 101.226.66.172 at 2016-10-11 18:40:00 +0800
Cannot render console from 101.226.66.172! Allowed networks: 192.168.0.0/192.168.255.255, 127.0.0.0/127.255.255.255, ::1
Processing by Wechat::PaymentController#check_payment as */*
  Parameters: {"tid"=>"1122334474", "1476182213000"=>nil}
  [1m[35mPaymentRecord Load (1.2ms)[0m  SELECT  `payment_records`.* FROM `payment_records` WHERE `payment_records`.`order_no` = '1122334474' AND `payment_records`.`status` = 'success'  ORDER BY `payment_records`.`id` ASC LIMIT 1
Redirected to http://localhost:6001/wechat/payment_callback?order_no=1122334474&payment_record_id=2&status=ok
Completed 302 Found in 3ms (ActiveRecord: 1.2ms)


Started GET "/wechat/payment/failed" for 123.161.110.115 at 2016-10-11 18:40:34 +0800
Cannot render console from 123.161.110.115! Allowed networks: 192.168.0.0/192.168.255.255, 127.0.0.0/127.255.255.255, ::1
Processing by Wechat::PaymentController#failed as HTML
  Rendered wechat/payment/failed.html.erb (0.1ms)
Completed 200 OK in 3ms (Views: 1.7ms | ActiveRecord: 0.0ms)


Started GET "/wechat/payment/?key=9eyjdxpbqupgvv6nza85b2oesv9a4h7v5fhzwpxqkm8o945i&app=eggman&body=year_product&out_trade_no=1122334475&total_fee=0.1&product_id=year&openid=oMZZkwyFG5sAx-d4PMQ6Lq1xisHE" for 123.161.110.115 at 2016-10-11 18:40:48 +0800
Cannot render console from 123.161.110.115! Allowed networks: 192.168.0.0/192.168.255.255, 127.0.0.0/127.255.255.255, ::1
Processing by Wechat::PaymentController#index as HTML
  Parameters: {"key"=>"9eyjdxpbqupgvv6nza85b2oesv9a4h7v5fhzwpxqkm8o945i", "app"=>"eggman", "body"=>"year_product", "out_trade_no"=>"1122334475", "total_fee"=>"0.1", "product_id"=>"year", "openid"=>"oMZZkwyFG5sAx-d4PMQ6Lq1xisHE"}
WECHAT PAYMENT CREATE ORDER: <xml><return_code><![CDATA[SUCCESS]]></return_code>
<return_msg><![CDATA[OK]]></return_msg>
<appid><![CDATA[wxa05b67eb1b532c44]]></appid>
<mch_id><![CDATA[1397730302]]></mch_id>
<device_info><![CDATA[WEB]]></device_info>
<nonce_str><![CDATA[hLAwIWiHBrrf6Efj]]></nonce_str>
<sign><![CDATA[A28C2B85BCBBA75889F2581C8FA96C0B]]></sign>
<result_code><![CDATA[SUCCESS]]></result_code>
<prepay_id><![CDATA[wx2016101118404934386756e50446827214]]></prepay_id>
<trade_type><![CDATA[JSAPI]]></trade_type>
</xml>
  Rendered wechat/payment/index.html.erb (0.9ms)
Completed 200 OK in 737ms (Views: 2.8ms | ActiveRecord: 0.0ms)


Started POST "/wechat/payment/notify" for 140.207.54.74 at 2016-10-11 18:40:54 +0800
Cannot render console from 140.207.54.74! Allowed networks: 192.168.0.0/192.168.255.255, 127.0.0.0/127.255.255.255, ::1
Processing by Wechat::PaymentController#notify as */*
  [1m[36mPaymentRecord Load (0.5ms)[0m  [1mSELECT  `payment_records`.* FROM `payment_records` WHERE `payment_records`.`order_no` = '1122334474' AND `payment_records`.`status` = 'success' LIMIT 1[0m
WECHAT PAYMENT NOTIFY AND PAYMENT SUCCESS: {"controller"=>"wechat/payment", "action"=>"notify"}, body: {"appid"=>"wxa05b67eb1b532c44", "attach"=>"eggman", "bank_type"=>"CCB_DEBIT", "cash_fee"=>"10", "device_info"=>"WEB", "fee_type"=>"CNY", "is_subscribe"=>"Y", "mch_id"=>"1397730302", "nonce_str"=>"arp4alr8sp7ib9o9", "openid"=>"oMZZkwyFG5sAx-d4PMQ6Lq1xisHE", "out_trade_no"=>"1122334474", "result_code"=>"SUCCESS", "return_code"=>"SUCCESS", "sign"=>"BCE766EC4D2C3DA21C88553F5089163B", "time_end"=>"20161011183645", "total_fee"=>"10", "trade_type"=>"JSAPI", "transaction_id"=>"4005392001201610116412886078"}
  Rendered text template (0.0ms)
Completed 200 OK in 2ms (Views: 0.3ms | ActiveRecord: 0.5ms)


Started POST "/wechat/payment/notify" for 140.207.54.75 at 2016-10-11 18:40:57 +0800
Cannot render console from 140.207.54.75! Allowed networks: 192.168.0.0/192.168.255.255, 127.0.0.0/127.255.255.255, ::1
Processing by Wechat::PaymentController#notify as */*
  [1m[35mPaymentRecord Load (0.6ms)[0m  SELECT  `payment_records`.* FROM `payment_records` WHERE `payment_records`.`order_no` = '1122334475' AND `payment_records`.`status` = 'success' LIMIT 1
  [1m[36m (0.3ms)[0m  [1mBEGIN[0m
  [1m[35mSQL (1.5ms)[0m  INSERT INTO `payment_records` (`open_id`, `app_name`, `order_no`, `payment_method`, `status`, `total_money`, `payment_response`, `created_at`, `updated_at`) VALUES ('oMZZkwyFG5sAx-d4PMQ6Lq1xisHE', 'eggman', '1122334475', 'WECHAT', 'success', 0.1, '{\"appid\":\"wxa05b67eb1b532c44\",\"attach\":\"eggman\",\"bank_type\":\"CCB_DEBIT\",\"cash_fee\":\"10\",\"device_info\":\"WEB\",\"fee_type\":\"CNY\",\"is_subscribe\":\"Y\",\"mch_id\":\"1397730302\",\"nonce_str\":\"c1f4bo3j1tzqp2ju\",\"openid\":\"oMZZkwyFG5sAx-d4PMQ6Lq1xisHE\",\"out_trade_no\":\"1122334475\",\"result_code\":\"SUCCESS\",\"return_code\":\"SUCCESS\",\"sign\":\"E4F089F794BDBA93BDB7B4D07CB66812\",\"time_end\":\"20161011184056\",\"total_fee\":\"10\",\"trade_type\":\"JSAPI\",\"transaction_id\":\"4005392001201610116413089737\"}', '2016-10-11 10:40:57', '2016-10-11 10:40:57')
  [1m[36m (1.7ms)[0m  [1mCOMMIT[0m
WECHAT PAYMENT NOTIFY AND PAYMENT SUCCESS: {"controller"=>"wechat/payment", "action"=>"notify"}, body: {"appid"=>"wxa05b67eb1b532c44", "attach"=>"eggman", "bank_type"=>"CCB_DEBIT", "cash_fee"=>"10", "device_info"=>"WEB", "fee_type"=>"CNY", "is_subscribe"=>"Y", "mch_id"=>"1397730302", "nonce_str"=>"c1f4bo3j1tzqp2ju", "openid"=>"oMZZkwyFG5sAx-d4PMQ6Lq1xisHE", "out_trade_no"=>"1122334475", "result_code"=>"SUCCESS", "return_code"=>"SUCCESS", "sign"=>"E4F089F794BDBA93BDB7B4D07CB66812", "time_end"=>"20161011184056", "total_fee"=>"10", "trade_type"=>"JSAPI", "transaction_id"=>"4005392001201610116413089737"}
  Rendered text template (0.0ms)
Completed 200 OK in 8ms (Views: 0.3ms | ActiveRecord: 4.1ms)


Started GET "/wechat/payment/?key=9eyjdxpbqupgvv6nza85b2oesv9a4h7v5fhzwpxqkm8o945i&app=eggman&body=year_product&out_trade_no=1122334475&total_fee=0.1&product_id=year&openid=oMZZkwyFG5sAx-d4PMQ6Lq1xisHE" for 61.151.226.16 at 2016-10-11 18:40:57 +0800
Cannot render console from 61.151.226.16! Allowed networks: 192.168.0.0/192.168.255.255, 127.0.0.0/127.255.255.255, ::1
Processing by Wechat::PaymentController#index as */*
  Parameters: {"key"=>"9eyjdxpbqupgvv6nza85b2oesv9a4h7v5fhzwpxqkm8o945i", "app"=>"eggman", "body"=>"year_product", "out_trade_no"=>"1122334475", "total_fee"=>"0.1", "product_id"=>"year", "openid"=>"oMZZkwyFG5sAx-d4PMQ6Lq1xisHE"}
WECHAT PAYMENT CREATE ORDER: <xml><return_code><![CDATA[SUCCESS]]></return_code>
<return_msg><![CDATA[OK]]></return_msg>
<appid><![CDATA[wxa05b67eb1b532c44]]></appid>
<mch_id><![CDATA[1397730302]]></mch_id>
<device_info><![CDATA[WEB]]></device_info>
<nonce_str><![CDATA[5rGQ1l1pnjt6LK2x]]></nonce_str>
<sign><![CDATA[2FB1FB3A347C4AA36C211C85F98057D8]]></sign>
<result_code><![CDATA[FAIL]]></result_code>
<err_code><![CDATA[ORDERPAID]]></err_code>
<err_code_des><![CDATA[该订单已支付]]></err_code_des>
</xml>
  Rendered text template (0.0ms)
Completed 200 OK in 397ms (Views: 0.4ms | ActiveRecord: 0.0ms)


Started GET "/wechat/payment/check_payment?tid=1122334475&1476182459000" for 123.161.110.115 at 2016-10-11 18:41:00 +0800
Cannot render console from 123.161.110.115! Allowed networks: 192.168.0.0/192.168.255.255, 127.0.0.0/127.255.255.255, ::1
Processing by Wechat::PaymentController#check_payment as HTML
  Parameters: {"tid"=>"1122334475", "1476182459000"=>nil}
  [1m[35mPaymentRecord Load (0.5ms)[0m  SELECT  `payment_records`.* FROM `payment_records` WHERE `payment_records`.`order_no` = '1122334475' AND `payment_records`.`status` = 'success'  ORDER BY `payment_records`.`id` ASC LIMIT 1
Redirected to http://localhost:6001/wechat/payment_callback?order_no=1122334475&payment_record_id=3&status=ok
Completed 302 Found in 2ms (ActiveRecord: 0.5ms)


Started POST "/wechat/payment/notify" for 140.207.54.73 at 2016-10-11 18:41:08 +0800
Cannot render console from 140.207.54.73! Allowed networks: 192.168.0.0/192.168.255.255, 127.0.0.0/127.255.255.255, ::1
Processing by Wechat::PaymentController#notify as */*
  [1m[36mPaymentRecord Load (0.5ms)[0m  [1mSELECT  `payment_records`.* FROM `payment_records` WHERE `payment_records`.`order_no` = '1122334475' AND `payment_records`.`status` = 'success' LIMIT 1[0m
WECHAT PAYMENT NOTIFY AND PAYMENT SUCCESS: {"controller"=>"wechat/payment", "action"=>"notify"}, body: {"appid"=>"wxa05b67eb1b532c44", "attach"=>"eggman", "bank_type"=>"CCB_DEBIT", "cash_fee"=>"10", "device_info"=>"WEB", "fee_type"=>"CNY", "is_subscribe"=>"Y", "mch_id"=>"1397730302", "nonce_str"=>"c1f4bo3j1tzqp2ju", "openid"=>"oMZZkwyFG5sAx-d4PMQ6Lq1xisHE", "out_trade_no"=>"1122334475", "result_code"=>"SUCCESS", "return_code"=>"SUCCESS", "sign"=>"E4F089F794BDBA93BDB7B4D07CB66812", "time_end"=>"20161011184056", "total_fee"=>"10", "trade_type"=>"JSAPI", "transaction_id"=>"4005392001201610116413089737"}
  Rendered text template (0.0ms)
Completed 200 OK in 2ms (Views: 0.3ms | ActiveRecord: 0.5ms)


Started POST "/wechat/payment/notify" for 101.226.103.69 at 2016-10-11 18:41:25 +0800
Cannot render console from 101.226.103.69! Allowed networks: 192.168.0.0/192.168.255.255, 127.0.0.0/127.255.255.255, ::1
Processing by Wechat::PaymentController#notify as */*
  [1m[35mPaymentRecord Load (0.5ms)[0m  SELECT  `payment_records`.* FROM `payment_records` WHERE `payment_records`.`order_no` = '1122334475' AND `payment_records`.`status` = 'success' LIMIT 1
WECHAT PAYMENT NOTIFY AND PAYMENT SUCCESS: {"controller"=>"wechat/payment", "action"=>"notify"}, body: {"appid"=>"wxa05b67eb1b532c44", "attach"=>"eggman", "bank_type"=>"CCB_DEBIT", "cash_fee"=>"10", "device_info"=>"WEB", "fee_type"=>"CNY", "is_subscribe"=>"Y", "mch_id"=>"1397730302", "nonce_str"=>"c1f4bo3j1tzqp2ju", "openid"=>"oMZZkwyFG5sAx-d4PMQ6Lq1xisHE", "out_trade_no"=>"1122334475", "result_code"=>"SUCCESS", "return_code"=>"SUCCESS", "sign"=>"E4F089F794BDBA93BDB7B4D07CB66812", "time_end"=>"20161011184056", "total_fee"=>"10", "trade_type"=>"JSAPI", "transaction_id"=>"4005392001201610116413089737"}
  Rendered text template (0.0ms)
Completed 200 OK in 2ms (Views: 0.3ms | ActiveRecord: 0.5ms)


Started POST "/wechat/payment/notify" for 140.207.54.73 at 2016-10-11 18:41:57 +0800
Cannot render console from 140.207.54.73! Allowed networks: 192.168.0.0/192.168.255.255, 127.0.0.0/127.255.255.255, ::1
Processing by Wechat::PaymentController#notify as */*
  [1m[36mPaymentRecord Load (0.4ms)[0m  [1mSELECT  `payment_records`.* FROM `payment_records` WHERE `payment_records`.`order_no` = '1122334475' AND `payment_records`.`status` = 'success' LIMIT 1[0m
WECHAT PAYMENT NOTIFY AND PAYMENT SUCCESS: {"controller"=>"wechat/payment", "action"=>"notify"}, body: {"appid"=>"wxa05b67eb1b532c44", "attach"=>"eggman", "bank_type"=>"CCB_DEBIT", "cash_fee"=>"10", "device_info"=>"WEB", "fee_type"=>"CNY", "is_subscribe"=>"Y", "mch_id"=>"1397730302", "nonce_str"=>"c1f4bo3j1tzqp2ju", "openid"=>"oMZZkwyFG5sAx-d4PMQ6Lq1xisHE", "out_trade_no"=>"1122334475", "result_code"=>"SUCCESS", "return_code"=>"SUCCESS", "sign"=>"E4F089F794BDBA93BDB7B4D07CB66812", "time_end"=>"20161011184056", "total_fee"=>"10", "trade_type"=>"JSAPI", "transaction_id"=>"4005392001201610116413089737"}
  Rendered text template (0.0ms)
Completed 200 OK in 2ms (Views: 0.3ms | ActiveRecord: 0.4ms)


Started GET "/wechat/payment/?key=9eyjdxpbqupgvv6nza85b2oesv9a4h7v5fhzwpxqkm8o945i&app=eggman&body=year_product&out_trade_no=1122334476&total_fee=0.1&product_id=year&openid=oMZZkwyFG5sAx-d4PMQ6Lq1xisHE" for 123.161.110.115 at 2016-10-11 18:42:27 +0800
Cannot render console from 123.161.110.115! Allowed networks: 192.168.0.0/192.168.255.255, 127.0.0.0/127.255.255.255, ::1
Processing by Wechat::PaymentController#index as HTML
  Parameters: {"key"=>"9eyjdxpbqupgvv6nza85b2oesv9a4h7v5fhzwpxqkm8o945i", "app"=>"eggman", "body"=>"year_product", "out_trade_no"=>"1122334476", "total_fee"=>"0.1", "product_id"=>"year", "openid"=>"oMZZkwyFG5sAx-d4PMQ6Lq1xisHE"}
WECHAT PAYMENT CREATE ORDER: <xml><return_code><![CDATA[SUCCESS]]></return_code>
<return_msg><![CDATA[OK]]></return_msg>
<appid><![CDATA[wxa05b67eb1b532c44]]></appid>
<mch_id><![CDATA[1397730302]]></mch_id>
<device_info><![CDATA[WEB]]></device_info>
<nonce_str><![CDATA[UCbitNmDfja6AaN1]]></nonce_str>
<sign><![CDATA[7466293F824F46C64C85718A72B9CC5F]]></sign>
<result_code><![CDATA[SUCCESS]]></result_code>
<prepay_id><![CDATA[wx20161011184227966697b0910937409345]]></prepay_id>
<trade_type><![CDATA[JSAPI]]></trade_type>
</xml>
  Rendered wechat/payment/index.html.erb (1.7ms)
Completed 200 OK in 356ms (Views: 3.8ms | ActiveRecord: 0.0ms)


Started POST "/wechat/payment/notify" for 140.207.54.75 at 2016-10-11 18:42:35 +0800
Cannot render console from 140.207.54.75! Allowed networks: 192.168.0.0/192.168.255.255, 127.0.0.0/127.255.255.255, ::1
Processing by Wechat::PaymentController#notify as */*
  [1m[35mPaymentRecord Load (0.5ms)[0m  SELECT  `payment_records`.* FROM `payment_records` WHERE `payment_records`.`order_no` = '1122334476' AND `payment_records`.`status` = 'success' LIMIT 1
  [1m[36m (0.2ms)[0m  [1mBEGIN[0m
  [1m[35mSQL (1.5ms)[0m  INSERT INTO `payment_records` (`open_id`, `app_name`, `order_no`, `payment_method`, `status`, `total_money`, `payment_response`, `created_at`, `updated_at`) VALUES ('oMZZkwyFG5sAx-d4PMQ6Lq1xisHE', 'eggman', '1122334476', 'WECHAT', 'success', 0.1, '{\"appid\":\"wxa05b67eb1b532c44\",\"attach\":\"eggman\",\"bank_type\":\"CCB_DEBIT\",\"cash_fee\":\"10\",\"device_info\":\"WEB\",\"fee_type\":\"CNY\",\"is_subscribe\":\"Y\",\"mch_id\":\"1397730302\",\"nonce_str\":\"5kk8edu9wxt40wmd\",\"openid\":\"oMZZkwyFG5sAx-d4PMQ6Lq1xisHE\",\"out_trade_no\":\"1122334476\",\"result_code\":\"SUCCESS\",\"return_code\":\"SUCCESS\",\"sign\":\"CEFA20E91ABA2209907D64B61AE9BC77\",\"time_end\":\"20161011184235\",\"total_fee\":\"10\",\"trade_type\":\"JSAPI\",\"transaction_id\":\"4005392001201610116414762104\"}', '2016-10-11 10:42:35', '2016-10-11 10:42:35')
  [1m[36m (0.6ms)[0m  [1mCOMMIT[0m
WECHAT PAYMENT NOTIFY AND PAYMENT SUCCESS: {"controller"=>"wechat/payment", "action"=>"notify"}, body: {"appid"=>"wxa05b67eb1b532c44", "attach"=>"eggman", "bank_type"=>"CCB_DEBIT", "cash_fee"=>"10", "device_info"=>"WEB", "fee_type"=>"CNY", "is_subscribe"=>"Y", "mch_id"=>"1397730302", "nonce_str"=>"5kk8edu9wxt40wmd", "openid"=>"oMZZkwyFG5sAx-d4PMQ6Lq1xisHE", "out_trade_no"=>"1122334476", "result_code"=>"SUCCESS", "return_code"=>"SUCCESS", "sign"=>"CEFA20E91ABA2209907D64B61AE9BC77", "time_end"=>"20161011184235", "total_fee"=>"10", "trade_type"=>"JSAPI", "transaction_id"=>"4005392001201610116414762104"}
  Rendered text template (0.0ms)
Completed 200 OK in 7ms (Views: 0.4ms | ActiveRecord: 2.7ms)


Started GET "/wechat/payment/check_payment?tid=1122334476&1476182558000" for 123.161.110.115 at 2016-10-11 18:42:39 +0800
Cannot render console from 123.161.110.115! Allowed networks: 192.168.0.0/192.168.255.255, 127.0.0.0/127.255.255.255, ::1
Processing by Wechat::PaymentController#check_payment as HTML
  Parameters: {"tid"=>"1122334476", "1476182558000"=>nil}
  [1m[35mPaymentRecord Load (0.5ms)[0m  SELECT  `payment_records`.* FROM `payment_records` WHERE `payment_records`.`order_no` = '1122334476' AND `payment_records`.`status` = 'success'  ORDER BY `payment_records`.`id` ASC LIMIT 1
Redirected to http://localhost:6001/wechat/payment_callback?order_no=1122334476&payment_record_id=4&status=ok
Completed 302 Found in 2ms (ActiveRecord: 0.5ms)


Started POST "/wechat/payment/notify" for 140.207.54.75 at 2016-10-11 18:42:46 +0800
Cannot render console from 140.207.54.75! Allowed networks: 192.168.0.0/192.168.255.255, 127.0.0.0/127.255.255.255, ::1
Processing by Wechat::PaymentController#notify as */*
  [1m[36mPaymentRecord Load (0.5ms)[0m  [1mSELECT  `payment_records`.* FROM `payment_records` WHERE `payment_records`.`order_no` = '1122334476' AND `payment_records`.`status` = 'success' LIMIT 1[0m
WECHAT PAYMENT NOTIFY AND PAYMENT SUCCESS: {"controller"=>"wechat/payment", "action"=>"notify"}, body: {"appid"=>"wxa05b67eb1b532c44", "attach"=>"eggman", "bank_type"=>"CCB_DEBIT", "cash_fee"=>"10", "device_info"=>"WEB", "fee_type"=>"CNY", "is_subscribe"=>"Y", "mch_id"=>"1397730302", "nonce_str"=>"5kk8edu9wxt40wmd", "openid"=>"oMZZkwyFG5sAx-d4PMQ6Lq1xisHE", "out_trade_no"=>"1122334476", "result_code"=>"SUCCESS", "return_code"=>"SUCCESS", "sign"=>"CEFA20E91ABA2209907D64B61AE9BC77", "time_end"=>"20161011184235", "total_fee"=>"10", "trade_type"=>"JSAPI", "transaction_id"=>"4005392001201610116414762104"}
  Rendered text template (0.0ms)
Completed 200 OK in 2ms (Views: 0.3ms | ActiveRecord: 0.5ms)


Started POST "/wechat/payment/notify" for 140.207.54.75 at 2016-10-11 18:43:03 +0800
Cannot render console from 140.207.54.75! Allowed networks: 192.168.0.0/192.168.255.255, 127.0.0.0/127.255.255.255, ::1
Processing by Wechat::PaymentController#notify as */*
  [1m[35mPaymentRecord Load (0.5ms)[0m  SELECT  `payment_records`.* FROM `payment_records` WHERE `payment_records`.`order_no` = '1122334476' AND `payment_records`.`status` = 'success' LIMIT 1
WECHAT PAYMENT NOTIFY AND PAYMENT SUCCESS: {"controller"=>"wechat/payment", "action"=>"notify"}, body: {"appid"=>"wxa05b67eb1b532c44", "attach"=>"eggman", "bank_type"=>"CCB_DEBIT", "cash_fee"=>"10", "device_info"=>"WEB", "fee_type"=>"CNY", "is_subscribe"=>"Y", "mch_id"=>"1397730302", "nonce_str"=>"5kk8edu9wxt40wmd", "openid"=>"oMZZkwyFG5sAx-d4PMQ6Lq1xisHE", "out_trade_no"=>"1122334476", "result_code"=>"SUCCESS", "return_code"=>"SUCCESS", "sign"=>"CEFA20E91ABA2209907D64B61AE9BC77", "time_end"=>"20161011184235", "total_fee"=>"10", "trade_type"=>"JSAPI", "transaction_id"=>"4005392001201610116414762104"}
  Rendered text template (0.0ms)
Completed 200 OK in 2ms (Views: 0.3ms | ActiveRecord: 0.5ms)


Started POST "/wechat/payment/notify" for 101.226.103.70 at 2016-10-11 18:43:36 +0800
Cannot render console from 101.226.103.70! Allowed networks: 192.168.0.0/192.168.255.255, 127.0.0.0/127.255.255.255, ::1
Processing by Wechat::PaymentController#notify as */*
  [1m[36mPaymentRecord Load (0.5ms)[0m  [1mSELECT  `payment_records`.* FROM `payment_records` WHERE `payment_records`.`order_no` = '1122334476' AND `payment_records`.`status` = 'success' LIMIT 1[0m
WECHAT PAYMENT NOTIFY AND PAYMENT SUCCESS: {"controller"=>"wechat/payment", "action"=>"notify"}, body: {"appid"=>"wxa05b67eb1b532c44", "attach"=>"eggman", "bank_type"=>"CCB_DEBIT", "cash_fee"=>"10", "device_info"=>"WEB", "fee_type"=>"CNY", "is_subscribe"=>"Y", "mch_id"=>"1397730302", "nonce_str"=>"5kk8edu9wxt40wmd", "openid"=>"oMZZkwyFG5sAx-d4PMQ6Lq1xisHE", "out_trade_no"=>"1122334476", "result_code"=>"SUCCESS", "return_code"=>"SUCCESS", "sign"=>"CEFA20E91ABA2209907D64B61AE9BC77", "time_end"=>"20161011184235", "total_fee"=>"10", "trade_type"=>"JSAPI", "transaction_id"=>"4005392001201610116414762104"}
  Rendered text template (0.0ms)
Completed 200 OK in 2ms (Views: 0.3ms | ActiveRecord: 0.5ms)


Started POST "/wechat/payment/notify" for 140.207.54.76 at 2016-10-11 18:43:38 +0800
Cannot render console from 140.207.54.76! Allowed networks: 192.168.0.0/192.168.255.255, 127.0.0.0/127.255.255.255, ::1
Processing by Wechat::PaymentController#notify as */*
  [1m[35mPaymentRecord Load (0.6ms)[0m  SELECT  `payment_records`.* FROM `payment_records` WHERE `payment_records`.`order_no` = '112233445' AND `payment_records`.`status` = 'success' LIMIT 1
  [1m[36m (0.2ms)[0m  [1mBEGIN[0m
  [1m[35mSQL (1.1ms)[0m  INSERT INTO `payment_records` (`open_id`, `app_name`, `order_no`, `payment_method`, `status`, `total_money`, `payment_response`, `created_at`, `updated_at`) VALUES ('oMZZkwyFG5sAx-d4PMQ6Lq1xisHE', '蛋人网', '112233445', 'WECHAT', 'success', 1.0, '{\"appid\":\"wxa05b67eb1b532c44\",\"attach\":\"蛋人网\",\"bank_type\":\"CCB_DEBIT\",\"cash_fee\":\"100\",\"device_info\":\"WEB\",\"fee_type\":\"CNY\",\"is_subscribe\":\"Y\",\"mch_id\":\"1397730302\",\"nonce_str\":\"ztmsoda3cwl55wht\",\"openid\":\"oMZZkwyFG5sAx-d4PMQ6Lq1xisHE\",\"out_trade_no\":\"112233445\",\"result_code\":\"SUCCESS\",\"return_code\":\"SUCCESS\",\"sign\":\"0F0EF7D2BF593AB77D59FA59DEC8CA95\",\"time_end\":\"20161011170921\",\"total_fee\":\"100\",\"trade_type\":\"JSAPI\",\"transaction_id\":\"4005392001201610116406379923\"}', '2016-10-11 10:43:38', '2016-10-11 10:43:38')
  [1m[36m (0.5ms)[0m  [1mCOMMIT[0m
WECHAT PAYMENT NOTIFY AND PAYMENT SUCCESS: {"controller"=>"wechat/payment", "action"=>"notify"}, body: {"appid"=>"wxa05b67eb1b532c44", "attach"=>"蛋人网", "bank_type"=>"CCB_DEBIT", "cash_fee"=>"100", "device_info"=>"WEB", "fee_type"=>"CNY", "is_subscribe"=>"Y", "mch_id"=>"1397730302", "nonce_str"=>"ztmsoda3cwl55wht", "openid"=>"oMZZkwyFG5sAx-d4PMQ6Lq1xisHE", "out_trade_no"=>"112233445", "result_code"=>"SUCCESS", "return_code"=>"SUCCESS", "sign"=>"0F0EF7D2BF593AB77D59FA59DEC8CA95", "time_end"=>"20161011170921", "total_fee"=>"100", "trade_type"=>"JSAPI", "transaction_id"=>"4005392001201610116406379923"}
  Rendered text template (0.0ms)
Completed 200 OK in 6ms (Views: 0.4ms | ActiveRecord: 2.4ms)


Started GET "/wechat/payment/?key=9eyjdxpbqupgvv6nza85b2oesv9a4h7v5fhzwpxqkm8o945i&app=eggman&body=year_product&out_trade_no=1122334475&total_fee=0.1&product_id=year&openid=oMZZkwyFG5sAx-d4PMQ6Lq1xisHE" for 101.226.66.187 at 2016-10-11 18:43:48 +0800
Cannot render console from 101.226.66.187! Allowed networks: 192.168.0.0/192.168.255.255, 127.0.0.0/127.255.255.255, ::1
Processing by Wechat::PaymentController#index as */*
  Parameters: {"key"=>"9eyjdxpbqupgvv6nza85b2oesv9a4h7v5fhzwpxqkm8o945i", "app"=>"eggman", "body"=>"year_product", "out_trade_no"=>"1122334475", "total_fee"=>"0.1", "product_id"=>"year", "openid"=>"oMZZkwyFG5sAx-d4PMQ6Lq1xisHE"}
WECHAT PAYMENT CREATE ORDER: <xml><return_code><![CDATA[SUCCESS]]></return_code>
<return_msg><![CDATA[OK]]></return_msg>
<appid><![CDATA[wxa05b67eb1b532c44]]></appid>
<mch_id><![CDATA[1397730302]]></mch_id>
<device_info><![CDATA[WEB]]></device_info>
<nonce_str><![CDATA[F0PYwTHWNxjlFkis]]></nonce_str>
<sign><![CDATA[FB8AD4ADB5A92ADCC51100B10BA9CE22]]></sign>
<result_code><![CDATA[FAIL]]></result_code>
<err_code><![CDATA[ORDERPAID]]></err_code>
<err_code_des><![CDATA[该订单已支付]]></err_code_des>
</xml>
  Rendered text template (0.0ms)
Completed 200 OK in 370ms (Views: 0.4ms | ActiveRecord: 0.0ms)


Started GET "/wechat/payment/?key=9eyjdxpbqupgvv6nza85b2oesv9a4h7v5fhzwpxqkm8o945i&app=eggman&body=year_product&out_trade_no=1122334475&total_fee=0.1&product_id=year&openid=oMZZkwyFG5sAx-d4PMQ6Lq1xisHE" for 180.153.205.254 at 2016-10-11 18:43:48 +0800
Cannot render console from 180.153.205.254! Allowed networks: 192.168.0.0/192.168.255.255, 127.0.0.0/127.255.255.255, ::1
Processing by Wechat::PaymentController#index as */*
  Parameters: {"key"=>"9eyjdxpbqupgvv6nza85b2oesv9a4h7v5fhzwpxqkm8o945i", "app"=>"eggman", "body"=>"year_product", "out_trade_no"=>"1122334475", "total_fee"=>"0.1", "product_id"=>"year", "openid"=>"oMZZkwyFG5sAx-d4PMQ6Lq1xisHE"}
WECHAT PAYMENT CREATE ORDER: <xml><return_code><![CDATA[SUCCESS]]></return_code>
<return_msg><![CDATA[OK]]></return_msg>
<appid><![CDATA[wxa05b67eb1b532c44]]></appid>
<mch_id><![CDATA[1397730302]]></mch_id>
<device_info><![CDATA[WEB]]></device_info>
<nonce_str><![CDATA[UrWKgRyXFDdk69bg]]></nonce_str>
<sign><![CDATA[E7424405E634540977D1EA30625156AE]]></sign>
<result_code><![CDATA[FAIL]]></result_code>
<err_code><![CDATA[ORDERPAID]]></err_code>
<err_code_des><![CDATA[该订单已支付]]></err_code_des>
</xml>
  Rendered text template (0.2ms)
Completed 200 OK in 289ms (Views: 0.7ms | ActiveRecord: 0.0ms)


Started GET "/wechat/payment/?key=9eyjdxpbqupgvv6nza85b2oesv9a4h7v5fhzwpxqkm8o945i&app=eggman&body=year_product&out_trade_no=1122334475&total_fee=0.1&product_id=year&openid=oMZZkwyFG5sAx-d4PMQ6Lq1xisHE" for 101.226.125.103 at 2016-10-11 18:43:55 +0800
Cannot render console from 101.226.125.103! Allowed networks: 192.168.0.0/192.168.255.255, 127.0.0.0/127.255.255.255, ::1
Processing by Wechat::PaymentController#index as */*
  Parameters: {"key"=>"9eyjdxpbqupgvv6nza85b2oesv9a4h7v5fhzwpxqkm8o945i", "app"=>"eggman", "body"=>"year_product", "out_trade_no"=>"1122334475", "total_fee"=>"0.1", "product_id"=>"year", "openid"=>"oMZZkwyFG5sAx-d4PMQ6Lq1xisHE"}
WECHAT PAYMENT CREATE ORDER: <xml><return_code><![CDATA[SUCCESS]]></return_code>
<return_msg><![CDATA[OK]]></return_msg>
<appid><![CDATA[wxa05b67eb1b532c44]]></appid>
<mch_id><![CDATA[1397730302]]></mch_id>
<device_info><![CDATA[WEB]]></device_info>
<nonce_str><![CDATA[AOOdFq5R9L56WDOz]]></nonce_str>
<sign><![CDATA[CE27FA79B5F31713E758E67551E1B328]]></sign>
<result_code><![CDATA[FAIL]]></result_code>
<err_code><![CDATA[ORDERPAID]]></err_code>
<err_code_des><![CDATA[该订单已支付]]></err_code_des>
</xml>
  Rendered text template (0.0ms)
Completed 200 OK in 332ms (Views: 0.5ms | ActiveRecord: 0.0ms)


Started GET "/wechat/payment/check_payment?tid=1122334475&1476182459000" for 101.226.33.225 at 2016-10-11 18:43:59 +0800
Cannot render console from 101.226.33.225! Allowed networks: 192.168.0.0/192.168.255.255, 127.0.0.0/127.255.255.255, ::1
Processing by Wechat::PaymentController#check_payment as */*
  Parameters: {"tid"=>"1122334475", "1476182459000"=>nil}
  [1m[35mPaymentRecord Load (0.5ms)[0m  SELECT  `payment_records`.* FROM `payment_records` WHERE `payment_records`.`order_no` = '1122334475' AND `payment_records`.`status` = 'success'  ORDER BY `payment_records`.`id` ASC LIMIT 1
Redirected to http://localhost:6001/wechat/payment_callback?order_no=1122334475&payment_record_id=3&status=ok
Completed 302 Found in 2ms (ActiveRecord: 0.5ms)


Started POST "/wechat/payment/notify" for 140.207.54.73 at 2016-10-11 18:44:58 +0800
Cannot render console from 140.207.54.73! Allowed networks: 192.168.0.0/192.168.255.255, 127.0.0.0/127.255.255.255, ::1
Processing by Wechat::PaymentController#notify as */*
  [1m[36mPaymentRecord Load (0.5ms)[0m  [1mSELECT  `payment_records`.* FROM `payment_records` WHERE `payment_records`.`order_no` = '1122334475' AND `payment_records`.`status` = 'success' LIMIT 1[0m
WECHAT PAYMENT NOTIFY AND PAYMENT SUCCESS: {"controller"=>"wechat/payment", "action"=>"notify"}, body: {"appid"=>"wxa05b67eb1b532c44", "attach"=>"eggman", "bank_type"=>"CCB_DEBIT", "cash_fee"=>"10", "device_info"=>"WEB", "fee_type"=>"CNY", "is_subscribe"=>"Y", "mch_id"=>"1397730302", "nonce_str"=>"c1f4bo3j1tzqp2ju", "openid"=>"oMZZkwyFG5sAx-d4PMQ6Lq1xisHE", "out_trade_no"=>"1122334475", "result_code"=>"SUCCESS", "return_code"=>"SUCCESS", "sign"=>"E4F089F794BDBA93BDB7B4D07CB66812", "time_end"=>"20161011184056", "total_fee"=>"10", "trade_type"=>"JSAPI", "transaction_id"=>"4005392001201610116413089737"}
  Rendered text template (0.0ms)
Completed 200 OK in 2ms (Views: 0.4ms | ActiveRecord: 0.5ms)


Started GET "/wechat/payment/?key=9eyjdxpbqupgvv6nza85b2oesv9a4h7v5fhzwpxqkm8o945i&app=eggman&body=year_product&out_trade_no=1122334476&total_fee=0.1&product_id=year&openid=oMZZkwyFG5sAx-d4PMQ6Lq1xisHE" for 101.226.33.226 at 2016-10-11 18:45:26 +0800
Cannot render console from 101.226.33.226! Allowed networks: 192.168.0.0/192.168.255.255, 127.0.0.0/127.255.255.255, ::1
Processing by Wechat::PaymentController#index as */*
  Parameters: {"key"=>"9eyjdxpbqupgvv6nza85b2oesv9a4h7v5fhzwpxqkm8o945i", "app"=>"eggman", "body"=>"year_product", "out_trade_no"=>"1122334476", "total_fee"=>"0.1", "product_id"=>"year", "openid"=>"oMZZkwyFG5sAx-d4PMQ6Lq1xisHE"}
WECHAT PAYMENT CREATE ORDER: <xml><return_code><![CDATA[SUCCESS]]></return_code>
<return_msg><![CDATA[OK]]></return_msg>
<appid><![CDATA[wxa05b67eb1b532c44]]></appid>
<mch_id><![CDATA[1397730302]]></mch_id>
<device_info><![CDATA[WEB]]></device_info>
<nonce_str><![CDATA[J7edCEwIfrhGX8ya]]></nonce_str>
<sign><![CDATA[AD8DF4D198053CAC942594C35CC89D1E]]></sign>
<result_code><![CDATA[FAIL]]></result_code>
<err_code><![CDATA[ORDERPAID]]></err_code>
<err_code_des><![CDATA[该订单已支付]]></err_code_des>
</xml>
  Rendered text template (0.0ms)
Completed 200 OK in 595ms (Views: 0.5ms | ActiveRecord: 0.0ms)


Started GET "/wechat/payment/failed" for 123.161.110.115 at 2016-10-11 18:45:34 +0800
Cannot render console from 123.161.110.115! Allowed networks: 192.168.0.0/192.168.255.255, 127.0.0.0/127.255.255.255, ::1
Processing by Wechat::PaymentController#failed as HTML
  Rendered wechat/payment/failed.html.erb (0.4ms)
Completed 200 OK in 2ms (Views: 1.7ms | ActiveRecord: 0.0ms)


Started GET "/wechat/payment/check_payment?tid=1122334476&1476182558000" for 180.153.163.190 at 2016-10-11 18:45:45 +0800
Cannot render console from 180.153.163.190! Allowed networks: 192.168.0.0/192.168.255.255, 127.0.0.0/127.255.255.255, ::1
Processing by Wechat::PaymentController#check_payment as */*
  Parameters: {"tid"=>"1122334476", "1476182558000"=>nil}
  [1m[35mPaymentRecord Load (0.6ms)[0m  SELECT  `payment_records`.* FROM `payment_records` WHERE `payment_records`.`order_no` = '1122334476' AND `payment_records`.`status` = 'success'  ORDER BY `payment_records`.`id` ASC LIMIT 1
Redirected to http://localhost:6001/wechat/payment_callback?order_no=1122334476&payment_record_id=4&status=ok
Completed 302 Found in 3ms (ActiveRecord: 0.6ms)


Started POST "/wechat/payment/notify" for 101.226.103.71 at 2016-10-11 18:46:39 +0800
Cannot render console from 101.226.103.71! Allowed networks: 192.168.0.0/192.168.255.255, 127.0.0.0/127.255.255.255, ::1
Processing by Wechat::PaymentController#notify as */*
  [1m[36mPaymentRecord Load (0.6ms)[0m  [1mSELECT  `payment_records`.* FROM `payment_records` WHERE `payment_records`.`order_no` = '1122334476' AND `payment_records`.`status` = 'success' LIMIT 1[0m
WECHAT PAYMENT NOTIFY AND PAYMENT SUCCESS: {"controller"=>"wechat/payment", "action"=>"notify"}, body: {"appid"=>"wxa05b67eb1b532c44", "attach"=>"eggman", "bank_type"=>"CCB_DEBIT", "cash_fee"=>"10", "device_info"=>"WEB", "fee_type"=>"CNY", "is_subscribe"=>"Y", "mch_id"=>"1397730302", "nonce_str"=>"5kk8edu9wxt40wmd", "openid"=>"oMZZkwyFG5sAx-d4PMQ6Lq1xisHE", "out_trade_no"=>"1122334476", "result_code"=>"SUCCESS", "return_code"=>"SUCCESS", "sign"=>"CEFA20E91ABA2209907D64B61AE9BC77", "time_end"=>"20161011184235", "total_fee"=>"10", "trade_type"=>"JSAPI", "transaction_id"=>"4005392001201610116414762104"}
  Rendered text template (0.0ms)
Completed 200 OK in 2ms (Views: 0.3ms | ActiveRecord: 0.6ms)


Started GET "/wechat/payment/check_payment?tid=1122334475&1476182459000" for 101.226.33.226 at 2016-10-11 18:47:00 +0800
Cannot render console from 101.226.33.226! Allowed networks: 192.168.0.0/192.168.255.255, 127.0.0.0/127.255.255.255, ::1
Processing by Wechat::PaymentController#check_payment as */*
  Parameters: {"tid"=>"1122334475", "1476182459000"=>nil}
  [1m[35mPaymentRecord Load (0.6ms)[0m  SELECT  `payment_records`.* FROM `payment_records` WHERE `payment_records`.`order_no` = '1122334475' AND `payment_records`.`status` = 'success'  ORDER BY `payment_records`.`id` ASC LIMIT 1
Redirected to http://localhost:6001/wechat/payment_callback?order_no=1122334475&payment_record_id=3&status=ok
Completed 302 Found in 4ms (ActiveRecord: 0.6ms)


Started POST "/wechat/payment/notify" for 140.207.54.73 at 2016-10-11 18:48:13 +0800
Cannot render console from 140.207.54.73! Allowed networks: 192.168.0.0/192.168.255.255, 127.0.0.0/127.255.255.255, ::1
Processing by Wechat::PaymentController#notify as */*
  [1m[36mPaymentRecord Load (0.6ms)[0m  [1mSELECT  `payment_records`.* FROM `payment_records` WHERE `payment_records`.`order_no` = '112233446' AND `payment_records`.`status` = 'success' LIMIT 1[0m
  [1m[35m (0.2ms)[0m  BEGIN
  [1m[36mSQL (0.5ms)[0m  [1mINSERT INTO `payment_records` (`open_id`, `app_name`, `order_no`, `payment_method`, `status`, `total_money`, `payment_response`, `created_at`, `updated_at`) VALUES ('oMZZkwyFG5sAx-d4PMQ6Lq1xisHE', '蛋人网', '112233446', 'WECHAT', 'success', 1.0, '{\"appid\":\"wxa05b67eb1b532c44\",\"attach\":\"蛋人网\",\"bank_type\":\"CCB_DEBIT\",\"cash_fee\":\"100\",\"device_info\":\"WEB\",\"fee_type\":\"CNY\",\"is_subscribe\":\"Y\",\"mch_id\":\"1397730302\",\"nonce_str\":\"w1gqv7u4pitp0y4a\",\"openid\":\"oMZZkwyFG5sAx-d4PMQ6Lq1xisHE\",\"out_trade_no\":\"112233446\",\"result_code\":\"SUCCESS\",\"return_code\":\"SUCCESS\",\"sign\":\"85C6612747006B3582D794CA26CD7ACE\",\"time_end\":\"20161011171353\",\"total_fee\":\"100\",\"trade_type\":\"JSAPI\",\"transaction_id\":\"4005392001201610116405008125\"}', '2016-10-11 10:48:13', '2016-10-11 10:48:13')[0m
  [1m[35m (1.6ms)[0m  COMMIT
WECHAT PAYMENT NOTIFY AND PAYMENT SUCCESS: {"controller"=>"wechat/payment", "action"=>"notify"}, body: {"appid"=>"wxa05b67eb1b532c44", "attach"=>"蛋人网", "bank_type"=>"CCB_DEBIT", "cash_fee"=>"100", "device_info"=>"WEB", "fee_type"=>"CNY", "is_subscribe"=>"Y", "mch_id"=>"1397730302", "nonce_str"=>"w1gqv7u4pitp0y4a", "openid"=>"oMZZkwyFG5sAx-d4PMQ6Lq1xisHE", "out_trade_no"=>"112233446", "result_code"=>"SUCCESS", "return_code"=>"SUCCESS", "sign"=>"85C6612747006B3582D794CA26CD7ACE", "time_end"=>"20161011171353", "total_fee"=>"100", "trade_type"=>"JSAPI", "transaction_id"=>"4005392001201610116405008125"}
  Rendered text template (0.0ms)
Completed 200 OK in 18ms (Views: 6.0ms | ActiveRecord: 2.9ms)


Started GET "/wechat/payment/?key=9eyjdxpbqupgvv6nza85b2oesv9a4h7v5fhzwpxqkm8o945i&app=eggman&body=year_product&out_trade_no=1122334477&total_fee=0.1&product_id=year&openid=oMZZkwyFG5sAx-d4PMQ6Lq1xisHE" for 123.161.110.115 at 2016-10-11 18:48:31 +0800
Cannot render console from 123.161.110.115! Allowed networks: 192.168.0.0/192.168.255.255, 127.0.0.0/127.255.255.255, ::1
Processing by Wechat::PaymentController#index as HTML
  Parameters: {"key"=>"9eyjdxpbqupgvv6nza85b2oesv9a4h7v5fhzwpxqkm8o945i", "app"=>"eggman", "body"=>"year_product", "out_trade_no"=>"1122334477", "total_fee"=>"0.1", "product_id"=>"year", "openid"=>"oMZZkwyFG5sAx-d4PMQ6Lq1xisHE"}
WECHAT PAYMENT CREATE ORDER: <xml><return_code><![CDATA[SUCCESS]]></return_code>
<return_msg><![CDATA[OK]]></return_msg>
<appid><![CDATA[wxa05b67eb1b532c44]]></appid>
<mch_id><![CDATA[1397730302]]></mch_id>
<device_info><![CDATA[WEB]]></device_info>
<nonce_str><![CDATA[7p2fI1eANPpO5xwD]]></nonce_str>
<sign><![CDATA[A17D7B2C2FC625274DE2107CE0FB0090]]></sign>
<result_code><![CDATA[SUCCESS]]></result_code>
<prepay_id><![CDATA[wx20161011184831413fc36ebf0816848556]]></prepay_id>
<trade_type><![CDATA[JSAPI]]></trade_type>
</xml>
  Rendered wechat/payment/index.html.erb (5.5ms)
Completed 200 OK in 493ms (Views: 9.3ms | ActiveRecord: 0.0ms)


Started POST "/wechat/payment/notify" for 101.226.103.61 at 2016-10-11 18:48:41 +0800
Cannot render console from 101.226.103.61! Allowed networks: 192.168.0.0/192.168.255.255, 127.0.0.0/127.255.255.255, ::1
Processing by Wechat::PaymentController#notify as */*
  [1m[36mPaymentRecord Load (1.8ms)[0m  [1mSELECT  `payment_records`.* FROM `payment_records` WHERE `payment_records`.`order_no` = '1122334477' AND `payment_records`.`status` = 'success' LIMIT 1[0m
  [1m[35m (0.2ms)[0m  BEGIN
  [1m[36mSQL (2.1ms)[0m  [1mINSERT INTO `payment_records` (`open_id`, `app_name`, `order_no`, `payment_method`, `status`, `total_money`, `payment_response`, `created_at`, `updated_at`) VALUES ('oMZZkwyFG5sAx-d4PMQ6Lq1xisHE', 'eggman', '1122334477', 'WECHAT', 'success', 0.1, '{\"appid\":\"wxa05b67eb1b532c44\",\"attach\":\"eggman\",\"bank_type\":\"CCB_DEBIT\",\"cash_fee\":\"10\",\"device_info\":\"WEB\",\"fee_type\":\"CNY\",\"is_subscribe\":\"Y\",\"mch_id\":\"1397730302\",\"nonce_str\":\"ktydsw0ec9acn2e2\",\"openid\":\"oMZZkwyFG5sAx-d4PMQ6Lq1xisHE\",\"out_trade_no\":\"1122334477\",\"result_code\":\"SUCCESS\",\"return_code\":\"SUCCESS\",\"sign\":\"91D66A8921CEAFA6A86BDF142E4DF122\",\"time_end\":\"20161011184840\",\"total_fee\":\"10\",\"trade_type\":\"JSAPI\",\"transaction_id\":\"4005392001201610116413473123\"}', '2016-10-11 10:48:41', '2016-10-11 10:48:41')[0m
  [1m[35m (0.4ms)[0m  COMMIT
WECHAT PAYMENT NOTIFY AND PAYMENT SUCCESS: {"controller"=>"wechat/payment", "action"=>"notify"}, body: {"appid"=>"wxa05b67eb1b532c44", "attach"=>"eggman", "bank_type"=>"CCB_DEBIT", "cash_fee"=>"10", "device_info"=>"WEB", "fee_type"=>"CNY", "is_subscribe"=>"Y", "mch_id"=>"1397730302", "nonce_str"=>"ktydsw0ec9acn2e2", "openid"=>"oMZZkwyFG5sAx-d4PMQ6Lq1xisHE", "out_trade_no"=>"1122334477", "result_code"=>"SUCCESS", "return_code"=>"SUCCESS", "sign"=>"91D66A8921CEAFA6A86BDF142E4DF122", "time_end"=>"20161011184840", "total_fee"=>"10", "trade_type"=>"JSAPI", "transaction_id"=>"4005392001201610116413473123"}
  Rendered text template (0.0ms)
Completed 200 OK in 11ms (Views: 0.4ms | ActiveRecord: 4.6ms)


Started GET "/wechat/payment/failed" for 123.161.110.115 at 2016-10-11 18:48:45 +0800
Cannot render console from 123.161.110.115! Allowed networks: 192.168.0.0/192.168.255.255, 127.0.0.0/127.255.255.255, ::1
Processing by Wechat::PaymentController#failed as HTML
  Rendered wechat/payment/failed.html.erb (0.4ms)
Completed 200 OK in 2ms (Views: 1.9ms | ActiveRecord: 0.0ms)


Started POST "/wechat/payment/notify" for 101.226.103.71 at 2016-10-11 18:48:46 +0800
Cannot render console from 101.226.103.71! Allowed networks: 192.168.0.0/192.168.255.255, 127.0.0.0/127.255.255.255, ::1
Processing by Wechat::PaymentController#notify as */*
  [1m[36mPaymentRecord Load (0.4ms)[0m  [1mSELECT  `payment_records`.* FROM `payment_records` WHERE `payment_records`.`order_no` = '1122334468' AND `payment_records`.`status` = 'success' LIMIT 1[0m
  [1m[35m (0.2ms)[0m  BEGIN
  [1m[36mSQL (2.1ms)[0m  [1mINSERT INTO `payment_records` (`open_id`, `app_name`, `order_no`, `payment_method`, `status`, `total_money`, `payment_response`, `created_at`, `updated_at`) VALUES ('oMZZkwyFG5sAx-d4PMQ6Lq1xisHE', 'eggman', '1122334468', 'WECHAT', 'success', 1.0, '{\"appid\":\"wxa05b67eb1b532c44\",\"attach\":\"eggman\",\"bank_type\":\"CCB_DEBIT\",\"cash_fee\":\"100\",\"device_info\":\"WEB\",\"fee_type\":\"CNY\",\"is_subscribe\":\"Y\",\"mch_id\":\"1397730302\",\"nonce_str\":\"2l47vydfzsirq11g\",\"openid\":\"oMZZkwyFG5sAx-d4PMQ6Lq1xisHE\",\"out_trade_no\":\"1122334468\",\"result_code\":\"SUCCESS\",\"return_code\":\"SUCCESS\",\"sign\":\"01287A5344247ED8E084946A1DF07FA8\",\"time_end\":\"20161011181437\",\"total_fee\":\"100\",\"trade_type\":\"JSAPI\",\"transaction_id\":\"4005392001201610116409787532\"}', '2016-10-11 10:48:46', '2016-10-11 10:48:46')[0m
  [1m[35m (0.4ms)[0m  COMMIT
WECHAT PAYMENT NOTIFY AND PAYMENT SUCCESS: {"controller"=>"wechat/payment", "action"=>"notify"}, body: {"appid"=>"wxa05b67eb1b532c44", "attach"=>"eggman", "bank_type"=>"CCB_DEBIT", "cash_fee"=>"100", "device_info"=>"WEB", "fee_type"=>"CNY", "is_subscribe"=>"Y", "mch_id"=>"1397730302", "nonce_str"=>"2l47vydfzsirq11g", "openid"=>"oMZZkwyFG5sAx-d4PMQ6Lq1xisHE", "out_trade_no"=>"1122334468", "result_code"=>"SUCCESS", "return_code"=>"SUCCESS", "sign"=>"01287A5344247ED8E084946A1DF07FA8", "time_end"=>"20161011181437", "total_fee"=>"100", "trade_type"=>"JSAPI", "transaction_id"=>"4005392001201610116409787532"}
  Rendered text template (0.0ms)
Completed 200 OK in 8ms (Views: 0.5ms | ActiveRecord: 3.2ms)


Started POST "/wechat/payment/notify" for 101.226.103.70 at 2016-10-11 18:48:54 +0800
Cannot render console from 101.226.103.70! Allowed networks: 192.168.0.0/192.168.255.255, 127.0.0.0/127.255.255.255, ::1
Processing by Wechat::PaymentController#notify as */*
  [1m[36mPaymentRecord Load (0.5ms)[0m  [1mSELECT  `payment_records`.* FROM `payment_records` WHERE `payment_records`.`order_no` = '1122334477' AND `payment_records`.`status` = 'success' LIMIT 1[0m
WECHAT PAYMENT NOTIFY AND PAYMENT SUCCESS: {"controller"=>"wechat/payment", "action"=>"notify"}, body: {"appid"=>"wxa05b67eb1b532c44", "attach"=>"eggman", "bank_type"=>"CCB_DEBIT", "cash_fee"=>"10", "device_info"=>"WEB", "fee_type"=>"CNY", "is_subscribe"=>"Y", "mch_id"=>"1397730302", "nonce_str"=>"ktydsw0ec9acn2e2", "openid"=>"oMZZkwyFG5sAx-d4PMQ6Lq1xisHE", "out_trade_no"=>"1122334477", "result_code"=>"SUCCESS", "return_code"=>"SUCCESS", "sign"=>"91D66A8921CEAFA6A86BDF142E4DF122", "time_end"=>"20161011184840", "total_fee"=>"10", "trade_type"=>"JSAPI", "transaction_id"=>"4005392001201610116413473123"}
  Rendered text template (0.0ms)
Completed 200 OK in 2ms (Views: 0.5ms | ActiveRecord: 0.5ms)


Started POST "/wechat/payment/notify" for 101.226.103.61 at 2016-10-11 18:49:10 +0800
Cannot render console from 101.226.103.61! Allowed networks: 192.168.0.0/192.168.255.255, 127.0.0.0/127.255.255.255, ::1
Processing by Wechat::PaymentController#notify as */*
  [1m[35mPaymentRecord Load (0.5ms)[0m  SELECT  `payment_records`.* FROM `payment_records` WHERE `payment_records`.`order_no` = '1122334477' AND `payment_records`.`status` = 'success' LIMIT 1
WECHAT PAYMENT NOTIFY AND PAYMENT SUCCESS: {"controller"=>"wechat/payment", "action"=>"notify"}, body: {"appid"=>"wxa05b67eb1b532c44", "attach"=>"eggman", "bank_type"=>"CCB_DEBIT", "cash_fee"=>"10", "device_info"=>"WEB", "fee_type"=>"CNY", "is_subscribe"=>"Y", "mch_id"=>"1397730302", "nonce_str"=>"ktydsw0ec9acn2e2", "openid"=>"oMZZkwyFG5sAx-d4PMQ6Lq1xisHE", "out_trade_no"=>"1122334477", "result_code"=>"SUCCESS", "return_code"=>"SUCCESS", "sign"=>"91D66A8921CEAFA6A86BDF142E4DF122", "time_end"=>"20161011184840", "total_fee"=>"10", "trade_type"=>"JSAPI", "transaction_id"=>"4005392001201610116413473123"}
  Rendered text template (0.0ms)
Completed 200 OK in 2ms (Views: 0.4ms | ActiveRecord: 0.5ms)


Started POST "/wechat/payment/notify" for 101.226.103.63 at 2016-10-11 18:49:42 +0800
Cannot render console from 101.226.103.63! Allowed networks: 192.168.0.0/192.168.255.255, 127.0.0.0/127.255.255.255, ::1
Processing by Wechat::PaymentController#notify as */*
  [1m[36mPaymentRecord Load (0.6ms)[0m  [1mSELECT  `payment_records`.* FROM `payment_records` WHERE `payment_records`.`order_no` = '1122334477' AND `payment_records`.`status` = 'success' LIMIT 1[0m
WECHAT PAYMENT NOTIFY AND PAYMENT SUCCESS: {"controller"=>"wechat/payment", "action"=>"notify"}, body: {"appid"=>"wxa05b67eb1b532c44", "attach"=>"eggman", "bank_type"=>"CCB_DEBIT", "cash_fee"=>"10", "device_info"=>"WEB", "fee_type"=>"CNY", "is_subscribe"=>"Y", "mch_id"=>"1397730302", "nonce_str"=>"ktydsw0ec9acn2e2", "openid"=>"oMZZkwyFG5sAx-d4PMQ6Lq1xisHE", "out_trade_no"=>"1122334477", "result_code"=>"SUCCESS", "return_code"=>"SUCCESS", "sign"=>"91D66A8921CEAFA6A86BDF142E4DF122", "time_end"=>"20161011184840", "total_fee"=>"10", "trade_type"=>"JSAPI", "transaction_id"=>"4005392001201610116413473123"}
  Rendered text template (0.0ms)
Completed 200 OK in 3ms (Views: 0.5ms | ActiveRecord: 0.6ms)


Started GET "/wechat/payment/?key=9eyjdxpbqupgvv6nza85b2oesv9a4h7v5fhzwpxqkm8o945i&app=eggman&body=year_product&out_trade_no=1122334478&total_fee=0.1&product_id=year&openid=oMZZkwyFG5sAx-d4PMQ6Lq1xisHE" for 123.161.110.115 at 2016-10-11 18:51:00 +0800
Cannot render console from 123.161.110.115! Allowed networks: 192.168.0.0/192.168.255.255, 127.0.0.0/127.255.255.255, ::1
Processing by Wechat::PaymentController#index as HTML
  Parameters: {"key"=>"9eyjdxpbqupgvv6nza85b2oesv9a4h7v5fhzwpxqkm8o945i", "app"=>"eggman", "body"=>"year_product", "out_trade_no"=>"1122334478", "total_fee"=>"0.1", "product_id"=>"year", "openid"=>"oMZZkwyFG5sAx-d4PMQ6Lq1xisHE"}
WECHAT PAYMENT CREATE ORDER: <xml><return_code><![CDATA[SUCCESS]]></return_code>
<return_msg><![CDATA[OK]]></return_msg>
<appid><![CDATA[wxa05b67eb1b532c44]]></appid>
<mch_id><![CDATA[1397730302]]></mch_id>
<device_info><![CDATA[WEB]]></device_info>
<nonce_str><![CDATA[8veNTw5L0sli5fY7]]></nonce_str>
<sign><![CDATA[204E73E7D1932DA412431F5AAF83B8AC]]></sign>
<result_code><![CDATA[SUCCESS]]></result_code>
<prepay_id><![CDATA[wx2016101118510025c75a5e8e0154876725]]></prepay_id>
<trade_type><![CDATA[JSAPI]]></trade_type>
</xml>
  Rendered wechat/payment/index.html.erb (1.1ms)
Completed 200 OK in 519ms (Views: 3.4ms | ActiveRecord: 0.0ms)


Started POST "/wechat/payment/notify" for 140.207.54.75 at 2016-10-11 18:51:12 +0800
Cannot render console from 140.207.54.75! Allowed networks: 192.168.0.0/192.168.255.255, 127.0.0.0/127.255.255.255, ::1
Processing by Wechat::PaymentController#notify as */*
  [1m[35mPaymentRecord Load (0.5ms)[0m  SELECT  `payment_records`.* FROM `payment_records` WHERE `payment_records`.`order_no` = '1122334478' AND `payment_records`.`status` = 'success' LIMIT 1
  [1m[36m (0.3ms)[0m  [1mBEGIN[0m
  [1m[35mSQL (2.7ms)[0m  INSERT INTO `payment_records` (`open_id`, `app_name`, `order_no`, `payment_method`, `status`, `total_money`, `payment_response`, `created_at`, `updated_at`) VALUES ('oMZZkwyFG5sAx-d4PMQ6Lq1xisHE', 'eggman', '1122334478', 'WECHAT', 'success', 0.1, '{\"appid\":\"wxa05b67eb1b532c44\",\"attach\":\"eggman\",\"bank_type\":\"CCB_DEBIT\",\"cash_fee\":\"10\",\"device_info\":\"WEB\",\"fee_type\":\"CNY\",\"is_subscribe\":\"Y\",\"mch_id\":\"1397730302\",\"nonce_str\":\"89rqpyon4xukjbx0\",\"openid\":\"oMZZkwyFG5sAx-d4PMQ6Lq1xisHE\",\"out_trade_no\":\"1122334478\",\"result_code\":\"SUCCESS\",\"return_code\":\"SUCCESS\",\"sign\":\"ABB453D997D9896C5E1F45DEA8F298E4\",\"time_end\":\"20161011185111\",\"total_fee\":\"10\",\"trade_type\":\"JSAPI\",\"transaction_id\":\"4005392001201610116415202268\"}', '2016-10-11 10:51:12', '2016-10-11 10:51:12')
  [1m[36m (1.2ms)[0m  [1mCOMMIT[0m
WECHAT PAYMENT NOTIFY AND PAYMENT SUCCESS: {"controller"=>"wechat/payment", "action"=>"notify"}, body: {"appid"=>"wxa05b67eb1b532c44", "attach"=>"eggman", "bank_type"=>"CCB_DEBIT", "cash_fee"=>"10", "device_info"=>"WEB", "fee_type"=>"CNY", "is_subscribe"=>"Y", "mch_id"=>"1397730302", "nonce_str"=>"89rqpyon4xukjbx0", "openid"=>"oMZZkwyFG5sAx-d4PMQ6Lq1xisHE", "out_trade_no"=>"1122334478", "result_code"=>"SUCCESS", "return_code"=>"SUCCESS", "sign"=>"ABB453D997D9896C5E1F45DEA8F298E4", "time_end"=>"20161011185111", "total_fee"=>"10", "trade_type"=>"JSAPI", "transaction_id"=>"4005392001201610116415202268"}
  Rendered text template (0.0ms)
Completed 200 OK in 30ms (Views: 0.4ms | ActiveRecord: 10.3ms)


Started GET "/wechat/payment/check_payment?tid=1122334478&1476183075000" for 123.161.110.115 at 2016-10-11 18:51:15 +0800
Cannot render console from 123.161.110.115! Allowed networks: 192.168.0.0/192.168.255.255, 127.0.0.0/127.255.255.255, ::1
Processing by Wechat::PaymentController#check_payment as HTML
  Parameters: {"tid"=>"1122334478", "1476183075000"=>nil}
  [1m[35mPaymentRecord Load (0.5ms)[0m  SELECT  `payment_records`.* FROM `payment_records` WHERE `payment_records`.`order_no` = '1122334478' AND `payment_records`.`status` = 'success'  ORDER BY `payment_records`.`id` ASC LIMIT 1
Redirected to http://localhost:6001/wechat/payment_callback?order_no=1122334478&payment_record_id=9&status=ok
Completed 302 Found in 3ms (ActiveRecord: 0.5ms)


Started POST "/wechat/payment/notify" for 101.226.103.71 at 2016-10-11 18:51:25 +0800
Cannot render console from 101.226.103.71! Allowed networks: 192.168.0.0/192.168.255.255, 127.0.0.0/127.255.255.255, ::1
Processing by Wechat::PaymentController#notify as */*
  [1m[36mPaymentRecord Load (0.5ms)[0m  [1mSELECT  `payment_records`.* FROM `payment_records` WHERE `payment_records`.`order_no` = '1122334478' AND `payment_records`.`status` = 'success' LIMIT 1[0m
WECHAT PAYMENT NOTIFY AND PAYMENT SUCCESS: {"controller"=>"wechat/payment", "action"=>"notify"}, body: {"appid"=>"wxa05b67eb1b532c44", "attach"=>"eggman", "bank_type"=>"CCB_DEBIT", "cash_fee"=>"10", "device_info"=>"WEB", "fee_type"=>"CNY", "is_subscribe"=>"Y", "mch_id"=>"1397730302", "nonce_str"=>"89rqpyon4xukjbx0", "openid"=>"oMZZkwyFG5sAx-d4PMQ6Lq1xisHE", "out_trade_no"=>"1122334478", "result_code"=>"SUCCESS", "return_code"=>"SUCCESS", "sign"=>"ABB453D997D9896C5E1F45DEA8F298E4", "time_end"=>"20161011185111", "total_fee"=>"10", "trade_type"=>"JSAPI", "transaction_id"=>"4005392001201610116415202268"}
  Rendered text template (0.0ms)
Completed 200 OK in 2ms (Views: 0.3ms | ActiveRecord: 0.5ms)


Started GET "/wechat/payment/?key=9eyjdxpbqupgvv6nza85b2oesv9a4h7v5fhzwpxqkm8o945i&app=eggman&body=year_product&out_trade_no=1122334477&total_fee=0.1&product_id=year&openid=oMZZkwyFG5sAx-d4PMQ6Lq1xisHE" for 101.226.89.117 at 2016-10-11 18:51:37 +0800
Cannot render console from 101.226.89.117! Allowed networks: 192.168.0.0/192.168.255.255, 127.0.0.0/127.255.255.255, ::1
Processing by Wechat::PaymentController#index as */*
  Parameters: {"key"=>"9eyjdxpbqupgvv6nza85b2oesv9a4h7v5fhzwpxqkm8o945i", "app"=>"eggman", "body"=>"year_product", "out_trade_no"=>"1122334477", "total_fee"=>"0.1", "product_id"=>"year", "openid"=>"oMZZkwyFG5sAx-d4PMQ6Lq1xisHE"}
WECHAT PAYMENT CREATE ORDER: <xml><return_code><![CDATA[SUCCESS]]></return_code>
<return_msg><![CDATA[OK]]></return_msg>
<appid><![CDATA[wxa05b67eb1b532c44]]></appid>
<mch_id><![CDATA[1397730302]]></mch_id>
<device_info><![CDATA[WEB]]></device_info>
<nonce_str><![CDATA[y4JNW3Rbv2uy1ykp]]></nonce_str>
<sign><![CDATA[4BBAD950A08F20EA5D8507FFBDA1A009]]></sign>
<result_code><![CDATA[FAIL]]></result_code>
<err_code><![CDATA[ORDERPAID]]></err_code>
<err_code_des><![CDATA[该订单已支付]]></err_code_des>
</xml>
  Rendered text template (0.1ms)
Completed 200 OK in 419ms (Views: 1.8ms | ActiveRecord: 0.0ms)


Started POST "/wechat/payment/notify" for 101.226.103.71 at 2016-10-11 18:51:42 +0800
Cannot render console from 101.226.103.71! Allowed networks: 192.168.0.0/192.168.255.255, 127.0.0.0/127.255.255.255, ::1
Processing by Wechat::PaymentController#notify as */*
  [1m[35mPaymentRecord Load (0.5ms)[0m  SELECT  `payment_records`.* FROM `payment_records` WHERE `payment_records`.`order_no` = '1122334478' AND `payment_records`.`status` = 'success' LIMIT 1
WECHAT PAYMENT NOTIFY AND PAYMENT SUCCESS: {"controller"=>"wechat/payment", "action"=>"notify"}, body: {"appid"=>"wxa05b67eb1b532c44", "attach"=>"eggman", "bank_type"=>"CCB_DEBIT", "cash_fee"=>"10", "device_info"=>"WEB", "fee_type"=>"CNY", "is_subscribe"=>"Y", "mch_id"=>"1397730302", "nonce_str"=>"89rqpyon4xukjbx0", "openid"=>"oMZZkwyFG5sAx-d4PMQ6Lq1xisHE", "out_trade_no"=>"1122334478", "result_code"=>"SUCCESS", "return_code"=>"SUCCESS", "sign"=>"ABB453D997D9896C5E1F45DEA8F298E4", "time_end"=>"20161011185111", "total_fee"=>"10", "trade_type"=>"JSAPI", "transaction_id"=>"4005392001201610116415202268"}
  Rendered text template (0.0ms)
Completed 200 OK in 2ms (Views: 0.3ms | ActiveRecord: 0.5ms)


Started POST "/wechat/payment/notify" for 140.207.54.73 at 2016-10-11 18:52:08 +0800
Cannot render console from 140.207.54.73! Allowed networks: 192.168.0.0/192.168.255.255, 127.0.0.0/127.255.255.255, ::1
Processing by Wechat::PaymentController#notify as */*
  [1m[36mPaymentRecord Load (0.5ms)[0m  [1mSELECT  `payment_records`.* FROM `payment_records` WHERE `payment_records`.`order_no` = '1122334469' AND `payment_records`.`status` = 'success' LIMIT 1[0m
  [1m[35m (0.2ms)[0m  BEGIN
  [1m[36mSQL (0.4ms)[0m  [1mINSERT INTO `payment_records` (`open_id`, `app_name`, `order_no`, `payment_method`, `status`, `total_money`, `payment_response`, `created_at`, `updated_at`) VALUES ('oMZZkwyFG5sAx-d4PMQ6Lq1xisHE', 'eggman', '1122334469', 'WECHAT', 'success', 1.0, '{\"appid\":\"wxa05b67eb1b532c44\",\"attach\":\"eggman\",\"bank_type\":\"CCB_DEBIT\",\"cash_fee\":\"100\",\"device_info\":\"WEB\",\"fee_type\":\"CNY\",\"is_subscribe\":\"Y\",\"mch_id\":\"1397730302\",\"nonce_str\":\"ri61v56ljlohy06j\",\"openid\":\"oMZZkwyFG5sAx-d4PMQ6Lq1xisHE\",\"out_trade_no\":\"1122334469\",\"result_code\":\"SUCCESS\",\"return_code\":\"SUCCESS\",\"sign\":\"4D718464431FD4829F55C972B8816280\",\"time_end\":\"20161011181747\",\"total_fee\":\"100\",\"trade_type\":\"JSAPI\",\"transaction_id\":\"4005392001201610116411481765\"}', '2016-10-11 10:52:08', '2016-10-11 10:52:08')[0m
  [1m[35m (1.3ms)[0m  COMMIT
WECHAT PAYMENT NOTIFY AND PAYMENT SUCCESS: {"controller"=>"wechat/payment", "action"=>"notify"}, body: {"appid"=>"wxa05b67eb1b532c44", "attach"=>"eggman", "bank_type"=>"CCB_DEBIT", "cash_fee"=>"100", "device_info"=>"WEB", "fee_type"=>"CNY", "is_subscribe"=>"Y", "mch_id"=>"1397730302", "nonce_str"=>"ri61v56ljlohy06j", "openid"=>"oMZZkwyFG5sAx-d4PMQ6Lq1xisHE", "out_trade_no"=>"1122334469", "result_code"=>"SUCCESS", "return_code"=>"SUCCESS", "sign"=>"4D718464431FD4829F55C972B8816280", "time_end"=>"20161011181747", "total_fee"=>"100", "trade_type"=>"JSAPI", "transaction_id"=>"4005392001201610116411481765"}
  Rendered text template (0.0ms)
Completed 200 OK in 7ms (Views: 0.4ms | ActiveRecord: 2.4ms)


Started POST "/wechat/payment/notify" for 140.207.54.75 at 2016-10-11 18:52:13 +0800
Cannot render console from 140.207.54.75! Allowed networks: 192.168.0.0/192.168.255.255, 127.0.0.0/127.255.255.255, ::1
Processing by Wechat::PaymentController#notify as */*
  [1m[36mPaymentRecord Load (0.5ms)[0m  [1mSELECT  `payment_records`.* FROM `payment_records` WHERE `payment_records`.`order_no` = '1122334478' AND `payment_records`.`status` = 'success' LIMIT 1[0m
WECHAT PAYMENT NOTIFY AND PAYMENT SUCCESS: {"controller"=>"wechat/payment", "action"=>"notify"}, body: {"appid"=>"wxa05b67eb1b532c44", "attach"=>"eggman", "bank_type"=>"CCB_DEBIT", "cash_fee"=>"10", "device_info"=>"WEB", "fee_type"=>"CNY", "is_subscribe"=>"Y", "mch_id"=>"1397730302", "nonce_str"=>"89rqpyon4xukjbx0", "openid"=>"oMZZkwyFG5sAx-d4PMQ6Lq1xisHE", "out_trade_no"=>"1122334478", "result_code"=>"SUCCESS", "return_code"=>"SUCCESS", "sign"=>"ABB453D997D9896C5E1F45DEA8F298E4", "time_end"=>"20161011185111", "total_fee"=>"10", "trade_type"=>"JSAPI", "transaction_id"=>"4005392001201610116415202268"}
  Rendered text template (0.0ms)
Completed 200 OK in 2ms (Views: 0.3ms | ActiveRecord: 0.5ms)


Started POST "/wechat/payment/notify" for 140.207.54.73 at 2016-10-11 18:52:47 +0800
Cannot render console from 140.207.54.73! Allowed networks: 192.168.0.0/192.168.255.255, 127.0.0.0/127.255.255.255, ::1
Processing by Wechat::PaymentController#notify as */*
  [1m[35mPaymentRecord Load (0.5ms)[0m  SELECT  `payment_records`.* FROM `payment_records` WHERE `payment_records`.`order_no` = '1122334477' AND `payment_records`.`status` = 'success' LIMIT 1
WECHAT PAYMENT NOTIFY AND PAYMENT SUCCESS: {"controller"=>"wechat/payment", "action"=>"notify"}, body: {"appid"=>"wxa05b67eb1b532c44", "attach"=>"eggman", "bank_type"=>"CCB_DEBIT", "cash_fee"=>"10", "device_info"=>"WEB", "fee_type"=>"CNY", "is_subscribe"=>"Y", "mch_id"=>"1397730302", "nonce_str"=>"ktydsw0ec9acn2e2", "openid"=>"oMZZkwyFG5sAx-d4PMQ6Lq1xisHE", "out_trade_no"=>"1122334477", "result_code"=>"SUCCESS", "return_code"=>"SUCCESS", "sign"=>"91D66A8921CEAFA6A86BDF142E4DF122", "time_end"=>"20161011184840", "total_fee"=>"10", "trade_type"=>"JSAPI", "transaction_id"=>"4005392001201610116413473123"}
  Rendered text template (0.0ms)
Completed 200 OK in 2ms (Views: 0.3ms | ActiveRecord: 0.5ms)


Started POST "/wechat/payment/notify" for 101.226.103.61 at 2016-10-11 18:53:59 +0800
Cannot render console from 101.226.103.61! Allowed networks: 192.168.0.0/192.168.255.255, 127.0.0.0/127.255.255.255, ::1
Processing by Wechat::PaymentController#notify as */*
  [1m[36mPaymentRecord Load (0.6ms)[0m  [1mSELECT  `payment_records`.* FROM `payment_records` WHERE `payment_records`.`order_no` = '1122334471' AND `payment_records`.`status` = 'success' LIMIT 1[0m
  [1m[35m (0.2ms)[0m  BEGIN
  [1m[36mSQL (2.3ms)[0m  [1mINSERT INTO `payment_records` (`open_id`, `app_name`, `order_no`, `payment_method`, `status`, `total_money`, `payment_response`, `created_at`, `updated_at`) VALUES ('oMZZkwyFG5sAx-d4PMQ6Lq1xisHE', 'eggman', '1122334471', 'WECHAT', 'success', 0.1, '{\"appid\":\"wxa05b67eb1b532c44\",\"attach\":\"eggman\",\"bank_type\":\"CCB_DEBIT\",\"cash_fee\":\"10\",\"device_info\":\"WEB\",\"fee_type\":\"CNY\",\"is_subscribe\":\"Y\",\"mch_id\":\"1397730302\",\"nonce_str\":\"wszjdv4b37e1htdd\",\"openid\":\"oMZZkwyFG5sAx-d4PMQ6Lq1xisHE\",\"out_trade_no\":\"1122334471\",\"result_code\":\"SUCCESS\",\"return_code\":\"SUCCESS\",\"sign\":\"9226DA7AA5B268A4C3E8A59678A0F4F4\",\"time_end\":\"20161011181943\",\"total_fee\":\"10\",\"trade_type\":\"JSAPI\",\"transaction_id\":\"4005392001201610116410092419\"}', '2016-10-11 10:53:59', '2016-10-11 10:53:59')[0m
  [1m[35m (0.9ms)[0m  COMMIT
WECHAT PAYMENT NOTIFY AND PAYMENT SUCCESS: {"controller"=>"wechat/payment", "action"=>"notify"}, body: {"appid"=>"wxa05b67eb1b532c44", "attach"=>"eggman", "bank_type"=>"CCB_DEBIT", "cash_fee"=>"10", "device_info"=>"WEB", "fee_type"=>"CNY", "is_subscribe"=>"Y", "mch_id"=>"1397730302", "nonce_str"=>"wszjdv4b37e1htdd", "openid"=>"oMZZkwyFG5sAx-d4PMQ6Lq1xisHE", "out_trade_no"=>"1122334471", "result_code"=>"SUCCESS", "return_code"=>"SUCCESS", "sign"=>"9226DA7AA5B268A4C3E8A59678A0F4F4", "time_end"=>"20161011181943", "total_fee"=>"10", "trade_type"=>"JSAPI", "transaction_id"=>"4005392001201610116410092419"}
  Rendered text template (0.0ms)
Completed 200 OK in 7ms (Views: 0.4ms | ActiveRecord: 4.0ms)


Started GET "/wechat/payment/?key=9eyjdxpbqupgvv6nza85b2oesv9a4h7v5fhzwpxqkm8o945i&app=eggman&body=year_product&out_trade_no=1122334478&total_fee=0.1&product_id=year&openid=oMZZkwyFG5sAx-d4PMQ6Lq1xisHE" for 101.226.99.195 at 2016-10-11 18:53:59 +0800
Cannot render console from 101.226.99.195! Allowed networks: 192.168.0.0/192.168.255.255, 127.0.0.0/127.255.255.255, ::1
Processing by Wechat::PaymentController#index as */*
  Parameters: {"key"=>"9eyjdxpbqupgvv6nza85b2oesv9a4h7v5fhzwpxqkm8o945i", "app"=>"eggman", "body"=>"year_product", "out_trade_no"=>"1122334478", "total_fee"=>"0.1", "product_id"=>"year", "openid"=>"oMZZkwyFG5sAx-d4PMQ6Lq1xisHE"}
WECHAT PAYMENT CREATE ORDER: <xml><return_code><![CDATA[SUCCESS]]></return_code>
<return_msg><![CDATA[OK]]></return_msg>
<appid><![CDATA[wxa05b67eb1b532c44]]></appid>
<mch_id><![CDATA[1397730302]]></mch_id>
<device_info><![CDATA[WEB]]></device_info>
<nonce_str><![CDATA[yTMHalnNaMIFAxFF]]></nonce_str>
<sign><![CDATA[4FD531B1A3A729746F336BB38A0B99A3]]></sign>
<result_code><![CDATA[FAIL]]></result_code>
<err_code><![CDATA[ORDERPAID]]></err_code>
<err_code_des><![CDATA[该订单已支付]]></err_code_des>
</xml>
  Rendered text template (0.0ms)
Completed 200 OK in 710ms (Views: 0.5ms | ActiveRecord: 0.0ms)


Started GET "/wechat/payment/failed" for 123.161.110.115 at 2016-10-11 18:54:05 +0800
Cannot render console from 123.161.110.115! Allowed networks: 192.168.0.0/192.168.255.255, 127.0.0.0/127.255.255.255, ::1
Processing by Wechat::PaymentController#failed as HTML
  Rendered wechat/payment/failed.html.erb (1.4ms)
Completed 200 OK in 4ms (Views: 2.8ms | ActiveRecord: 0.0ms)


Started GET "/wechat/payment/check_payment?tid=1122334478&1476183075000" for 101.226.66.172 at 2016-10-11 18:54:25 +0800
Cannot render console from 101.226.66.172! Allowed networks: 192.168.0.0/192.168.255.255, 127.0.0.0/127.255.255.255, ::1
Processing by Wechat::PaymentController#check_payment as */*
  Parameters: {"tid"=>"1122334478", "1476183075000"=>nil}
  [1m[36mPaymentRecord Load (0.4ms)[0m  [1mSELECT  `payment_records`.* FROM `payment_records` WHERE `payment_records`.`order_no` = '1122334478' AND `payment_records`.`status` = 'success'  ORDER BY `payment_records`.`id` ASC LIMIT 1[0m
Redirected to http://localhost:6001/wechat/payment_callback?order_no=1122334478&payment_record_id=9&status=ok
Completed 302 Found in 12ms (ActiveRecord: 2.9ms)


Started POST "/wechat/payment/notify" for 140.207.54.75 at 2016-10-11 18:54:52 +0800
Cannot render console from 140.207.54.75! Allowed networks: 192.168.0.0/192.168.255.255, 127.0.0.0/127.255.255.255, ::1
Processing by Wechat::PaymentController#notify as */*
  [1m[35mPaymentRecord Load (0.4ms)[0m  SELECT  `payment_records`.* FROM `payment_records` WHERE `payment_records`.`order_no` = '1122334472' AND `payment_records`.`status` = 'success' LIMIT 1
  [1m[36m (0.2ms)[0m  [1mBEGIN[0m
  [1m[35mSQL (2.4ms)[0m  INSERT INTO `payment_records` (`open_id`, `app_name`, `order_no`, `payment_method`, `status`, `total_money`, `payment_response`, `created_at`, `updated_at`) VALUES ('oMZZkwyFG5sAx-d4PMQ6Lq1xisHE', 'eggman', '1122334472', 'WECHAT', 'success', 0.1, '{\"appid\":\"wxa05b67eb1b532c44\",\"attach\":\"eggman\",\"bank_type\":\"CCB_DEBIT\",\"cash_fee\":\"10\",\"device_info\":\"WEB\",\"fee_type\":\"CNY\",\"is_subscribe\":\"Y\",\"mch_id\":\"1397730302\",\"nonce_str\":\"fxn3mdjv0ta4h6yy\",\"openid\":\"oMZZkwyFG5sAx-d4PMQ6Lq1xisHE\",\"out_trade_no\":\"1122334472\",\"result_code\":\"SUCCESS\",\"return_code\":\"SUCCESS\",\"sign\":\"041FD92E5F71CEDD1346CBAC818693C0\",\"time_end\":\"20161011182036\",\"total_fee\":\"10\",\"trade_type\":\"JSAPI\",\"transaction_id\":\"4005392001201610116411647507\"}', '2016-10-11 10:54:52', '2016-10-11 10:54:52')
  [1m[36m (0.8ms)[0m  [1mCOMMIT[0m
WECHAT PAYMENT NOTIFY AND PAYMENT SUCCESS: {"controller"=>"wechat/payment", "action"=>"notify"}, body: {"appid"=>"wxa05b67eb1b532c44", "attach"=>"eggman", "bank_type"=>"CCB_DEBIT", "cash_fee"=>"10", "device_info"=>"WEB", "fee_type"=>"CNY", "is_subscribe"=>"Y", "mch_id"=>"1397730302", "nonce_str"=>"fxn3mdjv0ta4h6yy", "openid"=>"oMZZkwyFG5sAx-d4PMQ6Lq1xisHE", "out_trade_no"=>"1122334472", "result_code"=>"SUCCESS", "return_code"=>"SUCCESS", "sign"=>"041FD92E5F71CEDD1346CBAC818693C0", "time_end"=>"20161011182036", "total_fee"=>"10", "trade_type"=>"JSAPI", "transaction_id"=>"4005392001201610116411647507"}
  Rendered text template (0.0ms)
Completed 200 OK in 28ms (Views: 0.6ms | ActiveRecord: 9.4ms)


Started POST "/wechat/payment/notify" for 101.226.103.71 at 2016-10-11 18:55:14 +0800
Cannot render console from 101.226.103.71! Allowed networks: 192.168.0.0/192.168.255.255, 127.0.0.0/127.255.255.255, ::1
Processing by Wechat::PaymentController#notify as */*
  [1m[35mPaymentRecord Load (0.5ms)[0m  SELECT  `payment_records`.* FROM `payment_records` WHERE `payment_records`.`order_no` = '1122334478' AND `payment_records`.`status` = 'success' LIMIT 1
WECHAT PAYMENT NOTIFY AND PAYMENT SUCCESS: {"controller"=>"wechat/payment", "action"=>"notify"}, body: {"appid"=>"wxa05b67eb1b532c44", "attach"=>"eggman", "bank_type"=>"CCB_DEBIT", "cash_fee"=>"10", "device_info"=>"WEB", "fee_type"=>"CNY", "is_subscribe"=>"Y", "mch_id"=>"1397730302", "nonce_str"=>"89rqpyon4xukjbx0", "openid"=>"oMZZkwyFG5sAx-d4PMQ6Lq1xisHE", "out_trade_no"=>"1122334478", "result_code"=>"SUCCESS", "return_code"=>"SUCCESS", "sign"=>"ABB453D997D9896C5E1F45DEA8F298E4", "time_end"=>"20161011185111", "total_fee"=>"10", "trade_type"=>"JSAPI", "transaction_id"=>"4005392001201610116415202268"}
  Rendered text template (0.0ms)
Completed 200 OK in 13ms (Views: 0.6ms | ActiveRecord: 3.9ms)


Started GET "/wechat/payment/failed" for 123.161.110.115 at 2016-10-11 18:57:00 +0800
Cannot render console from 123.161.110.115! Allowed networks: 192.168.0.0/192.168.255.255, 127.0.0.0/127.255.255.255, ::1

ActionController::RoutingError (No route matches [GET] "/wechat/payment/failed"):
  actionpack (4.2.3) lib/action_dispatch/middleware/debug_exceptions.rb:21:in `call'
  web-console (2.3.0) lib/web_console/middleware.rb:20:in `block in call'
  web-console (2.3.0) lib/web_console/middleware.rb:18:in `catch'
  web-console (2.3.0) lib/web_console/middleware.rb:18:in `call'
  actionpack (4.2.3) lib/action_dispatch/middleware/show_exceptions.rb:30:in `call'
  railties (4.2.3) lib/rails/rack/logger.rb:38:in `call_app'
  railties (4.2.3) lib/rails/rack/logger.rb:20:in `block in call'
  activesupport (4.2.3) lib/active_support/tagged_logging.rb:68:in `block in tagged'
  activesupport (4.2.3) lib/active_support/tagged_logging.rb:26:in `tagged'
  activesupport (4.2.3) lib/active_support/tagged_logging.rb:68:in `tagged'
  railties (4.2.3) lib/rails/rack/logger.rb:20:in `call'
  actionpack (4.2.3) lib/action_dispatch/middleware/request_id.rb:21:in `call'
  rack (1.6.4) lib/rack/methodoverride.rb:22:in `call'
  rack (1.6.4) lib/rack/runtime.rb:18:in `call'
  activesupport (4.2.3) lib/active_support/cache/strategy/local_cache_middleware.rb:28:in `call'
  rack (1.6.4) lib/rack/lock.rb:17:in `call'
  actionpack (4.2.3) lib/action_dispatch/middleware/static.rb:116:in `call'
  rack (1.6.4) lib/rack/sendfile.rb:113:in `call'
  railties (4.2.3) lib/rails/engine.rb:518:in `call'
  railties (4.2.3) lib/rails/application.rb:165:in `call'
  rack (1.6.4) lib/rack/lock.rb:17:in `call'
  rack (1.6.4) lib/rack/content_length.rb:15:in `call'
  rack (1.6.4) lib/rack/handler/webrick.rb:88:in `service'
  /usr/local/rvm/rubies/ruby-2.2.2/lib/ruby/2.2.0/webrick/httpserver.rb:138:in `service'
  /usr/local/rvm/rubies/ruby-2.2.2/lib/ruby/2.2.0/webrick/httpserver.rb:94:in `run'
  /usr/local/rvm/rubies/ruby-2.2.2/lib/ruby/2.2.0/webrick/server.rb:294:in `block in start_thread'


  Rendered /usr/local/rvm/gems/ruby-2.2.2/gems/actionpack-4.2.3/lib/action_dispatch/middleware/templates/rescues/_trace.html.erb (1.8ms)
  Rendered /usr/local/rvm/gems/ruby-2.2.2/gems/actionpack-4.2.3/lib/action_dispatch/middleware/templates/routes/_route.html.erb (8.0ms)
  Rendered /usr/local/rvm/gems/ruby-2.2.2/gems/actionpack-4.2.3/lib/action_dispatch/middleware/templates/routes/_table.html.erb (17.2ms)
  Rendered /usr/local/rvm/gems/ruby-2.2.2/gems/actionpack-4.2.3/lib/action_dispatch/middleware/templates/rescues/_request_and_response.html.erb (1.7ms)
  Rendered /usr/local/rvm/gems/ruby-2.2.2/gems/actionpack-4.2.3/lib/action_dispatch/middleware/templates/rescues/routing_error.html.erb within rescues/layout (207.3ms)


Started GET "/wechat/payment/?key=9eyjdxpbqupgvv6nza85b2oesv9a4h7v5fhzwpxqkm8o945i&app=eggman&body=year_product&out_trade_no=1122334479&total_fee=0.1&product_id=year&openid=oMZZkwyFG5sAx-d4PMQ6Lq1xisHE" for 123.161.110.115 at 2016-10-11 18:58:01 +0800
Cannot render console from 123.161.110.115! Allowed networks: 192.168.0.0/192.168.255.255, 127.0.0.0/127.255.255.255, ::1
Processing by Wechat::PaymentController#index as HTML
  Parameters: {"key"=>"9eyjdxpbqupgvv6nza85b2oesv9a4h7v5fhzwpxqkm8o945i", "app"=>"eggman", "body"=>"year_product", "out_trade_no"=>"1122334479", "total_fee"=>"0.1", "product_id"=>"year", "openid"=>"oMZZkwyFG5sAx-d4PMQ6Lq1xisHE"}
WECHAT PAYMENT CREATE ORDER: <xml><return_code><![CDATA[SUCCESS]]></return_code>
<return_msg><![CDATA[OK]]></return_msg>
<appid><![CDATA[wxa05b67eb1b532c44]]></appid>
<mch_id><![CDATA[1397730302]]></mch_id>
<device_info><![CDATA[WEB]]></device_info>
<nonce_str><![CDATA[wDBVHz19mjbp3n3h]]></nonce_str>
<sign><![CDATA[943E775423BA3EBBF00AEC4BCAA21610]]></sign>
<result_code><![CDATA[SUCCESS]]></result_code>
<prepay_id><![CDATA[wx201610111858021460062d0c0071396210]]></prepay_id>
<trade_type><![CDATA[JSAPI]]></trade_type>
</xml>
  Rendered wechat/payment/index.html.erb within layouts/wechat_payment (1.2ms)
Completed 200 OK in 1500ms (Views: 7.3ms | ActiveRecord: 0.0ms)


Started POST "/wechat/payment/notify" for 140.207.54.75 at 2016-10-11 18:58:09 +0800
Cannot render console from 140.207.54.75! Allowed networks: 192.168.0.0/192.168.255.255, 127.0.0.0/127.255.255.255, ::1
Processing by Wechat::PaymentController#notify as */*
  [1m[36mPaymentRecord Load (0.8ms)[0m  [1mSELECT  `payment_records`.* FROM `payment_records` WHERE `payment_records`.`order_no` = '1122334479' AND `payment_records`.`status` = 'success' LIMIT 1[0m
  [1m[35m (0.2ms)[0m  BEGIN
  [1m[36mSQL (1.7ms)[0m  [1mINSERT INTO `payment_records` (`open_id`, `app_name`, `order_no`, `payment_method`, `status`, `total_money`, `payment_response`, `created_at`, `updated_at`) VALUES ('oMZZkwyFG5sAx-d4PMQ6Lq1xisHE', 'eggman', '1122334479', 'WECHAT', 'success', 0.1, '{\"appid\":\"wxa05b67eb1b532c44\",\"attach\":\"eggman\",\"bank_type\":\"CCB_DEBIT\",\"cash_fee\":\"10\",\"device_info\":\"WEB\",\"fee_type\":\"CNY\",\"is_subscribe\":\"Y\",\"mch_id\":\"1397730302\",\"nonce_str\":\"cga3pqxxznfniofb\",\"openid\":\"oMZZkwyFG5sAx-d4PMQ6Lq1xisHE\",\"out_trade_no\":\"1122334479\",\"result_code\":\"SUCCESS\",\"return_code\":\"SUCCESS\",\"sign\":\"9EE8C9ED5E96A512B30BEBB8A275D517\",\"time_end\":\"20161011185809\",\"total_fee\":\"10\",\"trade_type\":\"JSAPI\",\"transaction_id\":\"4005392001201610116415530209\"}', '2016-10-11 10:58:09', '2016-10-11 10:58:09')[0m
  [1m[35m (0.9ms)[0m  COMMIT
WECHAT PAYMENT NOTIFY AND PAYMENT SUCCESS: {"controller"=>"wechat/payment", "action"=>"notify"}, body: {"appid"=>"wxa05b67eb1b532c44", "attach"=>"eggman", "bank_type"=>"CCB_DEBIT", "cash_fee"=>"10", "device_info"=>"WEB", "fee_type"=>"CNY", "is_subscribe"=>"Y", "mch_id"=>"1397730302", "nonce_str"=>"cga3pqxxznfniofb", "openid"=>"oMZZkwyFG5sAx-d4PMQ6Lq1xisHE", "out_trade_no"=>"1122334479", "result_code"=>"SUCCESS", "return_code"=>"SUCCESS", "sign"=>"9EE8C9ED5E96A512B30BEBB8A275D517", "time_end"=>"20161011185809", "total_fee"=>"10", "trade_type"=>"JSAPI", "transaction_id"=>"4005392001201610116415530209"}
  Rendered text template (0.0ms)
Completed 200 OK in 29ms (Views: 0.4ms | ActiveRecord: 8.2ms)


Started GET "/wechat/payment/check_payment?tid=1122334479&1476183494000" for 123.161.110.115 at 2016-10-11 18:58:14 +0800
Cannot render console from 123.161.110.115! Allowed networks: 192.168.0.0/192.168.255.255, 127.0.0.0/127.255.255.255, ::1
Processing by Wechat::PaymentController#check_payment as HTML
  Parameters: {"tid"=>"1122334479", "1476183494000"=>nil}
  [1m[36mPaymentRecord Load (0.5ms)[0m  [1mSELECT  `payment_records`.* FROM `payment_records` WHERE `payment_records`.`order_no` = '1122334479' AND `payment_records`.`status` = 'success'  ORDER BY `payment_records`.`id` ASC LIMIT 1[0m
  Rendered wechat/payment/check_payment.html.erb within layouts/wechat_payment (1.7ms)
Completed 200 OK in 9ms (Views: 6.4ms | ActiveRecord: 0.5ms)


Started POST "/wechat/payment/notify" for 101.226.103.71 at 2016-10-11 18:58:21 +0800
Cannot render console from 101.226.103.71! Allowed networks: 192.168.0.0/192.168.255.255, 127.0.0.0/127.255.255.255, ::1
Processing by Wechat::PaymentController#notify as */*
  [1m[35mPaymentRecord Load (0.7ms)[0m  SELECT  `payment_records`.* FROM `payment_records` WHERE `payment_records`.`order_no` = '1122334479' AND `payment_records`.`status` = 'success' LIMIT 1
WECHAT PAYMENT NOTIFY AND PAYMENT SUCCESS: {"controller"=>"wechat/payment", "action"=>"notify"}, body: {"appid"=>"wxa05b67eb1b532c44", "attach"=>"eggman", "bank_type"=>"CCB_DEBIT", "cash_fee"=>"10", "device_info"=>"WEB", "fee_type"=>"CNY", "is_subscribe"=>"Y", "mch_id"=>"1397730302", "nonce_str"=>"cga3pqxxznfniofb", "openid"=>"oMZZkwyFG5sAx-d4PMQ6Lq1xisHE", "out_trade_no"=>"1122334479", "result_code"=>"SUCCESS", "return_code"=>"SUCCESS", "sign"=>"9EE8C9ED5E96A512B30BEBB8A275D517", "time_end"=>"20161011185809", "total_fee"=>"10", "trade_type"=>"JSAPI", "transaction_id"=>"4005392001201610116415530209"}
  Rendered text template (0.1ms)
Completed 200 OK in 2ms (Views: 0.5ms | ActiveRecord: 0.7ms)


Started POST "/wechat/payment/notify" for 101.226.103.63 at 2016-10-11 18:58:38 +0800
Cannot render console from 101.226.103.63! Allowed networks: 192.168.0.0/192.168.255.255, 127.0.0.0/127.255.255.255, ::1
Processing by Wechat::PaymentController#notify as */*
  [1m[36mPaymentRecord Load (0.5ms)[0m  [1mSELECT  `payment_records`.* FROM `payment_records` WHERE `payment_records`.`order_no` = '1122334479' AND `payment_records`.`status` = 'success' LIMIT 1[0m
WECHAT PAYMENT NOTIFY AND PAYMENT SUCCESS: {"controller"=>"wechat/payment", "action"=>"notify"}, body: {"appid"=>"wxa05b67eb1b532c44", "attach"=>"eggman", "bank_type"=>"CCB_DEBIT", "cash_fee"=>"10", "device_info"=>"WEB", "fee_type"=>"CNY", "is_subscribe"=>"Y", "mch_id"=>"1397730302", "nonce_str"=>"cga3pqxxznfniofb", "openid"=>"oMZZkwyFG5sAx-d4PMQ6Lq1xisHE", "out_trade_no"=>"1122334479", "result_code"=>"SUCCESS", "return_code"=>"SUCCESS", "sign"=>"9EE8C9ED5E96A512B30BEBB8A275D517", "time_end"=>"20161011185809", "total_fee"=>"10", "trade_type"=>"JSAPI", "transaction_id"=>"4005392001201610116415530209"}
  Rendered text template (0.0ms)
Completed 200 OK in 2ms (Views: 0.3ms | ActiveRecord: 0.5ms)


Started POST "/wechat/payment/notify" for 101.226.103.70 at 2016-10-11 18:59:09 +0800
Cannot render console from 101.226.103.70! Allowed networks: 192.168.0.0/192.168.255.255, 127.0.0.0/127.255.255.255, ::1
Processing by Wechat::PaymentController#notify as */*
  [1m[35mPaymentRecord Load (0.6ms)[0m  SELECT  `payment_records`.* FROM `payment_records` WHERE `payment_records`.`order_no` = '1122334479' AND `payment_records`.`status` = 'success' LIMIT 1
WECHAT PAYMENT NOTIFY AND PAYMENT SUCCESS: {"controller"=>"wechat/payment", "action"=>"notify"}, body: {"appid"=>"wxa05b67eb1b532c44", "attach"=>"eggman", "bank_type"=>"CCB_DEBIT", "cash_fee"=>"10", "device_info"=>"WEB", "fee_type"=>"CNY", "is_subscribe"=>"Y", "mch_id"=>"1397730302", "nonce_str"=>"cga3pqxxznfniofb", "openid"=>"oMZZkwyFG5sAx-d4PMQ6Lq1xisHE", "out_trade_no"=>"1122334479", "result_code"=>"SUCCESS", "return_code"=>"SUCCESS", "sign"=>"9EE8C9ED5E96A512B30BEBB8A275D517", "time_end"=>"20161011185809", "total_fee"=>"10", "trade_type"=>"JSAPI", "transaction_id"=>"4005392001201610116415530209"}
  Rendered text template (0.0ms)
Completed 200 OK in 2ms (Views: 0.3ms | ActiveRecord: 0.6ms)


Started GET "/wechat/payment/?key=9eyjdxpbqupgvv6nza85b2oesv9a4h7v5fhzwpxqkm8o945i&app=eggman&body=year_product&out_trade_no=1122334480&total_fee=0.1&product_id=year&openid=oMZZkwyFG5sAx-d4PMQ6Lq1xisHE" for 123.161.110.115 at 2016-10-11 18:59:20 +0800
Cannot render console from 123.161.110.115! Allowed networks: 192.168.0.0/192.168.255.255, 127.0.0.0/127.255.255.255, ::1
Processing by Wechat::PaymentController#index as HTML
  Parameters: {"key"=>"9eyjdxpbqupgvv6nza85b2oesv9a4h7v5fhzwpxqkm8o945i", "app"=>"eggman", "body"=>"year_product", "out_trade_no"=>"1122334480", "total_fee"=>"0.1", "product_id"=>"year", "openid"=>"oMZZkwyFG5sAx-d4PMQ6Lq1xisHE"}
WECHAT PAYMENT CREATE ORDER: <xml><return_code><![CDATA[SUCCESS]]></return_code>
<return_msg><![CDATA[OK]]></return_msg>
<appid><![CDATA[wxa05b67eb1b532c44]]></appid>
<mch_id><![CDATA[1397730302]]></mch_id>
<device_info><![CDATA[WEB]]></device_info>
<nonce_str><![CDATA[JEt5zmsVFOM5udtn]]></nonce_str>
<sign><![CDATA[E854236B6B813A9A04F21C15E06FB9E5]]></sign>
<result_code><![CDATA[SUCCESS]]></result_code>
<prepay_id><![CDATA[wx2016101118592014afbacb3c0014903095]]></prepay_id>
<trade_type><![CDATA[JSAPI]]></trade_type>
</xml>
  Rendered wechat/payment/index.html.erb within layouts/wechat_payment (0.3ms)
Completed 200 OK in 485ms (Views: 5.5ms | ActiveRecord: 0.0ms)


Started POST "/wechat/payment/notify" for 140.207.54.75 at 2016-10-11 18:59:27 +0800
Cannot render console from 140.207.54.75! Allowed networks: 192.168.0.0/192.168.255.255, 127.0.0.0/127.255.255.255, ::1
Processing by Wechat::PaymentController#notify as */*
  [1m[36mPaymentRecord Load (0.5ms)[0m  [1mSELECT  `payment_records`.* FROM `payment_records` WHERE `payment_records`.`order_no` = '1122334480' AND `payment_records`.`status` = 'success' LIMIT 1[0m
  [1m[35m (0.2ms)[0m  BEGIN
  [1m[36mSQL (2.0ms)[0m  [1mINSERT INTO `payment_records` (`open_id`, `app_name`, `order_no`, `payment_method`, `status`, `total_money`, `payment_response`, `created_at`, `updated_at`) VALUES ('oMZZkwyFG5sAx-d4PMQ6Lq1xisHE', 'eggman', '1122334480', 'WECHAT', 'success', 0.1, '{\"appid\":\"wxa05b67eb1b532c44\",\"attach\":\"eggman\",\"bank_type\":\"CCB_DEBIT\",\"cash_fee\":\"10\",\"device_info\":\"WEB\",\"fee_type\":\"CNY\",\"is_subscribe\":\"Y\",\"mch_id\":\"1397730302\",\"nonce_str\":\"qnu4i9z1yv7n659j\",\"openid\":\"oMZZkwyFG5sAx-d4PMQ6Lq1xisHE\",\"out_trade_no\":\"1122334480\",\"result_code\":\"SUCCESS\",\"return_code\":\"SUCCESS\",\"sign\":\"7B339B64BED7D437E60B67EE330633CF\",\"time_end\":\"20161011185926\",\"total_fee\":\"10\",\"trade_type\":\"JSAPI\",\"transaction_id\":\"4005392001201610116414033173\"}', '2016-10-11 10:59:27', '2016-10-11 10:59:27')[0m
  [1m[35m (1.3ms)[0m  COMMIT
WECHAT PAYMENT NOTIFY AND PAYMENT SUCCESS: {"controller"=>"wechat/payment", "action"=>"notify"}, body: {"appid"=>"wxa05b67eb1b532c44", "attach"=>"eggman", "bank_type"=>"CCB_DEBIT", "cash_fee"=>"10", "device_info"=>"WEB", "fee_type"=>"CNY", "is_subscribe"=>"Y", "mch_id"=>"1397730302", "nonce_str"=>"qnu4i9z1yv7n659j", "openid"=>"oMZZkwyFG5sAx-d4PMQ6Lq1xisHE", "out_trade_no"=>"1122334480", "result_code"=>"SUCCESS", "return_code"=>"SUCCESS", "sign"=>"7B339B64BED7D437E60B67EE330633CF", "time_end"=>"20161011185926", "total_fee"=>"10", "trade_type"=>"JSAPI", "transaction_id"=>"4005392001201610116414033173"}
  Rendered text template (0.0ms)
Completed 200 OK in 9ms (Views: 0.5ms | ActiveRecord: 4.0ms)


Started GET "/wechat/payment/check_payment?tid=1122334480&1476183568000" for 123.161.110.115 at 2016-10-11 18:59:29 +0800
Cannot render console from 123.161.110.115! Allowed networks: 192.168.0.0/192.168.255.255, 127.0.0.0/127.255.255.255, ::1
Processing by Wechat::PaymentController#check_payment as HTML
  Parameters: {"tid"=>"1122334480", "1476183568000"=>nil}
  [1m[36mPaymentRecord Load (2.5ms)[0m  [1mSELECT  `payment_records`.* FROM `payment_records` WHERE `payment_records`.`order_no` = '1122334480' AND `payment_records`.`status` = 'success'  ORDER BY `payment_records`.`id` ASC LIMIT 1[0m
  Rendered wechat/payment/check_payment.html.erb within layouts/wechat_payment (1.2ms)
Completed 200 OK in 8ms (Views: 3.8ms | ActiveRecord: 2.5ms)


Started POST "/wechat/payment/notify" for 140.207.54.73 at 2016-10-11 18:59:40 +0800
Cannot render console from 140.207.54.73! Allowed networks: 192.168.0.0/192.168.255.255, 127.0.0.0/127.255.255.255, ::1
Processing by Wechat::PaymentController#notify as */*
  [1m[35mPaymentRecord Load (0.6ms)[0m  SELECT  `payment_records`.* FROM `payment_records` WHERE `payment_records`.`order_no` = '1122334480' AND `payment_records`.`status` = 'success' LIMIT 1
WECHAT PAYMENT NOTIFY AND PAYMENT SUCCESS: {"controller"=>"wechat/payment", "action"=>"notify"}, body: {"appid"=>"wxa05b67eb1b532c44", "attach"=>"eggman", "bank_type"=>"CCB_DEBIT", "cash_fee"=>"10", "device_info"=>"WEB", "fee_type"=>"CNY", "is_subscribe"=>"Y", "mch_id"=>"1397730302", "nonce_str"=>"qnu4i9z1yv7n659j", "openid"=>"oMZZkwyFG5sAx-d4PMQ6Lq1xisHE", "out_trade_no"=>"1122334480", "result_code"=>"SUCCESS", "return_code"=>"SUCCESS", "sign"=>"7B339B64BED7D437E60B67EE330633CF", "time_end"=>"20161011185926", "total_fee"=>"10", "trade_type"=>"JSAPI", "transaction_id"=>"4005392001201610116414033173"}
  Rendered text template (0.0ms)
Completed 200 OK in 3ms (Views: 0.4ms | ActiveRecord: 0.6ms)


Started POST "/wechat/payment/notify" for 140.207.54.75 at 2016-10-11 18:59:57 +0800
Cannot render console from 140.207.54.75! Allowed networks: 192.168.0.0/192.168.255.255, 127.0.0.0/127.255.255.255, ::1
Processing by Wechat::PaymentController#notify as */*
  [1m[36mPaymentRecord Load (0.5ms)[0m  [1mSELECT  `payment_records`.* FROM `payment_records` WHERE `payment_records`.`order_no` = '1122334480' AND `payment_records`.`status` = 'success' LIMIT 1[0m
WECHAT PAYMENT NOTIFY AND PAYMENT SUCCESS: {"controller"=>"wechat/payment", "action"=>"notify"}, body: {"appid"=>"wxa05b67eb1b532c44", "attach"=>"eggman", "bank_type"=>"CCB_DEBIT", "cash_fee"=>"10", "device_info"=>"WEB", "fee_type"=>"CNY", "is_subscribe"=>"Y", "mch_id"=>"1397730302", "nonce_str"=>"qnu4i9z1yv7n659j", "openid"=>"oMZZkwyFG5sAx-d4PMQ6Lq1xisHE", "out_trade_no"=>"1122334480", "result_code"=>"SUCCESS", "return_code"=>"SUCCESS", "sign"=>"7B339B64BED7D437E60B67EE330633CF", "time_end"=>"20161011185926", "total_fee"=>"10", "trade_type"=>"JSAPI", "transaction_id"=>"4005392001201610116414033173"}
  Rendered text template (0.0ms)
Completed 200 OK in 2ms (Views: 0.5ms | ActiveRecord: 0.5ms)


Started POST "/wechat/payment/notify" for 101.226.103.71 at 2016-10-11 19:00:24 +0800
Cannot render console from 101.226.103.71! Allowed networks: 192.168.0.0/192.168.255.255, 127.0.0.0/127.255.255.255, ::1
Processing by Wechat::PaymentController#notify as */*
  [1m[35mPaymentRecord Load (1.4ms)[0m  SELECT  `payment_records`.* FROM `payment_records` WHERE `payment_records`.`order_no` = '1122334473' AND `payment_records`.`status` = 'success' LIMIT 1
WECHAT PAYMENT NOTIFY AND PAYMENT SUCCESS: {"controller"=>"wechat/payment", "action"=>"notify"}, body: {"appid"=>"wxa05b67eb1b532c44", "attach"=>"eggman", "bank_type"=>"CCB_DEBIT", "cash_fee"=>"10", "device_info"=>"WEB", "fee_type"=>"CNY", "is_subscribe"=>"Y", "mch_id"=>"1397730302", "nonce_str"=>"pxbkqybhbrto2f1k", "openid"=>"oMZZkwyFG5sAx-d4PMQ6Lq1xisHE", "out_trade_no"=>"1122334473", "result_code"=>"SUCCESS", "return_code"=>"SUCCESS", "sign"=>"6DB7C31C45EE4862B0F699F25822DEE4", "time_end"=>"20161011182614", "total_fee"=>"10", "trade_type"=>"JSAPI", "transaction_id"=>"4005392001201610116411967454"}
  Rendered text template (0.0ms)
Completed 200 OK in 6ms (Views: 0.4ms | ActiveRecord: 1.4ms)


Started POST "/wechat/payment/notify" for 140.207.54.76 at 2016-10-11 19:00:30 +0800
Cannot render console from 140.207.54.76! Allowed networks: 192.168.0.0/192.168.255.255, 127.0.0.0/127.255.255.255, ::1
Processing by Wechat::PaymentController#notify as */*
  [1m[36mPaymentRecord Load (1.7ms)[0m  [1mSELECT  `payment_records`.* FROM `payment_records` WHERE `payment_records`.`order_no` = '1122334480' AND `payment_records`.`status` = 'success' LIMIT 1[0m
WECHAT PAYMENT NOTIFY AND PAYMENT SUCCESS: {"controller"=>"wechat/payment", "action"=>"notify"}, body: {"appid"=>"wxa05b67eb1b532c44", "attach"=>"eggman", "bank_type"=>"CCB_DEBIT", "cash_fee"=>"10", "device_info"=>"WEB", "fee_type"=>"CNY", "is_subscribe"=>"Y", "mch_id"=>"1397730302", "nonce_str"=>"qnu4i9z1yv7n659j", "openid"=>"oMZZkwyFG5sAx-d4PMQ6Lq1xisHE", "out_trade_no"=>"1122334480", "result_code"=>"SUCCESS", "return_code"=>"SUCCESS", "sign"=>"7B339B64BED7D437E60B67EE330633CF", "time_end"=>"20161011185926", "total_fee"=>"10", "trade_type"=>"JSAPI", "transaction_id"=>"4005392001201610116414033173"}
  Rendered text template (0.0ms)
Completed 200 OK in 4ms (Views: 0.8ms | ActiveRecord: 1.7ms)


Started GET "/wechat/payment/?key=9eyjdxpbqupgvv6nza85b2oesv9a4h7v5fhzwpxqkm8o945i&app=eggman&body=year_product&out_trade_no=1122334479&total_fee=0.1&product_id=year&openid=oMZZkwyFG5sAx-d4PMQ6Lq1xisHE" for 180.153.214.189 at 2016-10-11 19:01:00 +0800
Cannot render console from 180.153.214.189! Allowed networks: 192.168.0.0/192.168.255.255, 127.0.0.0/127.255.255.255, ::1
Processing by Wechat::PaymentController#index as */*
  Parameters: {"key"=>"9eyjdxpbqupgvv6nza85b2oesv9a4h7v5fhzwpxqkm8o945i", "app"=>"eggman", "body"=>"year_product", "out_trade_no"=>"1122334479", "total_fee"=>"0.1", "product_id"=>"year", "openid"=>"oMZZkwyFG5sAx-d4PMQ6Lq1xisHE"}
WECHAT PAYMENT CREATE ORDER: <xml><return_code><![CDATA[SUCCESS]]></return_code>
<return_msg><![CDATA[OK]]></return_msg>
<appid><![CDATA[wxa05b67eb1b532c44]]></appid>
<mch_id><![CDATA[1397730302]]></mch_id>
<device_info><![CDATA[WEB]]></device_info>
<nonce_str><![CDATA[uXi4rDq56k1qCBXQ]]></nonce_str>
<sign><![CDATA[EB1007A5A2BC955181CD7E4358DB5BE5]]></sign>
<result_code><![CDATA[FAIL]]></result_code>
<err_code><![CDATA[ORDERPAID]]></err_code>
<err_code_des><![CDATA[该订单已支付]]></err_code_des>
</xml>
  Rendered text template (0.0ms)
Completed 200 OK in 639ms (Views: 1.3ms | ActiveRecord: 0.0ms)


Started GET "/wechat/payment/check_payment?tid=1122334479&1476183494000" for 61.151.218.118 at 2016-10-11 19:01:14 +0800
Cannot render console from 61.151.218.118! Allowed networks: 192.168.0.0/192.168.255.255, 127.0.0.0/127.255.255.255, ::1
Processing by Wechat::PaymentController#check_payment as */*
  Parameters: {"tid"=>"1122334479", "1476183494000"=>nil}
  [1m[35mPaymentRecord Load (2.4ms)[0m  SELECT  `payment_records`.* FROM `payment_records` WHERE `payment_records`.`order_no` = '1122334479' AND `payment_records`.`status` = 'success'  ORDER BY `payment_records`.`id` ASC LIMIT 1
  Rendered wechat/payment/check_payment.html.erb within layouts/wechat_payment (3.9ms)
Completed 200 OK in 33ms (Views: 21.8ms | ActiveRecord: 2.4ms)


Started GET "/wechat/payment/?key=9eyjdxpbqupgvv6nza85b2oesv9a4h7v5fhzwpxqkm8o945i&app=eggman&body=year_product&out_trade_no=1122334481&total_fee=0.1&product_id=year&openid=oMZZkwyFG5sAx-d4PMQ6Lq1xisHE" for 123.161.110.115 at 2016-10-11 19:01:22 +0800
Cannot render console from 123.161.110.115! Allowed networks: 192.168.0.0/192.168.255.255, 127.0.0.0/127.255.255.255, ::1
Processing by Wechat::PaymentController#index as HTML
  Parameters: {"key"=>"9eyjdxpbqupgvv6nza85b2oesv9a4h7v5fhzwpxqkm8o945i", "app"=>"eggman", "body"=>"year_product", "out_trade_no"=>"1122334481", "total_fee"=>"0.1", "product_id"=>"year", "openid"=>"oMZZkwyFG5sAx-d4PMQ6Lq1xisHE"}
WECHAT PAYMENT CREATE ORDER: <xml><return_code><![CDATA[SUCCESS]]></return_code>
<return_msg><![CDATA[OK]]></return_msg>
<appid><![CDATA[wxa05b67eb1b532c44]]></appid>
<mch_id><![CDATA[1397730302]]></mch_id>
<device_info><![CDATA[WEB]]></device_info>
<nonce_str><![CDATA[qYKFLCW4i24giJ36]]></nonce_str>
<sign><![CDATA[A18D7F8F20AAF67968C72F6757F61183]]></sign>
<result_code><![CDATA[SUCCESS]]></result_code>
<prepay_id><![CDATA[wx201610111901228f39c16e3e0952223428]]></prepay_id>
<trade_type><![CDATA[JSAPI]]></trade_type>
</xml>
  Rendered wechat/payment/index.html.erb within layouts/wechat_payment (0.3ms)
Completed 200 OK in 380ms (Views: 4.6ms | ActiveRecord: 0.0ms)


Started POST "/wechat/payment/notify" for 101.226.103.71 at 2016-10-11 19:01:30 +0800
Cannot render console from 101.226.103.71! Allowed networks: 192.168.0.0/192.168.255.255, 127.0.0.0/127.255.255.255, ::1
Processing by Wechat::PaymentController#notify as */*
  [1m[36mPaymentRecord Load (0.7ms)[0m  [1mSELECT  `payment_records`.* FROM `payment_records` WHERE `payment_records`.`order_no` = '1122334481' AND `payment_records`.`status` = 'success' LIMIT 1[0m
  [1m[35m (0.2ms)[0m  BEGIN
  [1m[36mSQL (0.6ms)[0m  [1mINSERT INTO `payment_records` (`open_id`, `app_name`, `order_no`, `payment_method`, `status`, `total_money`, `payment_response`, `created_at`, `updated_at`) VALUES ('oMZZkwyFG5sAx-d4PMQ6Lq1xisHE', 'eggman', '1122334481', 'WECHAT', 'success', 0.1, '{\"appid\":\"wxa05b67eb1b532c44\",\"attach\":\"eggman\",\"bank_type\":\"CCB_DEBIT\",\"cash_fee\":\"10\",\"device_info\":\"WEB\",\"fee_type\":\"CNY\",\"is_subscribe\":\"Y\",\"mch_id\":\"1397730302\",\"nonce_str\":\"rcahdrr8lrde0bxm\",\"openid\":\"oMZZkwyFG5sAx-d4PMQ6Lq1xisHE\",\"out_trade_no\":\"1122334481\",\"result_code\":\"SUCCESS\",\"return_code\":\"SUCCESS\",\"sign\":\"DF965C0A41FDCA36B86A9CDBFA45A5E1\",\"time_end\":\"20161011190129\",\"total_fee\":\"10\",\"trade_type\":\"JSAPI\",\"transaction_id\":\"4005392001201610116415664172\"}', '2016-10-11 11:01:30', '2016-10-11 11:01:30')[0m
  [1m[35m (2.2ms)[0m  COMMIT
WECHAT PAYMENT NOTIFY AND PAYMENT SUCCESS: {"controller"=>"wechat/payment", "action"=>"notify"}, body: {"appid"=>"wxa05b67eb1b532c44", "attach"=>"eggman", "bank_type"=>"CCB_DEBIT", "cash_fee"=>"10", "device_info"=>"WEB", "fee_type"=>"CNY", "is_subscribe"=>"Y", "mch_id"=>"1397730302", "nonce_str"=>"rcahdrr8lrde0bxm", "openid"=>"oMZZkwyFG5sAx-d4PMQ6Lq1xisHE", "out_trade_no"=>"1122334481", "result_code"=>"SUCCESS", "return_code"=>"SUCCESS", "sign"=>"DF965C0A41FDCA36B86A9CDBFA45A5E1", "time_end"=>"20161011190129", "total_fee"=>"10", "trade_type"=>"JSAPI", "transaction_id"=>"4005392001201610116415664172"}
  Rendered text template (0.0ms)
Completed 200 OK in 12ms (Views: 0.4ms | ActiveRecord: 3.7ms)


Started GET "/wechat/payment/check_payment?tid=1122334481&1476183691000" for 123.161.110.115 at 2016-10-11 19:01:31 +0800
Cannot render console from 123.161.110.115! Allowed networks: 192.168.0.0/192.168.255.255, 127.0.0.0/127.255.255.255, ::1
Processing by Wechat::PaymentController#check_payment as HTML
  Parameters: {"tid"=>"1122334481", "1476183691000"=>nil}
  [1m[36mPaymentRecord Load (0.6ms)[0m  [1mSELECT  `payment_records`.* FROM `payment_records` WHERE `payment_records`.`order_no` = '1122334481' AND `payment_records`.`status` = 'success'  ORDER BY `payment_records`.`id` ASC LIMIT 1[0m
  Rendered wechat/payment/check_payment.html.erb within layouts/wechat_payment (1.4ms)
Completed 200 OK in 9ms (Views: 6.5ms | ActiveRecord: 0.6ms)


Started POST "/wechat/payment/notify" for 101.226.103.63 at 2016-10-11 19:01:42 +0800
Cannot render console from 101.226.103.63! Allowed networks: 192.168.0.0/192.168.255.255, 127.0.0.0/127.255.255.255, ::1
Processing by Wechat::PaymentController#notify as */*
  [1m[35mPaymentRecord Load (0.6ms)[0m  SELECT  `payment_records`.* FROM `payment_records` WHERE `payment_records`.`order_no` = '1122334481' AND `payment_records`.`status` = 'success' LIMIT 1
WECHAT PAYMENT NOTIFY AND PAYMENT SUCCESS: {"controller"=>"wechat/payment", "action"=>"notify"}, body: {"appid"=>"wxa05b67eb1b532c44", "attach"=>"eggman", "bank_type"=>"CCB_DEBIT", "cash_fee"=>"10", "device_info"=>"WEB", "fee_type"=>"CNY", "is_subscribe"=>"Y", "mch_id"=>"1397730302", "nonce_str"=>"rcahdrr8lrde0bxm", "openid"=>"oMZZkwyFG5sAx-d4PMQ6Lq1xisHE", "out_trade_no"=>"1122334481", "result_code"=>"SUCCESS", "return_code"=>"SUCCESS", "sign"=>"DF965C0A41FDCA36B86A9CDBFA45A5E1", "time_end"=>"20161011190129", "total_fee"=>"10", "trade_type"=>"JSAPI", "transaction_id"=>"4005392001201610116415664172"}
  Rendered text template (0.0ms)
Completed 200 OK in 2ms (Views: 0.3ms | ActiveRecord: 0.6ms)


Started POST "/wechat/payment/notify" for 140.207.54.74 at 2016-10-11 19:02:00 +0800
Cannot render console from 140.207.54.74! Allowed networks: 192.168.0.0/192.168.255.255, 127.0.0.0/127.255.255.255, ::1
Processing by Wechat::PaymentController#notify as */*
  [1m[36mPaymentRecord Load (0.5ms)[0m  [1mSELECT  `payment_records`.* FROM `payment_records` WHERE `payment_records`.`order_no` = '1122334481' AND `payment_records`.`status` = 'success' LIMIT 1[0m
WECHAT PAYMENT NOTIFY AND PAYMENT SUCCESS: {"controller"=>"wechat/payment", "action"=>"notify"}, body: {"appid"=>"wxa05b67eb1b532c44", "attach"=>"eggman", "bank_type"=>"CCB_DEBIT", "cash_fee"=>"10", "device_info"=>"WEB", "fee_type"=>"CNY", "is_subscribe"=>"Y", "mch_id"=>"1397730302", "nonce_str"=>"rcahdrr8lrde0bxm", "openid"=>"oMZZkwyFG5sAx-d4PMQ6Lq1xisHE", "out_trade_no"=>"1122334481", "result_code"=>"SUCCESS", "return_code"=>"SUCCESS", "sign"=>"DF965C0A41FDCA36B86A9CDBFA45A5E1", "time_end"=>"20161011190129", "total_fee"=>"10", "trade_type"=>"JSAPI", "transaction_id"=>"4005392001201610116415664172"}
  Rendered text template (0.0ms)
Completed 200 OK in 2ms (Views: 0.3ms | ActiveRecord: 0.5ms)


Started POST "/wechat/payment/notify" for 101.226.103.71 at 2016-10-11 19:02:11 +0800
Cannot render console from 101.226.103.71! Allowed networks: 192.168.0.0/192.168.255.255, 127.0.0.0/127.255.255.255, ::1
Processing by Wechat::PaymentController#notify as */*
  [1m[35mPaymentRecord Load (0.5ms)[0m  SELECT  `payment_records`.* FROM `payment_records` WHERE `payment_records`.`order_no` = '1122334479' AND `payment_records`.`status` = 'success' LIMIT 1
WECHAT PAYMENT NOTIFY AND PAYMENT SUCCESS: {"controller"=>"wechat/payment", "action"=>"notify"}, body: {"appid"=>"wxa05b67eb1b532c44", "attach"=>"eggman", "bank_type"=>"CCB_DEBIT", "cash_fee"=>"10", "device_info"=>"WEB", "fee_type"=>"CNY", "is_subscribe"=>"Y", "mch_id"=>"1397730302", "nonce_str"=>"cga3pqxxznfniofb", "openid"=>"oMZZkwyFG5sAx-d4PMQ6Lq1xisHE", "out_trade_no"=>"1122334479", "result_code"=>"SUCCESS", "return_code"=>"SUCCESS", "sign"=>"9EE8C9ED5E96A512B30BEBB8A275D517", "time_end"=>"20161011185809", "total_fee"=>"10", "trade_type"=>"JSAPI", "transaction_id"=>"4005392001201610116415530209"}
  Rendered text template (0.0ms)
Completed 200 OK in 2ms (Views: 0.3ms | ActiveRecord: 0.5ms)


Started GET "/wechat/payment/?key=9eyjdxpbqupgvv6nza85b2oesv9a4h7v5fhzwpxqkm8o945i&app=eggman&body=year_product&out_trade_no=1122334482&total_fee=0.1&product_id=year&openid=oMZZkwyFG5sAx-d4PMQ6Lq1xisHE" for 123.161.110.115 at 2016-10-11 19:02:22 +0800
Cannot render console from 123.161.110.115! Allowed networks: 192.168.0.0/192.168.255.255, 127.0.0.0/127.255.255.255, ::1
Processing by Wechat::PaymentController#index as HTML
  Parameters: {"key"=>"9eyjdxpbqupgvv6nza85b2oesv9a4h7v5fhzwpxqkm8o945i", "app"=>"eggman", "body"=>"year_product", "out_trade_no"=>"1122334482", "total_fee"=>"0.1", "product_id"=>"year", "openid"=>"oMZZkwyFG5sAx-d4PMQ6Lq1xisHE"}
WECHAT PAYMENT CREATE ORDER: <xml><return_code><![CDATA[SUCCESS]]></return_code>
<return_msg><![CDATA[OK]]></return_msg>
<appid><![CDATA[wxa05b67eb1b532c44]]></appid>
<mch_id><![CDATA[1397730302]]></mch_id>
<device_info><![CDATA[WEB]]></device_info>
<nonce_str><![CDATA[s4V3QrK2WbaEltLp]]></nonce_str>
<sign><![CDATA[606F5C2466F73E1E61BDB073C60C8934]]></sign>
<result_code><![CDATA[SUCCESS]]></result_code>
<prepay_id><![CDATA[wx20161011190222d1c54642c70237847101]]></prepay_id>
<trade_type><![CDATA[JSAPI]]></trade_type>
</xml>
  Rendered wechat/payment/index.html.erb within layouts/wechat_payment (0.2ms)
Completed 200 OK in 335ms (Views: 4.1ms | ActiveRecord: 0.0ms)


Started GET "/wechat/payment/?key=9eyjdxpbqupgvv6nza85b2oesv9a4h7v5fhzwpxqkm8o945i&app=eggman&body=year_product&out_trade_no=1122334480&total_fee=0.1&product_id=year&openid=oMZZkwyFG5sAx-d4PMQ6Lq1xisHE" for 101.226.69.246 at 2016-10-11 19:02:28 +0800
Cannot render console from 101.226.69.246! Allowed networks: 192.168.0.0/192.168.255.255, 127.0.0.0/127.255.255.255, ::1
Processing by Wechat::PaymentController#index as */*
  Parameters: {"key"=>"9eyjdxpbqupgvv6nza85b2oesv9a4h7v5fhzwpxqkm8o945i", "app"=>"eggman", "body"=>"year_product", "out_trade_no"=>"1122334480", "total_fee"=>"0.1", "product_id"=>"year", "openid"=>"oMZZkwyFG5sAx-d4PMQ6Lq1xisHE"}
WECHAT PAYMENT CREATE ORDER: <xml><return_code><![CDATA[SUCCESS]]></return_code>
<return_msg><![CDATA[OK]]></return_msg>
<appid><![CDATA[wxa05b67eb1b532c44]]></appid>
<mch_id><![CDATA[1397730302]]></mch_id>
<device_info><![CDATA[WEB]]></device_info>
<nonce_str><![CDATA[twz5zvQ93zACpeHg]]></nonce_str>
<sign><![CDATA[F64E90D0DC56D249FBCE503E2490BCDC]]></sign>
<result_code><![CDATA[FAIL]]></result_code>
<err_code><![CDATA[ORDERPAID]]></err_code>
<err_code_des><![CDATA[该订单已支付]]></err_code_des>
</xml>
  Rendered text template (0.0ms)
Completed 200 OK in 340ms (Views: 0.5ms | ActiveRecord: 0.0ms)


Started GET "/wechat/payment/check_payment?tid=1122334480&1476183568000" for 180.153.214.197 at 2016-10-11 19:02:28 +0800
Cannot render console from 180.153.214.197! Allowed networks: 192.168.0.0/192.168.255.255, 127.0.0.0/127.255.255.255, ::1
Processing by Wechat::PaymentController#check_payment as */*
  Parameters: {"tid"=>"1122334480", "1476183568000"=>nil}
  [1m[36mPaymentRecord Load (0.6ms)[0m  [1mSELECT  `payment_records`.* FROM `payment_records` WHERE `payment_records`.`order_no` = '1122334480' AND `payment_records`.`status` = 'success'  ORDER BY `payment_records`.`id` ASC LIMIT 1[0m
  Rendered wechat/payment/check_payment.html.erb within layouts/wechat_payment (0.7ms)
Completed 200 OK in 12ms (Views: 9.3ms | ActiveRecord: 0.6ms)


Started POST "/wechat/payment/notify" for 140.207.54.76 at 2016-10-11 19:02:29 +0800
Cannot render console from 140.207.54.76! Allowed networks: 192.168.0.0/192.168.255.255, 127.0.0.0/127.255.255.255, ::1
Processing by Wechat::PaymentController#notify as */*
  [1m[35mPaymentRecord Load (0.5ms)[0m  SELECT  `payment_records`.* FROM `payment_records` WHERE `payment_records`.`order_no` = '1122334482' AND `payment_records`.`status` = 'success' LIMIT 1
  [1m[36m (0.2ms)[0m  [1mBEGIN[0m
  [1m[35mSQL (2.5ms)[0m  INSERT INTO `payment_records` (`open_id`, `app_name`, `order_no`, `payment_method`, `status`, `total_money`, `payment_response`, `created_at`, `updated_at`) VALUES ('oMZZkwyFG5sAx-d4PMQ6Lq1xisHE', 'eggman', '1122334482', 'WECHAT', 'success', 0.1, '{\"appid\":\"wxa05b67eb1b532c44\",\"attach\":\"eggman\",\"bank_type\":\"CCB_DEBIT\",\"cash_fee\":\"10\",\"device_info\":\"WEB\",\"fee_type\":\"CNY\",\"is_subscribe\":\"Y\",\"mch_id\":\"1397730302\",\"nonce_str\":\"c78ta2uwdjfnrbu5\",\"openid\":\"oMZZkwyFG5sAx-d4PMQ6Lq1xisHE\",\"out_trade_no\":\"1122334482\",\"result_code\":\"SUCCESS\",\"return_code\":\"SUCCESS\",\"sign\":\"58FF31B921D6D1210D403FC10C5DFA9F\",\"time_end\":\"20161011190228\",\"total_fee\":\"10\",\"trade_type\":\"JSAPI\",\"transaction_id\":\"4005392001201610116414202301\"}', '2016-10-11 11:02:29', '2016-10-11 11:02:29')
  [1m[36m (1.0ms)[0m  [1mCOMMIT[0m
WECHAT PAYMENT NOTIFY AND PAYMENT SUCCESS: {"controller"=>"wechat/payment", "action"=>"notify"}, body: {"appid"=>"wxa05b67eb1b532c44", "attach"=>"eggman", "bank_type"=>"CCB_DEBIT", "cash_fee"=>"10", "device_info"=>"WEB", "fee_type"=>"CNY", "is_subscribe"=>"Y", "mch_id"=>"1397730302", "nonce_str"=>"c78ta2uwdjfnrbu5", "openid"=>"oMZZkwyFG5sAx-d4PMQ6Lq1xisHE", "out_trade_no"=>"1122334482", "result_code"=>"SUCCESS", "return_code"=>"SUCCESS", "sign"=>"58FF31B921D6D1210D403FC10C5DFA9F", "time_end"=>"20161011190228", "total_fee"=>"10", "trade_type"=>"JSAPI", "transaction_id"=>"4005392001201610116414202301"}
  Rendered text template (0.0ms)
Completed 200 OK in 8ms (Views: 0.3ms | ActiveRecord: 4.1ms)


Started GET "/wechat/payment/check_payment?tid=1122334482&1476183750000" for 123.161.110.115 at 2016-10-11 19:02:30 +0800
Cannot render console from 123.161.110.115! Allowed networks: 192.168.0.0/192.168.255.255, 127.0.0.0/127.255.255.255, ::1
Processing by Wechat::PaymentController#check_payment as HTML
  Parameters: {"tid"=>"1122334482", "1476183750000"=>nil}
  [1m[35mPaymentRecord Load (1.6ms)[0m  SELECT  `payment_records`.* FROM `payment_records` WHERE `payment_records`.`order_no` = '1122334482' AND `payment_records`.`status` = 'success'  ORDER BY `payment_records`.`id` ASC LIMIT 1
  Rendered wechat/payment/check_payment.html.erb within layouts/wechat_payment (0.6ms)
Completed 200 OK in 6ms (Views: 2.6ms | ActiveRecord: 1.6ms)


Started POST "/wechat/payment/notify" for 140.207.54.76 at 2016-10-11 19:02:32 +0800
Cannot render console from 140.207.54.76! Allowed networks: 192.168.0.0/192.168.255.255, 127.0.0.0/127.255.255.255, ::1
Processing by Wechat::PaymentController#notify as */*
  [1m[36mPaymentRecord Load (0.5ms)[0m  [1mSELECT  `payment_records`.* FROM `payment_records` WHERE `payment_records`.`order_no` = '1122334481' AND `payment_records`.`status` = 'success' LIMIT 1[0m
WECHAT PAYMENT NOTIFY AND PAYMENT SUCCESS: {"controller"=>"wechat/payment", "action"=>"notify"}, body: {"appid"=>"wxa05b67eb1b532c44", "attach"=>"eggman", "bank_type"=>"CCB_DEBIT", "cash_fee"=>"10", "device_info"=>"WEB", "fee_type"=>"CNY", "is_subscribe"=>"Y", "mch_id"=>"1397730302", "nonce_str"=>"rcahdrr8lrde0bxm", "openid"=>"oMZZkwyFG5sAx-d4PMQ6Lq1xisHE", "out_trade_no"=>"1122334481", "result_code"=>"SUCCESS", "return_code"=>"SUCCESS", "sign"=>"DF965C0A41FDCA36B86A9CDBFA45A5E1", "time_end"=>"20161011190129", "total_fee"=>"10", "trade_type"=>"JSAPI", "transaction_id"=>"4005392001201610116415664172"}
  Rendered text template (0.0ms)
Completed 200 OK in 2ms (Views: 0.3ms | ActiveRecord: 0.5ms)


Started POST "/wechat/payment/notify" for 101.226.103.71 at 2016-10-11 19:02:45 +0800
Cannot render console from 101.226.103.71! Allowed networks: 192.168.0.0/192.168.255.255, 127.0.0.0/127.255.255.255, ::1
Processing by Wechat::PaymentController#notify as */*
  [1m[35mPaymentRecord Load (0.5ms)[0m  SELECT  `payment_records`.* FROM `payment_records` WHERE `payment_records`.`order_no` = '1122334482' AND `payment_records`.`status` = 'success' LIMIT 1
WECHAT PAYMENT NOTIFY AND PAYMENT SUCCESS: {"controller"=>"wechat/payment", "action"=>"notify"}, body: {"appid"=>"wxa05b67eb1b532c44", "attach"=>"eggman", "bank_type"=>"CCB_DEBIT", "cash_fee"=>"10", "device_info"=>"WEB", "fee_type"=>"CNY", "is_subscribe"=>"Y", "mch_id"=>"1397730302", "nonce_str"=>"c78ta2uwdjfnrbu5", "openid"=>"oMZZkwyFG5sAx-d4PMQ6Lq1xisHE", "out_trade_no"=>"1122334482", "result_code"=>"SUCCESS", "return_code"=>"SUCCESS", "sign"=>"58FF31B921D6D1210D403FC10C5DFA9F", "time_end"=>"20161011190228", "total_fee"=>"10", "trade_type"=>"JSAPI", "transaction_id"=>"4005392001201610116414202301"}
  Rendered text template (0.0ms)
Completed 200 OK in 2ms (Views: 0.3ms | ActiveRecord: 0.5ms)


Started POST "/wechat/payment/notify" for 101.226.103.71 at 2016-10-11 19:03:03 +0800
Cannot render console from 101.226.103.71! Allowed networks: 192.168.0.0/192.168.255.255, 127.0.0.0/127.255.255.255, ::1
Processing by Wechat::PaymentController#notify as */*
  [1m[36mPaymentRecord Load (0.6ms)[0m  [1mSELECT  `payment_records`.* FROM `payment_records` WHERE `payment_records`.`order_no` = '1122334482' AND `payment_records`.`status` = 'success' LIMIT 1[0m
WECHAT PAYMENT NOTIFY AND PAYMENT SUCCESS: {"controller"=>"wechat/payment", "action"=>"notify"}, body: {"appid"=>"wxa05b67eb1b532c44", "attach"=>"eggman", "bank_type"=>"CCB_DEBIT", "cash_fee"=>"10", "device_info"=>"WEB", "fee_type"=>"CNY", "is_subscribe"=>"Y", "mch_id"=>"1397730302", "nonce_str"=>"c78ta2uwdjfnrbu5", "openid"=>"oMZZkwyFG5sAx-d4PMQ6Lq1xisHE", "out_trade_no"=>"1122334482", "result_code"=>"SUCCESS", "return_code"=>"SUCCESS", "sign"=>"58FF31B921D6D1210D403FC10C5DFA9F", "time_end"=>"20161011190228", "total_fee"=>"10", "trade_type"=>"JSAPI", "transaction_id"=>"4005392001201610116414202301"}
  Rendered text template (0.0ms)
Completed 200 OK in 3ms (Views: 0.4ms | ActiveRecord: 0.6ms)


Started POST "/wechat/payment/notify" for 140.207.54.75 at 2016-10-11 19:03:34 +0800
Cannot render console from 140.207.54.75! Allowed networks: 192.168.0.0/192.168.255.255, 127.0.0.0/127.255.255.255, ::1
Processing by Wechat::PaymentController#notify as */*
  [1m[35mPaymentRecord Load (0.6ms)[0m  SELECT  `payment_records`.* FROM `payment_records` WHERE `payment_records`.`order_no` = '1122334482' AND `payment_records`.`status` = 'success' LIMIT 1
WECHAT PAYMENT NOTIFY AND PAYMENT SUCCESS: {"controller"=>"wechat/payment", "action"=>"notify"}, body: {"appid"=>"wxa05b67eb1b532c44", "attach"=>"eggman", "bank_type"=>"CCB_DEBIT", "cash_fee"=>"10", "device_info"=>"WEB", "fee_type"=>"CNY", "is_subscribe"=>"Y", "mch_id"=>"1397730302", "nonce_str"=>"c78ta2uwdjfnrbu5", "openid"=>"oMZZkwyFG5sAx-d4PMQ6Lq1xisHE", "out_trade_no"=>"1122334482", "result_code"=>"SUCCESS", "return_code"=>"SUCCESS", "sign"=>"58FF31B921D6D1210D403FC10C5DFA9F", "time_end"=>"20161011190228", "total_fee"=>"10", "trade_type"=>"JSAPI", "transaction_id"=>"4005392001201610116414202301"}
  Rendered text template (0.0ms)
Completed 200 OK in 18ms (Views: 0.6ms | ActiveRecord: 5.6ms)


Started POST "/wechat/payment/notify" for 140.207.54.76 at 2016-10-11 19:03:34 +0800
Cannot render console from 140.207.54.76! Allowed networks: 192.168.0.0/192.168.255.255, 127.0.0.0/127.255.255.255, ::1
Processing by Wechat::PaymentController#notify as */*
  [1m[36mPaymentRecord Load (0.6ms)[0m  [1mSELECT  `payment_records`.* FROM `payment_records` WHERE `payment_records`.`order_no` = '1122334480' AND `payment_records`.`status` = 'success' LIMIT 1[0m
WECHAT PAYMENT NOTIFY AND PAYMENT SUCCESS: {"controller"=>"wechat/payment", "action"=>"notify"}, body: {"appid"=>"wxa05b67eb1b532c44", "attach"=>"eggman", "bank_type"=>"CCB_DEBIT", "cash_fee"=>"10", "device_info"=>"WEB", "fee_type"=>"CNY", "is_subscribe"=>"Y", "mch_id"=>"1397730302", "nonce_str"=>"qnu4i9z1yv7n659j", "openid"=>"oMZZkwyFG5sAx-d4PMQ6Lq1xisHE", "out_trade_no"=>"1122334480", "result_code"=>"SUCCESS", "return_code"=>"SUCCESS", "sign"=>"7B339B64BED7D437E60B67EE330633CF", "time_end"=>"20161011185926", "total_fee"=>"10", "trade_type"=>"JSAPI", "transaction_id"=>"4005392001201610116414033173"}
  Rendered text template (0.0ms)
Completed 200 OK in 3ms (Views: 0.3ms | ActiveRecord: 0.6ms)


Started GET "/wechat/payment/?key=9eyjdxpbqupgvv6nza85b2oesv9a4h7v5fhzwpxqkm8o945i&app=eggman&body=year_product&out_trade_no=1122334481&total_fee=0.1&product_id=year&openid=oMZZkwyFG5sAx-d4PMQ6Lq1xisHE" for 101.226.89.115 at 2016-10-11 19:04:21 +0800
Cannot render console from 101.226.89.115! Allowed networks: 192.168.0.0/192.168.255.255, 127.0.0.0/127.255.255.255, ::1
Processing by Wechat::PaymentController#index as */*
  Parameters: {"key"=>"9eyjdxpbqupgvv6nza85b2oesv9a4h7v5fhzwpxqkm8o945i", "app"=>"eggman", "body"=>"year_product", "out_trade_no"=>"1122334481", "total_fee"=>"0.1", "product_id"=>"year", "openid"=>"oMZZkwyFG5sAx-d4PMQ6Lq1xisHE"}
WECHAT PAYMENT CREATE ORDER: <xml><return_code><![CDATA[SUCCESS]]></return_code>
<return_msg><![CDATA[OK]]></return_msg>
<appid><![CDATA[wxa05b67eb1b532c44]]></appid>
<mch_id><![CDATA[1397730302]]></mch_id>
<device_info><![CDATA[WEB]]></device_info>
<nonce_str><![CDATA[hHMVxYZvWKC60I2o]]></nonce_str>
<sign><![CDATA[9DBB279A24B94B17D427747C498BED83]]></sign>
<result_code><![CDATA[FAIL]]></result_code>
<err_code><![CDATA[ORDERPAID]]></err_code>
<err_code_des><![CDATA[该订单已支付]]></err_code_des>
</xml>
  Rendered text template (0.0ms)
Completed 200 OK in 1863ms (Views: 1.0ms | ActiveRecord: 0.0ms)


Started GET "/wechat/payment/failed" for 123.161.110.115 at 2016-10-11 19:04:29 +0800
Cannot render console from 123.161.110.115! Allowed networks: 192.168.0.0/192.168.255.255, 127.0.0.0/127.255.255.255, ::1
Processing by Wechat::PaymentController#failed as HTML
  Rendered wechat/payment/failed.html.erb within layouts/wechat_payment (0.4ms)
Completed 200 OK in 4ms (Views: 3.0ms | ActiveRecord: 0.0ms)


Started GET "/wechat/payment/check_payment?tid=1122334481&1476183691000" for 101.226.51.229 at 2016-10-11 19:04:31 +0800
Cannot render console from 101.226.51.229! Allowed networks: 192.168.0.0/192.168.255.255, 127.0.0.0/127.255.255.255, ::1
Processing by Wechat::PaymentController#check_payment as */*
  Parameters: {"tid"=>"1122334481", "1476183691000"=>nil}
  [1m[35mPaymentRecord Load (0.7ms)[0m  SELECT  `payment_records`.* FROM `payment_records` WHERE `payment_records`.`order_no` = '1122334481' AND `payment_records`.`status` = 'success'  ORDER BY `payment_records`.`id` ASC LIMIT 1
Redirected to http://localhost:6001/wechat/payment_callback?order_no=1122334481&payment_record_id=15&status=ok
Completed 302 Found in 23ms (ActiveRecord: 3.7ms)


Started GET "/wechat/payment/?key=9eyjdxpbqupgvv6nza85b2oesv9a4h7v5fhzwpxqkm8o945i&app=eggman&body=year_product&out_trade_no=1122334482&total_fee=0.1&product_id=year&openid=oMZZkwyFG5sAx-d4PMQ6Lq1xisHE" for 61.151.228.22 at 2016-10-11 19:05:21 +0800
Cannot render console from 61.151.228.22! Allowed networks: 192.168.0.0/192.168.255.255, 127.0.0.0/127.255.255.255, ::1
  [1m[36mActiveRecord::SchemaMigration Load (9.8ms)[0m  [1mSELECT `schema_migrations`.* FROM `schema_migrations`[0m
Processing by Wechat::PaymentController#index as */*
  Parameters: {"key"=>"9eyjdxpbqupgvv6nza85b2oesv9a4h7v5fhzwpxqkm8o945i", "app"=>"eggman", "body"=>"year_product", "out_trade_no"=>"1122334482", "total_fee"=>"0.1", "product_id"=>"year", "openid"=>"oMZZkwyFG5sAx-d4PMQ6Lq1xisHE"}
WECHAT PAYMENT CREATE ORDER: <xml><return_code><![CDATA[SUCCESS]]></return_code>
<return_msg><![CDATA[OK]]></return_msg>
<appid><![CDATA[wxa05b67eb1b532c44]]></appid>
<mch_id><![CDATA[1397730302]]></mch_id>
<device_info><![CDATA[WEB]]></device_info>
<nonce_str><![CDATA[2hzuxDSmjXQZLiiL]]></nonce_str>
<sign><![CDATA[5AB780A86C28FF3C03A107E2D83CACAB]]></sign>
<result_code><![CDATA[FAIL]]></result_code>
<err_code><![CDATA[ORDERPAID]]></err_code>
<err_code_des><![CDATA[该订单已支付]]></err_code_des>
</xml>
  Rendered text template (0.0ms)
Completed 200 OK in 345ms (Views: 12.4ms | ActiveRecord: 0.0ms)


Started GET "/wechat/payment/check_payment?tid=1122334482&1476183750000" for 101.226.33.226 at 2016-10-11 19:05:30 +0800
Cannot render console from 101.226.33.226! Allowed networks: 192.168.0.0/192.168.255.255, 127.0.0.0/127.255.255.255, ::1
Processing by Wechat::PaymentController#check_payment as */*
  Parameters: {"tid"=>"1122334482", "1476183750000"=>nil}
  [1m[35mPaymentRecord Load (2.4ms)[0m  SELECT  `payment_records`.* FROM `payment_records` WHERE `payment_records`.`order_no` = '1122334482' AND `payment_records`.`status` = 'success'  ORDER BY `payment_records`.`id` ASC LIMIT 1
Redirected to http://eggman.tv/wechat/payment_callback?order_no=1122334482&payment_record_id=16&status=ok
Completed 302 Found in 28ms (ActiveRecord: 7.1ms)


Started POST "/wechat/payment/notify" for 140.207.54.74 at 2016-10-11 19:05:35 +0800
Cannot render console from 140.207.54.74! Allowed networks: 192.168.0.0/192.168.255.255, 127.0.0.0/127.255.255.255, ::1
Processing by Wechat::PaymentController#notify as */*
  [1m[36mPaymentRecord Load (0.4ms)[0m  [1mSELECT  `payment_records`.* FROM `payment_records` WHERE `payment_records`.`order_no` = '1122334481' AND `payment_records`.`status` = 'success' LIMIT 1[0m
WECHAT PAYMENT NOTIFY AND PAYMENT SUCCESS: {"controller"=>"wechat/payment", "action"=>"notify"}, body: {"appid"=>"wxa05b67eb1b532c44", "attach"=>"eggman", "bank_type"=>"CCB_DEBIT", "cash_fee"=>"10", "device_info"=>"WEB", "fee_type"=>"CNY", "is_subscribe"=>"Y", "mch_id"=>"1397730302", "nonce_str"=>"rcahdrr8lrde0bxm", "openid"=>"oMZZkwyFG5sAx-d4PMQ6Lq1xisHE", "out_trade_no"=>"1122334481", "result_code"=>"SUCCESS", "return_code"=>"SUCCESS", "sign"=>"DF965C0A41FDCA36B86A9CDBFA45A5E1", "time_end"=>"20161011190129", "total_fee"=>"10", "trade_type"=>"JSAPI", "transaction_id"=>"4005392001201610116415664172"}
  Rendered text template (0.0ms)
Completed 200 OK in 4ms (Views: 0.3ms | ActiveRecord: 0.4ms)


Started GET "/wechat/payment/?key=9eyjdxpbqupgvv6nza85b2oesv9a4h7v5fhzwpxqkm8o945i&app=eggman&body=year_product&out_trade_no=1122334483&total_fee=0.1&product_id=year&openid=oMZZkwyFG5sAx-d4PMQ6Lq1xisHE" for 123.161.110.115 at 2016-10-11 19:05:45 +0800
Cannot render console from 123.161.110.115! Allowed networks: 192.168.0.0/192.168.255.255, 127.0.0.0/127.255.255.255, ::1
Processing by Wechat::PaymentController#index as HTML
  Parameters: {"key"=>"9eyjdxpbqupgvv6nza85b2oesv9a4h7v5fhzwpxqkm8o945i", "app"=>"eggman", "body"=>"year_product", "out_trade_no"=>"1122334483", "total_fee"=>"0.1", "product_id"=>"year", "openid"=>"oMZZkwyFG5sAx-d4PMQ6Lq1xisHE"}
WECHAT PAYMENT CREATE ORDER: <xml><return_code><![CDATA[SUCCESS]]></return_code>
<return_msg><![CDATA[OK]]></return_msg>
<appid><![CDATA[wxa05b67eb1b532c44]]></appid>
<mch_id><![CDATA[1397730302]]></mch_id>
<device_info><![CDATA[WEB]]></device_info>
<nonce_str><![CDATA[0AB46xwl3DG5SsL3]]></nonce_str>
<sign><![CDATA[9549617D1F3E6980AFE515ED7D9CC871]]></sign>
<result_code><![CDATA[SUCCESS]]></result_code>
<prepay_id><![CDATA[wx20161011190544efe34309ea0576320632]]></prepay_id>
<trade_type><![CDATA[JSAPI]]></trade_type>
</xml>
  Rendered wechat/payment/index.html.erb within layouts/wechat_payment (3.0ms)
Completed 200 OK in 456ms (Views: 8.6ms | ActiveRecord: 0.0ms)


Started POST "/wechat/payment/notify" for 140.207.54.75 at 2016-10-11 19:05:52 +0800
Cannot render console from 140.207.54.75! Allowed networks: 192.168.0.0/192.168.255.255, 127.0.0.0/127.255.255.255, ::1
Processing by Wechat::PaymentController#notify as */*
  [1m[35mPaymentRecord Load (0.6ms)[0m  SELECT  `payment_records`.* FROM `payment_records` WHERE `payment_records`.`order_no` = '1122334483' AND `payment_records`.`status` = 'success' LIMIT 1
  [1m[36m (0.3ms)[0m  [1mBEGIN[0m
  [1m[35mSQL (1.9ms)[0m  INSERT INTO `payment_records` (`open_id`, `app_name`, `order_no`, `payment_method`, `status`, `total_money`, `payment_response`, `created_at`, `updated_at`) VALUES ('oMZZkwyFG5sAx-d4PMQ6Lq1xisHE', 'eggman', '1122334483', 'WECHAT', 'success', 0.1, '{\"appid\":\"wxa05b67eb1b532c44\",\"attach\":\"eggman\",\"bank_type\":\"CCB_DEBIT\",\"cash_fee\":\"10\",\"device_info\":\"WEB\",\"fee_type\":\"CNY\",\"is_subscribe\":\"Y\",\"mch_id\":\"1397730302\",\"nonce_str\":\"0mm08gfkzl81pque\",\"openid\":\"oMZZkwyFG5sAx-d4PMQ6Lq1xisHE\",\"out_trade_no\":\"1122334483\",\"result_code\":\"SUCCESS\",\"return_code\":\"SUCCESS\",\"sign\":\"C7D452A3DF0424C11224E0EF50FF1A69\",\"time_end\":\"20161011190551\",\"total_fee\":\"10\",\"trade_type\":\"JSAPI\",\"transaction_id\":\"4005392001201610116415893535\"}', '2016-10-11 11:05:52', '2016-10-11 11:05:52')
  [1m[36m (0.7ms)[0m  [1mCOMMIT[0m
WECHAT PAYMENT NOTIFY AND PAYMENT SUCCESS: {"controller"=>"wechat/payment", "action"=>"notify"}, body: {"appid"=>"wxa05b67eb1b532c44", "attach"=>"eggman", "bank_type"=>"CCB_DEBIT", "cash_fee"=>"10", "device_info"=>"WEB", "fee_type"=>"CNY", "is_subscribe"=>"Y", "mch_id"=>"1397730302", "nonce_str"=>"0mm08gfkzl81pque", "openid"=>"oMZZkwyFG5sAx-d4PMQ6Lq1xisHE", "out_trade_no"=>"1122334483", "result_code"=>"SUCCESS", "return_code"=>"SUCCESS", "sign"=>"C7D452A3DF0424C11224E0EF50FF1A69", "time_end"=>"20161011190551", "total_fee"=>"10", "trade_type"=>"JSAPI", "transaction_id"=>"4005392001201610116415893535"}
  Rendered text template (0.0ms)
Completed 200 OK in 30ms (Views: 0.5ms | ActiveRecord: 3.5ms)


Started GET "/wechat/payment/check_payment?tid=1122334483&1476183953000" for 123.161.110.115 at 2016-10-11 19:05:54 +0800
Cannot render console from 123.161.110.115! Allowed networks: 192.168.0.0/192.168.255.255, 127.0.0.0/127.255.255.255, ::1
Processing by Wechat::PaymentController#check_payment as HTML
  Parameters: {"tid"=>"1122334483", "1476183953000"=>nil}
  [1m[35mPaymentRecord Load (0.5ms)[0m  SELECT  `payment_records`.* FROM `payment_records` WHERE `payment_records`.`order_no` = '1122334483' AND `payment_records`.`status` = 'success'  ORDER BY `payment_records`.`id` ASC LIMIT 1
Redirected to http://eggman.tv/wechat/payment_callback?order_no=1122334483&payment_record_id=17&status=ok
Completed 302 Found in 2ms (ActiveRecord: 0.5ms)


Started POST "/wechat/payment/notify" for 140.207.54.74 at 2016-10-11 19:06:06 +0800
Cannot render console from 140.207.54.74! Allowed networks: 192.168.0.0/192.168.255.255, 127.0.0.0/127.255.255.255, ::1
Processing by Wechat::PaymentController#notify as */*
  [1m[36mPaymentRecord Load (0.5ms)[0m  [1mSELECT  `payment_records`.* FROM `payment_records` WHERE `payment_records`.`order_no` = '1122334483' AND `payment_records`.`status` = 'success' LIMIT 1[0m
WECHAT PAYMENT NOTIFY AND PAYMENT SUCCESS: {"controller"=>"wechat/payment", "action"=>"notify"}, body: {"appid"=>"wxa05b67eb1b532c44", "attach"=>"eggman", "bank_type"=>"CCB_DEBIT", "cash_fee"=>"10", "device_info"=>"WEB", "fee_type"=>"CNY", "is_subscribe"=>"Y", "mch_id"=>"1397730302", "nonce_str"=>"0mm08gfkzl81pque", "openid"=>"oMZZkwyFG5sAx-d4PMQ6Lq1xisHE", "out_trade_no"=>"1122334483", "result_code"=>"SUCCESS", "return_code"=>"SUCCESS", "sign"=>"C7D452A3DF0424C11224E0EF50FF1A69", "time_end"=>"20161011190551", "total_fee"=>"10", "trade_type"=>"JSAPI", "transaction_id"=>"4005392001201610116415893535"}
  Rendered text template (0.0ms)
Completed 200 OK in 2ms (Views: 0.3ms | ActiveRecord: 0.5ms)


Started GET "/wechat/payment/?key=9eyjdxpbqupgvv6nza85b2oesv9a4h7v5fhzwpxqkm8o945i&app=eggman&body=year_product&out_trade_no=1122334483&total_fee=0.1&product_id=year&openid=oMZZkwyFG5sAx-d4PMQ6Lq1xisHE" for 123.161.110.115 at 2016-10-11 19:06:11 +0800
Cannot render console from 123.161.110.115! Allowed networks: 192.168.0.0/192.168.255.255, 127.0.0.0/127.255.255.255, ::1
Processing by Wechat::PaymentController#index as HTML
  Parameters: {"key"=>"9eyjdxpbqupgvv6nza85b2oesv9a4h7v5fhzwpxqkm8o945i", "app"=>"eggman", "body"=>"year_product", "out_trade_no"=>"1122334483", "total_fee"=>"0.1", "product_id"=>"year", "openid"=>"oMZZkwyFG5sAx-d4PMQ6Lq1xisHE"}
WECHAT PAYMENT CREATE ORDER: <xml><return_code><![CDATA[SUCCESS]]></return_code>
<return_msg><![CDATA[OK]]></return_msg>
<appid><![CDATA[wxa05b67eb1b532c44]]></appid>
<mch_id><![CDATA[1397730302]]></mch_id>
<device_info><![CDATA[WEB]]></device_info>
<nonce_str><![CDATA[8j62MqIWjq0n0RNP]]></nonce_str>
<sign><![CDATA[3BDDFE214AE4A8E5A17FD8B68F7F5C00]]></sign>
<result_code><![CDATA[FAIL]]></result_code>
<err_code><![CDATA[ORDERPAID]]></err_code>
<err_code_des><![CDATA[该订单已支付]]></err_code_des>
</xml>
  Rendered text template (0.0ms)
Completed 200 OK in 432ms (Views: 0.6ms | ActiveRecord: 0.0ms)


Started POST "/wechat/payment/notify" for 140.207.54.75 at 2016-10-11 19:06:23 +0800
Cannot render console from 140.207.54.75! Allowed networks: 192.168.0.0/192.168.255.255, 127.0.0.0/127.255.255.255, ::1
Processing by Wechat::PaymentController#notify as */*
  [1m[35mPaymentRecord Load (0.5ms)[0m  SELECT  `payment_records`.* FROM `payment_records` WHERE `payment_records`.`order_no` = '1122334483' AND `payment_records`.`status` = 'success' LIMIT 1
WECHAT PAYMENT NOTIFY AND PAYMENT SUCCESS: {"controller"=>"wechat/payment", "action"=>"notify"}, body: {"appid"=>"wxa05b67eb1b532c44", "attach"=>"eggman", "bank_type"=>"CCB_DEBIT", "cash_fee"=>"10", "device_info"=>"WEB", "fee_type"=>"CNY", "is_subscribe"=>"Y", "mch_id"=>"1397730302", "nonce_str"=>"0mm08gfkzl81pque", "openid"=>"oMZZkwyFG5sAx-d4PMQ6Lq1xisHE", "out_trade_no"=>"1122334483", "result_code"=>"SUCCESS", "return_code"=>"SUCCESS", "sign"=>"C7D452A3DF0424C11224E0EF50FF1A69", "time_end"=>"20161011190551", "total_fee"=>"10", "trade_type"=>"JSAPI", "transaction_id"=>"4005392001201610116415893535"}
  Rendered text template (0.0ms)
Completed 200 OK in 2ms (Views: 0.3ms | ActiveRecord: 0.5ms)


Started POST "/wechat/payment/notify" for 140.207.54.76 at 2016-10-11 19:06:39 +0800
Cannot render console from 140.207.54.76! Allowed networks: 192.168.0.0/192.168.255.255, 127.0.0.0/127.255.255.255, ::1
Processing by Wechat::PaymentController#notify as */*
  [1m[36mPaymentRecord Load (0.6ms)[0m  [1mSELECT  `payment_records`.* FROM `payment_records` WHERE `payment_records`.`order_no` = '1122334482' AND `payment_records`.`status` = 'success' LIMIT 1[0m
WECHAT PAYMENT NOTIFY AND PAYMENT SUCCESS: {"controller"=>"wechat/payment", "action"=>"notify"}, body: {"appid"=>"wxa05b67eb1b532c44", "attach"=>"eggman", "bank_type"=>"CCB_DEBIT", "cash_fee"=>"10", "device_info"=>"WEB", "fee_type"=>"CNY", "is_subscribe"=>"Y", "mch_id"=>"1397730302", "nonce_str"=>"c78ta2uwdjfnrbu5", "openid"=>"oMZZkwyFG5sAx-d4PMQ6Lq1xisHE", "out_trade_no"=>"1122334482", "result_code"=>"SUCCESS", "return_code"=>"SUCCESS", "sign"=>"58FF31B921D6D1210D403FC10C5DFA9F", "time_end"=>"20161011190228", "total_fee"=>"10", "trade_type"=>"JSAPI", "transaction_id"=>"4005392001201610116414202301"}
  Rendered text template (0.0ms)
Completed 200 OK in 3ms (Views: 0.6ms | ActiveRecord: 0.6ms)


Started POST "/wechat/payment/notify" for 140.207.54.75 at 2016-10-11 19:06:55 +0800
Cannot render console from 140.207.54.75! Allowed networks: 192.168.0.0/192.168.255.255, 127.0.0.0/127.255.255.255, ::1
Processing by Wechat::PaymentController#notify as */*
  [1m[35mPaymentRecord Load (0.5ms)[0m  SELECT  `payment_records`.* FROM `payment_records` WHERE `payment_records`.`order_no` = '1122334483' AND `payment_records`.`status` = 'success' LIMIT 1
WECHAT PAYMENT NOTIFY AND PAYMENT SUCCESS: {"controller"=>"wechat/payment", "action"=>"notify"}, body: {"appid"=>"wxa05b67eb1b532c44", "attach"=>"eggman", "bank_type"=>"CCB_DEBIT", "cash_fee"=>"10", "device_info"=>"WEB", "fee_type"=>"CNY", "is_subscribe"=>"Y", "mch_id"=>"1397730302", "nonce_str"=>"0mm08gfkzl81pque", "openid"=>"oMZZkwyFG5sAx-d4PMQ6Lq1xisHE", "out_trade_no"=>"1122334483", "result_code"=>"SUCCESS", "return_code"=>"SUCCESS", "sign"=>"C7D452A3DF0424C11224E0EF50FF1A69", "time_end"=>"20161011190551", "total_fee"=>"10", "trade_type"=>"JSAPI", "transaction_id"=>"4005392001201610116415893535"}
  Rendered text template (0.0ms)
Completed 200 OK in 2ms (Views: 0.3ms | ActiveRecord: 0.5ms)


Started GET "/wechat/payment/?key=9eyjdxpbqupgvv6nza85b2oesv9a4h7v5fhzwpxqkm8o945i&app=eggman&body=year_product&out_trade_no=1122334481&total_fee=0.1&product_id=year&openid=oMZZkwyFG5sAx-d4PMQ6Lq1xisHE" for 101.226.125.100 at 2016-10-11 19:07:23 +0800
Cannot render console from 101.226.125.100! Allowed networks: 192.168.0.0/192.168.255.255, 127.0.0.0/127.255.255.255, ::1
Processing by Wechat::PaymentController#index as */*
  Parameters: {"key"=>"9eyjdxpbqupgvv6nza85b2oesv9a4h7v5fhzwpxqkm8o945i", "app"=>"eggman", "body"=>"year_product", "out_trade_no"=>"1122334481", "total_fee"=>"0.1", "product_id"=>"year", "openid"=>"oMZZkwyFG5sAx-d4PMQ6Lq1xisHE"}
WECHAT PAYMENT CREATE ORDER: <xml><return_code><![CDATA[SUCCESS]]></return_code>
<return_msg><![CDATA[OK]]></return_msg>
<appid><![CDATA[wxa05b67eb1b532c44]]></appid>
<mch_id><![CDATA[1397730302]]></mch_id>
<device_info><![CDATA[WEB]]></device_info>
<nonce_str><![CDATA[3AMkDwbemr219Uoe]]></nonce_str>
<sign><![CDATA[39C378E45BAE5466B403632862665EFE]]></sign>
<result_code><![CDATA[FAIL]]></result_code>
<err_code><![CDATA[ORDERPAID]]></err_code>
<err_code_des><![CDATA[该订单已支付]]></err_code_des>
</xml>
  Rendered text template (0.0ms)
Completed 200 OK in 554ms (Views: 0.5ms | ActiveRecord: 0.0ms)


Started GET "/wechat/payment/?key=9eyjdxpbqupgvv6nza85b2oesv9a4h7v5fhzwpxqkm8o945i&app=eggman&body=year_product&out_trade_no=1122334482&total_fee=0.1&product_id=year&openid=oMZZkwyFG5sAx-d4PMQ6Lq1xisHE" for 180.153.81.212 at 2016-10-11 19:08:31 +0800
Cannot render console from 180.153.81.212! Allowed networks: 192.168.0.0/192.168.255.255, 127.0.0.0/127.255.255.255, ::1
Processing by Wechat::PaymentController#index as */*
  Parameters: {"key"=>"9eyjdxpbqupgvv6nza85b2oesv9a4h7v5fhzwpxqkm8o945i", "app"=>"eggman", "body"=>"year_product", "out_trade_no"=>"1122334482", "total_fee"=>"0.1", "product_id"=>"year", "openid"=>"oMZZkwyFG5sAx-d4PMQ6Lq1xisHE"}
WECHAT PAYMENT CREATE ORDER: <xml><return_code><![CDATA[SUCCESS]]></return_code>
<return_msg><![CDATA[OK]]></return_msg>
<appid><![CDATA[wxa05b67eb1b532c44]]></appid>
<mch_id><![CDATA[1397730302]]></mch_id>
<device_info><![CDATA[WEB]]></device_info>
<nonce_str><![CDATA[Y1H6ubSgunEDLHpU]]></nonce_str>
<sign><![CDATA[6A5F8EA19B98CDA7773E2C40C91CE027]]></sign>
<result_code><![CDATA[FAIL]]></result_code>
<err_code><![CDATA[ORDERPAID]]></err_code>
<err_code_des><![CDATA[该订单已支付]]></err_code_des>
</xml>
  Rendered text template (0.0ms)
Completed 200 OK in 332ms (Views: 1.1ms | ActiveRecord: 0.0ms)


Started GET "/wechat/payment/?key=9eyjdxpbqupgvv6nza85b2oesv9a4h7v5fhzwpxqkm8o945i&app=eggman&body=year_product&out_trade_no=1122334483&total_fee=0.1&product_id=year&openid=oMZZkwyFG5sAx-d4PMQ6Lq1xisHE" for 123.161.110.115 at 2016-10-11 19:09:00 +0800
Cannot render console from 123.161.110.115! Allowed networks: 192.168.0.0/192.168.255.255, 127.0.0.0/127.255.255.255, ::1
Processing by Wechat::PaymentController#index as HTML
  Parameters: {"key"=>"9eyjdxpbqupgvv6nza85b2oesv9a4h7v5fhzwpxqkm8o945i", "app"=>"eggman", "body"=>"year_product", "out_trade_no"=>"1122334483", "total_fee"=>"0.1", "product_id"=>"year", "openid"=>"oMZZkwyFG5sAx-d4PMQ6Lq1xisHE"}
WECHAT PAYMENT CREATE ORDER: <xml><return_code><![CDATA[SUCCESS]]></return_code>
<return_msg><![CDATA[OK]]></return_msg>
<appid><![CDATA[wxa05b67eb1b532c44]]></appid>
<mch_id><![CDATA[1397730302]]></mch_id>
<device_info><![CDATA[WEB]]></device_info>
<nonce_str><![CDATA[KKNQmlv0mI6vlENN]]></nonce_str>
<sign><![CDATA[2E33CA1A3EE86E197562A2F885585290]]></sign>
<result_code><![CDATA[FAIL]]></result_code>
<err_code><![CDATA[ORDERPAID]]></err_code>
<err_code_des><![CDATA[该订单已支付]]></err_code_des>
</xml>
Redirected to http://ll.343edu.com/wechat/payment/failed
Completed 302 Found in 416ms (ActiveRecord: 0.0ms)


Started GET "/wechat/payment/failed" for 123.161.110.115 at 2016-10-11 19:09:01 +0800
Cannot render console from 123.161.110.115! Allowed networks: 192.168.0.0/192.168.255.255, 127.0.0.0/127.255.255.255, ::1
Processing by Wechat::PaymentController#failed as HTML
  Rendered wechat/payment/failed.html.erb within layouts/wechat_payment (0.6ms)
Completed 200 OK in 9ms (Views: 8.9ms | ActiveRecord: 0.0ms)


Started GET "/wechat/payment/check_payment?tid=1122334483&1476183953000" for 101.226.65.106 at 2016-10-11 19:09:02 +0800
Cannot render console from 101.226.65.106! Allowed networks: 192.168.0.0/192.168.255.255, 127.0.0.0/127.255.255.255, ::1
Processing by Wechat::PaymentController#check_payment as */*
  Parameters: {"tid"=>"1122334483", "1476183953000"=>nil}
  [1m[36mPaymentRecord Load (0.4ms)[0m  [1mSELECT  `payment_records`.* FROM `payment_records` WHERE `payment_records`.`order_no` = '1122334483' AND `payment_records`.`status` = 'success'  ORDER BY `payment_records`.`id` ASC LIMIT 1[0m
Redirected to http://eggman.tv/wechat/payment_callback?order_no=1122334483&payment_record_id=17&status=ok
Completed 302 Found in 15ms (ActiveRecord: 6.5ms)


Started GET "/wechat/payment/?key=9eyjdxpbqupgvv6nza85b2oesv9a4h7v5fhzwpxqkm8o945i&app=eggman&body=year_product&out_trade_no=1122334482&total_fee=0.1&product_id=year&openid=oMZZkwyFG5sAx-d4PMQ6Lq1xisHE" for 123.161.110.115 at 2016-10-11 19:09:08 +0800
Cannot render console from 123.161.110.115! Allowed networks: 192.168.0.0/192.168.255.255, 127.0.0.0/127.255.255.255, ::1
Processing by Wechat::PaymentController#index as HTML
  Parameters: {"key"=>"9eyjdxpbqupgvv6nza85b2oesv9a4h7v5fhzwpxqkm8o945i", "app"=>"eggman", "body"=>"year_product", "out_trade_no"=>"1122334482", "total_fee"=>"0.1", "product_id"=>"year", "openid"=>"oMZZkwyFG5sAx-d4PMQ6Lq1xisHE"}
WECHAT PAYMENT CREATE ORDER: <xml><return_code><![CDATA[SUCCESS]]></return_code>
<return_msg><![CDATA[OK]]></return_msg>
<appid><![CDATA[wxa05b67eb1b532c44]]></appid>
<mch_id><![CDATA[1397730302]]></mch_id>
<device_info><![CDATA[WEB]]></device_info>
<nonce_str><![CDATA[OTgqlyzi8VCgAx9e]]></nonce_str>
<sign><![CDATA[6D7B511E1D47A65F939D746B8A767624]]></sign>
<result_code><![CDATA[FAIL]]></result_code>
<err_code><![CDATA[ORDERPAID]]></err_code>
<err_code_des><![CDATA[该订单已支付]]></err_code_des>
</xml>
Redirected to http://ll.343edu.com/wechat/payment/failed
Completed 302 Found in 459ms (ActiveRecord: 0.0ms)


Started GET "/wechat/payment/failed" for 123.161.110.115 at 2016-10-11 19:09:09 +0800
Cannot render console from 123.161.110.115! Allowed networks: 192.168.0.0/192.168.255.255, 127.0.0.0/127.255.255.255, ::1
Processing by Wechat::PaymentController#failed as HTML
  Rendered wechat/payment/failed.html.erb within layouts/wechat_payment (0.1ms)
Completed 200 OK in 2ms (Views: 2.0ms | ActiveRecord: 0.0ms)


Started GET "/wechat/payment/?key=9eyjdxpbqupgvv6nza85b2oesv9a4h7v5fhzwpxqkm8o945i&app=eggman&body=year_product&out_trade_no=1122334483&total_fee=0.1&product_id=year&openid=oMZZkwyFG5sAx-d4PMQ6Lq1xisHE" for 180.153.214.200 at 2016-10-11 19:09:20 +0800
Cannot render console from 180.153.214.200! Allowed networks: 192.168.0.0/192.168.255.255, 127.0.0.0/127.255.255.255, ::1
Processing by Wechat::PaymentController#index as */*
  Parameters: {"key"=>"9eyjdxpbqupgvv6nza85b2oesv9a4h7v5fhzwpxqkm8o945i", "app"=>"eggman", "body"=>"year_product", "out_trade_no"=>"1122334483", "total_fee"=>"0.1", "product_id"=>"year", "openid"=>"oMZZkwyFG5sAx-d4PMQ6Lq1xisHE"}
WECHAT PAYMENT CREATE ORDER: <xml><return_code><![CDATA[SUCCESS]]></return_code>
<return_msg><![CDATA[OK]]></return_msg>
<appid><![CDATA[wxa05b67eb1b532c44]]></appid>
<mch_id><![CDATA[1397730302]]></mch_id>
<device_info><![CDATA[WEB]]></device_info>
<nonce_str><![CDATA[BpaVsAWean33V4hk]]></nonce_str>
<sign><![CDATA[0D5F651DDA8147256F819FBF3F3A47A3]]></sign>
<result_code><![CDATA[FAIL]]></result_code>
<err_code><![CDATA[ORDERPAID]]></err_code>
<err_code_des><![CDATA[该订单已支付]]></err_code_des>
</xml>
Redirected to http://ll.343edu.com/wechat/payment/failed
Completed 302 Found in 501ms (ActiveRecord: 0.0ms)


Started GET "/wechat/payment/failed" for 180.153.214.200 at 2016-10-11 19:09:20 +0800
Cannot render console from 180.153.214.200! Allowed networks: 192.168.0.0/192.168.255.255, 127.0.0.0/127.255.255.255, ::1
Processing by Wechat::PaymentController#failed as */*
  Rendered wechat/payment/failed.html.erb within layouts/wechat_payment (0.4ms)
Completed 200 OK in 9ms (Views: 8.2ms | ActiveRecord: 0.0ms)


Started POST "/wechat/payment/notify" for 101.226.103.71 at 2016-10-11 19:09:57 +0800
Cannot render console from 101.226.103.71! Allowed networks: 192.168.0.0/192.168.255.255, 127.0.0.0/127.255.255.255, ::1
Processing by Wechat::PaymentController#notify as */*
  [1m[35mPaymentRecord Load (0.5ms)[0m  SELECT  `payment_records`.* FROM `payment_records` WHERE `payment_records`.`order_no` = '1122334483' AND `payment_records`.`status` = 'success' LIMIT 1
WECHAT PAYMENT NOTIFY AND PAYMENT SUCCESS: {"controller"=>"wechat/payment", "action"=>"notify"}, body: {"appid"=>"wxa05b67eb1b532c44", "attach"=>"eggman", "bank_type"=>"CCB_DEBIT", "cash_fee"=>"10", "device_info"=>"WEB", "fee_type"=>"CNY", "is_subscribe"=>"Y", "mch_id"=>"1397730302", "nonce_str"=>"0mm08gfkzl81pque", "openid"=>"oMZZkwyFG5sAx-d4PMQ6Lq1xisHE", "out_trade_no"=>"1122334483", "result_code"=>"SUCCESS", "return_code"=>"SUCCESS", "sign"=>"C7D452A3DF0424C11224E0EF50FF1A69", "time_end"=>"20161011190551", "total_fee"=>"10", "trade_type"=>"JSAPI", "transaction_id"=>"4005392001201610116415893535"}
  Rendered text template (0.0ms)
Completed 200 OK in 6ms (Views: 0.3ms | ActiveRecord: 0.5ms)


Started GET "/wechat/payment/?key=9eyjdxpbqupgvv6nza85b2oesv9a4h7v5fhzwpxqkm8o945i&app=eggman&body=year_product&out_trade_no=1122334483&total_fee=0.1&product_id=year&openid=oMZZkwyFG5sAx-d4PMQ6Lq1xisHE" for 123.161.110.115 at 2016-10-11 19:10:17 +0800
Cannot render console from 123.161.110.115! Allowed networks: 192.168.0.0/192.168.255.255, 127.0.0.0/127.255.255.255, ::1
Processing by Wechat::PaymentController#index as HTML
  Parameters: {"key"=>"9eyjdxpbqupgvv6nza85b2oesv9a4h7v5fhzwpxqkm8o945i", "app"=>"eggman", "body"=>"year_product", "out_trade_no"=>"1122334483", "total_fee"=>"0.1", "product_id"=>"year", "openid"=>"oMZZkwyFG5sAx-d4PMQ6Lq1xisHE"}
WECHAT PAYMENT CREATE ORDER: <xml><return_code><![CDATA[SUCCESS]]></return_code>
<return_msg><![CDATA[OK]]></return_msg>
<appid><![CDATA[wxa05b67eb1b532c44]]></appid>
<mch_id><![CDATA[1397730302]]></mch_id>
<device_info><![CDATA[WEB]]></device_info>
<nonce_str><![CDATA[mA8R0uOzGTp0jhQg]]></nonce_str>
<sign><![CDATA[5F6FA1D08644CA6257424A808B8C69EC]]></sign>
<result_code><![CDATA[FAIL]]></result_code>
<err_code><![CDATA[ORDERPAID]]></err_code>
<err_code_des><![CDATA[该订单已支付]]></err_code_des>
</xml>
Redirected to http://ll.343edu.com/wechat/payment/failed
Completed 302 Found in 348ms (ActiveRecord: 0.0ms)


Started GET "/wechat/payment/failed" for 123.161.110.115 at 2016-10-11 19:10:18 +0800
Cannot render console from 123.161.110.115! Allowed networks: 192.168.0.0/192.168.255.255, 127.0.0.0/127.255.255.255, ::1
Processing by Wechat::PaymentController#failed as HTML
  Rendered wechat/payment/failed.html.erb within layouts/wechat_payment (0.1ms)
Completed 200 OK in 3ms (Views: 2.7ms | ActiveRecord: 0.0ms)


Started GET "/wechat/payment/?key=9eyjdxpbqupgvv6nza85b2oesv9a4h7v5fhzwpxqkm8o945i&app=eggman&body=year_product&out_trade_no=1122334484&total_fee=0.1&product_id=year&openid=oMZZkwyFG5sAx-d4PMQ6Lq1xisHE" for 123.161.110.115 at 2016-10-11 19:10:34 +0800
Cannot render console from 123.161.110.115! Allowed networks: 192.168.0.0/192.168.255.255, 127.0.0.0/127.255.255.255, ::1
Processing by Wechat::PaymentController#index as HTML
  Parameters: {"key"=>"9eyjdxpbqupgvv6nza85b2oesv9a4h7v5fhzwpxqkm8o945i", "app"=>"eggman", "body"=>"year_product", "out_trade_no"=>"1122334484", "total_fee"=>"0.1", "product_id"=>"year", "openid"=>"oMZZkwyFG5sAx-d4PMQ6Lq1xisHE"}
WECHAT PAYMENT CREATE ORDER: <xml><return_code><![CDATA[SUCCESS]]></return_code>
<return_msg><![CDATA[OK]]></return_msg>
<appid><![CDATA[wxa05b67eb1b532c44]]></appid>
<mch_id><![CDATA[1397730302]]></mch_id>
<device_info><![CDATA[WEB]]></device_info>
<nonce_str><![CDATA[rHFkai8vZhIGlIDv]]></nonce_str>
<sign><![CDATA[E44EAA5C85A25B8299526DD3AE2287E0]]></sign>
<result_code><![CDATA[SUCCESS]]></result_code>
<prepay_id><![CDATA[wx2016101119103455a68b0a550713619119]]></prepay_id>
<trade_type><![CDATA[JSAPI]]></trade_type>
</xml>
  Rendered wechat/payment/index.html.erb within layouts/wechat_payment (0.2ms)
Completed 200 OK in 345ms (Views: 4.1ms | ActiveRecord: 0.0ms)


Started POST "/wechat/payment/notify" for 140.207.54.74 at 2016-10-11 19:10:41 +0800
Cannot render console from 140.207.54.74! Allowed networks: 192.168.0.0/192.168.255.255, 127.0.0.0/127.255.255.255, ::1
Processing by Wechat::PaymentController#notify as */*
  [1m[36mPaymentRecord Load (0.4ms)[0m  [1mSELECT  `payment_records`.* FROM `payment_records` WHERE `payment_records`.`order_no` = '1122334484' AND `payment_records`.`status` = 'success' LIMIT 1[0m
  [1m[35m (0.3ms)[0m  BEGIN
  [1m[36mSQL (5.5ms)[0m  [1mINSERT INTO `payment_records` (`open_id`, `app_name`, `order_no`, `payment_method`, `status`, `total_money`, `payment_response`, `created_at`, `updated_at`) VALUES ('oMZZkwyFG5sAx-d4PMQ6Lq1xisHE', 'eggman', '1122334484', 'WECHAT', 'success', 0.1, '{\"appid\":\"wxa05b67eb1b532c44\",\"attach\":\"eggman\",\"bank_type\":\"CCB_DEBIT\",\"cash_fee\":\"10\",\"device_info\":\"WEB\",\"fee_type\":\"CNY\",\"is_subscribe\":\"Y\",\"mch_id\":\"1397730302\",\"nonce_str\":\"h2bo3qkxv1red8s6\",\"openid\":\"oMZZkwyFG5sAx-d4PMQ6Lq1xisHE\",\"out_trade_no\":\"1122334484\",\"result_code\":\"SUCCESS\",\"return_code\":\"SUCCESS\",\"sign\":\"977C4E645FE7ACBC63F885DF0561A10F\",\"time_end\":\"20161011191040\",\"total_fee\":\"10\",\"trade_type\":\"JSAPI\",\"transaction_id\":\"4005392001201610116416166910\"}', '2016-10-11 11:10:41', '2016-10-11 11:10:41')[0m
  [1m[35m (1.7ms)[0m  COMMIT
WECHAT PAYMENT NOTIFY AND PAYMENT SUCCESS: {"controller"=>"wechat/payment", "action"=>"notify"}, body: {"appid"=>"wxa05b67eb1b532c44", "attach"=>"eggman", "bank_type"=>"CCB_DEBIT", "cash_fee"=>"10", "device_info"=>"WEB", "fee_type"=>"CNY", "is_subscribe"=>"Y", "mch_id"=>"1397730302", "nonce_str"=>"h2bo3qkxv1red8s6", "openid"=>"oMZZkwyFG5sAx-d4PMQ6Lq1xisHE", "out_trade_no"=>"1122334484", "result_code"=>"SUCCESS", "return_code"=>"SUCCESS", "sign"=>"977C4E645FE7ACBC63F885DF0561A10F", "time_end"=>"20161011191040", "total_fee"=>"10", "trade_type"=>"JSAPI", "transaction_id"=>"4005392001201610116416166910"}
  Rendered text template (0.0ms)
Completed 200 OK in 25ms (Views: 0.5ms | ActiveRecord: 11.8ms)


Started GET "/wechat/payment/check_payment?tid=1122334484&1476184243000" for 123.161.110.115 at 2016-10-11 19:10:43 +0800
Cannot render console from 123.161.110.115! Allowed networks: 192.168.0.0/192.168.255.255, 127.0.0.0/127.255.255.255, ::1
Processing by Wechat::PaymentController#check_payment as HTML
  Parameters: {"tid"=>"1122334484", "1476184243000"=>nil}
  [1m[36mPaymentRecord Load (0.5ms)[0m  [1mSELECT  `payment_records`.* FROM `payment_records` WHERE `payment_records`.`order_no` = '1122334484' AND `payment_records`.`status` = 'success'  ORDER BY `payment_records`.`id` ASC LIMIT 1[0m
Redirected to http://eggman.tv/wechat/payment_callback?order_no=1122334484&payment_record_id=18&status=ok
Completed 302 Found in 3ms (ActiveRecord: 0.5ms)


Started POST "/wechat/payment/notify" for 101.226.103.61 at 2016-10-11 19:10:53 +0800
Cannot render console from 101.226.103.61! Allowed networks: 192.168.0.0/192.168.255.255, 127.0.0.0/127.255.255.255, ::1
Processing by Wechat::PaymentController#notify as */*
  [1m[35mPaymentRecord Load (0.6ms)[0m  SELECT  `payment_records`.* FROM `payment_records` WHERE `payment_records`.`order_no` = '1122334484' AND `payment_records`.`status` = 'success' LIMIT 1
WECHAT PAYMENT NOTIFY AND PAYMENT SUCCESS: {"controller"=>"wechat/payment", "action"=>"notify"}, body: {"appid"=>"wxa05b67eb1b532c44", "attach"=>"eggman", "bank_type"=>"CCB_DEBIT", "cash_fee"=>"10", "device_info"=>"WEB", "fee_type"=>"CNY", "is_subscribe"=>"Y", "mch_id"=>"1397730302", "nonce_str"=>"h2bo3qkxv1red8s6", "openid"=>"oMZZkwyFG5sAx-d4PMQ6Lq1xisHE", "out_trade_no"=>"1122334484", "result_code"=>"SUCCESS", "return_code"=>"SUCCESS", "sign"=>"977C4E645FE7ACBC63F885DF0561A10F", "time_end"=>"20161011191040", "total_fee"=>"10", "trade_type"=>"JSAPI", "transaction_id"=>"4005392001201610116416166910"}
  Rendered text template (0.0ms)
Completed 200 OK in 3ms (Views: 0.4ms | ActiveRecord: 0.6ms)


Started POST "/wechat/payment/notify" for 101.226.103.71 at 2016-10-11 19:10:56 +0800
Cannot render console from 101.226.103.71! Allowed networks: 192.168.0.0/192.168.255.255, 127.0.0.0/127.255.255.255, ::1
Processing by Wechat::PaymentController#notify as */*
  [1m[36mPaymentRecord Load (0.5ms)[0m  [1mSELECT  `payment_records`.* FROM `payment_records` WHERE `payment_records`.`order_no` = '1122334474' AND `payment_records`.`status` = 'success' LIMIT 1[0m
WECHAT PAYMENT NOTIFY AND PAYMENT SUCCESS: {"controller"=>"wechat/payment", "action"=>"notify"}, body: {"appid"=>"wxa05b67eb1b532c44", "attach"=>"eggman", "bank_type"=>"CCB_DEBIT", "cash_fee"=>"10", "device_info"=>"WEB", "fee_type"=>"CNY", "is_subscribe"=>"Y", "mch_id"=>"1397730302", "nonce_str"=>"arp4alr8sp7ib9o9", "openid"=>"oMZZkwyFG5sAx-d4PMQ6Lq1xisHE", "out_trade_no"=>"1122334474", "result_code"=>"SUCCESS", "return_code"=>"SUCCESS", "sign"=>"BCE766EC4D2C3DA21C88553F5089163B", "time_end"=>"20161011183645", "total_fee"=>"10", "trade_type"=>"JSAPI", "transaction_id"=>"4005392001201610116412886078"}
  Rendered text template (0.0ms)
Completed 200 OK in 57ms (Views: 0.3ms | ActiveRecord: 0.5ms)


Started GET "/wechat/payment/?key=9eyjdxpbqupgvv6nza85b2oesv9a4h7v5fhzwpxqkm8o945i&app=eggman&body=year_product&out_trade_no=1122334484&total_fee=0.1&product_id=year&openid=oMZZkwyFG5sAx-d4PMQ6Lq1xisHE" for 123.161.110.115 at 2016-10-11 19:10:59 +0800
Cannot render console from 123.161.110.115! Allowed networks: 192.168.0.0/192.168.255.255, 127.0.0.0/127.255.255.255, ::1
Processing by Wechat::PaymentController#index as HTML
  Parameters: {"key"=>"9eyjdxpbqupgvv6nza85b2oesv9a4h7v5fhzwpxqkm8o945i", "app"=>"eggman", "body"=>"year_product", "out_trade_no"=>"1122334484", "total_fee"=>"0.1", "product_id"=>"year", "openid"=>"oMZZkwyFG5sAx-d4PMQ6Lq1xisHE"}
WECHAT PAYMENT CREATE ORDER: <xml><return_code><![CDATA[SUCCESS]]></return_code>
<return_msg><![CDATA[OK]]></return_msg>
<appid><![CDATA[wxa05b67eb1b532c44]]></appid>
<mch_id><![CDATA[1397730302]]></mch_id>
<device_info><![CDATA[WEB]]></device_info>
<nonce_str><![CDATA[BDSoofwjA8CRV8M5]]></nonce_str>
<sign><![CDATA[D009E9512008686DEC3017CEFFAFBAFE]]></sign>
<result_code><![CDATA[FAIL]]></result_code>
<err_code><![CDATA[ORDERPAID]]></err_code>
<err_code_des><![CDATA[该订单已支付]]></err_code_des>
</xml>
Redirected to http://ll.343edu.com/wechat/payment/failed
Completed 302 Found in 460ms (ActiveRecord: 0.0ms)


Started GET "/wechat/payment/failed" for 123.161.110.115 at 2016-10-11 19:11:00 +0800
Cannot render console from 123.161.110.115! Allowed networks: 192.168.0.0/192.168.255.255, 127.0.0.0/127.255.255.255, ::1
Processing by Wechat::PaymentController#failed as HTML
  Rendered wechat/payment/failed.html.erb within layouts/wechat_payment (0.2ms)
Completed 200 OK in 4ms (Views: 3.3ms | ActiveRecord: 0.0ms)


Started POST "/wechat/payment/notify" for 140.207.54.75 at 2016-10-11 19:11:10 +0800
Cannot render console from 140.207.54.75! Allowed networks: 192.168.0.0/192.168.255.255, 127.0.0.0/127.255.255.255, ::1
Processing by Wechat::PaymentController#notify as */*
  [1m[35mPaymentRecord Load (2.2ms)[0m  SELECT  `payment_records`.* FROM `payment_records` WHERE `payment_records`.`order_no` = '1122334484' AND `payment_records`.`status` = 'success' LIMIT 1
WECHAT PAYMENT NOTIFY AND PAYMENT SUCCESS: {"controller"=>"wechat/payment", "action"=>"notify"}, body: {"appid"=>"wxa05b67eb1b532c44", "attach"=>"eggman", "bank_type"=>"CCB_DEBIT", "cash_fee"=>"10", "device_info"=>"WEB", "fee_type"=>"CNY", "is_subscribe"=>"Y", "mch_id"=>"1397730302", "nonce_str"=>"h2bo3qkxv1red8s6", "openid"=>"oMZZkwyFG5sAx-d4PMQ6Lq1xisHE", "out_trade_no"=>"1122334484", "result_code"=>"SUCCESS", "return_code"=>"SUCCESS", "sign"=>"977C4E645FE7ACBC63F885DF0561A10F", "time_end"=>"20161011191040", "total_fee"=>"10", "trade_type"=>"JSAPI", "transaction_id"=>"4005392001201610116416166910"}
  Rendered text template (0.0ms)
Completed 200 OK in 25ms (Views: 2.6ms | ActiveRecord: 2.2ms)


Started POST "/wechat/payment/notify" for 140.207.54.75 at 2016-10-11 19:11:42 +0800
Cannot render console from 140.207.54.75! Allowed networks: 192.168.0.0/192.168.255.255, 127.0.0.0/127.255.255.255, ::1
Processing by Wechat::PaymentController#notify as */*
  [1m[36mPaymentRecord Load (1.1ms)[0m  [1mSELECT  `payment_records`.* FROM `payment_records` WHERE `payment_records`.`order_no` = '1122334484' AND `payment_records`.`status` = 'success' LIMIT 1[0m
WECHAT PAYMENT NOTIFY AND PAYMENT SUCCESS: {"controller"=>"wechat/payment", "action"=>"notify"}, body: {"appid"=>"wxa05b67eb1b532c44", "attach"=>"eggman", "bank_type"=>"CCB_DEBIT", "cash_fee"=>"10", "device_info"=>"WEB", "fee_type"=>"CNY", "is_subscribe"=>"Y", "mch_id"=>"1397730302", "nonce_str"=>"h2bo3qkxv1red8s6", "openid"=>"oMZZkwyFG5sAx-d4PMQ6Lq1xisHE", "out_trade_no"=>"1122334484", "result_code"=>"SUCCESS", "return_code"=>"SUCCESS", "sign"=>"977C4E645FE7ACBC63F885DF0561A10F", "time_end"=>"20161011191040", "total_fee"=>"10", "trade_type"=>"JSAPI", "transaction_id"=>"4005392001201610116416166910"}
  Rendered text template (0.0ms)
Completed 200 OK in 23ms (Views: 2.7ms | ActiveRecord: 1.1ms)


Started GET "/wechat/payment/check_payment?tid=1122334483&1476183953000" for 101.226.51.230 at 2016-10-11 19:12:03 +0800
Cannot render console from 101.226.51.230! Allowed networks: 192.168.0.0/192.168.255.255, 127.0.0.0/127.255.255.255, ::1
Processing by Wechat::PaymentController#check_payment as */*
  Parameters: {"tid"=>"1122334483", "1476183953000"=>nil}
  [1m[35mPaymentRecord Load (7.4ms)[0m  SELECT  `payment_records`.* FROM `payment_records` WHERE `payment_records`.`order_no` = '1122334483' AND `payment_records`.`status` = 'success'  ORDER BY `payment_records`.`id` ASC LIMIT 1
Redirected to http://eggman.tv/wechat/payment_callback?order_no=1122334483&payment_record_id=17&status=ok
Completed 302 Found in 16ms (ActiveRecord: 7.4ms)


Started GET "/admin" for 127.0.0.1 at 2016-10-11 19:21:34 +0800
Processing by Admin::AdminController#index as HTML
  Rendered admin/admin/landing.html.erb within admin/layouts/admin (625.0ms)
  Rendered admin/layouts/_admin_header.html.erb (0.9ms)
  Rendered admin/layouts/_admin_footer.html.erb (0.4ms)
Completed 200 OK in 836ms (Views: 829.0ms | ActiveRecord: 0.0ms)


Started GET "/assets/admin/admin.self-ff8d9ed6815a604da080fd33bacc92ae0c9a730801d37541f7cd64a62d272098.css?body=1" for 127.0.0.1 at 2016-10-11 19:21:36 +0800


Started GET "/assets/bootstrap-datetimepicker.self-9bf8b50ba86095fb5caaadd1ee11eaf661b3f4879f3ea5263d541e9804fd7b15.js?body=1" for 127.0.0.1 at 2016-10-11 19:21:36 +0800


Started GET "/assets/moment.self-6ab65bcb51ba1c538f5900a720453c5aff4c483661520b52008568b330d5dd03.js?body=1" for 127.0.0.1 at 2016-10-11 19:21:36 +0800


Started GET "/assets/admin/admin.self-511ba8ed5e0f8fe879606cf7edf1128a195079078835c716c4045028c60937d5.js?body=1" for 127.0.0.1 at 2016-10-11 19:21:36 +0800


Started GET "/assets/markdown-it.min.self-ebfb7d7f3f3c2b204e4d469ce64cc1fb24a0936ef900d2a38d09e9b790503cf7.js?body=1" for 127.0.0.1 at 2016-10-11 19:21:36 +0800


Started GET "/assets/highlight.min.self-5780661212923d2b46b3ee587e27036303d91d19bc5a4b638082fd32c90b4c65.js?body=1" for 127.0.0.1 at 2016-10-11 19:21:36 +0800


Started GET "/assets/sessions.self-9cda5a500be6fc1c0ba503950f4c24e62aa77f9f5f2921a8260c09c4e6d1064b.js?body=1" for 127.0.0.1 at 2016-10-11 19:21:36 +0800


Started POST "/admin/landing" for 127.0.0.1 at 2016-10-11 19:21:40 +0800
Processing by Admin::AdminController#landing as HTML
  Parameters: {"utf8"=>"✓", "authenticity_token"=>"z/OT/egrgZ7La8D/XPhLGdvwXB11OkkwNmjt9t+CAusH11NF2k8lBnDad7XksboJLhSfMvl0be9Hz1L6wJAwYg==", "username"=>"shitou", "password"=>"[FILTERED]"}
  [1m[36mUser Load (3.5ms)[0m  [1mSELECT  `users`.* FROM `users` WHERE ((`users`.`username` = 'shitou' OR `users`.`email` = 'shitou') OR `users`.`cellphone` = 'shitou')  ORDER BY `users`.`id` ASC LIMIT 1[0m
Redirected to http://localhost:5000/admin
Completed 302 Found in 206ms (ActiveRecord: 21.5ms)


Started GET "/admin" for 127.0.0.1 at 2016-10-11 19:21:40 +0800
Processing by Admin::AdminController#index as HTML
  Rendered admin/admin/landing.html.erb within admin/layouts/admin (7.8ms)
  Rendered admin/layouts/_admin_header.html.erb (0.3ms)
  Rendered admin/layouts/_admin_footer.html.erb (0.0ms)
Completed 200 OK in 89ms (Views: 87.9ms | ActiveRecord: 0.0ms)


Started POST "/admin/landing" for 127.0.0.1 at 2016-10-11 19:21:46 +0800
Processing by Admin::AdminController#landing as HTML
  Parameters: {"utf8"=>"✓", "authenticity_token"=>"BpqKhFKGZ7EEu6ufClPKOvfrkiFyvuXdssqEH/nzOIDOvko8YOLDKb8KHNWyGjsqAg9RDv7wwQLDbTsT5uEKCQ==", "username"=>"shitou", "password"=>"[FILTERED]"}
  [1m[35mUser Load (0.5ms)[0m  SELECT  `users`.* FROM `users` WHERE ((`users`.`username` = 'shitou' OR `users`.`email` = 'shitou') OR `users`.`cellphone` = 'shitou')  ORDER BY `users`.`id` ASC LIMIT 1
Redirected to http://localhost:5000/admin
Completed 302 Found in 145ms (ActiveRecord: 0.5ms)


Started GET "/admin" for 127.0.0.1 at 2016-10-11 19:21:46 +0800
Processing by Admin::AdminController#index as HTML
  [1m[36mUser Load (4.1ms)[0m  [1mSELECT  `users`.* FROM `users` WHERE `users`.`id` = 1 LIMIT 1[0m
  Rendered admin/admin/index.html.erb within admin/layouts/admin (0.5ms)
  Rendered admin/layouts/_admin_header.html.erb (0.4ms)
  Rendered admin/layouts/_admin_footer.html.erb (0.0ms)
Completed 200 OK in 67ms (Views: 61.1ms | ActiveRecord: 4.1ms)


Started GET "/admin/payment_records" for 127.0.0.1 at 2016-10-11 19:21:52 +0800

LoadError - Unable to autoload constant Admin::PaymentRecordsController, expected /Users/lilei/Documents/rails_projects/edu343/app/controllers/admin/payment_records_controller.rb to define it:
  activesupport (4.2.3) lib/active_support/dependencies.rb:495:in `load_missing_constant'
  activesupport (4.2.3) lib/active_support/dependencies.rb:184:in `const_missing'
  activesupport (4.2.3) lib/active_support/inflector/methods.rb:263:in `block in constantize'
  activesupport (4.2.3) lib/active_support/inflector/methods.rb:259:in `constantize'
  activesupport (4.2.3) lib/active_support/dependencies.rb:566:in `get'
  activesupport (4.2.3) lib/active_support/dependencies.rb:597:in `constantize'
  actionpack (4.2.3) lib/action_dispatch/routing/route_set.rb:72:in `controller_reference'
  actionpack (4.2.3) lib/action_dispatch/routing/route_set.rb:62:in `controller'
  actionpack (4.2.3) lib/action_dispatch/routing/route_set.rb:41:in `serve'
  actionpack (4.2.3) lib/action_dispatch/journey/router.rb:43:in `block in serve'
  actionpack (4.2.3) lib/action_dispatch/journey/router.rb:30:in `serve'
  actionpack (4.2.3) lib/action_dispatch/routing/route_set.rb:821:in `call'
  rack (1.6.4) lib/rack/etag.rb:24:in `call'
  rack (1.6.4) lib/rack/conditionalget.rb:25:in `call'
  rack (1.6.4) lib/rack/head.rb:13:in `call'
  actionpack (4.2.3) lib/action_dispatch/middleware/params_parser.rb:27:in `call'
  actionpack (4.2.3) lib/action_dispatch/middleware/flash.rb:260:in `call'
  rack (1.6.4) lib/rack/session/abstract/id.rb:225:in `context'
  rack (1.6.4) lib/rack/session/abstract/id.rb:220:in `call'
  actionpack (4.2.3) lib/action_dispatch/middleware/cookies.rb:560:in `call'
  activerecord (4.2.3) lib/active_record/query_cache.rb:36:in `call'
  activerecord (4.2.3) lib/active_record/connection_adapters/abstract/connection_pool.rb:653:in `call'
  activerecord (4.2.3) lib/active_record/migration.rb:377:in `call'
  actionpack (4.2.3) lib/action_dispatch/middleware/callbacks.rb:29:in `block in call'
  activesupport (4.2.3) lib/active_support/callbacks.rb:84:in `run_callbacks'
  actionpack (4.2.3) lib/action_dispatch/middleware/callbacks.rb:27:in `call'
  actionpack (4.2.3) lib/action_dispatch/middleware/reloader.rb:73:in `call'
  actionpack (4.2.3) lib/action_dispatch/middleware/remote_ip.rb:78:in `call'
  better_errors (2.1.1) lib/better_errors/middleware.rb:84:in `protected_app_call'
  better_errors (2.1.1) lib/better_errors/middleware.rb:79:in `better_errors_call'
  better_errors (2.1.1) lib/better_errors/middleware.rb:57:in `call'
  actionpack (4.2.3) lib/action_dispatch/middleware/debug_exceptions.rb:17:in `call'
  web-console (2.3.0) lib/web_console/middleware.rb:28:in `block in call'
  web-console (2.3.0) lib/web_console/middleware.rb:18:in `call'
  actionpack (4.2.3) lib/action_dispatch/middleware/show_exceptions.rb:30:in `call'
  railties (4.2.3) lib/rails/rack/logger.rb:38:in `call_app'
  railties (4.2.3) lib/rails/rack/logger.rb:20:in `block in call'
  activesupport (4.2.3) lib/active_support/tagged_logging.rb:68:in `block in tagged'
  activesupport (4.2.3) lib/active_support/tagged_logging.rb:26:in `tagged'
  activesupport (4.2.3) lib/active_support/tagged_logging.rb:68:in `tagged'
  railties (4.2.3) lib/rails/rack/logger.rb:20:in `call'
  actionpack (4.2.3) lib/action_dispatch/middleware/request_id.rb:21:in `call'
  rack (1.6.4) lib/rack/methodoverride.rb:22:in `call'
  rack (1.6.4) lib/rack/runtime.rb:18:in `call'
  activesupport (4.2.3) lib/active_support/cache/strategy/local_cache_middleware.rb:28:in `call'
  rack (1.6.4) lib/rack/lock.rb:17:in `call'
  actionpack (4.2.3) lib/action_dispatch/middleware/static.rb:116:in `call'
  rack (1.6.4) lib/rack/sendfile.rb:113:in `call'
  railties (4.2.3) lib/rails/engine.rb:518:in `call'
  railties (4.2.3) lib/rails/application.rb:165:in `call'
  rack (1.6.4) lib/rack/lock.rb:17:in `call'
  rack (1.6.4) lib/rack/content_length.rb:15:in `call'
  rack (1.6.4) lib/rack/handler/webrick.rb:88:in `service'
  /usr/local/rvm/rubies/ruby-2.2.2/lib/ruby/2.2.0/webrick/httpserver.rb:138:in `service'
  /usr/local/rvm/rubies/ruby-2.2.2/lib/ruby/2.2.0/webrick/httpserver.rb:94:in `run'
  /usr/local/rvm/rubies/ruby-2.2.2/lib/ruby/2.2.0/webrick/server.rb:294:in `block in start_thread'



Started POST "/__better_errors/f72962037c3da821/variables" for 127.0.0.1 at 2016-10-11 19:21:52 +0800


Started GET "/admin/payment_records" for 127.0.0.1 at 2016-10-11 19:22:06 +0800
Processing by Admin::PaymentRecordsController#index as HTML
  [1m[35mUser Load (0.4ms)[0m  SELECT  `users`.* FROM `users` WHERE `users`.`id` = 1 LIMIT 1
  [1m[36m (1.3ms)[0m  [1mSELECT COUNT(*) FROM `payment_records`[0m
  [1m[35mPaymentRecord Load (0.6ms)[0m  SELECT  `payment_records`.* FROM `payment_records`  ORDER BY id desc LIMIT 50 OFFSET 0
  Rendered admin/payment_records/index.html.erb within admin/layouts/admin (16.0ms)
  Rendered admin/layouts/_admin_header.html.erb (0.4ms)
  Rendered admin/layouts/_admin_footer.html.erb (0.0ms)
Completed 200 OK in 114ms (Views: 74.9ms | ActiveRecord: 7.3ms)


Started GET "/assets/admin/admin.self-ff8d9ed6815a604da080fd33bacc92ae0c9a730801d37541f7cd64a62d272098.css?body=1" for 127.0.0.1 at 2016-10-11 19:22:06 +0800


Started GET "/assets/bootstrap/affix.self-f7aef9d98ee5ece34a6a92a6a15bba777d93e8d908b75c95a85088277f394200.js?body=1" for 127.0.0.1 at 2016-10-11 19:22:06 +0800


Started GET "/assets/jquery.self-660adc51e0224b731d29f575a6f1ec167ba08ad06ed5deca4f1e8654c135bf4c.js?body=1" for 127.0.0.1 at 2016-10-11 19:22:06 +0800


Started GET "/assets/bootstrap/alert.self-896ab026e6823f5cef2441e07dac53d0692a5b772ac58b1ce20aa624c342d3f4.js?body=1" for 127.0.0.1 at 2016-10-11 19:22:06 +0800


Started GET "/assets/jquery_ujs.self-e87806d0cf4489aeb1bb7288016024e8de67fd18db693fe026fe3907581e53cd.js?body=1" for 127.0.0.1 at 2016-10-11 19:22:06 +0800


Started GET "/assets/bootstrap/button.self-d19f3e2bcd3a7a4d75c11b9141b3fabd2c11987da1e99c85548ec3ecf8db30c3.js?body=1" for 127.0.0.1 at 2016-10-11 19:22:06 +0800


Started GET "/assets/bootstrap/carousel.self-b2e5e14483e6c31343a83861b7d487620f143d6fc2d07d5ae7544b6b225ba6be.js?body=1" for 127.0.0.1 at 2016-10-11 19:22:06 +0800


Started GET "/assets/bootstrap/collapse.self-93820e9b486e375a7fb4477602def3a6f8381fa6d50938d5378297ffbe4a1248.js?body=1" for 127.0.0.1 at 2016-10-11 19:22:06 +0800


Started GET "/assets/bootstrap/dropdown.self-30536ae4d54b2685c26b5787ed0eb549a9075717fe690cce6270873bedf2df00.js?body=1" for 127.0.0.1 at 2016-10-11 19:22:06 +0800


Started GET "/assets/bootstrap/tab.self-9b77df34cbbb08ec93a806d6cdb741f04e3dbf3389978a0679146f2d2987bc89.js?body=1" for 127.0.0.1 at 2016-10-11 19:22:06 +0800


Started GET "/assets/bootstrap/transition.self-9616c4e856b57659b67da3c6f2adcd584b5601ef4bebcdadab8ebb387d80bb25.js?body=1" for 127.0.0.1 at 2016-10-11 19:22:06 +0800


Started GET "/assets/bootstrap/scrollspy.self-c5c6ed008955656d345067e9821d79f1216b8383134d08465d4aa1a33a2b93b4.js?body=1" for 127.0.0.1 at 2016-10-11 19:22:06 +0800


Started GET "/assets/bootstrap/modal.self-bcfe54f3132bf16a8c5ce4289e47eba488f6522a08f49f378a037061c6c7aa4c.js?body=1" for 127.0.0.1 at 2016-10-11 19:22:06 +0800


Started GET "/assets/bootstrap/tooltip.self-3aa41fbe871573b34e0ebddf31598cd5a11a9841ca85f90934ea46326e46626d.js?body=1" for 127.0.0.1 at 2016-10-11 19:22:06 +0800


Started GET "/assets/bootstrap/popover.self-b73e9c9111d01148e24bbc46e096782e024dc5db630e7078cf11ed2587ef8551.js?body=1" for 127.0.0.1 at 2016-10-11 19:22:06 +0800


Started GET "/assets/bootstrap-sprockets.self-fbfa5ad7d9aa0afe439ec4ff3883acc4cb92b62cb67c40d674320c9aa1d4642d.js?body=1" for 127.0.0.1 at 2016-10-11 19:22:06 +0800


Started GET "/assets/owl.carousel.min.self-0d37be315eae4b8700583ef49f93fd6887aab6dbf13249a8476bacbbf9a673c3.js?body=1" for 127.0.0.1 at 2016-10-11 19:22:06 +0800


Started GET "/assets/moment.self-6ab65bcb51ba1c538f5900a720453c5aff4c483661520b52008568b330d5dd03.js?body=1" for 127.0.0.1 at 2016-10-11 19:22:06 +0800


Started GET "/assets/bootstrap-datetimepicker.self-9bf8b50ba86095fb5caaadd1ee11eaf661b3f4879f3ea5263d541e9804fd7b15.js?body=1" for 127.0.0.1 at 2016-10-11 19:22:06 +0800


Started GET "/assets/markdown-it.min.self-ebfb7d7f3f3c2b204e4d469ce64cc1fb24a0936ef900d2a38d09e9b790503cf7.js?body=1" for 127.0.0.1 at 2016-10-11 19:22:06 +0800


Started GET "/assets/highlight.min.self-5780661212923d2b46b3ee587e27036303d91d19bc5a4b638082fd32c90b4c65.js?body=1" for 127.0.0.1 at 2016-10-11 19:22:06 +0800


Started GET "/assets/admin/admin.self-511ba8ed5e0f8fe879606cf7edf1128a195079078835c716c4045028c60937d5.js?body=1" for 127.0.0.1 at 2016-10-11 19:22:06 +0800


Started GET "/admin/payment_records" for 127.0.0.1 at 2016-10-11 19:23:01 +0800
Processing by Admin::PaymentRecordsController#index as HTML
  [1m[36mUser Load (3.6ms)[0m  [1mSELECT  `users`.* FROM `users` WHERE `users`.`id` = 1 LIMIT 1[0m
  [1m[35m (0.3ms)[0m  SELECT COUNT(*) FROM `payment_records`
  [1m[36mPaymentRecord Load (1.8ms)[0m  [1mSELECT  `payment_records`.* FROM `payment_records`  ORDER BY id desc LIMIT 50 OFFSET 0[0m
  Rendered admin/payment_records/index.html.erb within admin/layouts/admin (7.7ms)
  Rendered admin/layouts/_admin_header.html.erb (0.3ms)
  Rendered admin/layouts/_admin_footer.html.erb (0.0ms)
Completed 200 OK in 90ms (Views: 81.2ms | ActiveRecord: 5.7ms)


Started GET "/assets/admin/admin.self-ff8d9ed6815a604da080fd33bacc92ae0c9a730801d37541f7cd64a62d272098.css?body=1" for 127.0.0.1 at 2016-10-11 19:23:01 +0800


Started GET "/assets/jquery.self-660adc51e0224b731d29f575a6f1ec167ba08ad06ed5deca4f1e8654c135bf4c.js?body=1" for 127.0.0.1 at 2016-10-11 19:23:01 +0800


Started GET "/assets/jquery_ujs.self-e87806d0cf4489aeb1bb7288016024e8de67fd18db693fe026fe3907581e53cd.js?body=1" for 127.0.0.1 at 2016-10-11 19:23:01 +0800


Started GET "/assets/bootstrap/affix.self-f7aef9d98ee5ece34a6a92a6a15bba777d93e8d908b75c95a85088277f394200.js?body=1" for 127.0.0.1 at 2016-10-11 19:23:01 +0800


Started GET "/assets/bootstrap/button.self-d19f3e2bcd3a7a4d75c11b9141b3fabd2c11987da1e99c85548ec3ecf8db30c3.js?body=1" for 127.0.0.1 at 2016-10-11 19:23:01 +0800


Started GET "/assets/bootstrap/alert.self-896ab026e6823f5cef2441e07dac53d0692a5b772ac58b1ce20aa624c342d3f4.js?body=1" for 127.0.0.1 at 2016-10-11 19:23:01 +0800


Started GET "/assets/bootstrap/carousel.self-b2e5e14483e6c31343a83861b7d487620f143d6fc2d07d5ae7544b6b225ba6be.js?body=1" for 127.0.0.1 at 2016-10-11 19:23:01 +0800


Started GET "/assets/bootstrap/collapse.self-93820e9b486e375a7fb4477602def3a6f8381fa6d50938d5378297ffbe4a1248.js?body=1" for 127.0.0.1 at 2016-10-11 19:23:01 +0800


Started GET "/assets/bootstrap/dropdown.self-30536ae4d54b2685c26b5787ed0eb549a9075717fe690cce6270873bedf2df00.js?body=1" for 127.0.0.1 at 2016-10-11 19:23:01 +0800


Started GET "/assets/bootstrap/tab.self-9b77df34cbbb08ec93a806d6cdb741f04e3dbf3389978a0679146f2d2987bc89.js?body=1" for 127.0.0.1 at 2016-10-11 19:23:01 +0800


Started GET "/assets/bootstrap/transition.self-9616c4e856b57659b67da3c6f2adcd584b5601ef4bebcdadab8ebb387d80bb25.js?body=1" for 127.0.0.1 at 2016-10-11 19:23:01 +0800


Started GET "/assets/bootstrap/scrollspy.self-c5c6ed008955656d345067e9821d79f1216b8383134d08465d4aa1a33a2b93b4.js?body=1" for 127.0.0.1 at 2016-10-11 19:23:01 +0800


Started GET "/assets/bootstrap/modal.self-bcfe54f3132bf16a8c5ce4289e47eba488f6522a08f49f378a037061c6c7aa4c.js?body=1" for 127.0.0.1 at 2016-10-11 19:23:01 +0800


Started GET "/assets/bootstrap/tooltip.self-3aa41fbe871573b34e0ebddf31598cd5a11a9841ca85f90934ea46326e46626d.js?body=1" for 127.0.0.1 at 2016-10-11 19:23:01 +0800


Started GET "/assets/bootstrap/popover.self-b73e9c9111d01148e24bbc46e096782e024dc5db630e7078cf11ed2587ef8551.js?body=1" for 127.0.0.1 at 2016-10-11 19:23:01 +0800


Started GET "/assets/bootstrap-sprockets.self-fbfa5ad7d9aa0afe439ec4ff3883acc4cb92b62cb67c40d674320c9aa1d4642d.js?body=1" for 127.0.0.1 at 2016-10-11 19:23:01 +0800


Started GET "/assets/owl.carousel.min.self-0d37be315eae4b8700583ef49f93fd6887aab6dbf13249a8476bacbbf9a673c3.js?body=1" for 127.0.0.1 at 2016-10-11 19:23:02 +0800


Started GET "/assets/moment.self-6ab65bcb51ba1c538f5900a720453c5aff4c483661520b52008568b330d5dd03.js?body=1" for 127.0.0.1 at 2016-10-11 19:23:02 +0800


Started GET "/assets/bootstrap-datetimepicker.self-9bf8b50ba86095fb5caaadd1ee11eaf661b3f4879f3ea5263d541e9804fd7b15.js?body=1" for 127.0.0.1 at 2016-10-11 19:23:02 +0800


Started GET "/assets/markdown-it.min.self-ebfb7d7f3f3c2b204e4d469ce64cc1fb24a0936ef900d2a38d09e9b790503cf7.js?body=1" for 127.0.0.1 at 2016-10-11 19:23:02 +0800


Started GET "/assets/highlight.min.self-5780661212923d2b46b3ee587e27036303d91d19bc5a4b638082fd32c90b4c65.js?body=1" for 127.0.0.1 at 2016-10-11 19:23:02 +0800


Started GET "/assets/admin/admin.self-511ba8ed5e0f8fe879606cf7edf1128a195079078835c716c4045028c60937d5.js?body=1" for 127.0.0.1 at 2016-10-11 19:23:02 +0800


Started GET "/admin/payment_records" for 127.0.0.1 at 2016-10-11 19:23:19 +0800
Processing by Admin::PaymentRecordsController#index as HTML
  [1m[35mUser Load (0.9ms)[0m  SELECT  `users`.* FROM `users` WHERE `users`.`id` = 1 LIMIT 1
  [1m[36m (0.3ms)[0m  [1mSELECT COUNT(*) FROM `payment_records`[0m
  [1m[35mPaymentRecord Load (0.7ms)[0m  SELECT  `payment_records`.* FROM `payment_records`  ORDER BY id desc LIMIT 50 OFFSET 0
  Rendered admin/payment_records/index.html.erb within admin/layouts/admin (6.0ms)
  Rendered admin/layouts/_admin_header.html.erb (0.3ms)
  Rendered admin/layouts/_admin_footer.html.erb (0.0ms)
Completed 200 OK in 60ms (Views: 56.1ms | ActiveRecord: 1.9ms)


Started GET "/assets/admin/admin.self-ff8d9ed6815a604da080fd33bacc92ae0c9a730801d37541f7cd64a62d272098.css?body=1" for 127.0.0.1 at 2016-10-11 19:23:19 +0800


Started GET "/assets/jquery_ujs.self-e87806d0cf4489aeb1bb7288016024e8de67fd18db693fe026fe3907581e53cd.js?body=1" for 127.0.0.1 at 2016-10-11 19:23:19 +0800


Started GET "/assets/jquery.self-660adc51e0224b731d29f575a6f1ec167ba08ad06ed5deca4f1e8654c135bf4c.js?body=1" for 127.0.0.1 at 2016-10-11 19:23:19 +0800


Started GET "/assets/bootstrap/button.self-d19f3e2bcd3a7a4d75c11b9141b3fabd2c11987da1e99c85548ec3ecf8db30c3.js?body=1" for 127.0.0.1 at 2016-10-11 19:23:19 +0800


Started GET "/assets/bootstrap/affix.self-f7aef9d98ee5ece34a6a92a6a15bba777d93e8d908b75c95a85088277f394200.js?body=1" for 127.0.0.1 at 2016-10-11 19:23:19 +0800


Started GET "/assets/bootstrap/alert.self-896ab026e6823f5cef2441e07dac53d0692a5b772ac58b1ce20aa624c342d3f4.js?body=1" for 127.0.0.1 at 2016-10-11 19:23:19 +0800


Started GET "/assets/bootstrap/carousel.self-b2e5e14483e6c31343a83861b7d487620f143d6fc2d07d5ae7544b6b225ba6be.js?body=1" for 127.0.0.1 at 2016-10-11 19:23:19 +0800


Started GET "/assets/bootstrap/collapse.self-93820e9b486e375a7fb4477602def3a6f8381fa6d50938d5378297ffbe4a1248.js?body=1" for 127.0.0.1 at 2016-10-11 19:23:19 +0800


Started GET "/assets/bootstrap/dropdown.self-30536ae4d54b2685c26b5787ed0eb549a9075717fe690cce6270873bedf2df00.js?body=1" for 127.0.0.1 at 2016-10-11 19:23:19 +0800


Started GET "/assets/bootstrap/tab.self-9b77df34cbbb08ec93a806d6cdb741f04e3dbf3389978a0679146f2d2987bc89.js?body=1" for 127.0.0.1 at 2016-10-11 19:23:19 +0800


Started GET "/assets/bootstrap/transition.self-9616c4e856b57659b67da3c6f2adcd584b5601ef4bebcdadab8ebb387d80bb25.js?body=1" for 127.0.0.1 at 2016-10-11 19:23:19 +0800


Started GET "/assets/bootstrap/scrollspy.self-c5c6ed008955656d345067e9821d79f1216b8383134d08465d4aa1a33a2b93b4.js?body=1" for 127.0.0.1 at 2016-10-11 19:23:19 +0800


Started GET "/assets/bootstrap/modal.self-bcfe54f3132bf16a8c5ce4289e47eba488f6522a08f49f378a037061c6c7aa4c.js?body=1" for 127.0.0.1 at 2016-10-11 19:23:19 +0800


Started GET "/assets/bootstrap/tooltip.self-3aa41fbe871573b34e0ebddf31598cd5a11a9841ca85f90934ea46326e46626d.js?body=1" for 127.0.0.1 at 2016-10-11 19:23:19 +0800


Started GET "/assets/bootstrap/popover.self-b73e9c9111d01148e24bbc46e096782e024dc5db630e7078cf11ed2587ef8551.js?body=1" for 127.0.0.1 at 2016-10-11 19:23:19 +0800


Started GET "/assets/bootstrap-sprockets.self-fbfa5ad7d9aa0afe439ec4ff3883acc4cb92b62cb67c40d674320c9aa1d4642d.js?body=1" for 127.0.0.1 at 2016-10-11 19:23:19 +0800


Started GET "/assets/owl.carousel.min.self-0d37be315eae4b8700583ef49f93fd6887aab6dbf13249a8476bacbbf9a673c3.js?body=1" for 127.0.0.1 at 2016-10-11 19:23:19 +0800


Started GET "/assets/moment.self-6ab65bcb51ba1c538f5900a720453c5aff4c483661520b52008568b330d5dd03.js?body=1" for 127.0.0.1 at 2016-10-11 19:23:19 +0800


Started GET "/assets/bootstrap-datetimepicker.self-9bf8b50ba86095fb5caaadd1ee11eaf661b3f4879f3ea5263d541e9804fd7b15.js?body=1" for 127.0.0.1 at 2016-10-11 19:23:19 +0800


Started GET "/assets/markdown-it.min.self-ebfb7d7f3f3c2b204e4d469ce64cc1fb24a0936ef900d2a38d09e9b790503cf7.js?body=1" for 127.0.0.1 at 2016-10-11 19:23:19 +0800


Started GET "/assets/highlight.min.self-5780661212923d2b46b3ee587e27036303d91d19bc5a4b638082fd32c90b4c65.js?body=1" for 127.0.0.1 at 2016-10-11 19:23:19 +0800


Started GET "/assets/admin/admin.self-511ba8ed5e0f8fe879606cf7edf1128a195079078835c716c4045028c60937d5.js?body=1" for 127.0.0.1 at 2016-10-11 19:23:19 +0800


Started GET "/admin/payment_records" for 127.0.0.1 at 2016-10-11 19:23:37 +0800
Processing by Admin::PaymentRecordsController#index as HTML
  [1m[36mUser Load (0.6ms)[0m  [1mSELECT  `users`.* FROM `users` WHERE `users`.`id` = 1 LIMIT 1[0m
  [1m[35m (0.3ms)[0m  SELECT COUNT(*) FROM `payment_records`
  [1m[36mPaymentRecord Load (1.6ms)[0m  [1mSELECT  `payment_records`.* FROM `payment_records`  ORDER BY id desc LIMIT 50 OFFSET 0[0m
  Rendered admin/payment_records/index.html.erb within admin/layouts/admin (6.7ms)
  Rendered admin/layouts/_admin_header.html.erb (0.4ms)
  Rendered admin/layouts/_admin_footer.html.erb (0.0ms)
Completed 200 OK in 76ms (Views: 71.5ms | ActiveRecord: 2.5ms)


Started GET "/assets/admin/admin.self-ff8d9ed6815a604da080fd33bacc92ae0c9a730801d37541f7cd64a62d272098.css?body=1" for 127.0.0.1 at 2016-10-11 19:23:37 +0800


Started GET "/assets/jquery.self-660adc51e0224b731d29f575a6f1ec167ba08ad06ed5deca4f1e8654c135bf4c.js?body=1" for 127.0.0.1 at 2016-10-11 19:23:37 +0800


Started GET "/assets/jquery_ujs.self-e87806d0cf4489aeb1bb7288016024e8de67fd18db693fe026fe3907581e53cd.js?body=1" for 127.0.0.1 at 2016-10-11 19:23:37 +0800


Started GET "/assets/bootstrap/affix.self-f7aef9d98ee5ece34a6a92a6a15bba777d93e8d908b75c95a85088277f394200.js?body=1" for 127.0.0.1 at 2016-10-11 19:23:37 +0800


Started GET "/assets/bootstrap/alert.self-896ab026e6823f5cef2441e07dac53d0692a5b772ac58b1ce20aa624c342d3f4.js?body=1" for 127.0.0.1 at 2016-10-11 19:23:37 +0800


Started GET "/assets/bootstrap/button.self-d19f3e2bcd3a7a4d75c11b9141b3fabd2c11987da1e99c85548ec3ecf8db30c3.js?body=1" for 127.0.0.1 at 2016-10-11 19:23:37 +0800


Started GET "/assets/bootstrap/carousel.self-b2e5e14483e6c31343a83861b7d487620f143d6fc2d07d5ae7544b6b225ba6be.js?body=1" for 127.0.0.1 at 2016-10-11 19:23:37 +0800


Started GET "/assets/bootstrap/collapse.self-93820e9b486e375a7fb4477602def3a6f8381fa6d50938d5378297ffbe4a1248.js?body=1" for 127.0.0.1 at 2016-10-11 19:23:37 +0800


Started GET "/assets/bootstrap/dropdown.self-30536ae4d54b2685c26b5787ed0eb549a9075717fe690cce6270873bedf2df00.js?body=1" for 127.0.0.1 at 2016-10-11 19:23:37 +0800


Started GET "/assets/bootstrap/tab.self-9b77df34cbbb08ec93a806d6cdb741f04e3dbf3389978a0679146f2d2987bc89.js?body=1" for 127.0.0.1 at 2016-10-11 19:23:37 +0800


Started GET "/assets/bootstrap/transition.self-9616c4e856b57659b67da3c6f2adcd584b5601ef4bebcdadab8ebb387d80bb25.js?body=1" for 127.0.0.1 at 2016-10-11 19:23:37 +0800


Started GET "/assets/bootstrap/scrollspy.self-c5c6ed008955656d345067e9821d79f1216b8383134d08465d4aa1a33a2b93b4.js?body=1" for 127.0.0.1 at 2016-10-11 19:23:37 +0800


Started GET "/assets/bootstrap/modal.self-bcfe54f3132bf16a8c5ce4289e47eba488f6522a08f49f378a037061c6c7aa4c.js?body=1" for 127.0.0.1 at 2016-10-11 19:23:37 +0800


Started GET "/assets/bootstrap/tooltip.self-3aa41fbe871573b34e0ebddf31598cd5a11a9841ca85f90934ea46326e46626d.js?body=1" for 127.0.0.1 at 2016-10-11 19:23:37 +0800


Started GET "/assets/bootstrap/popover.self-b73e9c9111d01148e24bbc46e096782e024dc5db630e7078cf11ed2587ef8551.js?body=1" for 127.0.0.1 at 2016-10-11 19:23:37 +0800


Started GET "/assets/bootstrap-sprockets.self-fbfa5ad7d9aa0afe439ec4ff3883acc4cb92b62cb67c40d674320c9aa1d4642d.js?body=1" for 127.0.0.1 at 2016-10-11 19:23:37 +0800


Started GET "/assets/owl.carousel.min.self-0d37be315eae4b8700583ef49f93fd6887aab6dbf13249a8476bacbbf9a673c3.js?body=1" for 127.0.0.1 at 2016-10-11 19:23:37 +0800


Started GET "/assets/moment.self-6ab65bcb51ba1c538f5900a720453c5aff4c483661520b52008568b330d5dd03.js?body=1" for 127.0.0.1 at 2016-10-11 19:23:37 +0800


Started GET "/assets/bootstrap-datetimepicker.self-9bf8b50ba86095fb5caaadd1ee11eaf661b3f4879f3ea5263d541e9804fd7b15.js?body=1" for 127.0.0.1 at 2016-10-11 19:23:37 +0800


Started GET "/assets/markdown-it.min.self-ebfb7d7f3f3c2b204e4d469ce64cc1fb24a0936ef900d2a38d09e9b790503cf7.js?body=1" for 127.0.0.1 at 2016-10-11 19:23:37 +0800


Started GET "/assets/highlight.min.self-5780661212923d2b46b3ee587e27036303d91d19bc5a4b638082fd32c90b4c65.js?body=1" for 127.0.0.1 at 2016-10-11 19:23:37 +0800


Started GET "/assets/admin/admin.self-511ba8ed5e0f8fe879606cf7edf1128a195079078835c716c4045028c60937d5.js?body=1" for 127.0.0.1 at 2016-10-11 19:23:37 +0800


Started GET "/admin/subscribes" for 127.0.0.1 at 2016-10-12 16:44:48 +0800
  [1m[36mActiveRecord::SchemaMigration Load (13.3ms)[0m  [1mSELECT `schema_migrations`.* FROM `schema_migrations`[0m
Processing by Admin::SubscribesController#index as HTML
  [1m[35mUser Load (3.1ms)[0m  SELECT  `users`.* FROM `users` WHERE `users`.`id` = 1 LIMIT 1
  [1m[36m (2.9ms)[0m  [1mSELECT COUNT(*) FROM `subscribes`[0m
  [1m[35mSubscribe Load (0.5ms)[0m  SELECT  `subscribes`.* FROM `subscribes`  ORDER BY id desc LIMIT 10 OFFSET 0
  Rendered admin/subscribes/index.html.erb within admin/layouts/admin (54.5ms)
  Rendered admin/layouts/_admin_header.html.erb (1.1ms)
  Rendered admin/layouts/_admin_footer.html.erb (0.4ms)
Completed 200 OK in 916ms (Views: 823.3ms | ActiveRecord: 21.9ms)
  [1m[36mActiveRecord::SchemaMigration Load (4.4ms)[0m  [1mSELECT `schema_migrations`.* FROM `schema_migrations`[0m
Migrating to AddPaymentRecordTransNo (20161012104329)
  [1m[35m (125.6ms)[0m  ALTER TABLE `payment_records` ADD `transaction_no` varchar(255)
  [1m[36m (19.1ms)[0m  [1mCREATE  INDEX `index_payment_records_on_transaction_no`  ON `payment_records` (`transaction_no`) [0m
  [1m[35m (0.2ms)[0m  BEGIN
  [1m[36mSQL (2.0ms)[0m  [1mINSERT INTO `schema_migrations` (`version`) VALUES ('20161012104329')[0m
  [1m[35m (0.5ms)[0m  COMMIT
  [1m[36mActiveRecord::SchemaMigration Load (0.3ms)[0m  [1mSELECT `schema_migrations`.* FROM `schema_migrations`[0m
  [1m[35m (0.4ms)[0m  SELECT fk.referenced_table_name as 'to_table'
      ,fk.referenced_column_name as 'primary_key'
      ,fk.column_name as 'column'
      ,fk.constraint_name as 'name'
FROM information_schema.key_column_usage fk
WHERE fk.referenced_column_name is not null
  AND fk.table_schema = 'edu343_development'
  AND fk.table_name = 'attachment_images'

  [1m[36m (0.3ms)[0m  [1mSHOW CREATE TABLE `attachment_images`[0m
  [1m[35m (0.8ms)[0m  SELECT fk.referenced_table_name as 'to_table'
      ,fk.referenced_column_name as 'primary_key'
      ,fk.column_name as 'column'
      ,fk.constraint_name as 'name'
FROM information_schema.key_column_usage fk
WHERE fk.referenced_column_name is not null
  AND fk.table_schema = 'edu343_development'
  AND fk.table_name = 'blogs'

  [1m[36m (0.4ms)[0m  [1mSHOW CREATE TABLE `blogs`[0m
  [1m[35m (0.4ms)[0m  SELECT fk.referenced_table_name as 'to_table'
      ,fk.referenced_column_name as 'primary_key'
      ,fk.column_name as 'column'
      ,fk.constraint_name as 'name'
FROM information_schema.key_column_usage fk
WHERE fk.referenced_column_name is not null
  AND fk.table_schema = 'edu343_development'
  AND fk.table_name = 'lessons'

  [1m[36m (0.3ms)[0m  [1mSHOW CREATE TABLE `lessons`[0m
  [1m[35m (0.3ms)[0m  SELECT fk.referenced_table_name as 'to_table'
      ,fk.referenced_column_name as 'primary_key'
      ,fk.column_name as 'column'
      ,fk.constraint_name as 'name'
FROM information_schema.key_column_usage fk
WHERE fk.referenced_column_name is not null
  AND fk.table_schema = 'edu343_development'
  AND fk.table_name = 'payment_records'

  [1m[36m (0.3ms)[0m  [1mSHOW CREATE TABLE `payment_records`[0m
  [1m[35m (0.4ms)[0m  SELECT fk.referenced_table_name as 'to_table'
      ,fk.referenced_column_name as 'primary_key'
      ,fk.column_name as 'column'
      ,fk.constraint_name as 'name'
FROM information_schema.key_column_usage fk
WHERE fk.referenced_column_name is not null
  AND fk.table_schema = 'edu343_development'
  AND fk.table_name = 'public_course_tickets'

  [1m[36m (0.2ms)[0m  [1mSHOW CREATE TABLE `public_course_tickets`[0m
  [1m[35m (0.3ms)[0m  SELECT fk.referenced_table_name as 'to_table'
      ,fk.referenced_column_name as 'primary_key'
      ,fk.column_name as 'column'
      ,fk.constraint_name as 'name'
FROM information_schema.key_column_usage fk
WHERE fk.referenced_column_name is not null
  AND fk.table_schema = 'edu343_development'
  AND fk.table_name = 'question_favors'

  [1m[36m (0.2ms)[0m  [1mSHOW CREATE TABLE `question_favors`[0m
  [1m[35m (0.3ms)[0m  SELECT fk.referenced_table_name as 'to_table'
      ,fk.referenced_column_name as 'primary_key'
      ,fk.column_name as 'column'
      ,fk.constraint_name as 'name'
FROM information_schema.key_column_usage fk
WHERE fk.referenced_column_name is not null
  AND fk.table_schema = 'edu343_development'
  AND fk.table_name = 'question_replies'

  [1m[36m (0.2ms)[0m  [1mSHOW CREATE TABLE `question_replies`[0m
  [1m[35m (0.3ms)[0m  SELECT fk.referenced_table_name as 'to_table'
      ,fk.referenced_column_name as 'primary_key'
      ,fk.column_name as 'column'
      ,fk.constraint_name as 'name'
FROM information_schema.key_column_usage fk
WHERE fk.referenced_column_name is not null
  AND fk.table_schema = 'edu343_development'
  AND fk.table_name = 'questions'

  [1m[36m (0.2ms)[0m  [1mSHOW CREATE TABLE `questions`[0m
  [1m[35m (0.3ms)[0m  SELECT fk.referenced_table_name as 'to_table'
      ,fk.referenced_column_name as 'primary_key'
      ,fk.column_name as 'column'
      ,fk.constraint_name as 'name'
FROM information_schema.key_column_usage fk
WHERE fk.referenced_column_name is not null
  AND fk.table_schema = 'edu343_development'
  AND fk.table_name = 'quizzes'

  [1m[36m (0.2ms)[0m  [1mSHOW CREATE TABLE `quizzes`[0m
  [1m[35m (0.3ms)[0m  SELECT fk.referenced_table_name as 'to_table'
      ,fk.referenced_column_name as 'primary_key'
      ,fk.column_name as 'column'
      ,fk.constraint_name as 'name'
FROM information_schema.key_column_usage fk
WHERE fk.referenced_column_name is not null
  AND fk.table_schema = 'edu343_development'
  AND fk.table_name = 'student_quizzes'

  [1m[36m (0.2ms)[0m  [1mSHOW CREATE TABLE `student_quizzes`[0m
  [1m[35m (0.3ms)[0m  SELECT fk.referenced_table_name as 'to_table'
      ,fk.referenced_column_name as 'primary_key'
      ,fk.column_name as 'column'
      ,fk.constraint_name as 'name'
FROM information_schema.key_column_usage fk
WHERE fk.referenced_column_name is not null
  AND fk.table_schema = 'edu343_development'
  AND fk.table_name = 'student_votes'

  [1m[36m (0.2ms)[0m  [1mSHOW CREATE TABLE `student_votes`[0m
  [1m[35m (0.3ms)[0m  SELECT fk.referenced_table_name as 'to_table'
      ,fk.referenced_column_name as 'primary_key'
      ,fk.column_name as 'column'
      ,fk.constraint_name as 'name'
FROM information_schema.key_column_usage fk
WHERE fk.referenced_column_name is not null
  AND fk.table_schema = 'edu343_development'
  AND fk.table_name = 'students'

  [1m[36m (0.4ms)[0m  [1mSHOW CREATE TABLE `students`[0m
  [1m[35m (0.3ms)[0m  SELECT fk.referenced_table_name as 'to_table'
      ,fk.referenced_column_name as 'primary_key'
      ,fk.column_name as 'column'
      ,fk.constraint_name as 'name'
FROM information_schema.key_column_usage fk
WHERE fk.referenced_column_name is not null
  AND fk.table_schema = 'edu343_development'
  AND fk.table_name = 'subscribes'

  [1m[36m (0.2ms)[0m  [1mSHOW CREATE TABLE `subscribes`[0m
  [1m[35m (0.3ms)[0m  SELECT fk.referenced_table_name as 'to_table'
      ,fk.referenced_column_name as 'primary_key'
      ,fk.column_name as 'column'
      ,fk.constraint_name as 'name'
FROM information_schema.key_column_usage fk
WHERE fk.referenced_column_name is not null
  AND fk.table_schema = 'edu343_development'
  AND fk.table_name = 'taggings'

  [1m[36m (0.2ms)[0m  [1mSHOW CREATE TABLE `taggings`[0m
  [1m[35m (0.3ms)[0m  SELECT fk.referenced_table_name as 'to_table'
      ,fk.referenced_column_name as 'primary_key'
      ,fk.column_name as 'column'
      ,fk.constraint_name as 'name'
FROM information_schema.key_column_usage fk
WHERE fk.referenced_column_name is not null
  AND fk.table_schema = 'edu343_development'
  AND fk.table_name = 'tags'

  [1m[36m (0.2ms)[0m  [1mSHOW CREATE TABLE `tags`[0m
  [1m[35m (0.3ms)[0m  SELECT fk.referenced_table_name as 'to_table'
      ,fk.referenced_column_name as 'primary_key'
      ,fk.column_name as 'column'
      ,fk.constraint_name as 'name'
FROM information_schema.key_column_usage fk
WHERE fk.referenced_column_name is not null
  AND fk.table_schema = 'edu343_development'
  AND fk.table_name = 'users'

  [1m[36m (0.3ms)[0m  [1mSHOW CREATE TABLE `users`[0m
  [1m[35m (0.3ms)[0m  SELECT fk.referenced_table_name as 'to_table'
      ,fk.referenced_column_name as 'primary_key'
      ,fk.column_name as 'column'
      ,fk.constraint_name as 'name'
FROM information_schema.key_column_usage fk
WHERE fk.referenced_column_name is not null
  AND fk.table_schema = 'edu343_development'
  AND fk.table_name = 'verify_tokens'

  [1m[36m (0.2ms)[0m  [1mSHOW CREATE TABLE `verify_tokens`[0m
  [1m[35m (0.3ms)[0m  SELECT fk.referenced_table_name as 'to_table'
      ,fk.referenced_column_name as 'primary_key'
      ,fk.column_name as 'column'
      ,fk.constraint_name as 'name'
FROM information_schema.key_column_usage fk
WHERE fk.referenced_column_name is not null
  AND fk.table_schema = 'edu343_development'
  AND fk.table_name = 'wechat_users'

  [1m[36m (0.3ms)[0m  [1mSHOW CREATE TABLE `wechat_users`[0m


Started GET "/" for 182.126.214.12 at 2016-10-12 18:50:35 +0800
Cannot render console from 182.126.214.12! Allowed networks: 192.168.0.0/192.168.255.255, 127.0.0.0/127.255.255.255, ::1
  [1m[36mActiveRecord::SchemaMigration Load (11.9ms)[0m  [1mSELECT `schema_migrations`.* FROM `schema_migrations`[0m
Processing by WelcomeController#index as HTML
  Rendered welcome/_career.html.erb (2.4ms)
  Rendered welcome/_wearefrom.html.erb (0.4ms)
  Rendered welcome/_whoami.html.erb (2.6ms)
  Rendered welcome/_results.html.erb (625.8ms)
  Rendered welcome/index.html.erb within layouts/application (650.1ms)
  Rendered layouts/_header.html.erb (1.0ms)
  Rendered welcome/_courses.html.erb (14.1ms)
  Rendered share/_wechat.html.erb (0.5ms)
  Rendered share/_contact_cellphones.html.erb (0.3ms)
  Rendered layouts/_footer.html.erb (7.1ms)
Completed 200 OK in 906ms (Views: 892.7ms | ActiveRecord: 0.0ms)


Started POST "/wechat/payment/" for 182.126.214.12 at 2016-10-12 18:51:08 +0800
Cannot render console from 182.126.214.12! Allowed networks: 192.168.0.0/192.168.255.255, 127.0.0.0/127.255.255.255, ::1
Processing by Wechat::PaymentController#index as HTML
  Parameters: {"key"=>"9eyjdxpbqupgvv6nza85b2oesv9a4h7v5fhzwpxqkm8o945i", "app"=>"eggman", "body"=>"蛋人网季度订阅服务", "out_trade_no"=>"0wxojuk9", "total_fee"=>"1", "product_id"=>"蛋人网季度订阅服务", "openid"=>""}
WECHAT PAYMENT CREATE ORDER: <xml><return_code><![CDATA[FAIL]]></return_code>
<return_msg><![CDATA[JSAPI支付必须传openid]]></return_msg>
</xml>
Redirected to http://ll.343edu.com/wechat/payment/failed
Completed 302 Found in 1309ms (ActiveRecord: 0.0ms)


Started GET "/wechat/payment/failed" for 182.126.214.12 at 2016-10-12 18:51:10 +0800
Cannot render console from 182.126.214.12! Allowed networks: 192.168.0.0/192.168.255.255, 127.0.0.0/127.255.255.255, ::1
Processing by Wechat::PaymentController#failed as HTML
  Rendered wechat/payment/failed.html.erb within layouts/wechat_payment (0.4ms)
Completed 200 OK in 4ms (Views: 3.5ms | ActiveRecord: 0.0ms)


Started POST "/wechat/payment/" for 182.126.214.12 at 2016-10-12 18:52:35 +0800
Cannot render console from 182.126.214.12! Allowed networks: 192.168.0.0/192.168.255.255, 127.0.0.0/127.255.255.255, ::1
Processing by Wechat::PaymentController#index as HTML
  Parameters: {"key"=>"9eyjdxpbqupgvv6nza85b2oesv9a4h7v5fhzwpxqkm8o945i", "app"=>"eggman", "body"=>"蛋人网季度订阅服务", "out_trade_no"=>"hbut9jvt", "total_fee"=>"1", "product_id"=>"蛋人网季度订阅服务", "openid"=>"oMZZkwyFG5sAx-d4PMQ6Lq1xisHE"}
WECHAT PAYMENT CREATE ORDER: <xml><return_code><![CDATA[SUCCESS]]></return_code>
<return_msg><![CDATA[OK]]></return_msg>
<appid><![CDATA[wxa05b67eb1b532c44]]></appid>
<mch_id><![CDATA[1397730302]]></mch_id>
<device_info><![CDATA[WEB]]></device_info>
<nonce_str><![CDATA[2wbmZ9DrvgSuIss7]]></nonce_str>
<sign><![CDATA[3775A4F5D9273061EEB92092E7A940C2]]></sign>
<result_code><![CDATA[SUCCESS]]></result_code>
<prepay_id><![CDATA[wx20161012185235b74cf03c7e0294704534]]></prepay_id>
<trade_type><![CDATA[JSAPI]]></trade_type>
</xml>
  Rendered wechat/payment/index.html.erb within layouts/wechat_payment (0.9ms)
Completed 200 OK in 565ms (Views: 5.0ms | ActiveRecord: 0.0ms)


Started POST "/wechat/payment/notify" for 101.226.103.61 at 2016-10-12 18:52:46 +0800
Cannot render console from 101.226.103.61! Allowed networks: 192.168.0.0/192.168.255.255, 127.0.0.0/127.255.255.255, ::1
Processing by Wechat::PaymentController#notify as */*
  [1m[35mPaymentRecord Load (0.5ms)[0m  SELECT  `payment_records`.* FROM `payment_records` WHERE `payment_records`.`order_no` = 'hbut9jvt' AND `payment_records`.`status` = 'success' LIMIT 1
  [1m[36m (0.3ms)[0m  [1mBEGIN[0m
  [1m[35mSQL (1.4ms)[0m  INSERT INTO `payment_records` (`open_id`, `app_name`, `transaction_no`, `order_no`, `payment_method`, `status`, `total_money`, `payment_response`, `created_at`, `updated_at`) VALUES ('oMZZkwyFG5sAx-d4PMQ6Lq1xisHE', 'eggman', 'hbut9jvt', '4005392001201610126500938555', 'WECHAT', 'success', 1.0, '{\"appid\":\"wxa05b67eb1b532c44\",\"attach\":\"eggman\",\"bank_type\":\"CCB_DEBIT\",\"cash_fee\":\"100\",\"device_info\":\"WEB\",\"fee_type\":\"CNY\",\"is_subscribe\":\"Y\",\"mch_id\":\"1397730302\",\"nonce_str\":\"7nrr4o5axf6cm6ze\",\"openid\":\"oMZZkwyFG5sAx-d4PMQ6Lq1xisHE\",\"out_trade_no\":\"hbut9jvt\",\"result_code\":\"SUCCESS\",\"return_code\":\"SUCCESS\",\"sign\":\"58E46F9C875CC25168979575AC6B30DD\",\"time_end\":\"20161012185244\",\"total_fee\":\"100\",\"trade_type\":\"JSAPI\",\"transaction_id\":\"4005392001201610126500938555\"}', '2016-10-12 10:52:46', '2016-10-12 10:52:46')
  [1m[36m (0.4ms)[0m  [1mCOMMIT[0m
WECHAT PAYMENT NOTIFY AND PAYMENT SUCCESS: {"controller"=>"wechat/payment", "action"=>"notify"}, body: {"appid"=>"wxa05b67eb1b532c44", "attach"=>"eggman", "bank_type"=>"CCB_DEBIT", "cash_fee"=>"100", "device_info"=>"WEB", "fee_type"=>"CNY", "is_subscribe"=>"Y", "mch_id"=>"1397730302", "nonce_str"=>"7nrr4o5axf6cm6ze", "openid"=>"oMZZkwyFG5sAx-d4PMQ6Lq1xisHE", "out_trade_no"=>"hbut9jvt", "result_code"=>"SUCCESS", "return_code"=>"SUCCESS", "sign"=>"58E46F9C875CC25168979575AC6B30DD", "time_end"=>"20161012185244", "total_fee"=>"100", "trade_type"=>"JSAPI", "transaction_id"=>"4005392001201610126500938555"}
  Rendered text template (0.0ms)
Completed 200 OK in 34ms (Views: 1.6ms | ActiveRecord: 6.6ms)


Started GET "/wechat/payment/check_payment?tid=hbut9jvt&1476269570000" for 182.126.214.12 at 2016-10-12 18:52:50 +0800
Cannot render console from 182.126.214.12! Allowed networks: 192.168.0.0/192.168.255.255, 127.0.0.0/127.255.255.255, ::1
Processing by Wechat::PaymentController#check_payment as HTML
  Parameters: {"tid"=>"hbut9jvt", "1476269570000"=>nil}
  [1m[35mPaymentRecord Load (0.6ms)[0m  SELECT  `payment_records`.* FROM `payment_records` WHERE `payment_records`.`order_no` = 'hbut9jvt' AND `payment_records`.`status` = 'success'  ORDER BY `payment_records`.`id` ASC LIMIT 1
Redirected to http://ll.343edu.com/wechat/payment/failed
Completed 302 Found in 2ms (ActiveRecord: 0.6ms)


Started GET "/wechat/payment/failed" for 182.126.214.12 at 2016-10-12 18:52:50 +0800
Cannot render console from 182.126.214.12! Allowed networks: 192.168.0.0/192.168.255.255, 127.0.0.0/127.255.255.255, ::1
Processing by Wechat::PaymentController#failed as HTML
  Rendered wechat/payment/failed.html.erb within layouts/wechat_payment (0.1ms)
Completed 200 OK in 3ms (Views: 2.2ms | ActiveRecord: 0.0ms)


Started POST "/wechat/payment/notify" for 101.226.103.61 at 2016-10-12 18:53:01 +0800
Cannot render console from 101.226.103.61! Allowed networks: 192.168.0.0/192.168.255.255, 127.0.0.0/127.255.255.255, ::1
Processing by Wechat::PaymentController#notify as */*
  [1m[36mPaymentRecord Load (0.4ms)[0m  [1mSELECT  `payment_records`.* FROM `payment_records` WHERE `payment_records`.`order_no` = 'hbut9jvt' AND `payment_records`.`status` = 'success' LIMIT 1[0m
  [1m[35m (0.2ms)[0m  BEGIN
  [1m[36mSQL (0.4ms)[0m  [1mINSERT INTO `payment_records` (`open_id`, `app_name`, `transaction_no`, `order_no`, `payment_method`, `status`, `total_money`, `payment_response`, `created_at`, `updated_at`) VALUES ('oMZZkwyFG5sAx-d4PMQ6Lq1xisHE', 'eggman', 'hbut9jvt', '4005392001201610126500938555', 'WECHAT', 'success', 1.0, '{\"appid\":\"wxa05b67eb1b532c44\",\"attach\":\"eggman\",\"bank_type\":\"CCB_DEBIT\",\"cash_fee\":\"100\",\"device_info\":\"WEB\",\"fee_type\":\"CNY\",\"is_subscribe\":\"Y\",\"mch_id\":\"1397730302\",\"nonce_str\":\"7nrr4o5axf6cm6ze\",\"openid\":\"oMZZkwyFG5sAx-d4PMQ6Lq1xisHE\",\"out_trade_no\":\"hbut9jvt\",\"result_code\":\"SUCCESS\",\"return_code\":\"SUCCESS\",\"sign\":\"58E46F9C875CC25168979575AC6B30DD\",\"time_end\":\"20161012185244\",\"total_fee\":\"100\",\"trade_type\":\"JSAPI\",\"transaction_id\":\"4005392001201610126500938555\"}', '2016-10-12 10:53:01', '2016-10-12 10:53:01')[0m
  [1m[35m (1.0ms)[0m  COMMIT
WECHAT PAYMENT NOTIFY AND PAYMENT SUCCESS: {"controller"=>"wechat/payment", "action"=>"notify"}, body: {"appid"=>"wxa05b67eb1b532c44", "attach"=>"eggman", "bank_type"=>"CCB_DEBIT", "cash_fee"=>"100", "device_info"=>"WEB", "fee_type"=>"CNY", "is_subscribe"=>"Y", "mch_id"=>"1397730302", "nonce_str"=>"7nrr4o5axf6cm6ze", "openid"=>"oMZZkwyFG5sAx-d4PMQ6Lq1xisHE", "out_trade_no"=>"hbut9jvt", "result_code"=>"SUCCESS", "return_code"=>"SUCCESS", "sign"=>"58E46F9C875CC25168979575AC6B30DD", "time_end"=>"20161012185244", "total_fee"=>"100", "trade_type"=>"JSAPI", "transaction_id"=>"4005392001201610126500938555"}
  Rendered text template (0.0ms)
Completed 200 OK in 5ms (Views: 0.3ms | ActiveRecord: 2.0ms)


Started POST "/wechat/payment/notify" for 140.207.54.74 at 2016-10-12 18:53:18 +0800
Cannot render console from 140.207.54.74! Allowed networks: 192.168.0.0/192.168.255.255, 127.0.0.0/127.255.255.255, ::1
Processing by Wechat::PaymentController#notify as */*
  [1m[36mPaymentRecord Load (0.5ms)[0m  [1mSELECT  `payment_records`.* FROM `payment_records` WHERE `payment_records`.`order_no` = 'hbut9jvt' AND `payment_records`.`status` = 'success' LIMIT 1[0m
  [1m[35m (0.2ms)[0m  BEGIN
  [1m[36mSQL (1.5ms)[0m  [1mINSERT INTO `payment_records` (`open_id`, `app_name`, `transaction_no`, `order_no`, `payment_method`, `status`, `total_money`, `payment_response`, `created_at`, `updated_at`) VALUES ('oMZZkwyFG5sAx-d4PMQ6Lq1xisHE', 'eggman', 'hbut9jvt', '4005392001201610126500938555', 'WECHAT', 'success', 1.0, '{\"appid\":\"wxa05b67eb1b532c44\",\"attach\":\"eggman\",\"bank_type\":\"CCB_DEBIT\",\"cash_fee\":\"100\",\"device_info\":\"WEB\",\"fee_type\":\"CNY\",\"is_subscribe\":\"Y\",\"mch_id\":\"1397730302\",\"nonce_str\":\"7nrr4o5axf6cm6ze\",\"openid\":\"oMZZkwyFG5sAx-d4PMQ6Lq1xisHE\",\"out_trade_no\":\"hbut9jvt\",\"result_code\":\"SUCCESS\",\"return_code\":\"SUCCESS\",\"sign\":\"58E46F9C875CC25168979575AC6B30DD\",\"time_end\":\"20161012185244\",\"total_fee\":\"100\",\"trade_type\":\"JSAPI\",\"transaction_id\":\"4005392001201610126500938555\"}', '2016-10-12 10:53:18', '2016-10-12 10:53:18')[0m
  [1m[35m (0.5ms)[0m  COMMIT
WECHAT PAYMENT NOTIFY AND PAYMENT SUCCESS: {"controller"=>"wechat/payment", "action"=>"notify"}, body: {"appid"=>"wxa05b67eb1b532c44", "attach"=>"eggman", "bank_type"=>"CCB_DEBIT", "cash_fee"=>"100", "device_info"=>"WEB", "fee_type"=>"CNY", "is_subscribe"=>"Y", "mch_id"=>"1397730302", "nonce_str"=>"7nrr4o5axf6cm6ze", "openid"=>"oMZZkwyFG5sAx-d4PMQ6Lq1xisHE", "out_trade_no"=>"hbut9jvt", "result_code"=>"SUCCESS", "return_code"=>"SUCCESS", "sign"=>"58E46F9C875CC25168979575AC6B30DD", "time_end"=>"20161012185244", "total_fee"=>"100", "trade_type"=>"JSAPI", "transaction_id"=>"4005392001201610126500938555"}
  Rendered text template (0.0ms)
Completed 200 OK in 6ms (Views: 0.4ms | ActiveRecord: 2.7ms)


Started POST "/wechat/payment/notify" for 140.207.54.75 at 2016-10-12 18:53:51 +0800
Cannot render console from 140.207.54.75! Allowed networks: 192.168.0.0/192.168.255.255, 127.0.0.0/127.255.255.255, ::1
Processing by Wechat::PaymentController#notify as */*
  [1m[36mPaymentRecord Load (0.5ms)[0m  [1mSELECT  `payment_records`.* FROM `payment_records` WHERE `payment_records`.`order_no` = 'hbut9jvt' AND `payment_records`.`status` = 'success' LIMIT 1[0m
  [1m[35m (0.2ms)[0m  BEGIN
  [1m[36mSQL (2.2ms)[0m  [1mINSERT INTO `payment_records` (`open_id`, `app_name`, `transaction_no`, `order_no`, `payment_method`, `status`, `total_money`, `payment_response`, `created_at`, `updated_at`) VALUES ('oMZZkwyFG5sAx-d4PMQ6Lq1xisHE', 'eggman', 'hbut9jvt', '4005392001201610126500938555', 'WECHAT', 'success', 1.0, '{\"appid\":\"wxa05b67eb1b532c44\",\"attach\":\"eggman\",\"bank_type\":\"CCB_DEBIT\",\"cash_fee\":\"100\",\"device_info\":\"WEB\",\"fee_type\":\"CNY\",\"is_subscribe\":\"Y\",\"mch_id\":\"1397730302\",\"nonce_str\":\"7nrr4o5axf6cm6ze\",\"openid\":\"oMZZkwyFG5sAx-d4PMQ6Lq1xisHE\",\"out_trade_no\":\"hbut9jvt\",\"result_code\":\"SUCCESS\",\"return_code\":\"SUCCESS\",\"sign\":\"58E46F9C875CC25168979575AC6B30DD\",\"time_end\":\"20161012185244\",\"total_fee\":\"100\",\"trade_type\":\"JSAPI\",\"transaction_id\":\"4005392001201610126500938555\"}', '2016-10-12 10:53:51', '2016-10-12 10:53:51')[0m
  [1m[35m (0.4ms)[0m  COMMIT
WECHAT PAYMENT NOTIFY AND PAYMENT SUCCESS: {"controller"=>"wechat/payment", "action"=>"notify"}, body: {"appid"=>"wxa05b67eb1b532c44", "attach"=>"eggman", "bank_type"=>"CCB_DEBIT", "cash_fee"=>"100", "device_info"=>"WEB", "fee_type"=>"CNY", "is_subscribe"=>"Y", "mch_id"=>"1397730302", "nonce_str"=>"7nrr4o5axf6cm6ze", "openid"=>"oMZZkwyFG5sAx-d4PMQ6Lq1xisHE", "out_trade_no"=>"hbut9jvt", "result_code"=>"SUCCESS", "return_code"=>"SUCCESS", "sign"=>"58E46F9C875CC25168979575AC6B30DD", "time_end"=>"20161012185244", "total_fee"=>"100", "trade_type"=>"JSAPI", "transaction_id"=>"4005392001201610126500938555"}
  Rendered text template (0.0ms)
Completed 200 OK in 7ms (Views: 0.4ms | ActiveRecord: 3.3ms)


Started GET "/wechat/payment/check_payment?tid=hbut9jvt&1476269570000" for 101.226.51.229 at 2016-10-12 18:55:50 +0800
Cannot render console from 101.226.51.229! Allowed networks: 192.168.0.0/192.168.255.255, 127.0.0.0/127.255.255.255, ::1
Processing by Wechat::PaymentController#check_payment as */*
  Parameters: {"tid"=>"hbut9jvt", "1476269570000"=>nil}
  [1m[36mPaymentRecord Load (0.5ms)[0m  [1mSELECT  `payment_records`.* FROM `payment_records` WHERE `payment_records`.`transaction_no` = 'hbut9jvt' AND `payment_records`.`status` = 'success'  ORDER BY `payment_records`.`id` ASC LIMIT 1[0m
Completed 500 Internal Server Error in 12ms (ActiveRecord: 1.9ms)

NoMethodError (undefined method `transaction_id' for #<PaymentRecord:0x007fa5c29e34b8>):
  app/controllers/wechat/payment_controller.rb:105:in `check_payment'


  Rendered /usr/local/rvm/gems/ruby-2.2.2/gems/actionpack-4.2.3/lib/action_dispatch/middleware/templates/rescues/_source.erb (4.5ms)
  Rendered /usr/local/rvm/gems/ruby-2.2.2/gems/actionpack-4.2.3/lib/action_dispatch/middleware/templates/rescues/_trace.html.erb (3.0ms)
  Rendered /usr/local/rvm/gems/ruby-2.2.2/gems/actionpack-4.2.3/lib/action_dispatch/middleware/templates/rescues/_request_and_response.html.erb (0.8ms)
  Rendered /usr/local/rvm/gems/ruby-2.2.2/gems/actionpack-4.2.3/lib/action_dispatch/middleware/templates/rescues/diagnostics.html.erb within rescues/layout (44.8ms)


Started POST "/wechat/payment/" for 182.126.214.12 at 2016-10-12 18:55:51 +0800
Cannot render console from 182.126.214.12! Allowed networks: 192.168.0.0/192.168.255.255, 127.0.0.0/127.255.255.255, ::1
Processing by Wechat::PaymentController#index as HTML
  Parameters: {"key"=>"9eyjdxpbqupgvv6nza85b2oesv9a4h7v5fhzwpxqkm8o945i", "app"=>"eggman", "body"=>"蛋人网季度订阅服务", "out_trade_no"=>"i151fy1h", "total_fee"=>"1", "product_id"=>"蛋人网季度订阅服务", "openid"=>"oMZZkwyFG5sAx-d4PMQ6Lq1xisHE"}
WECHAT PAYMENT CREATE ORDER: <xml><return_code><![CDATA[SUCCESS]]></return_code>
<return_msg><![CDATA[OK]]></return_msg>
<appid><![CDATA[wxa05b67eb1b532c44]]></appid>
<mch_id><![CDATA[1397730302]]></mch_id>
<device_info><![CDATA[WEB]]></device_info>
<nonce_str><![CDATA[D27nyejnXZgpV1cA]]></nonce_str>
<sign><![CDATA[75C5E2F1D8A48F7F69DF69DB08B594C8]]></sign>
<result_code><![CDATA[SUCCESS]]></result_code>
<prepay_id><![CDATA[wx20161012185551035e746a6e0985170747]]></prepay_id>
<trade_type><![CDATA[JSAPI]]></trade_type>
</xml>
  Rendered wechat/payment/index.html.erb within layouts/wechat_payment (0.2ms)
Completed 200 OK in 1076ms (Views: 4.8ms | ActiveRecord: 0.0ms)


Started POST "/wechat/payment/notify" for 140.207.54.73 at 2016-10-12 18:56:02 +0800
Cannot render console from 140.207.54.73! Allowed networks: 192.168.0.0/192.168.255.255, 127.0.0.0/127.255.255.255, ::1
Processing by Wechat::PaymentController#notify as */*
  [1m[35mPaymentRecord Load (0.5ms)[0m  SELECT  `payment_records`.* FROM `payment_records` WHERE `payment_records`.`order_no` = 'i151fy1h' AND `payment_records`.`status` = 'success' LIMIT 1
  [1m[36m (0.2ms)[0m  [1mBEGIN[0m
  [1m[35mSQL (2.1ms)[0m  INSERT INTO `payment_records` (`open_id`, `app_name`, `transaction_no`, `order_no`, `payment_method`, `status`, `total_money`, `payment_response`, `created_at`, `updated_at`) VALUES ('oMZZkwyFG5sAx-d4PMQ6Lq1xisHE', 'eggman', 'i151fy1h', '4005392001201610126503069915', 'WECHAT', 'success', 1.0, '{\"appid\":\"wxa05b67eb1b532c44\",\"attach\":\"eggman\",\"bank_type\":\"CCB_DEBIT\",\"cash_fee\":\"100\",\"device_info\":\"WEB\",\"fee_type\":\"CNY\",\"is_subscribe\":\"Y\",\"mch_id\":\"1397730302\",\"nonce_str\":\"3zj0z3owma79783y\",\"openid\":\"oMZZkwyFG5sAx-d4PMQ6Lq1xisHE\",\"out_trade_no\":\"i151fy1h\",\"result_code\":\"SUCCESS\",\"return_code\":\"SUCCESS\",\"sign\":\"EFE4F716028A77B954FAD34B9064F462\",\"time_end\":\"20161012185602\",\"total_fee\":\"100\",\"trade_type\":\"JSAPI\",\"transaction_id\":\"4005392001201610126503069915\"}', '2016-10-12 10:56:02', '2016-10-12 10:56:02')
  [1m[36m (0.7ms)[0m  [1mCOMMIT[0m
WECHAT PAYMENT NOTIFY AND PAYMENT SUCCESS: {"controller"=>"wechat/payment", "action"=>"notify"}, body: {"appid"=>"wxa05b67eb1b532c44", "attach"=>"eggman", "bank_type"=>"CCB_DEBIT", "cash_fee"=>"100", "device_info"=>"WEB", "fee_type"=>"CNY", "is_subscribe"=>"Y", "mch_id"=>"1397730302", "nonce_str"=>"3zj0z3owma79783y", "openid"=>"oMZZkwyFG5sAx-d4PMQ6Lq1xisHE", "out_trade_no"=>"i151fy1h", "result_code"=>"SUCCESS", "return_code"=>"SUCCESS", "sign"=>"EFE4F716028A77B954FAD34B9064F462", "time_end"=>"20161012185602", "total_fee"=>"100", "trade_type"=>"JSAPI", "transaction_id"=>"4005392001201610126503069915"}
  Rendered text template (0.0ms)
Completed 200 OK in 8ms (Views: 0.5ms | ActiveRecord: 3.4ms)


Started POST "/wechat/payment/notify" for 101.226.103.71 at 2016-10-12 18:56:14 +0800
Cannot render console from 101.226.103.71! Allowed networks: 192.168.0.0/192.168.255.255, 127.0.0.0/127.255.255.255, ::1
Processing by Wechat::PaymentController#notify as */*
  [1m[35mPaymentRecord Load (0.4ms)[0m  SELECT  `payment_records`.* FROM `payment_records` WHERE `payment_records`.`order_no` = 'i151fy1h' AND `payment_records`.`status` = 'success' LIMIT 1
  [1m[36m (0.2ms)[0m  [1mBEGIN[0m
  [1m[35mSQL (0.3ms)[0m  INSERT INTO `payment_records` (`open_id`, `app_name`, `transaction_no`, `order_no`, `payment_method`, `status`, `total_money`, `payment_response`, `created_at`, `updated_at`) VALUES ('oMZZkwyFG5sAx-d4PMQ6Lq1xisHE', 'eggman', 'i151fy1h', '4005392001201610126503069915', 'WECHAT', 'success', 1.0, '{\"appid\":\"wxa05b67eb1b532c44\",\"attach\":\"eggman\",\"bank_type\":\"CCB_DEBIT\",\"cash_fee\":\"100\",\"device_info\":\"WEB\",\"fee_type\":\"CNY\",\"is_subscribe\":\"Y\",\"mch_id\":\"1397730302\",\"nonce_str\":\"3zj0z3owma79783y\",\"openid\":\"oMZZkwyFG5sAx-d4PMQ6Lq1xisHE\",\"out_trade_no\":\"i151fy1h\",\"result_code\":\"SUCCESS\",\"return_code\":\"SUCCESS\",\"sign\":\"EFE4F716028A77B954FAD34B9064F462\",\"time_end\":\"20161012185602\",\"total_fee\":\"100\",\"trade_type\":\"JSAPI\",\"transaction_id\":\"4005392001201610126503069915\"}', '2016-10-12 10:56:14', '2016-10-12 10:56:14')
  [1m[36m (1.2ms)[0m  [1mCOMMIT[0m
WECHAT PAYMENT NOTIFY AND PAYMENT SUCCESS: {"controller"=>"wechat/payment", "action"=>"notify"}, body: {"appid"=>"wxa05b67eb1b532c44", "attach"=>"eggman", "bank_type"=>"CCB_DEBIT", "cash_fee"=>"100", "device_info"=>"WEB", "fee_type"=>"CNY", "is_subscribe"=>"Y", "mch_id"=>"1397730302", "nonce_str"=>"3zj0z3owma79783y", "openid"=>"oMZZkwyFG5sAx-d4PMQ6Lq1xisHE", "out_trade_no"=>"i151fy1h", "result_code"=>"SUCCESS", "return_code"=>"SUCCESS", "sign"=>"EFE4F716028A77B954FAD34B9064F462", "time_end"=>"20161012185602", "total_fee"=>"100", "trade_type"=>"JSAPI", "transaction_id"=>"4005392001201610126503069915"}
  Rendered text template (0.0ms)
Completed 200 OK in 5ms (Views: 0.4ms | ActiveRecord: 2.1ms)


Started POST "/wechat/payment/notify" for 140.207.54.73 at 2016-10-12 18:56:30 +0800
Cannot render console from 140.207.54.73! Allowed networks: 192.168.0.0/192.168.255.255, 127.0.0.0/127.255.255.255, ::1
Processing by Wechat::PaymentController#notify as */*
  [1m[35mPaymentRecord Load (0.4ms)[0m  SELECT  `payment_records`.* FROM `payment_records` WHERE `payment_records`.`order_no` = 'i151fy1h' AND `payment_records`.`status` = 'success' LIMIT 1
  [1m[36m (0.2ms)[0m  [1mBEGIN[0m
  [1m[35mSQL (2.0ms)[0m  INSERT INTO `payment_records` (`open_id`, `app_name`, `transaction_no`, `order_no`, `payment_method`, `status`, `total_money`, `payment_response`, `created_at`, `updated_at`) VALUES ('oMZZkwyFG5sAx-d4PMQ6Lq1xisHE', 'eggman', 'i151fy1h', '4005392001201610126503069915', 'WECHAT', 'success', 1.0, '{\"appid\":\"wxa05b67eb1b532c44\",\"attach\":\"eggman\",\"bank_type\":\"CCB_DEBIT\",\"cash_fee\":\"100\",\"device_info\":\"WEB\",\"fee_type\":\"CNY\",\"is_subscribe\":\"Y\",\"mch_id\":\"1397730302\",\"nonce_str\":\"3zj0z3owma79783y\",\"openid\":\"oMZZkwyFG5sAx-d4PMQ6Lq1xisHE\",\"out_trade_no\":\"i151fy1h\",\"result_code\":\"SUCCESS\",\"return_code\":\"SUCCESS\",\"sign\":\"EFE4F716028A77B954FAD34B9064F462\",\"time_end\":\"20161012185602\",\"total_fee\":\"100\",\"trade_type\":\"JSAPI\",\"transaction_id\":\"4005392001201610126503069915\"}', '2016-10-12 10:56:30', '2016-10-12 10:56:30')
  [1m[36m (0.5ms)[0m  [1mCOMMIT[0m
WECHAT PAYMENT NOTIFY AND PAYMENT SUCCESS: {"controller"=>"wechat/payment", "action"=>"notify"}, body: {"appid"=>"wxa05b67eb1b532c44", "attach"=>"eggman", "bank_type"=>"CCB_DEBIT", "cash_fee"=>"100", "device_info"=>"WEB", "fee_type"=>"CNY", "is_subscribe"=>"Y", "mch_id"=>"1397730302", "nonce_str"=>"3zj0z3owma79783y", "openid"=>"oMZZkwyFG5sAx-d4PMQ6Lq1xisHE", "out_trade_no"=>"i151fy1h", "result_code"=>"SUCCESS", "return_code"=>"SUCCESS", "sign"=>"EFE4F716028A77B954FAD34B9064F462", "time_end"=>"20161012185602", "total_fee"=>"100", "trade_type"=>"JSAPI", "transaction_id"=>"4005392001201610126503069915"}
  Rendered text template (0.0ms)
Completed 200 OK in 6ms (Views: 0.3ms | ActiveRecord: 3.1ms)


Started GET "/wechat/payment/check_payment?tid=i151fy1h&1476269794000" for 182.126.214.12 at 2016-10-12 18:56:34 +0800
Cannot render console from 182.126.214.12! Allowed networks: 192.168.0.0/192.168.255.255, 127.0.0.0/127.255.255.255, ::1
Processing by Wechat::PaymentController#check_payment as HTML
  Parameters: {"tid"=>"i151fy1h", "1476269794000"=>nil}
  [1m[35mPaymentRecord Load (0.5ms)[0m  SELECT  `payment_records`.* FROM `payment_records` WHERE `payment_records`.`transaction_no` = 'i151fy1h' AND `payment_records`.`status` = 'success'  ORDER BY `payment_records`.`id` ASC LIMIT 1
Completed 500 Internal Server Error in 3ms (ActiveRecord: 0.5ms)

NoMethodError (undefined method `transaction_id' for #<PaymentRecord:0x007fa5c30d3f20>):
  app/controllers/wechat/payment_controller.rb:105:in `check_payment'


  Rendered /usr/local/rvm/gems/ruby-2.2.2/gems/actionpack-4.2.3/lib/action_dispatch/middleware/templates/rescues/_source.erb (4.0ms)
  Rendered /usr/local/rvm/gems/ruby-2.2.2/gems/actionpack-4.2.3/lib/action_dispatch/middleware/templates/rescues/_trace.html.erb (2.7ms)
  Rendered /usr/local/rvm/gems/ruby-2.2.2/gems/actionpack-4.2.3/lib/action_dispatch/middleware/templates/rescues/_request_and_response.html.erb (1.3ms)
  Rendered /usr/local/rvm/gems/ruby-2.2.2/gems/actionpack-4.2.3/lib/action_dispatch/middleware/templates/rescues/diagnostics.html.erb within rescues/layout (41.8ms)


Started POST "/wechat/payment/notify" for 140.207.54.75 at 2016-10-12 18:56:55 +0800
Cannot render console from 140.207.54.75! Allowed networks: 192.168.0.0/192.168.255.255, 127.0.0.0/127.255.255.255, ::1
Processing by Wechat::PaymentController#notify as */*
  [1m[36mPaymentRecord Load (0.4ms)[0m  [1mSELECT  `payment_records`.* FROM `payment_records` WHERE `payment_records`.`order_no` = 'hbut9jvt' AND `payment_records`.`status` = 'success' LIMIT 1[0m
  [1m[35m (0.2ms)[0m  BEGIN
  [1m[36mSQL (1.4ms)[0m  [1mINSERT INTO `payment_records` (`open_id`, `app_name`, `transaction_no`, `order_no`, `payment_method`, `status`, `total_money`, `payment_response`, `created_at`, `updated_at`) VALUES ('oMZZkwyFG5sAx-d4PMQ6Lq1xisHE', 'eggman', 'hbut9jvt', '4005392001201610126500938555', 'WECHAT', 'success', 1.0, '{\"appid\":\"wxa05b67eb1b532c44\",\"attach\":\"eggman\",\"bank_type\":\"CCB_DEBIT\",\"cash_fee\":\"100\",\"device_info\":\"WEB\",\"fee_type\":\"CNY\",\"is_subscribe\":\"Y\",\"mch_id\":\"1397730302\",\"nonce_str\":\"7nrr4o5axf6cm6ze\",\"openid\":\"oMZZkwyFG5sAx-d4PMQ6Lq1xisHE\",\"out_trade_no\":\"hbut9jvt\",\"result_code\":\"SUCCESS\",\"return_code\":\"SUCCESS\",\"sign\":\"58E46F9C875CC25168979575AC6B30DD\",\"time_end\":\"20161012185244\",\"total_fee\":\"100\",\"trade_type\":\"JSAPI\",\"transaction_id\":\"4005392001201610126500938555\"}', '2016-10-12 10:56:55', '2016-10-12 10:56:55')[0m
  [1m[35m (0.4ms)[0m  COMMIT
WECHAT PAYMENT NOTIFY AND PAYMENT SUCCESS: {"controller"=>"wechat/payment", "action"=>"notify"}, body: {"appid"=>"wxa05b67eb1b532c44", "attach"=>"eggman", "bank_type"=>"CCB_DEBIT", "cash_fee"=>"100", "device_info"=>"WEB", "fee_type"=>"CNY", "is_subscribe"=>"Y", "mch_id"=>"1397730302", "nonce_str"=>"7nrr4o5axf6cm6ze", "openid"=>"oMZZkwyFG5sAx-d4PMQ6Lq1xisHE", "out_trade_no"=>"hbut9jvt", "result_code"=>"SUCCESS", "return_code"=>"SUCCESS", "sign"=>"58E46F9C875CC25168979575AC6B30DD", "time_end"=>"20161012185244", "total_fee"=>"100", "trade_type"=>"JSAPI", "transaction_id"=>"4005392001201610126500938555"}
  Rendered text template (0.0ms)
Completed 200 OK in 6ms (Views: 0.4ms | ActiveRecord: 2.4ms)


Started POST "/wechat/payment/notify" for 140.207.54.76 at 2016-10-12 18:57:02 +0800
Cannot render console from 140.207.54.76! Allowed networks: 192.168.0.0/192.168.255.255, 127.0.0.0/127.255.255.255, ::1
Processing by Wechat::PaymentController#notify as */*
  [1m[36mPaymentRecord Load (0.5ms)[0m  [1mSELECT  `payment_records`.* FROM `payment_records` WHERE `payment_records`.`order_no` = 'i151fy1h' AND `payment_records`.`status` = 'success' LIMIT 1[0m
  [1m[35m (0.2ms)[0m  BEGIN
  [1m[36mSQL (1.9ms)[0m  [1mINSERT INTO `payment_records` (`open_id`, `app_name`, `transaction_no`, `order_no`, `payment_method`, `status`, `total_money`, `payment_response`, `created_at`, `updated_at`) VALUES ('oMZZkwyFG5sAx-d4PMQ6Lq1xisHE', 'eggman', 'i151fy1h', '4005392001201610126503069915', 'WECHAT', 'success', 1.0, '{\"appid\":\"wxa05b67eb1b532c44\",\"attach\":\"eggman\",\"bank_type\":\"CCB_DEBIT\",\"cash_fee\":\"100\",\"device_info\":\"WEB\",\"fee_type\":\"CNY\",\"is_subscribe\":\"Y\",\"mch_id\":\"1397730302\",\"nonce_str\":\"3zj0z3owma79783y\",\"openid\":\"oMZZkwyFG5sAx-d4PMQ6Lq1xisHE\",\"out_trade_no\":\"i151fy1h\",\"result_code\":\"SUCCESS\",\"return_code\":\"SUCCESS\",\"sign\":\"EFE4F716028A77B954FAD34B9064F462\",\"time_end\":\"20161012185602\",\"total_fee\":\"100\",\"trade_type\":\"JSAPI\",\"transaction_id\":\"4005392001201610126503069915\"}', '2016-10-12 10:57:02', '2016-10-12 10:57:02')[0m
  [1m[35m (0.5ms)[0m  COMMIT
WECHAT PAYMENT NOTIFY AND PAYMENT SUCCESS: {"controller"=>"wechat/payment", "action"=>"notify"}, body: {"appid"=>"wxa05b67eb1b532c44", "attach"=>"eggman", "bank_type"=>"CCB_DEBIT", "cash_fee"=>"100", "device_info"=>"WEB", "fee_type"=>"CNY", "is_subscribe"=>"Y", "mch_id"=>"1397730302", "nonce_str"=>"3zj0z3owma79783y", "openid"=>"oMZZkwyFG5sAx-d4PMQ6Lq1xisHE", "out_trade_no"=>"i151fy1h", "result_code"=>"SUCCESS", "return_code"=>"SUCCESS", "sign"=>"EFE4F716028A77B954FAD34B9064F462", "time_end"=>"20161012185602", "total_fee"=>"100", "trade_type"=>"JSAPI", "transaction_id"=>"4005392001201610126503069915"}
  Rendered text template (0.0ms)
Completed 200 OK in 6ms (Views: 0.3ms | ActiveRecord: 3.0ms)


Started GET "/wechat/payment/check_payment?tid=i151fy1h&1476269794000" for 101.226.65.108 at 2016-10-12 18:59:34 +0800
Cannot render console from 101.226.65.108! Allowed networks: 192.168.0.0/192.168.255.255, 127.0.0.0/127.255.255.255, ::1
  [1m[36mActiveRecord::SchemaMigration Load (0.4ms)[0m  [1mSELECT `schema_migrations`.* FROM `schema_migrations`[0m
Processing by Wechat::PaymentController#check_payment as */*
  Parameters: {"tid"=>"i151fy1h", "1476269794000"=>nil}
  [1m[35mPaymentRecord Load (0.5ms)[0m  SELECT  `payment_records`.* FROM `payment_records` WHERE `payment_records`.`transaction_no` = 'i151fy1h' AND `payment_records`.`status` = 'success'  ORDER BY `payment_records`.`id` ASC LIMIT 1
Redirected to http://192.168.1.4:6001/wechat/payment_callback?payment_record_id=23&status=ok&trade_no=i151fy1h&transaction_no=4005392001201610126503069915
Completed 302 Found in 28ms (ActiveRecord: 2.1ms)


Started POST "/wechat/payment/notify" for 101.226.103.71 at 2016-10-12 19:00:06 +0800
Cannot render console from 101.226.103.71! Allowed networks: 192.168.0.0/192.168.255.255, 127.0.0.0/127.255.255.255, ::1
Processing by Wechat::PaymentController#notify as */*
  [1m[36mPaymentRecord Load (0.5ms)[0m  [1mSELECT  `payment_records`.* FROM `payment_records` WHERE `payment_records`.`order_no` = 'i151fy1h' AND `payment_records`.`status` = 'success' LIMIT 1[0m
  [1m[35m (0.2ms)[0m  BEGIN
  [1m[36mSQL (1.7ms)[0m  [1mINSERT INTO `payment_records` (`open_id`, `app_name`, `transaction_no`, `order_no`, `payment_method`, `status`, `total_money`, `payment_response`, `created_at`, `updated_at`) VALUES ('oMZZkwyFG5sAx-d4PMQ6Lq1xisHE', 'eggman', 'i151fy1h', '4005392001201610126503069915', 'WECHAT', 'success', 1.0, '{\"appid\":\"wxa05b67eb1b532c44\",\"attach\":\"eggman\",\"bank_type\":\"CCB_DEBIT\",\"cash_fee\":\"100\",\"device_info\":\"WEB\",\"fee_type\":\"CNY\",\"is_subscribe\":\"Y\",\"mch_id\":\"1397730302\",\"nonce_str\":\"3zj0z3owma79783y\",\"openid\":\"oMZZkwyFG5sAx-d4PMQ6Lq1xisHE\",\"out_trade_no\":\"i151fy1h\",\"result_code\":\"SUCCESS\",\"return_code\":\"SUCCESS\",\"sign\":\"EFE4F716028A77B954FAD34B9064F462\",\"time_end\":\"20161012185602\",\"total_fee\":\"100\",\"trade_type\":\"JSAPI\",\"transaction_id\":\"4005392001201610126503069915\"}', '2016-10-12 11:00:06', '2016-10-12 11:00:06')[0m
  [1m[35m (1.2ms)[0m  COMMIT
WECHAT PAYMENT NOTIFY AND PAYMENT SUCCESS: {"controller"=>"wechat/payment", "action"=>"notify"}, body: {"appid"=>"wxa05b67eb1b532c44", "attach"=>"eggman", "bank_type"=>"CCB_DEBIT", "cash_fee"=>"100", "device_info"=>"WEB", "fee_type"=>"CNY", "is_subscribe"=>"Y", "mch_id"=>"1397730302", "nonce_str"=>"3zj0z3owma79783y", "openid"=>"oMZZkwyFG5sAx-d4PMQ6Lq1xisHE", "out_trade_no"=>"i151fy1h", "result_code"=>"SUCCESS", "return_code"=>"SUCCESS", "sign"=>"EFE4F716028A77B954FAD34B9064F462", "time_end"=>"20161012185602", "total_fee"=>"100", "trade_type"=>"JSAPI", "transaction_id"=>"4005392001201610126503069915"}
  Rendered text template (0.0ms)
Completed 200 OK in 23ms (Views: 8.3ms | ActiveRecord: 3.5ms)


Started POST "/wechat/payment/" for 182.126.214.12 at 2016-10-12 19:01:39 +0800
Cannot render console from 182.126.214.12! Allowed networks: 192.168.0.0/192.168.255.255, 127.0.0.0/127.255.255.255, ::1
Processing by Wechat::PaymentController#index as HTML
  Parameters: {"key"=>"9eyjdxpbqupgvv6nza85b2oesv9a4h7v5fhzwpxqkm8o945i", "app"=>"eggman", "body"=>"蛋人网季度订阅服务", "out_trade_no"=>"x0zjky1e", "total_fee"=>"1", "product_id"=>"蛋人网季度订阅服务", "openid"=>"oMZZkwyFG5sAx-d4PMQ6Lq1xisHE"}
WECHAT PAYMENT CREATE ORDER: <xml><return_code><![CDATA[SUCCESS]]></return_code>
<return_msg><![CDATA[OK]]></return_msg>
<appid><![CDATA[wxa05b67eb1b532c44]]></appid>
<mch_id><![CDATA[1397730302]]></mch_id>
<device_info><![CDATA[WEB]]></device_info>
<nonce_str><![CDATA[A8fGBVDg8hKP9KnR]]></nonce_str>
<sign><![CDATA[43126BAB9199EC42DFA23EE464E52B06]]></sign>
<result_code><![CDATA[SUCCESS]]></result_code>
<prepay_id><![CDATA[wx201610121901414e3533c9b50666765169]]></prepay_id>
<trade_type><![CDATA[JSAPI]]></trade_type>
</xml>
  Rendered wechat/payment/index.html.erb within layouts/wechat_payment (2.3ms)
Completed 200 OK in 1858ms (Views: 6.2ms | ActiveRecord: 0.0ms)


Started POST "/wechat/payment/notify" for 140.207.54.73 at 2016-10-12 19:01:51 +0800
Cannot render console from 140.207.54.73! Allowed networks: 192.168.0.0/192.168.255.255, 127.0.0.0/127.255.255.255, ::1
Processing by Wechat::PaymentController#notify as */*
  [1m[36mPaymentRecord Load (0.4ms)[0m  [1mSELECT  `payment_records`.* FROM `payment_records` WHERE `payment_records`.`transaction_no` = 'x0zjky1e' AND `payment_records`.`status` = 'success' LIMIT 1[0m
  [1m[35m (0.2ms)[0m  BEGIN
  [1m[36mSQL (1.3ms)[0m  [1mINSERT INTO `payment_records` (`open_id`, `app_name`, `transaction_no`, `order_no`, `payment_method`, `status`, `total_money`, `payment_response`, `created_at`, `updated_at`) VALUES ('oMZZkwyFG5sAx-d4PMQ6Lq1xisHE', 'eggman', 'x0zjky1e', '4005392001201610126501395094', 'WECHAT', 'success', 1.0, '{\"appid\":\"wxa05b67eb1b532c44\",\"attach\":\"eggman\",\"bank_type\":\"CCB_DEBIT\",\"cash_fee\":\"100\",\"device_info\":\"WEB\",\"fee_type\":\"CNY\",\"is_subscribe\":\"Y\",\"mch_id\":\"1397730302\",\"nonce_str\":\"w5qjbn1tyaiqzahh\",\"openid\":\"oMZZkwyFG5sAx-d4PMQ6Lq1xisHE\",\"out_trade_no\":\"x0zjky1e\",\"result_code\":\"SUCCESS\",\"return_code\":\"SUCCESS\",\"sign\":\"6A6529AD64C83819A5023D9C813409FB\",\"time_end\":\"20161012190151\",\"total_fee\":\"100\",\"trade_type\":\"JSAPI\",\"transaction_id\":\"4005392001201610126501395094\"}', '2016-10-12 11:01:51', '2016-10-12 11:01:51')[0m
  [1m[35m (0.5ms)[0m  COMMIT
WECHAT PAYMENT NOTIFY AND PAYMENT SUCCESS: {"controller"=>"wechat/payment", "action"=>"notify"}, body: {"appid"=>"wxa05b67eb1b532c44", "attach"=>"eggman", "bank_type"=>"CCB_DEBIT", "cash_fee"=>"100", "device_info"=>"WEB", "fee_type"=>"CNY", "is_subscribe"=>"Y", "mch_id"=>"1397730302", "nonce_str"=>"w5qjbn1tyaiqzahh", "openid"=>"oMZZkwyFG5sAx-d4PMQ6Lq1xisHE", "out_trade_no"=>"x0zjky1e", "result_code"=>"SUCCESS", "return_code"=>"SUCCESS", "sign"=>"6A6529AD64C83819A5023D9C813409FB", "time_end"=>"20161012190151", "total_fee"=>"100", "trade_type"=>"JSAPI", "transaction_id"=>"4005392001201610126501395094"}
  Rendered text template (0.0ms)
Completed 200 OK in 15ms (Views: 0.4ms | ActiveRecord: 3.7ms)


Started GET "/wechat/payment/check_payment?tid=x0zjky1e&1476270122000" for 182.126.214.12 at 2016-10-12 19:02:02 +0800
Cannot render console from 182.126.214.12! Allowed networks: 192.168.0.0/192.168.255.255, 127.0.0.0/127.255.255.255, ::1
Processing by Wechat::PaymentController#check_payment as HTML
  Parameters: {"tid"=>"x0zjky1e", "1476270122000"=>nil}
  [1m[36mPaymentRecord Load (0.5ms)[0m  [1mSELECT  `payment_records`.* FROM `payment_records` WHERE `payment_records`.`transaction_no` = 'x0zjky1e' AND `payment_records`.`status` = 'success'  ORDER BY `payment_records`.`id` ASC LIMIT 1[0m
Redirected to http://192.168.1.4:6001/wechat/payment_callback?payment_record_id=1&status=ok&trade_no=x0zjky1e&transaction_no=4005392001201610126501395094
Completed 302 Found in 2ms (ActiveRecord: 0.5ms)


Started POST "/wechat/payment/notify" for 140.207.54.75 at 2016-10-12 19:02:04 +0800
Cannot render console from 140.207.54.75! Allowed networks: 192.168.0.0/192.168.255.255, 127.0.0.0/127.255.255.255, ::1
Processing by Wechat::PaymentController#notify as */*
  [1m[35mPaymentRecord Load (0.5ms)[0m  SELECT  `payment_records`.* FROM `payment_records` WHERE `payment_records`.`transaction_no` = 'x0zjky1e' AND `payment_records`.`status` = 'success' LIMIT 1
WECHAT PAYMENT NOTIFY AND PAYMENT SUCCESS: {"controller"=>"wechat/payment", "action"=>"notify"}, body: {"appid"=>"wxa05b67eb1b532c44", "attach"=>"eggman", "bank_type"=>"CCB_DEBIT", "cash_fee"=>"100", "device_info"=>"WEB", "fee_type"=>"CNY", "is_subscribe"=>"Y", "mch_id"=>"1397730302", "nonce_str"=>"w5qjbn1tyaiqzahh", "openid"=>"oMZZkwyFG5sAx-d4PMQ6Lq1xisHE", "out_trade_no"=>"x0zjky1e", "result_code"=>"SUCCESS", "return_code"=>"SUCCESS", "sign"=>"6A6529AD64C83819A5023D9C813409FB", "time_end"=>"20161012190151", "total_fee"=>"100", "trade_type"=>"JSAPI", "transaction_id"=>"4005392001201610126501395094"}
  Rendered text template (0.0ms)
Completed 200 OK in 2ms (Views: 0.3ms | ActiveRecord: 0.5ms)


Started POST "/wechat/payment/notify" for 140.207.54.75 at 2016-10-12 19:02:21 +0800
Cannot render console from 140.207.54.75! Allowed networks: 192.168.0.0/192.168.255.255, 127.0.0.0/127.255.255.255, ::1
Processing by Wechat::PaymentController#notify as */*
  [1m[36mPaymentRecord Load (0.5ms)[0m  [1mSELECT  `payment_records`.* FROM `payment_records` WHERE `payment_records`.`transaction_no` = 'x0zjky1e' AND `payment_records`.`status` = 'success' LIMIT 1[0m
WECHAT PAYMENT NOTIFY AND PAYMENT SUCCESS: {"controller"=>"wechat/payment", "action"=>"notify"}, body: {"appid"=>"wxa05b67eb1b532c44", "attach"=>"eggman", "bank_type"=>"CCB_DEBIT", "cash_fee"=>"100", "device_info"=>"WEB", "fee_type"=>"CNY", "is_subscribe"=>"Y", "mch_id"=>"1397730302", "nonce_str"=>"w5qjbn1tyaiqzahh", "openid"=>"oMZZkwyFG5sAx-d4PMQ6Lq1xisHE", "out_trade_no"=>"x0zjky1e", "result_code"=>"SUCCESS", "return_code"=>"SUCCESS", "sign"=>"6A6529AD64C83819A5023D9C813409FB", "time_end"=>"20161012190151", "total_fee"=>"100", "trade_type"=>"JSAPI", "transaction_id"=>"4005392001201610126501395094"}
  Rendered text template (0.0ms)
Completed 200 OK in 2ms (Views: 0.3ms | ActiveRecord: 0.5ms)


Started POST "/wechat/payment/notify" for 101.226.103.71 at 2016-10-12 19:02:56 +0800
Cannot render console from 101.226.103.71! Allowed networks: 192.168.0.0/192.168.255.255, 127.0.0.0/127.255.255.255, ::1
Processing by Wechat::PaymentController#notify as */*
  [1m[35mPaymentRecord Load (0.5ms)[0m  SELECT  `payment_records`.* FROM `payment_records` WHERE `payment_records`.`transaction_no` = 'x0zjky1e' AND `payment_records`.`status` = 'success' LIMIT 1
WECHAT PAYMENT NOTIFY AND PAYMENT SUCCESS: {"controller"=>"wechat/payment", "action"=>"notify"}, body: {"appid"=>"wxa05b67eb1b532c44", "attach"=>"eggman", "bank_type"=>"CCB_DEBIT", "cash_fee"=>"100", "device_info"=>"WEB", "fee_type"=>"CNY", "is_subscribe"=>"Y", "mch_id"=>"1397730302", "nonce_str"=>"w5qjbn1tyaiqzahh", "openid"=>"oMZZkwyFG5sAx-d4PMQ6Lq1xisHE", "out_trade_no"=>"x0zjky1e", "result_code"=>"SUCCESS", "return_code"=>"SUCCESS", "sign"=>"6A6529AD64C83819A5023D9C813409FB", "time_end"=>"20161012190151", "total_fee"=>"100", "trade_type"=>"JSAPI", "transaction_id"=>"4005392001201610126501395094"}
  Rendered text template (0.0ms)
Completed 200 OK in 10ms (Views: 0.5ms | ActiveRecord: 1.9ms)


Started GET "/wechat/payment/check_payment?tid=x0zjky1e&1476270122000" for 101.226.33.216 at 2016-10-12 19:05:10 +0800
Cannot render console from 101.226.33.216! Allowed networks: 192.168.0.0/192.168.255.255, 127.0.0.0/127.255.255.255, ::1
Processing by Wechat::PaymentController#check_payment as */*
  Parameters: {"tid"=>"x0zjky1e", "1476270122000"=>nil}
  [1m[36mPaymentRecord Load (0.5ms)[0m  [1mSELECT  `payment_records`.* FROM `payment_records` WHERE `payment_records`.`transaction_no` = 'x0zjky1e' AND `payment_records`.`status` = 'success'  ORDER BY `payment_records`.`id` ASC LIMIT 1[0m
Redirected to http://192.168.1.4:6001/wechat/payment_callback?payment_record_id=1&status=ok&trade_no=x0zjky1e&transaction_no=4005392001201610126501395094
Completed 302 Found in 2ms (ActiveRecord: 0.5ms)


Started POST "/wechat/payment/notify" for 101.226.103.63 at 2016-10-12 19:05:59 +0800
Cannot render console from 101.226.103.63! Allowed networks: 192.168.0.0/192.168.255.255, 127.0.0.0/127.255.255.255, ::1
Processing by Wechat::PaymentController#notify as */*
  [1m[35mPaymentRecord Load (0.5ms)[0m  SELECT  `payment_records`.* FROM `payment_records` WHERE `payment_records`.`transaction_no` = 'x0zjky1e' AND `payment_records`.`status` = 'success' LIMIT 1
WECHAT PAYMENT NOTIFY AND PAYMENT SUCCESS: {"controller"=>"wechat/payment", "action"=>"notify"}, body: {"appid"=>"wxa05b67eb1b532c44", "attach"=>"eggman", "bank_type"=>"CCB_DEBIT", "cash_fee"=>"100", "device_info"=>"WEB", "fee_type"=>"CNY", "is_subscribe"=>"Y", "mch_id"=>"1397730302", "nonce_str"=>"w5qjbn1tyaiqzahh", "openid"=>"oMZZkwyFG5sAx-d4PMQ6Lq1xisHE", "out_trade_no"=>"x0zjky1e", "result_code"=>"SUCCESS", "return_code"=>"SUCCESS", "sign"=>"6A6529AD64C83819A5023D9C813409FB", "time_end"=>"20161012190151", "total_fee"=>"100", "trade_type"=>"JSAPI", "transaction_id"=>"4005392001201610126501395094"}
  Rendered text template (0.0ms)
Completed 200 OK in 2ms (Views: 0.4ms | ActiveRecord: 0.5ms)


Started POST "/wechat/payment/" for 182.126.214.12 at 2016-10-12 19:06:02 +0800
Cannot render console from 182.126.214.12! Allowed networks: 192.168.0.0/192.168.255.255, 127.0.0.0/127.255.255.255, ::1
Processing by Wechat::PaymentController#index as HTML
  Parameters: {"key"=>"9eyjdxpbqupgvv6nza85b2oesv9a4h7v5fhzwpxqkm8o945i", "app"=>"eggman", "body"=>"蛋人网季度订阅服务", "out_trade_no"=>"zscih1kl", "total_fee"=>"1", "product_id"=>"蛋人网季度订阅服务", "openid"=>"oMZZkwyFG5sAx-d4PMQ6Lq1xisHE"}
WECHAT PAYMENT CREATE ORDER: <xml><return_code><![CDATA[SUCCESS]]></return_code>
<return_msg><![CDATA[OK]]></return_msg>
<appid><![CDATA[wxa05b67eb1b532c44]]></appid>
<mch_id><![CDATA[1397730302]]></mch_id>
<device_info><![CDATA[WEB]]></device_info>
<nonce_str><![CDATA[l01eWjlZ7hZDV6Jb]]></nonce_str>
<sign><![CDATA[D69BDEB5CBE5B6342ED66BF65E1F1582]]></sign>
<result_code><![CDATA[SUCCESS]]></result_code>
<prepay_id><![CDATA[wx20161012190602a8d50cbdc40893097482]]></prepay_id>
<trade_type><![CDATA[JSAPI]]></trade_type>
</xml>
  Rendered wechat/payment/index.html.erb within layouts/wechat_payment (0.1ms)
Completed 200 OK in 1017ms (Views: 2.7ms | ActiveRecord: 0.0ms)


Started POST "/wechat/payment/notify" for 101.226.103.61 at 2016-10-12 19:06:10 +0800
Cannot render console from 101.226.103.61! Allowed networks: 192.168.0.0/192.168.255.255, 127.0.0.0/127.255.255.255, ::1
Processing by Wechat::PaymentController#notify as */*
  [1m[36mPaymentRecord Load (0.5ms)[0m  [1mSELECT  `payment_records`.* FROM `payment_records` WHERE `payment_records`.`transaction_no` = 'zscih1kl' AND `payment_records`.`status` = 'success' LIMIT 1[0m
  [1m[35m (0.2ms)[0m  BEGIN
  [1m[36mSQL (1.7ms)[0m  [1mINSERT INTO `payment_records` (`open_id`, `app_name`, `transaction_no`, `order_no`, `payment_method`, `status`, `total_money`, `payment_response`, `created_at`, `updated_at`) VALUES ('oMZZkwyFG5sAx-d4PMQ6Lq1xisHE', 'eggman', 'zscih1kl', '4005392001201610126501590819', 'WECHAT', 'success', 1.0, '{\"appid\":\"wxa05b67eb1b532c44\",\"attach\":\"eggman\",\"bank_type\":\"CCB_DEBIT\",\"cash_fee\":\"100\",\"device_info\":\"WEB\",\"fee_type\":\"CNY\",\"is_subscribe\":\"Y\",\"mch_id\":\"1397730302\",\"nonce_str\":\"r26yit7hqky2xt40\",\"openid\":\"oMZZkwyFG5sAx-d4PMQ6Lq1xisHE\",\"out_trade_no\":\"zscih1kl\",\"result_code\":\"SUCCESS\",\"return_code\":\"SUCCESS\",\"sign\":\"D1C414FAFF5514342A2DDA0D904FD3B2\",\"time_end\":\"20161012190609\",\"total_fee\":\"100\",\"trade_type\":\"JSAPI\",\"transaction_id\":\"4005392001201610126501590819\"}', '2016-10-12 11:06:10', '2016-10-12 11:06:10')[0m
  [1m[35m (0.5ms)[0m  COMMIT
WECHAT PAYMENT NOTIFY AND PAYMENT SUCCESS: {"controller"=>"wechat/payment", "action"=>"notify"}, body: {"appid"=>"wxa05b67eb1b532c44", "attach"=>"eggman", "bank_type"=>"CCB_DEBIT", "cash_fee"=>"100", "device_info"=>"WEB", "fee_type"=>"CNY", "is_subscribe"=>"Y", "mch_id"=>"1397730302", "nonce_str"=>"r26yit7hqky2xt40", "openid"=>"oMZZkwyFG5sAx-d4PMQ6Lq1xisHE", "out_trade_no"=>"zscih1kl", "result_code"=>"SUCCESS", "return_code"=>"SUCCESS", "sign"=>"D1C414FAFF5514342A2DDA0D904FD3B2", "time_end"=>"20161012190609", "total_fee"=>"100", "trade_type"=>"JSAPI", "transaction_id"=>"4005392001201610126501590819"}
  Rendered text template (0.0ms)
Completed 200 OK in 7ms (Views: 0.4ms | ActiveRecord: 2.8ms)


Started POST "/wechat/payment/notify" for 101.226.103.63 at 2016-10-12 19:06:21 +0800
Cannot render console from 101.226.103.63! Allowed networks: 192.168.0.0/192.168.255.255, 127.0.0.0/127.255.255.255, ::1
Processing by Wechat::PaymentController#notify as */*
  [1m[36mPaymentRecord Load (0.5ms)[0m  [1mSELECT  `payment_records`.* FROM `payment_records` WHERE `payment_records`.`transaction_no` = 'zscih1kl' AND `payment_records`.`status` = 'success' LIMIT 1[0m
WECHAT PAYMENT NOTIFY AND PAYMENT SUCCESS: {"controller"=>"wechat/payment", "action"=>"notify"}, body: {"appid"=>"wxa05b67eb1b532c44", "attach"=>"eggman", "bank_type"=>"CCB_DEBIT", "cash_fee"=>"100", "device_info"=>"WEB", "fee_type"=>"CNY", "is_subscribe"=>"Y", "mch_id"=>"1397730302", "nonce_str"=>"r26yit7hqky2xt40", "openid"=>"oMZZkwyFG5sAx-d4PMQ6Lq1xisHE", "out_trade_no"=>"zscih1kl", "result_code"=>"SUCCESS", "return_code"=>"SUCCESS", "sign"=>"D1C414FAFF5514342A2DDA0D904FD3B2", "time_end"=>"20161012190609", "total_fee"=>"100", "trade_type"=>"JSAPI", "transaction_id"=>"4005392001201610126501590819"}
  Rendered text template (0.0ms)
Completed 200 OK in 2ms (Views: 0.3ms | ActiveRecord: 0.5ms)


Started GET "/wechat/payment/check_payment?tid=zscih1kl&1476270386000" for 182.126.214.12 at 2016-10-12 19:06:26 +0800
Cannot render console from 182.126.214.12! Allowed networks: 192.168.0.0/192.168.255.255, 127.0.0.0/127.255.255.255, ::1
Processing by Wechat::PaymentController#check_payment as HTML
  Parameters: {"tid"=>"zscih1kl", "1476270386000"=>nil}
  [1m[35mPaymentRecord Load (0.5ms)[0m  SELECT  `payment_records`.* FROM `payment_records` WHERE `payment_records`.`transaction_no` = 'zscih1kl' AND `payment_records`.`status` = 'success'  ORDER BY `payment_records`.`id` ASC LIMIT 1
Redirected to http://192.168.1.4:6001/wechat/payment_callback?payment_record_id=2&status=ok&trade_no=zscih1kl&transaction_no=4005392001201610126501590819
Completed 302 Found in 2ms (ActiveRecord: 0.5ms)


Started POST "/wechat/payment/notify" for 140.207.54.76 at 2016-10-12 19:06:40 +0800
Cannot render console from 140.207.54.76! Allowed networks: 192.168.0.0/192.168.255.255, 127.0.0.0/127.255.255.255, ::1
Processing by Wechat::PaymentController#notify as */*
  [1m[36mPaymentRecord Load (0.5ms)[0m  [1mSELECT  `payment_records`.* FROM `payment_records` WHERE `payment_records`.`transaction_no` = 'zscih1kl' AND `payment_records`.`status` = 'success' LIMIT 1[0m
WECHAT PAYMENT NOTIFY AND PAYMENT SUCCESS: {"controller"=>"wechat/payment", "action"=>"notify"}, body: {"appid"=>"wxa05b67eb1b532c44", "attach"=>"eggman", "bank_type"=>"CCB_DEBIT", "cash_fee"=>"100", "device_info"=>"WEB", "fee_type"=>"CNY", "is_subscribe"=>"Y", "mch_id"=>"1397730302", "nonce_str"=>"r26yit7hqky2xt40", "openid"=>"oMZZkwyFG5sAx-d4PMQ6Lq1xisHE", "out_trade_no"=>"zscih1kl", "result_code"=>"SUCCESS", "return_code"=>"SUCCESS", "sign"=>"D1C414FAFF5514342A2DDA0D904FD3B2", "time_end"=>"20161012190609", "total_fee"=>"100", "trade_type"=>"JSAPI", "transaction_id"=>"4005392001201610126501590819"}
  Rendered text template (0.0ms)
Completed 200 OK in 2ms (Views: 0.3ms | ActiveRecord: 0.5ms)


Started POST "/wechat/payment/notify" for 101.226.103.71 at 2016-10-12 19:07:11 +0800
Cannot render console from 101.226.103.71! Allowed networks: 192.168.0.0/192.168.255.255, 127.0.0.0/127.255.255.255, ::1
Processing by Wechat::PaymentController#notify as */*
  [1m[35mPaymentRecord Load (0.5ms)[0m  SELECT  `payment_records`.* FROM `payment_records` WHERE `payment_records`.`transaction_no` = 'zscih1kl' AND `payment_records`.`status` = 'success' LIMIT 1
WECHAT PAYMENT NOTIFY AND PAYMENT SUCCESS: {"controller"=>"wechat/payment", "action"=>"notify"}, body: {"appid"=>"wxa05b67eb1b532c44", "attach"=>"eggman", "bank_type"=>"CCB_DEBIT", "cash_fee"=>"100", "device_info"=>"WEB", "fee_type"=>"CNY", "is_subscribe"=>"Y", "mch_id"=>"1397730302", "nonce_str"=>"r26yit7hqky2xt40", "openid"=>"oMZZkwyFG5sAx-d4PMQ6Lq1xisHE", "out_trade_no"=>"zscih1kl", "result_code"=>"SUCCESS", "return_code"=>"SUCCESS", "sign"=>"D1C414FAFF5514342A2DDA0D904FD3B2", "time_end"=>"20161012190609", "total_fee"=>"100", "trade_type"=>"JSAPI", "transaction_id"=>"4005392001201610126501590819"}
  Rendered text template (0.0ms)
Completed 200 OK in 2ms (Views: 0.3ms | ActiveRecord: 0.5ms)


Started POST "/wechat/payment/" for 182.126.214.12 at 2016-10-12 19:09:16 +0800
Cannot render console from 182.126.214.12! Allowed networks: 192.168.0.0/192.168.255.255, 127.0.0.0/127.255.255.255, ::1
Processing by Wechat::PaymentController#index as HTML
  Parameters: {"key"=>"9eyjdxpbqupgvv6nza85b2oesv9a4h7v5fhzwpxqkm8o945i", "app"=>"eggman", "body"=>"蛋人网季度订阅服务", "out_trade_no"=>"sa41gayp", "total_fee"=>"1", "product_id"=>"蛋人网季度订阅服务", "openid"=>"oMZZkwyFG5sAx-d4PMQ6Lq1xisHE"}
WECHAT PAYMENT CREATE ORDER: <xml><return_code><![CDATA[SUCCESS]]></return_code>
<return_msg><![CDATA[OK]]></return_msg>
<appid><![CDATA[wxa05b67eb1b532c44]]></appid>
<mch_id><![CDATA[1397730302]]></mch_id>
<device_info><![CDATA[WEB]]></device_info>
<nonce_str><![CDATA[7NmsEy9aEfsprdjA]]></nonce_str>
<sign><![CDATA[CE8BA37D487B0067E9067A34D98DE36F]]></sign>
<result_code><![CDATA[SUCCESS]]></result_code>
<prepay_id><![CDATA[wx201610121909172f437b433e0404569686]]></prepay_id>
<trade_type><![CDATA[JSAPI]]></trade_type>
</xml>
  Rendered wechat/payment/index.html.erb within layouts/wechat_payment (0.2ms)
Completed 200 OK in 956ms (Views: 5.1ms | ActiveRecord: 0.0ms)


Started POST "/wechat/payment/notify" for 101.226.103.61 at 2016-10-12 19:09:24 +0800
Cannot render console from 101.226.103.61! Allowed networks: 192.168.0.0/192.168.255.255, 127.0.0.0/127.255.255.255, ::1
Processing by Wechat::PaymentController#notify as */*
  [1m[36mPaymentRecord Load (0.4ms)[0m  [1mSELECT  `payment_records`.* FROM `payment_records` WHERE `payment_records`.`transaction_no` = 'sa41gayp' AND `payment_records`.`status` = 'success' LIMIT 1[0m
  [1m[35m (0.2ms)[0m  BEGIN
  [1m[36mSQL (0.3ms)[0m  [1mINSERT INTO `payment_records` (`open_id`, `app_name`, `transaction_no`, `order_no`, `payment_method`, `status`, `total_money`, `payment_response`, `created_at`, `updated_at`) VALUES ('oMZZkwyFG5sAx-d4PMQ6Lq1xisHE', 'eggman', 'sa41gayp', '4005392001201610126503794205', 'WECHAT', 'success', 1.0, '{\"appid\":\"wxa05b67eb1b532c44\",\"attach\":\"eggman\",\"bank_type\":\"CCB_DEBIT\",\"cash_fee\":\"100\",\"device_info\":\"WEB\",\"fee_type\":\"CNY\",\"is_subscribe\":\"Y\",\"mch_id\":\"1397730302\",\"nonce_str\":\"38gk6fye5z4wbj18\",\"openid\":\"oMZZkwyFG5sAx-d4PMQ6Lq1xisHE\",\"out_trade_no\":\"sa41gayp\",\"result_code\":\"SUCCESS\",\"return_code\":\"SUCCESS\",\"sign\":\"E3EF5F8F0CAD2CDAE1444CF0A49623A0\",\"time_end\":\"20161012190923\",\"total_fee\":\"100\",\"trade_type\":\"JSAPI\",\"transaction_id\":\"4005392001201610126503794205\"}', '2016-10-12 11:09:24', '2016-10-12 11:09:24')[0m
  [1m[35m (0.5ms)[0m  COMMIT
WECHAT PAYMENT NOTIFY AND PAYMENT SUCCESS: {"controller"=>"wechat/payment", "action"=>"notify"}, body: {"appid"=>"wxa05b67eb1b532c44", "attach"=>"eggman", "bank_type"=>"CCB_DEBIT", "cash_fee"=>"100", "device_info"=>"WEB", "fee_type"=>"CNY", "is_subscribe"=>"Y", "mch_id"=>"1397730302", "nonce_str"=>"38gk6fye5z4wbj18", "openid"=>"oMZZkwyFG5sAx-d4PMQ6Lq1xisHE", "out_trade_no"=>"sa41gayp", "result_code"=>"SUCCESS", "return_code"=>"SUCCESS", "sign"=>"E3EF5F8F0CAD2CDAE1444CF0A49623A0", "time_end"=>"20161012190923", "total_fee"=>"100", "trade_type"=>"JSAPI", "transaction_id"=>"4005392001201610126503794205"}
  Rendered text template (0.0ms)
Completed 200 OK in 22ms (Views: 0.4ms | ActiveRecord: 2.8ms)


Started GET "/wechat/payment/check_payment?tid=sa41gayp&1476270565000" for 182.126.214.12 at 2016-10-12 19:09:25 +0800
Cannot render console from 182.126.214.12! Allowed networks: 192.168.0.0/192.168.255.255, 127.0.0.0/127.255.255.255, ::1
Processing by Wechat::PaymentController#check_payment as HTML
  Parameters: {"tid"=>"sa41gayp", "1476270565000"=>nil}
  [1m[36mPaymentRecord Load (0.6ms)[0m  [1mSELECT  `payment_records`.* FROM `payment_records` WHERE `payment_records`.`transaction_no` = 'sa41gayp' AND `payment_records`.`status` = 'success'  ORDER BY `payment_records`.`id` ASC LIMIT 1[0m
Redirected to http://192.168.1.4:6001/wechat/payment_callback?payment_record_id=3&status=ok&trade_no=4005392001201610126503794205&transaction_no=sa41gayp
Completed 302 Found in 2ms (ActiveRecord: 0.6ms)


Started POST "/wechat/payment/notify" for 140.207.54.75 at 2016-10-12 19:09:41 +0800
Cannot render console from 140.207.54.75! Allowed networks: 192.168.0.0/192.168.255.255, 127.0.0.0/127.255.255.255, ::1
Processing by Wechat::PaymentController#notify as */*
  [1m[35mPaymentRecord Load (0.5ms)[0m  SELECT  `payment_records`.* FROM `payment_records` WHERE `payment_records`.`transaction_no` = 'sa41gayp' AND `payment_records`.`status` = 'success' LIMIT 1
WECHAT PAYMENT NOTIFY AND PAYMENT SUCCESS: {"controller"=>"wechat/payment", "action"=>"notify"}, body: {"appid"=>"wxa05b67eb1b532c44", "attach"=>"eggman", "bank_type"=>"CCB_DEBIT", "cash_fee"=>"100", "device_info"=>"WEB", "fee_type"=>"CNY", "is_subscribe"=>"Y", "mch_id"=>"1397730302", "nonce_str"=>"38gk6fye5z4wbj18", "openid"=>"oMZZkwyFG5sAx-d4PMQ6Lq1xisHE", "out_trade_no"=>"sa41gayp", "result_code"=>"SUCCESS", "return_code"=>"SUCCESS", "sign"=>"E3EF5F8F0CAD2CDAE1444CF0A49623A0", "time_end"=>"20161012190923", "total_fee"=>"100", "trade_type"=>"JSAPI", "transaction_id"=>"4005392001201610126503794205"}
  Rendered text template (0.0ms)
Completed 200 OK in 2ms (Views: 0.3ms | ActiveRecord: 0.5ms)


Started POST "/wechat/payment/notify" for 140.207.54.75 at 2016-10-12 19:09:58 +0800
Cannot render console from 140.207.54.75! Allowed networks: 192.168.0.0/192.168.255.255, 127.0.0.0/127.255.255.255, ::1
Processing by Wechat::PaymentController#notify as */*
  [1m[36mPaymentRecord Load (0.5ms)[0m  [1mSELECT  `payment_records`.* FROM `payment_records` WHERE `payment_records`.`transaction_no` = 'sa41gayp' AND `payment_records`.`status` = 'success' LIMIT 1[0m
WECHAT PAYMENT NOTIFY AND PAYMENT SUCCESS: {"controller"=>"wechat/payment", "action"=>"notify"}, body: {"appid"=>"wxa05b67eb1b532c44", "attach"=>"eggman", "bank_type"=>"CCB_DEBIT", "cash_fee"=>"100", "device_info"=>"WEB", "fee_type"=>"CNY", "is_subscribe"=>"Y", "mch_id"=>"1397730302", "nonce_str"=>"38gk6fye5z4wbj18", "openid"=>"oMZZkwyFG5sAx-d4PMQ6Lq1xisHE", "out_trade_no"=>"sa41gayp", "result_code"=>"SUCCESS", "return_code"=>"SUCCESS", "sign"=>"E3EF5F8F0CAD2CDAE1444CF0A49623A0", "time_end"=>"20161012190923", "total_fee"=>"100", "trade_type"=>"JSAPI", "transaction_id"=>"4005392001201610126503794205"}
  Rendered text template (0.0ms)
Completed 200 OK in 2ms (Views: 0.3ms | ActiveRecord: 0.5ms)


Started POST "/wechat/payment/notify" for 140.207.54.76 at 2016-10-12 19:10:13 +0800
Cannot render console from 140.207.54.76! Allowed networks: 192.168.0.0/192.168.255.255, 127.0.0.0/127.255.255.255, ::1
Processing by Wechat::PaymentController#notify as */*
  [1m[35mPaymentRecord Load (0.6ms)[0m  SELECT  `payment_records`.* FROM `payment_records` WHERE `payment_records`.`transaction_no` = 'zscih1kl' AND `payment_records`.`status` = 'success' LIMIT 1
WECHAT PAYMENT NOTIFY AND PAYMENT SUCCESS: {"controller"=>"wechat/payment", "action"=>"notify"}, body: {"appid"=>"wxa05b67eb1b532c44", "attach"=>"eggman", "bank_type"=>"CCB_DEBIT", "cash_fee"=>"100", "device_info"=>"WEB", "fee_type"=>"CNY", "is_subscribe"=>"Y", "mch_id"=>"1397730302", "nonce_str"=>"r26yit7hqky2xt40", "openid"=>"oMZZkwyFG5sAx-d4PMQ6Lq1xisHE", "out_trade_no"=>"zscih1kl", "result_code"=>"SUCCESS", "return_code"=>"SUCCESS", "sign"=>"D1C414FAFF5514342A2DDA0D904FD3B2", "time_end"=>"20161012190609", "total_fee"=>"100", "trade_type"=>"JSAPI", "transaction_id"=>"4005392001201610126501590819"}
  Rendered text template (0.0ms)
Completed 200 OK in 2ms (Views: 0.3ms | ActiveRecord: 0.6ms)


Started POST "/wechat/payment/notify" for 140.207.54.76 at 2016-10-12 19:10:30 +0800
Cannot render console from 140.207.54.76! Allowed networks: 192.168.0.0/192.168.255.255, 127.0.0.0/127.255.255.255, ::1
Processing by Wechat::PaymentController#notify as */*
  [1m[36mPaymentRecord Load (0.5ms)[0m  [1mSELECT  `payment_records`.* FROM `payment_records` WHERE `payment_records`.`transaction_no` = 'sa41gayp' AND `payment_records`.`status` = 'success' LIMIT 1[0m
WECHAT PAYMENT NOTIFY AND PAYMENT SUCCESS: {"controller"=>"wechat/payment", "action"=>"notify"}, body: {"appid"=>"wxa05b67eb1b532c44", "attach"=>"eggman", "bank_type"=>"CCB_DEBIT", "cash_fee"=>"100", "device_info"=>"WEB", "fee_type"=>"CNY", "is_subscribe"=>"Y", "mch_id"=>"1397730302", "nonce_str"=>"38gk6fye5z4wbj18", "openid"=>"oMZZkwyFG5sAx-d4PMQ6Lq1xisHE", "out_trade_no"=>"sa41gayp", "result_code"=>"SUCCESS", "return_code"=>"SUCCESS", "sign"=>"E3EF5F8F0CAD2CDAE1444CF0A49623A0", "time_end"=>"20161012190923", "total_fee"=>"100", "trade_type"=>"JSAPI", "transaction_id"=>"4005392001201610126503794205"}
  Rendered text template (0.0ms)
Completed 200 OK in 2ms (Views: 0.3ms | ActiveRecord: 0.5ms)


Started POST "/wechat/payment/" for 182.126.214.12 at 2016-10-12 19:13:42 +0800
Cannot render console from 182.126.214.12! Allowed networks: 192.168.0.0/192.168.255.255, 127.0.0.0/127.255.255.255, ::1
Processing by Wechat::PaymentController#index as HTML
  Parameters: {"key"=>"9eyjdxpbqupgvv6nza85b2oesv9a4h7v5fhzwpxqkm8o945i", "app"=>"eggman", "body"=>"蛋人网季度订阅服务", "out_trade_no"=>"ke0j662qlvz7jpk3", "total_fee"=>"1", "product_id"=>"蛋人网季度订阅服务", "openid"=>"oMZZkwyFG5sAx-d4PMQ6Lq1xisHE"}
WECHAT PAYMENT CREATE ORDER: <xml><return_code><![CDATA[SUCCESS]]></return_code>
<return_msg><![CDATA[OK]]></return_msg>
<appid><![CDATA[wxa05b67eb1b532c44]]></appid>
<mch_id><![CDATA[1397730302]]></mch_id>
<device_info><![CDATA[WEB]]></device_info>
<nonce_str><![CDATA[qAfFOpXmAkpD30yo]]></nonce_str>
<sign><![CDATA[820D1B4DE15F7D7F3CA18BA8072CEB01]]></sign>
<result_code><![CDATA[SUCCESS]]></result_code>
<prepay_id><![CDATA[wx2016101219134325d084894d0266118086]]></prepay_id>
<trade_type><![CDATA[JSAPI]]></trade_type>
</xml>
  Rendered wechat/payment/index.html.erb within layouts/wechat_payment (0.1ms)
Completed 200 OK in 901ms (Views: 5.0ms | ActiveRecord: 0.0ms)
  [1m[36mActiveRecord::SchemaMigration Load (16.8ms)[0m  [1mSELECT `schema_migrations`.* FROM `schema_migrations`[0m
  [1m[35mActiveRecord::SchemaMigration Load (0.3ms)[0m  SELECT `schema_migrations`.* FROM `schema_migrations`
  [1m[36m (1.6ms)[0m  [1mSELECT fk.referenced_table_name as 'to_table'
      ,fk.referenced_column_name as 'primary_key'
      ,fk.column_name as 'column'
      ,fk.constraint_name as 'name'
FROM information_schema.key_column_usage fk
WHERE fk.referenced_column_name is not null
  AND fk.table_schema = 'edu343_development'
  AND fk.table_name = 'attachment_images'
[0m
  [1m[35m (19.9ms)[0m  SHOW CREATE TABLE `attachment_images`
  [1m[36m (0.5ms)[0m  [1mSELECT fk.referenced_table_name as 'to_table'
      ,fk.referenced_column_name as 'primary_key'
      ,fk.column_name as 'column'
      ,fk.constraint_name as 'name'
FROM information_schema.key_column_usage fk
WHERE fk.referenced_column_name is not null
  AND fk.table_schema = 'edu343_development'
  AND fk.table_name = 'blogs'
[0m
  [1m[35m (0.3ms)[0m  SHOW CREATE TABLE `blogs`
  [1m[36m (1.6ms)[0m  [1mSELECT fk.referenced_table_name as 'to_table'
      ,fk.referenced_column_name as 'primary_key'
      ,fk.column_name as 'column'
      ,fk.constraint_name as 'name'
FROM information_schema.key_column_usage fk
WHERE fk.referenced_column_name is not null
  AND fk.table_schema = 'edu343_development'
  AND fk.table_name = 'lessons'
[0m
  [1m[35m (0.4ms)[0m  SHOW CREATE TABLE `lessons`
  [1m[36m (0.5ms)[0m  [1mSELECT fk.referenced_table_name as 'to_table'
      ,fk.referenced_column_name as 'primary_key'
      ,fk.column_name as 'column'
      ,fk.constraint_name as 'name'
FROM information_schema.key_column_usage fk
WHERE fk.referenced_column_name is not null
  AND fk.table_schema = 'edu343_development'
  AND fk.table_name = 'payment_records'
[0m
  [1m[35m (0.4ms)[0m  SHOW CREATE TABLE `payment_records`
  [1m[36m (0.4ms)[0m  [1mSELECT fk.referenced_table_name as 'to_table'
      ,fk.referenced_column_name as 'primary_key'
      ,fk.column_name as 'column'
      ,fk.constraint_name as 'name'
FROM information_schema.key_column_usage fk
WHERE fk.referenced_column_name is not null
  AND fk.table_schema = 'edu343_development'
  AND fk.table_name = 'public_course_tickets'
[0m
  [1m[35m (0.3ms)[0m  SHOW CREATE TABLE `public_course_tickets`
  [1m[36m (0.4ms)[0m  [1mSELECT fk.referenced_table_name as 'to_table'
      ,fk.referenced_column_name as 'primary_key'
      ,fk.column_name as 'column'
      ,fk.constraint_name as 'name'
FROM information_schema.key_column_usage fk
WHERE fk.referenced_column_name is not null
  AND fk.table_schema = 'edu343_development'
  AND fk.table_name = 'question_favors'
[0m
  [1m[35m (0.3ms)[0m  SHOW CREATE TABLE `question_favors`
  [1m[36m (0.4ms)[0m  [1mSELECT fk.referenced_table_name as 'to_table'
      ,fk.referenced_column_name as 'primary_key'
      ,fk.column_name as 'column'
      ,fk.constraint_name as 'name'
FROM information_schema.key_column_usage fk
WHERE fk.referenced_column_name is not null
  AND fk.table_schema = 'edu343_development'
  AND fk.table_name = 'question_replies'
[0m
  [1m[35m (0.3ms)[0m  SHOW CREATE TABLE `question_replies`
  [1m[36m (0.4ms)[0m  [1mSELECT fk.referenced_table_name as 'to_table'
      ,fk.referenced_column_name as 'primary_key'
      ,fk.column_name as 'column'
      ,fk.constraint_name as 'name'
FROM information_schema.key_column_usage fk
WHERE fk.referenced_column_name is not null
  AND fk.table_schema = 'edu343_development'
  AND fk.table_name = 'questions'
[0m
  [1m[35m (0.3ms)[0m  SHOW CREATE TABLE `questions`
  [1m[36m (0.3ms)[0m  [1mSELECT fk.referenced_table_name as 'to_table'
      ,fk.referenced_column_name as 'primary_key'
      ,fk.column_name as 'column'
      ,fk.constraint_name as 'name'
FROM information_schema.key_column_usage fk
WHERE fk.referenced_column_name is not null
  AND fk.table_schema = 'edu343_development'
  AND fk.table_name = 'quizzes'
[0m
  [1m[35m (0.3ms)[0m  SHOW CREATE TABLE `quizzes`
  [1m[36m (0.4ms)[0m  [1mSELECT fk.referenced_table_name as 'to_table'
      ,fk.referenced_column_name as 'primary_key'
      ,fk.column_name as 'column'
      ,fk.constraint_name as 'name'
FROM information_schema.key_column_usage fk
WHERE fk.referenced_column_name is not null
  AND fk.table_schema = 'edu343_development'
  AND fk.table_name = 'student_quizzes'
[0m
  [1m[35m (0.3ms)[0m  SHOW CREATE TABLE `student_quizzes`
  [1m[36m (0.4ms)[0m  [1mSELECT fk.referenced_table_name as 'to_table'
      ,fk.referenced_column_name as 'primary_key'
      ,fk.column_name as 'column'
      ,fk.constraint_name as 'name'
FROM information_schema.key_column_usage fk
WHERE fk.referenced_column_name is not null
  AND fk.table_schema = 'edu343_development'
  AND fk.table_name = 'student_votes'
[0m
  [1m[35m (0.2ms)[0m  SHOW CREATE TABLE `student_votes`
  [1m[36m (0.3ms)[0m  [1mSELECT fk.referenced_table_name as 'to_table'
      ,fk.referenced_column_name as 'primary_key'
      ,fk.column_name as 'column'
      ,fk.constraint_name as 'name'
FROM information_schema.key_column_usage fk
WHERE fk.referenced_column_name is not null
  AND fk.table_schema = 'edu343_development'
  AND fk.table_name = 'students'
[0m
  [1m[35m (0.3ms)[0m  SHOW CREATE TABLE `students`
  [1m[36m (0.3ms)[0m  [1mSELECT fk.referenced_table_name as 'to_table'
      ,fk.referenced_column_name as 'primary_key'
      ,fk.column_name as 'column'
      ,fk.constraint_name as 'name'
FROM information_schema.key_column_usage fk
WHERE fk.referenced_column_name is not null
  AND fk.table_schema = 'edu343_development'
  AND fk.table_name = 'subscribes'
[0m
  [1m[35m (0.2ms)[0m  SHOW CREATE TABLE `subscribes`
  [1m[36m (0.4ms)[0m  [1mSELECT fk.referenced_table_name as 'to_table'
      ,fk.referenced_column_name as 'primary_key'
      ,fk.column_name as 'column'
      ,fk.constraint_name as 'name'
FROM information_schema.key_column_usage fk
WHERE fk.referenced_column_name is not null
  AND fk.table_schema = 'edu343_development'
  AND fk.table_name = 'taggings'
[0m
  [1m[35m (0.3ms)[0m  SHOW CREATE TABLE `taggings`
  [1m[36m (0.3ms)[0m  [1mSELECT fk.referenced_table_name as 'to_table'
      ,fk.referenced_column_name as 'primary_key'
      ,fk.column_name as 'column'
      ,fk.constraint_name as 'name'
FROM information_schema.key_column_usage fk
WHERE fk.referenced_column_name is not null
  AND fk.table_schema = 'edu343_development'
  AND fk.table_name = 'tags'
[0m
  [1m[35m (0.2ms)[0m  SHOW CREATE TABLE `tags`
  [1m[36m (0.3ms)[0m  [1mSELECT fk.referenced_table_name as 'to_table'
      ,fk.referenced_column_name as 'primary_key'
      ,fk.column_name as 'column'
      ,fk.constraint_name as 'name'
FROM information_schema.key_column_usage fk
WHERE fk.referenced_column_name is not null
  AND fk.table_schema = 'edu343_development'
  AND fk.table_name = 'users'
[0m
  [1m[35m (0.2ms)[0m  SHOW CREATE TABLE `users`
  [1m[36m (0.3ms)[0m  [1mSELECT fk.referenced_table_name as 'to_table'
      ,fk.referenced_column_name as 'primary_key'
      ,fk.column_name as 'column'
      ,fk.constraint_name as 'name'
FROM information_schema.key_column_usage fk
WHERE fk.referenced_column_name is not null
  AND fk.table_schema = 'edu343_development'
  AND fk.table_name = 'verify_tokens'
[0m
  [1m[35m (0.2ms)[0m  SHOW CREATE TABLE `verify_tokens`
  [1m[36m (0.3ms)[0m  [1mSELECT fk.referenced_table_name as 'to_table'
      ,fk.referenced_column_name as 'primary_key'
      ,fk.column_name as 'column'
      ,fk.constraint_name as 'name'
FROM information_schema.key_column_usage fk
WHERE fk.referenced_column_name is not null
  AND fk.table_schema = 'edu343_development'
  AND fk.table_name = 'wechat_users'
[0m
  [1m[35m (0.2ms)[0m  SHOW CREATE TABLE `wechat_users`


Started GET "/" for 127.0.0.1 at 2016-10-13 14:41:13 +0800
  [1m[36mActiveRecord::SchemaMigration Load (7.1ms)[0m  [1mSELECT `schema_migrations`.* FROM `schema_migrations`[0m
Processing by WelcomeController#index as HTML
  Rendered welcome/_career.html.erb (1.6ms)
  Rendered welcome/_wearefrom.html.erb (0.4ms)
  Rendered welcome/_whoami.html.erb (2.8ms)
  Rendered welcome/_results.html.erb (595.0ms)
  Rendered welcome/index.html.erb within layouts/application (610.2ms)
  Rendered layouts/_header.html.erb (0.7ms)
  Rendered welcome/_courses.html.erb (8.5ms)
  Rendered share/_wechat.html.erb (0.3ms)
  Rendered share/_contact_cellphones.html.erb (0.3ms)
  Rendered layouts/_footer.html.erb (3.9ms)
Completed 200 OK in 771ms (Views: 760.7ms | ActiveRecord: 0.0ms)


Started GET "/assets/application.self-90ccdce12d16e59172e05170a36ad364760df9726470dae02e35b44d5fb588a2.js?body=1" for 127.0.0.1 at 2016-10-13 14:41:14 +0800


Started GET "/assets/blank-2dfe28cbdb83f01c940de6a88ab86200154fd772d568035ac568664e52068363.gif" for 127.0.0.1 at 2016-10-13 14:41:14 +0800


Started GET "/assets/fontawesome-webfont-d3ebb498192527b985939ae62cc4e5eb5c108efc1896184126b45d866868e73d.woff2?v=4.6.1" for 127.0.0.1 at 2016-10-13 14:41:14 +0800


Started GET "/subscribes/new" for 127.0.0.1 at 2016-10-13 14:41:18 +0800
Processing by SubscribesController#new as HTML
  Rendered share/_contact_cellphones.html.erb (0.0ms)
  Rendered share/_wechat.html.erb (0.1ms)
  Rendered subscribes/new.html.erb within layouts/application (3.1ms)
  Rendered layouts/_header.html.erb (0.4ms)
  Rendered welcome/_courses.html.erb (0.4ms)
  Rendered share/_wechat.html.erb (0.0ms)
  Rendered share/_contact_cellphones.html.erb (0.0ms)
  Rendered layouts/_footer.html.erb (1.8ms)
Completed 200 OK in 93ms (Views: 71.0ms | ActiveRecord: 10.5ms)


Started GET "/subscribes/new" for 127.0.0.1 at 2016-10-13 14:41:48 +0800
Processing by SubscribesController#new as HTML
  Rendered subscribes/new.html.erb within layouts/application (1.4ms)
  Rendered layouts/_header.html.erb (0.2ms)
  Rendered welcome/_courses.html.erb (0.3ms)
  Rendered share/_wechat.html.erb (0.0ms)
  Rendered share/_contact_cellphones.html.erb (0.0ms)
  Rendered layouts/_footer.html.erb (2.1ms)
Completed 200 OK in 67ms (Views: 65.5ms | ActiveRecord: 0.0ms)


Started GET "/assets/application.self-cb0307daf48310d36ba829e4cd8d9dc68c78f47802840cfbe89732a21d108185.css?body=1" for 127.0.0.1 at 2016-10-13 14:41:48 +0800


Started GET "/assets/jquery.self-660adc51e0224b731d29f575a6f1ec167ba08ad06ed5deca4f1e8654c135bf4c.js?body=1" for 127.0.0.1 at 2016-10-13 14:41:48 +0800


Started GET "/assets/jquery_ujs.self-e87806d0cf4489aeb1bb7288016024e8de67fd18db693fe026fe3907581e53cd.js?body=1" for 127.0.0.1 at 2016-10-13 14:41:48 +0800


Started GET "/assets/jquery.lazyload.min.self-70563866ae30eacbbf78d003e40201b380eb8c89dd14389934d7e00b596530a7.js?body=1" for 127.0.0.1 at 2016-10-13 14:41:48 +0800


Started GET "/assets/bootstrap/affix.self-f7aef9d98ee5ece34a6a92a6a15bba777d93e8d908b75c95a85088277f394200.js?body=1" for 127.0.0.1 at 2016-10-13 14:41:48 +0800


Started GET "/assets/bootstrap/alert.self-896ab026e6823f5cef2441e07dac53d0692a5b772ac58b1ce20aa624c342d3f4.js?body=1" for 127.0.0.1 at 2016-10-13 14:41:48 +0800


Started GET "/assets/bootstrap/button.self-d19f3e2bcd3a7a4d75c11b9141b3fabd2c11987da1e99c85548ec3ecf8db30c3.js?body=1" for 127.0.0.1 at 2016-10-13 14:41:48 +0800


Started GET "/assets/bootstrap/carousel.self-b2e5e14483e6c31343a83861b7d487620f143d6fc2d07d5ae7544b6b225ba6be.js?body=1" for 127.0.0.1 at 2016-10-13 14:41:48 +0800


Started GET "/assets/bootstrap/collapse.self-93820e9b486e375a7fb4477602def3a6f8381fa6d50938d5378297ffbe4a1248.js?body=1" for 127.0.0.1 at 2016-10-13 14:41:48 +0800


Started GET "/assets/bootstrap/dropdown.self-30536ae4d54b2685c26b5787ed0eb549a9075717fe690cce6270873bedf2df00.js?body=1" for 127.0.0.1 at 2016-10-13 14:41:48 +0800


Started GET "/assets/bootstrap/tab.self-9b77df34cbbb08ec93a806d6cdb741f04e3dbf3389978a0679146f2d2987bc89.js?body=1" for 127.0.0.1 at 2016-10-13 14:41:48 +0800


Started GET "/assets/bootstrap/transition.self-9616c4e856b57659b67da3c6f2adcd584b5601ef4bebcdadab8ebb387d80bb25.js?body=1" for 127.0.0.1 at 2016-10-13 14:41:48 +0800


Started GET "/assets/bootstrap-sprockets.self-fbfa5ad7d9aa0afe439ec4ff3883acc4cb92b62cb67c40d674320c9aa1d4642d.js?body=1" for 127.0.0.1 at 2016-10-13 14:41:48 +0800


Started GET "/assets/bootstrap/tooltip.self-3aa41fbe871573b34e0ebddf31598cd5a11a9841ca85f90934ea46326e46626d.js?body=1" for 127.0.0.1 at 2016-10-13 14:41:48 +0800


Started GET "/assets/bootstrap/scrollspy.self-c5c6ed008955656d345067e9821d79f1216b8383134d08465d4aa1a33a2b93b4.js?body=1" for 127.0.0.1 at 2016-10-13 14:41:48 +0800


Started GET "/assets/bootstrap/modal.self-bcfe54f3132bf16a8c5ce4289e47eba488f6522a08f49f378a037061c6c7aa4c.js?body=1" for 127.0.0.1 at 2016-10-13 14:41:48 +0800


Started GET "/assets/bootstrap/popover.self-b73e9c9111d01148e24bbc46e096782e024dc5db630e7078cf11ed2587ef8551.js?body=1" for 127.0.0.1 at 2016-10-13 14:41:48 +0800


Started GET "/assets/owl.carousel.min.self-0d37be315eae4b8700583ef49f93fd6887aab6dbf13249a8476bacbbf9a673c3.js?body=1" for 127.0.0.1 at 2016-10-13 14:41:48 +0800


Started GET "/assets/WeixinApi.self-60b7c8997fd79c0b1fb5ade9091e7961b5b0edec318b2443926f98bc4b5c7327.js?body=1" for 127.0.0.1 at 2016-10-13 14:41:48 +0800


Started GET "/assets/welcome.self-a26324c9d7433be7b183ebb8b77c27378c8c6c62b11ce01e65a8ea1a207a7082.js?body=1" for 127.0.0.1 at 2016-10-13 14:41:48 +0800


Started GET "/assets/wechat_share.self-f5aa2850e4d165a1d04d377baddc836e19d831e1ee2935b421b8baa2cbb5401f.js?body=1" for 127.0.0.1 at 2016-10-13 14:41:48 +0800


Started GET "/assets/application.self-90ccdce12d16e59172e05170a36ad364760df9726470dae02e35b44d5fb588a2.js?body=1" for 127.0.0.1 at 2016-10-13 14:41:48 +0800


Started GET "/assets/fontawesome-webfont-d3ebb498192527b985939ae62cc4e5eb5c108efc1896184126b45d866868e73d.woff2?v=4.6.1" for 127.0.0.1 at 2016-10-13 14:41:48 +0800


Started GET "/subscribes/new" for 127.0.0.1 at 2016-10-13 14:42:41 +0800
Processing by SubscribesController#new as HTML
  Rendered subscribes/new.html.erb within layouts/application (1.8ms)
  Rendered layouts/_header.html.erb (0.2ms)
  Rendered welcome/_courses.html.erb (0.2ms)
  Rendered share/_wechat.html.erb (0.1ms)
  Rendered share/_contact_cellphones.html.erb (0.0ms)
  Rendered layouts/_footer.html.erb (2.9ms)
Completed 200 OK in 76ms (Views: 75.1ms | ActiveRecord: 0.0ms)


Started GET "/assets/application.self-cb0307daf48310d36ba829e4cd8d9dc68c78f47802840cfbe89732a21d108185.css?body=1" for 127.0.0.1 at 2016-10-13 14:42:41 +0800


Started GET "/assets/jquery.self-660adc51e0224b731d29f575a6f1ec167ba08ad06ed5deca4f1e8654c135bf4c.js?body=1" for 127.0.0.1 at 2016-10-13 14:42:41 +0800


Started GET "/assets/jquery_ujs.self-e87806d0cf4489aeb1bb7288016024e8de67fd18db693fe026fe3907581e53cd.js?body=1" for 127.0.0.1 at 2016-10-13 14:42:41 +0800


Started GET "/assets/jquery.lazyload.min.self-70563866ae30eacbbf78d003e40201b380eb8c89dd14389934d7e00b596530a7.js?body=1" for 127.0.0.1 at 2016-10-13 14:42:41 +0800


Started GET "/assets/bootstrap/affix.self-f7aef9d98ee5ece34a6a92a6a15bba777d93e8d908b75c95a85088277f394200.js?body=1" for 127.0.0.1 at 2016-10-13 14:42:41 +0800


Started GET "/assets/bootstrap/alert.self-896ab026e6823f5cef2441e07dac53d0692a5b772ac58b1ce20aa624c342d3f4.js?body=1" for 127.0.0.1 at 2016-10-13 14:42:41 +0800


Started GET "/assets/bootstrap/button.self-d19f3e2bcd3a7a4d75c11b9141b3fabd2c11987da1e99c85548ec3ecf8db30c3.js?body=1" for 127.0.0.1 at 2016-10-13 14:42:41 +0800


Started GET "/assets/bootstrap/carousel.self-b2e5e14483e6c31343a83861b7d487620f143d6fc2d07d5ae7544b6b225ba6be.js?body=1" for 127.0.0.1 at 2016-10-13 14:42:41 +0800


Started GET "/assets/bootstrap/collapse.self-93820e9b486e375a7fb4477602def3a6f8381fa6d50938d5378297ffbe4a1248.js?body=1" for 127.0.0.1 at 2016-10-13 14:42:41 +0800


Started GET "/assets/bootstrap/dropdown.self-30536ae4d54b2685c26b5787ed0eb549a9075717fe690cce6270873bedf2df00.js?body=1" for 127.0.0.1 at 2016-10-13 14:42:41 +0800


Started GET "/assets/bootstrap/transition.self-9616c4e856b57659b67da3c6f2adcd584b5601ef4bebcdadab8ebb387d80bb25.js?body=1" for 127.0.0.1 at 2016-10-13 14:42:41 +0800


Started GET "/assets/bootstrap/tab.self-9b77df34cbbb08ec93a806d6cdb741f04e3dbf3389978a0679146f2d2987bc89.js?body=1" for 127.0.0.1 at 2016-10-13 14:42:41 +0800


Started GET "/assets/bootstrap/modal.self-bcfe54f3132bf16a8c5ce4289e47eba488f6522a08f49f378a037061c6c7aa4c.js?body=1" for 127.0.0.1 at 2016-10-13 14:42:41 +0800


Started GET "/assets/bootstrap/scrollspy.self-c5c6ed008955656d345067e9821d79f1216b8383134d08465d4aa1a33a2b93b4.js?body=1" for 127.0.0.1 at 2016-10-13 14:42:41 +0800


Started GET "/assets/bootstrap/tooltip.self-3aa41fbe871573b34e0ebddf31598cd5a11a9841ca85f90934ea46326e46626d.js?body=1" for 127.0.0.1 at 2016-10-13 14:42:41 +0800


Started GET "/assets/bootstrap/popover.self-b73e9c9111d01148e24bbc46e096782e024dc5db630e7078cf11ed2587ef8551.js?body=1" for 127.0.0.1 at 2016-10-13 14:42:42 +0800


Started GET "/assets/bootstrap-sprockets.self-fbfa5ad7d9aa0afe439ec4ff3883acc4cb92b62cb67c40d674320c9aa1d4642d.js?body=1" for 127.0.0.1 at 2016-10-13 14:42:42 +0800


Started GET "/assets/owl.carousel.min.self-0d37be315eae4b8700583ef49f93fd6887aab6dbf13249a8476bacbbf9a673c3.js?body=1" for 127.0.0.1 at 2016-10-13 14:42:42 +0800


Started GET "/assets/WeixinApi.self-60b7c8997fd79c0b1fb5ade9091e7961b5b0edec318b2443926f98bc4b5c7327.js?body=1" for 127.0.0.1 at 2016-10-13 14:42:42 +0800


Started GET "/assets/welcome.self-a26324c9d7433be7b183ebb8b77c27378c8c6c62b11ce01e65a8ea1a207a7082.js?body=1" for 127.0.0.1 at 2016-10-13 14:42:42 +0800


Started GET "/assets/wechat_share.self-f5aa2850e4d165a1d04d377baddc836e19d831e1ee2935b421b8baa2cbb5401f.js?body=1" for 127.0.0.1 at 2016-10-13 14:42:42 +0800


Started GET "/assets/application.self-90ccdce12d16e59172e05170a36ad364760df9726470dae02e35b44d5fb588a2.js?body=1" for 127.0.0.1 at 2016-10-13 14:42:42 +0800


Started GET "/assets/fontawesome-webfont-d3ebb498192527b985939ae62cc4e5eb5c108efc1896184126b45d866868e73d.woff2?v=4.6.1" for 127.0.0.1 at 2016-10-13 14:42:42 +0800


Started GET "/subscribes/new" for 127.0.0.1 at 2016-10-13 14:42:51 +0800
Processing by SubscribesController#new as HTML
  Rendered subscribes/new.html.erb within layouts/application (1.6ms)
  Rendered layouts/_header.html.erb (0.2ms)
  Rendered welcome/_courses.html.erb (0.3ms)
  Rendered share/_wechat.html.erb (0.1ms)
  Rendered share/_contact_cellphones.html.erb (0.1ms)
  Rendered layouts/_footer.html.erb (3.4ms)
Completed 200 OK in 76ms (Views: 74.6ms | ActiveRecord: 0.0ms)


Started GET "/assets/application.self-cb0307daf48310d36ba829e4cd8d9dc68c78f47802840cfbe89732a21d108185.css?body=1" for 127.0.0.1 at 2016-10-13 14:42:52 +0800


Started GET "/assets/jquery.self-660adc51e0224b731d29f575a6f1ec167ba08ad06ed5deca4f1e8654c135bf4c.js?body=1" for 127.0.0.1 at 2016-10-13 14:42:52 +0800


Started GET "/assets/jquery_ujs.self-e87806d0cf4489aeb1bb7288016024e8de67fd18db693fe026fe3907581e53cd.js?body=1" for 127.0.0.1 at 2016-10-13 14:42:52 +0800


Started GET "/assets/jquery.lazyload.min.self-70563866ae30eacbbf78d003e40201b380eb8c89dd14389934d7e00b596530a7.js?body=1" for 127.0.0.1 at 2016-10-13 14:42:52 +0800


Started GET "/assets/bootstrap/affix.self-f7aef9d98ee5ece34a6a92a6a15bba777d93e8d908b75c95a85088277f394200.js?body=1" for 127.0.0.1 at 2016-10-13 14:42:52 +0800


Started GET "/assets/bootstrap/alert.self-896ab026e6823f5cef2441e07dac53d0692a5b772ac58b1ce20aa624c342d3f4.js?body=1" for 127.0.0.1 at 2016-10-13 14:42:52 +0800


Started GET "/assets/bootstrap/button.self-d19f3e2bcd3a7a4d75c11b9141b3fabd2c11987da1e99c85548ec3ecf8db30c3.js?body=1" for 127.0.0.1 at 2016-10-13 14:42:52 +0800


Started GET "/assets/bootstrap/carousel.self-b2e5e14483e6c31343a83861b7d487620f143d6fc2d07d5ae7544b6b225ba6be.js?body=1" for 127.0.0.1 at 2016-10-13 14:42:52 +0800


Started GET "/assets/bootstrap/collapse.self-93820e9b486e375a7fb4477602def3a6f8381fa6d50938d5378297ffbe4a1248.js?body=1" for 127.0.0.1 at 2016-10-13 14:42:52 +0800


Started GET "/assets/bootstrap/dropdown.self-30536ae4d54b2685c26b5787ed0eb549a9075717fe690cce6270873bedf2df00.js?body=1" for 127.0.0.1 at 2016-10-13 14:42:52 +0800


Started GET "/assets/bootstrap/scrollspy.self-c5c6ed008955656d345067e9821d79f1216b8383134d08465d4aa1a33a2b93b4.js?body=1" for 127.0.0.1 at 2016-10-13 14:42:52 +0800


Started GET "/assets/bootstrap/transition.self-9616c4e856b57659b67da3c6f2adcd584b5601ef4bebcdadab8ebb387d80bb25.js?body=1" for 127.0.0.1 at 2016-10-13 14:42:52 +0800


Started GET "/assets/bootstrap/tab.self-9b77df34cbbb08ec93a806d6cdb741f04e3dbf3389978a0679146f2d2987bc89.js?body=1" for 127.0.0.1 at 2016-10-13 14:42:52 +0800


Started GET "/assets/bootstrap/modal.self-bcfe54f3132bf16a8c5ce4289e47eba488f6522a08f49f378a037061c6c7aa4c.js?body=1" for 127.0.0.1 at 2016-10-13 14:42:52 +0800


Started GET "/assets/bootstrap/tooltip.self-3aa41fbe871573b34e0ebddf31598cd5a11a9841ca85f90934ea46326e46626d.js?body=1" for 127.0.0.1 at 2016-10-13 14:42:52 +0800


Started GET "/assets/bootstrap/popover.self-b73e9c9111d01148e24bbc46e096782e024dc5db630e7078cf11ed2587ef8551.js?body=1" for 127.0.0.1 at 2016-10-13 14:42:52 +0800


Started GET "/assets/bootstrap-sprockets.self-fbfa5ad7d9aa0afe439ec4ff3883acc4cb92b62cb67c40d674320c9aa1d4642d.js?body=1" for 127.0.0.1 at 2016-10-13 14:42:52 +0800


Started GET "/assets/owl.carousel.min.self-0d37be315eae4b8700583ef49f93fd6887aab6dbf13249a8476bacbbf9a673c3.js?body=1" for 127.0.0.1 at 2016-10-13 14:42:52 +0800


Started GET "/assets/WeixinApi.self-60b7c8997fd79c0b1fb5ade9091e7961b5b0edec318b2443926f98bc4b5c7327.js?body=1" for 127.0.0.1 at 2016-10-13 14:42:52 +0800


Started GET "/assets/welcome.self-a26324c9d7433be7b183ebb8b77c27378c8c6c62b11ce01e65a8ea1a207a7082.js?body=1" for 127.0.0.1 at 2016-10-13 14:42:52 +0800


Started GET "/assets/wechat_share.self-f5aa2850e4d165a1d04d377baddc836e19d831e1ee2935b421b8baa2cbb5401f.js?body=1" for 127.0.0.1 at 2016-10-13 14:42:52 +0800


Started GET "/assets/application.self-90ccdce12d16e59172e05170a36ad364760df9726470dae02e35b44d5fb588a2.js?body=1" for 127.0.0.1 at 2016-10-13 14:42:52 +0800


Started GET "/assets/fontawesome-webfont-d3ebb498192527b985939ae62cc4e5eb5c108efc1896184126b45d866868e73d.woff2?v=4.6.1" for 127.0.0.1 at 2016-10-13 14:42:52 +0800


Started GET "/subscribes/new" for 127.0.0.1 at 2016-10-13 14:43:12 +0800
Processing by SubscribesController#new as HTML
  Rendered subscribes/new.html.erb within layouts/application (1.3ms)
  Rendered layouts/_header.html.erb (0.1ms)
  Rendered welcome/_courses.html.erb (0.2ms)
  Rendered share/_wechat.html.erb (0.0ms)
  Rendered share/_contact_cellphones.html.erb (0.0ms)
  Rendered layouts/_footer.html.erb (1.6ms)
Completed 200 OK in 62ms (Views: 61.3ms | ActiveRecord: 0.0ms)


Started GET "/assets/application.self-cb0307daf48310d36ba829e4cd8d9dc68c78f47802840cfbe89732a21d108185.css?body=1" for 127.0.0.1 at 2016-10-13 14:43:12 +0800


Started GET "/assets/jquery.self-660adc51e0224b731d29f575a6f1ec167ba08ad06ed5deca4f1e8654c135bf4c.js?body=1" for 127.0.0.1 at 2016-10-13 14:43:12 +0800


Started GET "/assets/jquery_ujs.self-e87806d0cf4489aeb1bb7288016024e8de67fd18db693fe026fe3907581e53cd.js?body=1" for 127.0.0.1 at 2016-10-13 14:43:12 +0800


Started GET "/assets/jquery.lazyload.min.self-70563866ae30eacbbf78d003e40201b380eb8c89dd14389934d7e00b596530a7.js?body=1" for 127.0.0.1 at 2016-10-13 14:43:12 +0800


Started GET "/assets/bootstrap/affix.self-f7aef9d98ee5ece34a6a92a6a15bba777d93e8d908b75c95a85088277f394200.js?body=1" for 127.0.0.1 at 2016-10-13 14:43:12 +0800


Started GET "/assets/bootstrap/alert.self-896ab026e6823f5cef2441e07dac53d0692a5b772ac58b1ce20aa624c342d3f4.js?body=1" for 127.0.0.1 at 2016-10-13 14:43:12 +0800


Started GET "/assets/bootstrap/button.self-d19f3e2bcd3a7a4d75c11b9141b3fabd2c11987da1e99c85548ec3ecf8db30c3.js?body=1" for 127.0.0.1 at 2016-10-13 14:43:12 +0800


Started GET "/assets/bootstrap/carousel.self-b2e5e14483e6c31343a83861b7d487620f143d6fc2d07d5ae7544b6b225ba6be.js?body=1" for 127.0.0.1 at 2016-10-13 14:43:12 +0800


Started GET "/assets/bootstrap/collapse.self-93820e9b486e375a7fb4477602def3a6f8381fa6d50938d5378297ffbe4a1248.js?body=1" for 127.0.0.1 at 2016-10-13 14:43:12 +0800


Started GET "/assets/bootstrap/dropdown.self-30536ae4d54b2685c26b5787ed0eb549a9075717fe690cce6270873bedf2df00.js?body=1" for 127.0.0.1 at 2016-10-13 14:43:12 +0800


Started GET "/assets/bootstrap/tab.self-9b77df34cbbb08ec93a806d6cdb741f04e3dbf3389978a0679146f2d2987bc89.js?body=1" for 127.0.0.1 at 2016-10-13 14:43:12 +0800


Started GET "/assets/bootstrap/transition.self-9616c4e856b57659b67da3c6f2adcd584b5601ef4bebcdadab8ebb387d80bb25.js?body=1" for 127.0.0.1 at 2016-10-13 14:43:12 +0800


Started GET "/assets/bootstrap/tooltip.self-3aa41fbe871573b34e0ebddf31598cd5a11a9841ca85f90934ea46326e46626d.js?body=1" for 127.0.0.1 at 2016-10-13 14:43:12 +0800


Started GET "/assets/bootstrap/scrollspy.self-c5c6ed008955656d345067e9821d79f1216b8383134d08465d4aa1a33a2b93b4.js?body=1" for 127.0.0.1 at 2016-10-13 14:43:12 +0800


Started GET "/assets/bootstrap/popover.self-b73e9c9111d01148e24bbc46e096782e024dc5db630e7078cf11ed2587ef8551.js?body=1" for 127.0.0.1 at 2016-10-13 14:43:12 +0800


Started GET "/assets/bootstrap/modal.self-bcfe54f3132bf16a8c5ce4289e47eba488f6522a08f49f378a037061c6c7aa4c.js?body=1" for 127.0.0.1 at 2016-10-13 14:43:12 +0800


Started GET "/assets/bootstrap-sprockets.self-fbfa5ad7d9aa0afe439ec4ff3883acc4cb92b62cb67c40d674320c9aa1d4642d.js?body=1" for 127.0.0.1 at 2016-10-13 14:43:12 +0800


Started GET "/assets/owl.carousel.min.self-0d37be315eae4b8700583ef49f93fd6887aab6dbf13249a8476bacbbf9a673c3.js?body=1" for 127.0.0.1 at 2016-10-13 14:43:12 +0800


Started GET "/assets/WeixinApi.self-60b7c8997fd79c0b1fb5ade9091e7961b5b0edec318b2443926f98bc4b5c7327.js?body=1" for 127.0.0.1 at 2016-10-13 14:43:12 +0800


Started GET "/assets/welcome.self-a26324c9d7433be7b183ebb8b77c27378c8c6c62b11ce01e65a8ea1a207a7082.js?body=1" for 127.0.0.1 at 2016-10-13 14:43:12 +0800


Started GET "/assets/wechat_share.self-f5aa2850e4d165a1d04d377baddc836e19d831e1ee2935b421b8baa2cbb5401f.js?body=1" for 127.0.0.1 at 2016-10-13 14:43:12 +0800


Started GET "/assets/application.self-90ccdce12d16e59172e05170a36ad364760df9726470dae02e35b44d5fb588a2.js?body=1" for 127.0.0.1 at 2016-10-13 14:43:12 +0800


Started GET "/assets/fontawesome-webfont-d3ebb498192527b985939ae62cc4e5eb5c108efc1896184126b45d866868e73d.woff2?v=4.6.1" for 127.0.0.1 at 2016-10-13 14:43:12 +0800


Started GET "/subscribes/new" for 127.0.0.1 at 2016-10-13 14:43:39 +0800
Processing by SubscribesController#new as HTML
  Rendered subscribes/new.html.erb within layouts/application (2.1ms)
  Rendered layouts/_header.html.erb (0.3ms)
  Rendered welcome/_courses.html.erb (0.5ms)
  Rendered share/_wechat.html.erb (0.0ms)
  Rendered share/_contact_cellphones.html.erb (0.0ms)
  Rendered layouts/_footer.html.erb (2.3ms)
Completed 200 OK in 82ms (Views: 79.8ms | ActiveRecord: 0.0ms)


Started GET "/assets/application.self-cb0307daf48310d36ba829e4cd8d9dc68c78f47802840cfbe89732a21d108185.css?body=1" for 127.0.0.1 at 2016-10-13 14:43:39 +0800


Started GET "/assets/jquery.self-660adc51e0224b731d29f575a6f1ec167ba08ad06ed5deca4f1e8654c135bf4c.js?body=1" for 127.0.0.1 at 2016-10-13 14:43:39 +0800


Started GET "/assets/jquery_ujs.self-e87806d0cf4489aeb1bb7288016024e8de67fd18db693fe026fe3907581e53cd.js?body=1" for 127.0.0.1 at 2016-10-13 14:43:39 +0800


Started GET "/assets/jquery.lazyload.min.self-70563866ae30eacbbf78d003e40201b380eb8c89dd14389934d7e00b596530a7.js?body=1" for 127.0.0.1 at 2016-10-13 14:43:39 +0800


Started GET "/assets/bootstrap/affix.self-f7aef9d98ee5ece34a6a92a6a15bba777d93e8d908b75c95a85088277f394200.js?body=1" for 127.0.0.1 at 2016-10-13 14:43:39 +0800


Started GET "/assets/bootstrap/alert.self-896ab026e6823f5cef2441e07dac53d0692a5b772ac58b1ce20aa624c342d3f4.js?body=1" for 127.0.0.1 at 2016-10-13 14:43:39 +0800


Started GET "/assets/bootstrap/button.self-d19f3e2bcd3a7a4d75c11b9141b3fabd2c11987da1e99c85548ec3ecf8db30c3.js?body=1" for 127.0.0.1 at 2016-10-13 14:43:39 +0800


Started GET "/assets/bootstrap/carousel.self-b2e5e14483e6c31343a83861b7d487620f143d6fc2d07d5ae7544b6b225ba6be.js?body=1" for 127.0.0.1 at 2016-10-13 14:43:39 +0800


Started GET "/assets/bootstrap/collapse.self-93820e9b486e375a7fb4477602def3a6f8381fa6d50938d5378297ffbe4a1248.js?body=1" for 127.0.0.1 at 2016-10-13 14:43:39 +0800


Started GET "/assets/bootstrap/dropdown.self-30536ae4d54b2685c26b5787ed0eb549a9075717fe690cce6270873bedf2df00.js?body=1" for 127.0.0.1 at 2016-10-13 14:43:39 +0800


Started GET "/assets/bootstrap/tab.self-9b77df34cbbb08ec93a806d6cdb741f04e3dbf3389978a0679146f2d2987bc89.js?body=1" for 127.0.0.1 at 2016-10-13 14:43:39 +0800


Started GET "/assets/bootstrap/transition.self-9616c4e856b57659b67da3c6f2adcd584b5601ef4bebcdadab8ebb387d80bb25.js?body=1" for 127.0.0.1 at 2016-10-13 14:43:39 +0800


Started GET "/assets/bootstrap/popover.self-b73e9c9111d01148e24bbc46e096782e024dc5db630e7078cf11ed2587ef8551.js?body=1" for 127.0.0.1 at 2016-10-13 14:43:39 +0800


Started GET "/assets/bootstrap/tooltip.self-3aa41fbe871573b34e0ebddf31598cd5a11a9841ca85f90934ea46326e46626d.js?body=1" for 127.0.0.1 at 2016-10-13 14:43:39 +0800


Started GET "/assets/bootstrap/modal.self-bcfe54f3132bf16a8c5ce4289e47eba488f6522a08f49f378a037061c6c7aa4c.js?body=1" for 127.0.0.1 at 2016-10-13 14:43:39 +0800


Started GET "/assets/bootstrap/scrollspy.self-c5c6ed008955656d345067e9821d79f1216b8383134d08465d4aa1a33a2b93b4.js?body=1" for 127.0.0.1 at 2016-10-13 14:43:40 +0800


Started GET "/assets/bootstrap-sprockets.self-fbfa5ad7d9aa0afe439ec4ff3883acc4cb92b62cb67c40d674320c9aa1d4642d.js?body=1" for 127.0.0.1 at 2016-10-13 14:43:40 +0800


Started GET "/assets/owl.carousel.min.self-0d37be315eae4b8700583ef49f93fd6887aab6dbf13249a8476bacbbf9a673c3.js?body=1" for 127.0.0.1 at 2016-10-13 14:43:40 +0800


Started GET "/assets/WeixinApi.self-60b7c8997fd79c0b1fb5ade9091e7961b5b0edec318b2443926f98bc4b5c7327.js?body=1" for 127.0.0.1 at 2016-10-13 14:43:40 +0800


Started GET "/assets/welcome.self-a26324c9d7433be7b183ebb8b77c27378c8c6c62b11ce01e65a8ea1a207a7082.js?body=1" for 127.0.0.1 at 2016-10-13 14:43:40 +0800


Started GET "/assets/wechat_share.self-f5aa2850e4d165a1d04d377baddc836e19d831e1ee2935b421b8baa2cbb5401f.js?body=1" for 127.0.0.1 at 2016-10-13 14:43:40 +0800


Started GET "/assets/application.self-90ccdce12d16e59172e05170a36ad364760df9726470dae02e35b44d5fb588a2.js?body=1" for 127.0.0.1 at 2016-10-13 14:43:40 +0800


Started GET "/assets/fontawesome-webfont-d3ebb498192527b985939ae62cc4e5eb5c108efc1896184126b45d866868e73d.woff2?v=4.6.1" for 127.0.0.1 at 2016-10-13 14:43:40 +0800


Started GET "/teams" for 127.0.0.1 at 2016-10-13 14:44:11 +0800
Processing by TeamsController#index as HTML
  Rendered teams/_teachers.html.erb (4.0ms)
  Rendered welcome/_wearefrom.html.erb (0.1ms)
  Rendered welcome/_results.html.erb (15.9ms)
  Rendered teams/index.html.erb within layouts/application (24.7ms)
  Rendered layouts/_header.html.erb (0.2ms)
  Rendered welcome/_courses.html.erb (0.2ms)
  Rendered share/_wechat.html.erb (0.0ms)
  Rendered share/_contact_cellphones.html.erb (0.0ms)
  Rendered layouts/_footer.html.erb (2.3ms)
Completed 200 OK in 98ms (Views: 97.0ms | ActiveRecord: 0.0ms)


Started GET "/teams" for 127.0.0.1 at 2016-10-13 14:44:18 +0800
Processing by TeamsController#index as HTML
  Rendered teams/_teachers.html.erb (2.5ms)
  Rendered welcome/_wearefrom.html.erb (0.0ms)
  Rendered welcome/_results.html.erb (13.2ms)
  Rendered teams/index.html.erb within layouts/application (18.2ms)
  Rendered layouts/_header.html.erb (0.1ms)
  Rendered welcome/_courses.html.erb (0.2ms)
  Rendered share/_wechat.html.erb (0.0ms)
  Rendered share/_contact_cellphones.html.erb (0.0ms)
  Rendered layouts/_footer.html.erb (1.7ms)
Completed 200 OK in 74ms (Views: 72.9ms | ActiveRecord: 0.0ms)


Started GET "/subscribes/new" for 127.0.0.1 at 2016-10-13 14:44:22 +0800
Processing by SubscribesController#new as HTML
  Rendered subscribes/new.html.erb within layouts/application (0.1ms)
  Rendered layouts/_header.html.erb (0.2ms)
  Rendered welcome/_courses.html.erb (0.2ms)
  Rendered share/_wechat.html.erb (0.0ms)
  Rendered share/_contact_cellphones.html.erb (0.0ms)
  Rendered layouts/_footer.html.erb (1.6ms)
Completed 200 OK in 76ms (Views: 75.5ms | ActiveRecord: 0.0ms)


Started GET "/" for 127.0.0.1 at 2016-10-19 11:43:53 +0800
  [1m[36mActiveRecord::SchemaMigration Load (9.8ms)[0m  [1mSELECT `schema_migrations`.* FROM `schema_migrations`[0m
Processing by WelcomeController#index as HTML
  Rendered welcome/_career.html.erb (1.6ms)
  Rendered welcome/_wearefrom.html.erb (0.4ms)
  Rendered welcome/_whoami.html.erb (3.0ms)
  Rendered welcome/_results.html.erb (440.7ms)
  Rendered welcome/index.html.erb within layouts/application (457.4ms)
  Rendered layouts/_header.html.erb (0.7ms)
  Rendered welcome/_courses.html.erb (12.3ms)
  Rendered share/_wechat.html.erb (0.2ms)
  Rendered share/_contact_cellphones.html.erb (0.2ms)
  Rendered layouts/_footer.html.erb (5.2ms)
Completed 200 OK in 679ms (Views: 669.0ms | ActiveRecord: 0.0ms)


Started GET "/" for 127.0.0.1 at 2016-10-19 11:46:15 +0800
Processing by WelcomeController#index as HTML
  Rendered welcome/_career.html.erb (1.1ms)
  Rendered welcome/_wearefrom.html.erb (0.0ms)
  Rendered welcome/_whoami.html.erb (1.2ms)
  Rendered welcome/_results.html.erb (27.3ms)
  Rendered welcome/index.html.erb within layouts/application (33.4ms)
  Rendered layouts/_header.html.erb (0.2ms)
  Rendered welcome/_courses.html.erb (0.4ms)
  Rendered share/_wechat.html.erb (0.1ms)
  Rendered share/_contact_cellphones.html.erb (0.1ms)
  Rendered layouts/_footer.html.erb (2.9ms)
Completed 200 OK in 153ms (Views: 153.0ms | ActiveRecord: 0.0ms)


Started GET "/assets/application.self-cb0307daf48310d36ba829e4cd8d9dc68c78f47802840cfbe89732a21d108185.css?body=1" for 127.0.0.1 at 2016-10-19 11:46:15 +0800


Started GET "/assets/jquery.self-660adc51e0224b731d29f575a6f1ec167ba08ad06ed5deca4f1e8654c135bf4c.js?body=1" for 127.0.0.1 at 2016-10-19 11:46:15 +0800


Started GET "/assets/jquery_ujs.self-e87806d0cf4489aeb1bb7288016024e8de67fd18db693fe026fe3907581e53cd.js?body=1" for 127.0.0.1 at 2016-10-19 11:46:15 +0800


Started GET "/assets/bootstrap/button.self-d19f3e2bcd3a7a4d75c11b9141b3fabd2c11987da1e99c85548ec3ecf8db30c3.js?body=1" for 127.0.0.1 at 2016-10-19 11:46:15 +0800


Started GET "/assets/bootstrap/affix.self-f7aef9d98ee5ece34a6a92a6a15bba777d93e8d908b75c95a85088277f394200.js?body=1" for 127.0.0.1 at 2016-10-19 11:46:15 +0800


Started GET "/assets/jquery.lazyload.min.self-70563866ae30eacbbf78d003e40201b380eb8c89dd14389934d7e00b596530a7.js?body=1" for 127.0.0.1 at 2016-10-19 11:46:15 +0800


Started GET "/assets/bootstrap/alert.self-896ab026e6823f5cef2441e07dac53d0692a5b772ac58b1ce20aa624c342d3f4.js?body=1" for 127.0.0.1 at 2016-10-19 11:46:15 +0800


Started GET "/assets/bootstrap/carousel.self-b2e5e14483e6c31343a83861b7d487620f143d6fc2d07d5ae7544b6b225ba6be.js?body=1" for 127.0.0.1 at 2016-10-19 11:46:15 +0800


Started GET "/assets/bootstrap/collapse.self-93820e9b486e375a7fb4477602def3a6f8381fa6d50938d5378297ffbe4a1248.js?body=1" for 127.0.0.1 at 2016-10-19 11:46:15 +0800


Started GET "/assets/bootstrap/dropdown.self-30536ae4d54b2685c26b5787ed0eb549a9075717fe690cce6270873bedf2df00.js?body=1" for 127.0.0.1 at 2016-10-19 11:46:15 +0800


Started GET "/assets/bootstrap/tab.self-9b77df34cbbb08ec93a806d6cdb741f04e3dbf3389978a0679146f2d2987bc89.js?body=1" for 127.0.0.1 at 2016-10-19 11:46:15 +0800


Started GET "/assets/bootstrap/transition.self-9616c4e856b57659b67da3c6f2adcd584b5601ef4bebcdadab8ebb387d80bb25.js?body=1" for 127.0.0.1 at 2016-10-19 11:46:15 +0800


Started GET "/assets/bootstrap/scrollspy.self-c5c6ed008955656d345067e9821d79f1216b8383134d08465d4aa1a33a2b93b4.js?body=1" for 127.0.0.1 at 2016-10-19 11:46:15 +0800


Started GET "/assets/fontawesome-webfont-d3ebb498192527b985939ae62cc4e5eb5c108efc1896184126b45d866868e73d.woff2?v=4.6.1" for 127.0.0.1 at 2016-10-19 11:46:15 +0800


Started GET "/assets/bootstrap/modal.self-bcfe54f3132bf16a8c5ce4289e47eba488f6522a08f49f378a037061c6c7aa4c.js?body=1" for 127.0.0.1 at 2016-10-19 11:46:15 +0800


Started GET "/assets/bootstrap/tooltip.self-3aa41fbe871573b34e0ebddf31598cd5a11a9841ca85f90934ea46326e46626d.js?body=1" for 127.0.0.1 at 2016-10-19 11:46:15 +0800


Started GET "/assets/bootstrap/popover.self-b73e9c9111d01148e24bbc46e096782e024dc5db630e7078cf11ed2587ef8551.js?body=1" for 127.0.0.1 at 2016-10-19 11:46:15 +0800


Started GET "/assets/bootstrap-sprockets.self-fbfa5ad7d9aa0afe439ec4ff3883acc4cb92b62cb67c40d674320c9aa1d4642d.js?body=1" for 127.0.0.1 at 2016-10-19 11:46:15 +0800


Started GET "/assets/owl.carousel.min.self-0d37be315eae4b8700583ef49f93fd6887aab6dbf13249a8476bacbbf9a673c3.js?body=1" for 127.0.0.1 at 2016-10-19 11:46:15 +0800


Started GET "/assets/WeixinApi.self-60b7c8997fd79c0b1fb5ade9091e7961b5b0edec318b2443926f98bc4b5c7327.js?body=1" for 127.0.0.1 at 2016-10-19 11:46:15 +0800


Started GET "/assets/welcome.self-a26324c9d7433be7b183ebb8b77c27378c8c6c62b11ce01e65a8ea1a207a7082.js?body=1" for 127.0.0.1 at 2016-10-19 11:46:15 +0800


Started GET "/assets/wechat_share.self-f5aa2850e4d165a1d04d377baddc836e19d831e1ee2935b421b8baa2cbb5401f.js?body=1" for 127.0.0.1 at 2016-10-19 11:46:15 +0800


Started GET "/assets/application.self-90ccdce12d16e59172e05170a36ad364760df9726470dae02e35b44d5fb588a2.js?body=1" for 127.0.0.1 at 2016-10-19 11:46:15 +0800


Started GET "/assets/blank-2dfe28cbdb83f01c940de6a88ab86200154fd772d568035ac568664e52068363.gif" for 127.0.0.1 at 2016-10-19 11:46:15 +0800


Started GET "/" for 127.0.0.1 at 2016-10-28 15:14:08 +0800
  [1m[36mActiveRecord::SchemaMigration Load (96.0ms)[0m  [1mSELECT `schema_migrations`.* FROM `schema_migrations`[0m
Processing by WelcomeController#index as HTML
  Rendered welcome/_career.html.erb (1.3ms)
  Rendered welcome/_wearefrom.html.erb (0.4ms)
  Rendered welcome/_whoami.html.erb (2.5ms)
  Rendered welcome/_results.html.erb (615.4ms)
  Rendered welcome/index.html.erb within layouts/application (630.1ms)
  Rendered layouts/_header.html.erb (0.9ms)
  Rendered welcome/_courses.html.erb (15.3ms)
  Rendered share/_wechat.html.erb (1.3ms)
  Rendered share/_contact_cellphones.html.erb (0.3ms)
  Rendered layouts/_footer.html.erb (8.5ms)
Completed 200 OK in 820ms (Views: 809.4ms | ActiveRecord: 0.0ms)


Started GET "/assets/application.self-cb0307daf48310d36ba829e4cd8d9dc68c78f47802840cfbe89732a21d108185.css?body=1" for 127.0.0.1 at 2016-10-28 15:14:09 +0800


Started GET "/assets/fontawesome-webfont-d3ebb498192527b985939ae62cc4e5eb5c108efc1896184126b45d866868e73d.woff2?v=4.6.1" for 127.0.0.1 at 2016-10-28 15:14:09 +0800


Started GET "/assets/jquery.self-660adc51e0224b731d29f575a6f1ec167ba08ad06ed5deca4f1e8654c135bf4c.js?body=1" for 127.0.0.1 at 2016-10-28 15:14:09 +0800


Started GET "/assets/jquery.lazyload.min.self-70563866ae30eacbbf78d003e40201b380eb8c89dd14389934d7e00b596530a7.js?body=1" for 127.0.0.1 at 2016-10-28 15:14:09 +0800


Started GET "/assets/jquery_ujs.self-e87806d0cf4489aeb1bb7288016024e8de67fd18db693fe026fe3907581e53cd.js?body=1" for 127.0.0.1 at 2016-10-28 15:14:09 +0800


Started GET "/assets/bootstrap/affix.self-f7aef9d98ee5ece34a6a92a6a15bba777d93e8d908b75c95a85088277f394200.js?body=1" for 127.0.0.1 at 2016-10-28 15:14:10 +0800


Started GET "/assets/bootstrap/alert.self-896ab026e6823f5cef2441e07dac53d0692a5b772ac58b1ce20aa624c342d3f4.js?body=1" for 127.0.0.1 at 2016-10-28 15:14:10 +0800


Started GET "/assets/bootstrap/button.self-d19f3e2bcd3a7a4d75c11b9141b3fabd2c11987da1e99c85548ec3ecf8db30c3.js?body=1" for 127.0.0.1 at 2016-10-28 15:14:10 +0800


Started GET "/assets/bootstrap/carousel.self-b2e5e14483e6c31343a83861b7d487620f143d6fc2d07d5ae7544b6b225ba6be.js?body=1" for 127.0.0.1 at 2016-10-28 15:14:10 +0800


Started GET "/assets/bootstrap/collapse.self-93820e9b486e375a7fb4477602def3a6f8381fa6d50938d5378297ffbe4a1248.js?body=1" for 127.0.0.1 at 2016-10-28 15:14:10 +0800


Started GET "/assets/bootstrap/dropdown.self-30536ae4d54b2685c26b5787ed0eb549a9075717fe690cce6270873bedf2df00.js?body=1" for 127.0.0.1 at 2016-10-28 15:14:10 +0800


Started GET "/assets/bootstrap/tab.self-9b77df34cbbb08ec93a806d6cdb741f04e3dbf3389978a0679146f2d2987bc89.js?body=1" for 127.0.0.1 at 2016-10-28 15:14:10 +0800


Started GET "/assets/bootstrap/transition.self-9616c4e856b57659b67da3c6f2adcd584b5601ef4bebcdadab8ebb387d80bb25.js?body=1" for 127.0.0.1 at 2016-10-28 15:14:10 +0800


Started GET "/assets/bootstrap/scrollspy.self-c5c6ed008955656d345067e9821d79f1216b8383134d08465d4aa1a33a2b93b4.js?body=1" for 127.0.0.1 at 2016-10-28 15:14:10 +0800


Started GET "/assets/bootstrap/modal.self-bcfe54f3132bf16a8c5ce4289e47eba488f6522a08f49f378a037061c6c7aa4c.js?body=1" for 127.0.0.1 at 2016-10-28 15:14:10 +0800


Started GET "/assets/bootstrap/tooltip.self-3aa41fbe871573b34e0ebddf31598cd5a11a9841ca85f90934ea46326e46626d.js?body=1" for 127.0.0.1 at 2016-10-28 15:14:10 +0800


Started GET "/assets/bootstrap/popover.self-b73e9c9111d01148e24bbc46e096782e024dc5db630e7078cf11ed2587ef8551.js?body=1" for 127.0.0.1 at 2016-10-28 15:14:10 +0800


Started GET "/assets/bootstrap-sprockets.self-fbfa5ad7d9aa0afe439ec4ff3883acc4cb92b62cb67c40d674320c9aa1d4642d.js?body=1" for 127.0.0.1 at 2016-10-28 15:14:10 +0800


Started GET "/assets/owl.carousel.min.self-0d37be315eae4b8700583ef49f93fd6887aab6dbf13249a8476bacbbf9a673c3.js?body=1" for 127.0.0.1 at 2016-10-28 15:14:10 +0800


Started GET "/assets/WeixinApi.self-60b7c8997fd79c0b1fb5ade9091e7961b5b0edec318b2443926f98bc4b5c7327.js?body=1" for 127.0.0.1 at 2016-10-28 15:14:10 +0800


Started GET "/assets/welcome.self-a26324c9d7433be7b183ebb8b77c27378c8c6c62b11ce01e65a8ea1a207a7082.js?body=1" for 127.0.0.1 at 2016-10-28 15:14:10 +0800


Started GET "/assets/wechat_share.self-f5aa2850e4d165a1d04d377baddc836e19d831e1ee2935b421b8baa2cbb5401f.js?body=1" for 127.0.0.1 at 2016-10-28 15:14:10 +0800


Started GET "/assets/application.self-90ccdce12d16e59172e05170a36ad364760df9726470dae02e35b44d5fb588a2.js?body=1" for 127.0.0.1 at 2016-10-28 15:14:10 +0800


Started GET "/assets/blank-2dfe28cbdb83f01c940de6a88ab86200154fd772d568035ac568664e52068363.gif" for 127.0.0.1 at 2016-10-28 15:14:10 +0800


Started GET "/" for 182.126.235.173 at 2016-10-28 15:14:29 +0800
Cannot render console from 182.126.235.173! Allowed networks: 192.168.0.0/192.168.255.255, 127.0.0.0/127.255.255.255, ::1
Processing by WelcomeController#index as HTML
  Rendered welcome/_career.html.erb (0.8ms)
  Rendered welcome/_wearefrom.html.erb (0.1ms)
  Rendered welcome/_whoami.html.erb (1.5ms)
  Rendered welcome/_results.html.erb (17.7ms)
  Rendered welcome/index.html.erb within layouts/application (23.4ms)
  Rendered layouts/_header.html.erb (0.2ms)
  Rendered welcome/_courses.html.erb (0.3ms)
  Rendered share/_wechat.html.erb (0.1ms)
  Rendered share/_contact_cellphones.html.erb (0.0ms)
  Rendered layouts/_footer.html.erb (2.4ms)
Completed 200 OK in 85ms (Views: 84.2ms | ActiveRecord: 0.0ms)


Started GET "/assets/application.self-cb0307daf48310d36ba829e4cd8d9dc68c78f47802840cfbe89732a21d108185.css?body=1" for 182.126.235.173 at 2016-10-28 15:14:30 +0800
Cannot render console from 182.126.235.173! Allowed networks: 192.168.0.0/192.168.255.255, 127.0.0.0/127.255.255.255, ::1


Started GET "/assets/jquery.self-660adc51e0224b731d29f575a6f1ec167ba08ad06ed5deca4f1e8654c135bf4c.js?body=1" for 182.126.235.173 at 2016-10-28 15:14:31 +0800
Cannot render console from 182.126.235.173! Allowed networks: 192.168.0.0/192.168.255.255, 127.0.0.0/127.255.255.255, ::1


Started GET "/assets/jquery_ujs.self-e87806d0cf4489aeb1bb7288016024e8de67fd18db693fe026fe3907581e53cd.js?body=1" for 182.126.235.173 at 2016-10-28 15:14:33 +0800
Cannot render console from 182.126.235.173! Allowed networks: 192.168.0.0/192.168.255.255, 127.0.0.0/127.255.255.255, ::1


Started GET "/assets/jquery.lazyload.min.self-70563866ae30eacbbf78d003e40201b380eb8c89dd14389934d7e00b596530a7.js?body=1" for 182.126.235.173 at 2016-10-28 15:14:33 +0800
Cannot render console from 182.126.235.173! Allowed networks: 192.168.0.0/192.168.255.255, 127.0.0.0/127.255.255.255, ::1


Started GET "/assets/bootstrap/button.self-d19f3e2bcd3a7a4d75c11b9141b3fabd2c11987da1e99c85548ec3ecf8db30c3.js?body=1" for 182.126.235.173 at 2016-10-28 15:14:33 +0800
Cannot render console from 182.126.235.173! Allowed networks: 192.168.0.0/192.168.255.255, 127.0.0.0/127.255.255.255, ::1


Started GET "/assets/bootstrap/alert.self-896ab026e6823f5cef2441e07dac53d0692a5b772ac58b1ce20aa624c342d3f4.js?body=1" for 182.126.235.173 at 2016-10-28 15:14:33 +0800
Cannot render console from 182.126.235.173! Allowed networks: 192.168.0.0/192.168.255.255, 127.0.0.0/127.255.255.255, ::1


Started GET "/assets/bootstrap/affix.self-f7aef9d98ee5ece34a6a92a6a15bba777d93e8d908b75c95a85088277f394200.js?body=1" for 182.126.235.173 at 2016-10-28 15:14:33 +0800
Cannot render console from 182.126.235.173! Allowed networks: 192.168.0.0/192.168.255.255, 127.0.0.0/127.255.255.255, ::1


Started GET "/assets/fontawesome-webfont-d3ebb498192527b985939ae62cc4e5eb5c108efc1896184126b45d866868e73d.woff2?v=4.6.1" for 182.126.235.173 at 2016-10-28 15:14:33 +0800
Cannot render console from 182.126.235.173! Allowed networks: 192.168.0.0/192.168.255.255, 127.0.0.0/127.255.255.255, ::1


Started GET "/assets/bootstrap/carousel.self-b2e5e14483e6c31343a83861b7d487620f143d6fc2d07d5ae7544b6b225ba6be.js?body=1" for 182.126.235.173 at 2016-10-28 15:14:33 +0800
Cannot render console from 182.126.235.173! Allowed networks: 192.168.0.0/192.168.255.255, 127.0.0.0/127.255.255.255, ::1


Started GET "/assets/bootstrap/collapse.self-93820e9b486e375a7fb4477602def3a6f8381fa6d50938d5378297ffbe4a1248.js?body=1" for 182.126.235.173 at 2016-10-28 15:14:33 +0800
Cannot render console from 182.126.235.173! Allowed networks: 192.168.0.0/192.168.255.255, 127.0.0.0/127.255.255.255, ::1


Started GET "/assets/bootstrap/transition.self-9616c4e856b57659b67da3c6f2adcd584b5601ef4bebcdadab8ebb387d80bb25.js?body=1" for 182.126.235.173 at 2016-10-28 15:14:33 +0800
Cannot render console from 182.126.235.173! Allowed networks: 192.168.0.0/192.168.255.255, 127.0.0.0/127.255.255.255, ::1


Started GET "/assets/bootstrap/dropdown.self-30536ae4d54b2685c26b5787ed0eb549a9075717fe690cce6270873bedf2df00.js?body=1" for 182.126.235.173 at 2016-10-28 15:14:33 +0800
Cannot render console from 182.126.235.173! Allowed networks: 192.168.0.0/192.168.255.255, 127.0.0.0/127.255.255.255, ::1


Started GET "/assets/bootstrap/tab.self-9b77df34cbbb08ec93a806d6cdb741f04e3dbf3389978a0679146f2d2987bc89.js?body=1" for 182.126.235.173 at 2016-10-28 15:14:33 +0800
Cannot render console from 182.126.235.173! Allowed networks: 192.168.0.0/192.168.255.255, 127.0.0.0/127.255.255.255, ::1


Started GET "/assets/bootstrap/scrollspy.self-c5c6ed008955656d345067e9821d79f1216b8383134d08465d4aa1a33a2b93b4.js?body=1" for 182.126.235.173 at 2016-10-28 15:14:34 +0800
Cannot render console from 182.126.235.173! Allowed networks: 192.168.0.0/192.168.255.255, 127.0.0.0/127.255.255.255, ::1


Started GET "/assets/bootstrap/modal.self-bcfe54f3132bf16a8c5ce4289e47eba488f6522a08f49f378a037061c6c7aa4c.js?body=1" for 182.126.235.173 at 2016-10-28 15:14:34 +0800
Cannot render console from 182.126.235.173! Allowed networks: 192.168.0.0/192.168.255.255, 127.0.0.0/127.255.255.255, ::1


Started GET "/assets/bootstrap/tooltip.self-3aa41fbe871573b34e0ebddf31598cd5a11a9841ca85f90934ea46326e46626d.js?body=1" for 182.126.235.173 at 2016-10-28 15:14:34 +0800
Cannot render console from 182.126.235.173! Allowed networks: 192.168.0.0/192.168.255.255, 127.0.0.0/127.255.255.255, ::1


Started GET "/assets/bootstrap/popover.self-b73e9c9111d01148e24bbc46e096782e024dc5db630e7078cf11ed2587ef8551.js?body=1" for 182.126.235.173 at 2016-10-28 15:14:34 +0800
Cannot render console from 182.126.235.173! Allowed networks: 192.168.0.0/192.168.255.255, 127.0.0.0/127.255.255.255, ::1


Started GET "/assets/bootstrap-sprockets.self-fbfa5ad7d9aa0afe439ec4ff3883acc4cb92b62cb67c40d674320c9aa1d4642d.js?body=1" for 182.126.235.173 at 2016-10-28 15:14:34 +0800
Cannot render console from 182.126.235.173! Allowed networks: 192.168.0.0/192.168.255.255, 127.0.0.0/127.255.255.255, ::1


Started GET "/assets/owl.carousel.min.self-0d37be315eae4b8700583ef49f93fd6887aab6dbf13249a8476bacbbf9a673c3.js?body=1" for 182.126.235.173 at 2016-10-28 15:14:34 +0800
Cannot render console from 182.126.235.173! Allowed networks: 192.168.0.0/192.168.255.255, 127.0.0.0/127.255.255.255, ::1


Started GET "/assets/WeixinApi.self-60b7c8997fd79c0b1fb5ade9091e7961b5b0edec318b2443926f98bc4b5c7327.js?body=1" for 182.126.235.173 at 2016-10-28 15:14:34 +0800
Cannot render console from 182.126.235.173! Allowed networks: 192.168.0.0/192.168.255.255, 127.0.0.0/127.255.255.255, ::1


Started GET "/assets/welcome.self-a26324c9d7433be7b183ebb8b77c27378c8c6c62b11ce01e65a8ea1a207a7082.js?body=1" for 182.126.235.173 at 2016-10-28 15:14:34 +0800
Cannot render console from 182.126.235.173! Allowed networks: 192.168.0.0/192.168.255.255, 127.0.0.0/127.255.255.255, ::1


Started GET "/assets/wechat_share.self-f5aa2850e4d165a1d04d377baddc836e19d831e1ee2935b421b8baa2cbb5401f.js?body=1" for 182.126.235.173 at 2016-10-28 15:14:34 +0800
Cannot render console from 182.126.235.173! Allowed networks: 192.168.0.0/192.168.255.255, 127.0.0.0/127.255.255.255, ::1


Started GET "/assets/application.self-90ccdce12d16e59172e05170a36ad364760df9726470dae02e35b44d5fb588a2.js?body=1" for 182.126.235.173 at 2016-10-28 15:14:34 +0800
Cannot render console from 182.126.235.173! Allowed networks: 192.168.0.0/192.168.255.255, 127.0.0.0/127.255.255.255, ::1


Started GET "/assets/blank-2dfe28cbdb83f01c940de6a88ab86200154fd772d568035ac568664e52068363.gif" for 182.126.235.173 at 2016-10-28 15:14:34 +0800
Cannot render console from 182.126.235.173! Allowed networks: 192.168.0.0/192.168.255.255, 127.0.0.0/127.255.255.255, ::1


Started GET "/assets/website_ibm-e079f053e073f2f3e5f3440cdb67089138d0c34564b909d03b7e75ec133f5ddd.png" for 182.126.235.173 at 2016-10-28 15:14:44 +0800
Cannot render console from 182.126.235.173! Allowed networks: 192.168.0.0/192.168.255.255, 127.0.0.0/127.255.255.255, ::1


Started GET "/assets/website_appannie-54442d9b6d13248b339bf7df5979a42ae77812b797af54cd67564add081da268.png" for 182.126.235.173 at 2016-10-28 15:14:44 +0800
Cannot render console from 182.126.235.173! Allowed networks: 192.168.0.0/192.168.255.255, 127.0.0.0/127.255.255.255, ::1


Started GET "/assets/website_freewheel-f51c809320743aca31818214adbedfa79d87555d3e1717cd3694c3f9ce2d46b9.png" for 182.126.235.173 at 2016-10-28 15:14:44 +0800
Cannot render console from 182.126.235.173! Allowed networks: 192.168.0.0/192.168.255.255, 127.0.0.0/127.255.255.255, ::1


Started GET "/assets/website_yottaa-0861d91cacf6de46ffee8232c3a9ae8557d0c2e5d21553911411b7b5e5039262.png" for 182.126.235.173 at 2016-10-28 15:14:44 +0800
Cannot render console from 182.126.235.173! Allowed networks: 192.168.0.0/192.168.255.255, 127.0.0.0/127.255.255.255, ::1


Started GET "/assets/website_qq-c6e9bee659526b0a1887e9179c4331c9a4780e893af767b1f2ba45737c3cde04.png" for 182.126.235.173 at 2016-10-28 15:14:44 +0800
Cannot render console from 182.126.235.173! Allowed networks: 192.168.0.0/192.168.255.255, 127.0.0.0/127.255.255.255, ::1


Started GET "/assets/website_admaster-99bead99befe7a0466ef6b321d1032fb2996eb23f15aee9bd52d50c571ff5617.png" for 182.126.235.173 at 2016-10-28 15:14:44 +0800
Cannot render console from 182.126.235.173! Allowed networks: 192.168.0.0/192.168.255.255, 127.0.0.0/127.255.255.255, ::1


Started GET "/assets/website_adobe-9571e1b9b36f9d12576e7ff6b572c7c70242d3c50044652b7a7faad6c4d47f2b.png" for 182.126.235.173 at 2016-10-28 15:14:45 +0800
Cannot render console from 182.126.235.173! Allowed networks: 192.168.0.0/192.168.255.255, 127.0.0.0/127.255.255.255, ::1


Started GET "/assets/website_oracle-e8fb3ebac44d595d2fd21297830b01f712e40a7bbe145af7cfc7911ec81b7ee4.png" for 182.126.235.173 at 2016-10-28 15:14:45 +0800
Cannot render console from 182.126.235.173! Allowed networks: 192.168.0.0/192.168.255.255, 127.0.0.0/127.255.255.255, ::1


Started GET "/courses/public" for 182.126.235.173 at 2016-10-28 15:14:45 +0800
Cannot render console from 182.126.235.173! Allowed networks: 192.168.0.0/192.168.255.255, 127.0.0.0/127.255.255.255, ::1
Processing by CoursesController#public as HTML
  Rendered courses/public.html.erb within layouts/application (0.4ms)
  Rendered layouts/_header.html.erb (0.3ms)
  Rendered welcome/_courses.html.erb (0.3ms)
  Rendered share/_wechat.html.erb (0.0ms)
  Rendered share/_contact_cellphones.html.erb (0.1ms)
  Rendered layouts/_footer.html.erb (2.3ms)
Completed 200 OK in 71ms (Views: 70.6ms | ActiveRecord: 0.0ms)


Started GET "/" for 182.126.235.173 at 2016-10-28 15:14:50 +0800
Cannot render console from 182.126.235.173! Allowed networks: 192.168.0.0/192.168.255.255, 127.0.0.0/127.255.255.255, ::1
Processing by WelcomeController#index as HTML
  Rendered welcome/_career.html.erb (0.7ms)
  Rendered welcome/_wearefrom.html.erb (0.1ms)
  Rendered welcome/_whoami.html.erb (1.3ms)
  Rendered welcome/_results.html.erb (16.6ms)
  Rendered welcome/index.html.erb within layouts/application (22.3ms)
  Rendered layouts/_header.html.erb (0.2ms)
  Rendered welcome/_courses.html.erb (0.2ms)
  Rendered share/_wechat.html.erb (0.0ms)
  Rendered share/_contact_cellphones.html.erb (0.0ms)
  Rendered layouts/_footer.html.erb (1.6ms)
Completed 200 OK in 91ms (Views: 90.4ms | ActiveRecord: 0.0ms)


Started GET "/wechat/payment/?key=7xdmmmoj9irtyordq2jqnqvdqqe4ckiukd34dxfkkaz09s2o&app=eggman&body=year_product&trade_type=APP&out_trade_no=1122339&total_fee=199&product_id=year&openid=oMZZkwyFG5sAx-d4PMQ6Lq1xisHE" for 182.126.235.173 at 2016-10-28 15:16:30 +0800
Cannot render console from 182.126.235.173! Allowed networks: 192.168.0.0/192.168.255.255, 127.0.0.0/127.255.255.255, ::1

ActionController::RoutingError (No route matches [GET] "/wechat/payment"):
  actionpack (4.2.3) lib/action_dispatch/middleware/debug_exceptions.rb:21:in `call'
  web-console (2.3.0) lib/web_console/middleware.rb:20:in `block in call'
  web-console (2.3.0) lib/web_console/middleware.rb:18:in `catch'
  web-console (2.3.0) lib/web_console/middleware.rb:18:in `call'
  actionpack (4.2.3) lib/action_dispatch/middleware/show_exceptions.rb:30:in `call'
  railties (4.2.3) lib/rails/rack/logger.rb:38:in `call_app'
  railties (4.2.3) lib/rails/rack/logger.rb:20:in `block in call'
  activesupport (4.2.3) lib/active_support/tagged_logging.rb:68:in `block in tagged'
  activesupport (4.2.3) lib/active_support/tagged_logging.rb:26:in `tagged'
  activesupport (4.2.3) lib/active_support/tagged_logging.rb:68:in `tagged'
  railties (4.2.3) lib/rails/rack/logger.rb:20:in `call'
  actionpack (4.2.3) lib/action_dispatch/middleware/request_id.rb:21:in `call'
  rack (1.6.4) lib/rack/methodoverride.rb:22:in `call'
  rack (1.6.4) lib/rack/runtime.rb:18:in `call'
  activesupport (4.2.3) lib/active_support/cache/strategy/local_cache_middleware.rb:28:in `call'
  rack (1.6.4) lib/rack/lock.rb:17:in `call'
  actionpack (4.2.3) lib/action_dispatch/middleware/static.rb:116:in `call'
  rack (1.6.4) lib/rack/sendfile.rb:113:in `call'
  railties (4.2.3) lib/rails/engine.rb:518:in `call'
  railties (4.2.3) lib/rails/application.rb:165:in `call'
  rack (1.6.4) lib/rack/lock.rb:17:in `call'
  rack (1.6.4) lib/rack/content_length.rb:15:in `call'
  rack (1.6.4) lib/rack/handler/webrick.rb:88:in `service'
  /usr/local/rvm/rubies/ruby-2.2.2/lib/ruby/2.2.0/webrick/httpserver.rb:138:in `service'
  /usr/local/rvm/rubies/ruby-2.2.2/lib/ruby/2.2.0/webrick/httpserver.rb:94:in `run'
  /usr/local/rvm/rubies/ruby-2.2.2/lib/ruby/2.2.0/webrick/server.rb:294:in `block in start_thread'


  Rendered /usr/local/rvm/gems/ruby-2.2.2/gems/actionpack-4.2.3/lib/action_dispatch/middleware/templates/rescues/_trace.html.erb (2.2ms)
  Rendered /usr/local/rvm/gems/ruby-2.2.2/gems/actionpack-4.2.3/lib/action_dispatch/middleware/templates/routes/_route.html.erb (10.7ms)
  Rendered /usr/local/rvm/gems/ruby-2.2.2/gems/actionpack-4.2.3/lib/action_dispatch/middleware/templates/routes/_table.html.erb (10.2ms)
  Rendered /usr/local/rvm/gems/ruby-2.2.2/gems/actionpack-4.2.3/lib/action_dispatch/middleware/templates/rescues/_request_and_response.html.erb (1.2ms)
  Rendered /usr/local/rvm/gems/ruby-2.2.2/gems/actionpack-4.2.3/lib/action_dispatch/middleware/templates/rescues/routing_error.html.erb within rescues/layout (132.5ms)


Started GET "/wechat/payment/?key=7xdmmmoj9irtyordq2jqnqvdqqe4ckiukd34dxfkkaz09s2o&app=eggman&body=year_product&trade_type=APP&out_trade_no=1122339&total_fee=199&product_id=year&openid=oMZZkwyFG5sAx-d4PMQ6Lq1xisHE" for 182.126.235.173 at 2016-10-28 15:17:25 +0800
Cannot render console from 182.126.235.173! Allowed networks: 192.168.0.0/192.168.255.255, 127.0.0.0/127.255.255.255, ::1

ActionController::RoutingError (No route matches [GET] "/wechat/payment"):
  actionpack (4.2.3) lib/action_dispatch/middleware/debug_exceptions.rb:21:in `call'
  web-console (2.3.0) lib/web_console/middleware.rb:20:in `block in call'
  web-console (2.3.0) lib/web_console/middleware.rb:18:in `catch'
  web-console (2.3.0) lib/web_console/middleware.rb:18:in `call'
  actionpack (4.2.3) lib/action_dispatch/middleware/show_exceptions.rb:30:in `call'
  railties (4.2.3) lib/rails/rack/logger.rb:38:in `call_app'
  railties (4.2.3) lib/rails/rack/logger.rb:20:in `block in call'
  activesupport (4.2.3) lib/active_support/tagged_logging.rb:68:in `block in tagged'
  activesupport (4.2.3) lib/active_support/tagged_logging.rb:26:in `tagged'
  activesupport (4.2.3) lib/active_support/tagged_logging.rb:68:in `tagged'
  railties (4.2.3) lib/rails/rack/logger.rb:20:in `call'
  actionpack (4.2.3) lib/action_dispatch/middleware/request_id.rb:21:in `call'
  rack (1.6.4) lib/rack/methodoverride.rb:22:in `call'
  rack (1.6.4) lib/rack/runtime.rb:18:in `call'
  activesupport (4.2.3) lib/active_support/cache/strategy/local_cache_middleware.rb:28:in `call'
  rack (1.6.4) lib/rack/lock.rb:17:in `call'
  actionpack (4.2.3) lib/action_dispatch/middleware/static.rb:116:in `call'
  rack (1.6.4) lib/rack/sendfile.rb:113:in `call'
  railties (4.2.3) lib/rails/engine.rb:518:in `call'
  railties (4.2.3) lib/rails/application.rb:165:in `call'
  rack (1.6.4) lib/rack/lock.rb:17:in `call'
  rack (1.6.4) lib/rack/content_length.rb:15:in `call'
  rack (1.6.4) lib/rack/handler/webrick.rb:88:in `service'
  /usr/local/rvm/rubies/ruby-2.2.2/lib/ruby/2.2.0/webrick/httpserver.rb:138:in `service'
  /usr/local/rvm/rubies/ruby-2.2.2/lib/ruby/2.2.0/webrick/httpserver.rb:94:in `run'
  /usr/local/rvm/rubies/ruby-2.2.2/lib/ruby/2.2.0/webrick/server.rb:294:in `block in start_thread'


  Rendered /usr/local/rvm/gems/ruby-2.2.2/gems/actionpack-4.2.3/lib/action_dispatch/middleware/templates/rescues/_trace.html.erb (1.8ms)
  Rendered /usr/local/rvm/gems/ruby-2.2.2/gems/actionpack-4.2.3/lib/action_dispatch/middleware/templates/routes/_route.html.erb (6.4ms)
  Rendered /usr/local/rvm/gems/ruby-2.2.2/gems/actionpack-4.2.3/lib/action_dispatch/middleware/templates/routes/_table.html.erb (1.0ms)
  Rendered /usr/local/rvm/gems/ruby-2.2.2/gems/actionpack-4.2.3/lib/action_dispatch/middleware/templates/rescues/_request_and_response.html.erb (1.3ms)
  Rendered /usr/local/rvm/gems/ruby-2.2.2/gems/actionpack-4.2.3/lib/action_dispatch/middleware/templates/rescues/routing_error.html.erb within rescues/layout (109.9ms)


Started GET "/wechat/payment/?key=7xdmmmoj9irtyordq2jqnqvdqqe4ckiukd34dxfkkaz09s2o&app=eggman&body=year_product&trade_type=APP&out_trade_no=1122339&total_fee=199&product_id=year&openid=oMZZkwyFG5sAx-d4PMQ6Lq1xisHE" for 182.126.235.173 at 2016-10-28 15:18:13 +0800
Cannot render console from 182.126.235.173! Allowed networks: 192.168.0.0/192.168.255.255, 127.0.0.0/127.255.255.255, ::1

ActionController::RoutingError (No route matches [GET] "/wechat/payment"):
  actionpack (4.2.3) lib/action_dispatch/middleware/debug_exceptions.rb:21:in `call'
  web-console (2.3.0) lib/web_console/middleware.rb:20:in `block in call'
  web-console (2.3.0) lib/web_console/middleware.rb:18:in `catch'
  web-console (2.3.0) lib/web_console/middleware.rb:18:in `call'
  actionpack (4.2.3) lib/action_dispatch/middleware/show_exceptions.rb:30:in `call'
  railties (4.2.3) lib/rails/rack/logger.rb:38:in `call_app'
  railties (4.2.3) lib/rails/rack/logger.rb:20:in `block in call'
  activesupport (4.2.3) lib/active_support/tagged_logging.rb:68:in `block in tagged'
  activesupport (4.2.3) lib/active_support/tagged_logging.rb:26:in `tagged'
  activesupport (4.2.3) lib/active_support/tagged_logging.rb:68:in `tagged'
  railties (4.2.3) lib/rails/rack/logger.rb:20:in `call'
  actionpack (4.2.3) lib/action_dispatch/middleware/request_id.rb:21:in `call'
  rack (1.6.4) lib/rack/methodoverride.rb:22:in `call'
  rack (1.6.4) lib/rack/runtime.rb:18:in `call'
  activesupport (4.2.3) lib/active_support/cache/strategy/local_cache_middleware.rb:28:in `call'
  rack (1.6.4) lib/rack/lock.rb:17:in `call'
  actionpack (4.2.3) lib/action_dispatch/middleware/static.rb:116:in `call'
  rack (1.6.4) lib/rack/sendfile.rb:113:in `call'
  railties (4.2.3) lib/rails/engine.rb:518:in `call'
  railties (4.2.3) lib/rails/application.rb:165:in `call'
  rack (1.6.4) lib/rack/lock.rb:17:in `call'
  rack (1.6.4) lib/rack/content_length.rb:15:in `call'
  rack (1.6.4) lib/rack/handler/webrick.rb:88:in `service'
  /usr/local/rvm/rubies/ruby-2.2.2/lib/ruby/2.2.0/webrick/httpserver.rb:138:in `service'
  /usr/local/rvm/rubies/ruby-2.2.2/lib/ruby/2.2.0/webrick/httpserver.rb:94:in `run'
  /usr/local/rvm/rubies/ruby-2.2.2/lib/ruby/2.2.0/webrick/server.rb:294:in `block in start_thread'


  Rendered /usr/local/rvm/gems/ruby-2.2.2/gems/actionpack-4.2.3/lib/action_dispatch/middleware/templates/rescues/_trace.html.erb (1.9ms)
  Rendered /usr/local/rvm/gems/ruby-2.2.2/gems/actionpack-4.2.3/lib/action_dispatch/middleware/templates/routes/_route.html.erb (6.9ms)
  Rendered /usr/local/rvm/gems/ruby-2.2.2/gems/actionpack-4.2.3/lib/action_dispatch/middleware/templates/routes/_table.html.erb (1.1ms)
  Rendered /usr/local/rvm/gems/ruby-2.2.2/gems/actionpack-4.2.3/lib/action_dispatch/middleware/templates/rescues/_request_and_response.html.erb (1.1ms)
  Rendered /usr/local/rvm/gems/ruby-2.2.2/gems/actionpack-4.2.3/lib/action_dispatch/middleware/templates/rescues/routing_error.html.erb within rescues/layout (109.2ms)


Started GET "/wechat/payment/?key=7xdmmmoj9irtyordq2jqnqvdqqe4ckiukd34dxfkkaz09s2o&app=eggman&body=year_product&trade_type=APP&out_trade_no=1122339&total_fee=199&product_id=year&openid=oMZZkwyFG5sAx-d4PMQ6Lq1xisHE" for 182.126.235.173 at 2016-10-28 15:18:24 +0800
Cannot render console from 182.126.235.173! Allowed networks: 192.168.0.0/192.168.255.255, 127.0.0.0/127.255.255.255, ::1

ActionController::RoutingError (No route matches [GET] "/wechat/payment"):
  actionpack (4.2.3) lib/action_dispatch/middleware/debug_exceptions.rb:21:in `call'
  web-console (2.3.0) lib/web_console/middleware.rb:20:in `block in call'
  web-console (2.3.0) lib/web_console/middleware.rb:18:in `catch'
  web-console (2.3.0) lib/web_console/middleware.rb:18:in `call'
  actionpack (4.2.3) lib/action_dispatch/middleware/show_exceptions.rb:30:in `call'
  railties (4.2.3) lib/rails/rack/logger.rb:38:in `call_app'
  railties (4.2.3) lib/rails/rack/logger.rb:20:in `block in call'
  activesupport (4.2.3) lib/active_support/tagged_logging.rb:68:in `block in tagged'
  activesupport (4.2.3) lib/active_support/tagged_logging.rb:26:in `tagged'
  activesupport (4.2.3) lib/active_support/tagged_logging.rb:68:in `tagged'
  railties (4.2.3) lib/rails/rack/logger.rb:20:in `call'
  actionpack (4.2.3) lib/action_dispatch/middleware/request_id.rb:21:in `call'
  rack (1.6.4) lib/rack/methodoverride.rb:22:in `call'
  rack (1.6.4) lib/rack/runtime.rb:18:in `call'
  activesupport (4.2.3) lib/active_support/cache/strategy/local_cache_middleware.rb:28:in `call'
  rack (1.6.4) lib/rack/lock.rb:17:in `call'
  actionpack (4.2.3) lib/action_dispatch/middleware/static.rb:116:in `call'
  rack (1.6.4) lib/rack/sendfile.rb:113:in `call'
  railties (4.2.3) lib/rails/engine.rb:518:in `call'
  railties (4.2.3) lib/rails/application.rb:165:in `call'
  rack (1.6.4) lib/rack/lock.rb:17:in `call'
  rack (1.6.4) lib/rack/content_length.rb:15:in `call'
  rack (1.6.4) lib/rack/handler/webrick.rb:88:in `service'
  /usr/local/rvm/rubies/ruby-2.2.2/lib/ruby/2.2.0/webrick/httpserver.rb:138:in `service'
  /usr/local/rvm/rubies/ruby-2.2.2/lib/ruby/2.2.0/webrick/httpserver.rb:94:in `run'
  /usr/local/rvm/rubies/ruby-2.2.2/lib/ruby/2.2.0/webrick/server.rb:294:in `block in start_thread'


  Rendered /usr/local/rvm/gems/ruby-2.2.2/gems/actionpack-4.2.3/lib/action_dispatch/middleware/templates/rescues/_trace.html.erb (1.3ms)
  Rendered /usr/local/rvm/gems/ruby-2.2.2/gems/actionpack-4.2.3/lib/action_dispatch/middleware/templates/routes/_route.html.erb (8.3ms)
  Rendered /usr/local/rvm/gems/ruby-2.2.2/gems/actionpack-4.2.3/lib/action_dispatch/middleware/templates/routes/_table.html.erb (1.1ms)
  Rendered /usr/local/rvm/gems/ruby-2.2.2/gems/actionpack-4.2.3/lib/action_dispatch/middleware/templates/rescues/_request_and_response.html.erb (1.0ms)
  Rendered /usr/local/rvm/gems/ruby-2.2.2/gems/actionpack-4.2.3/lib/action_dispatch/middleware/templates/rescues/routing_error.html.erb within rescues/layout (103.7ms)


Started GET "/wechat/payment/?key=7xdmmmoj9irtyordq2jqnqvdqqe4ckiukd34dxfkkaz09s2o&app=eggman&body=year_product&trade_type=APP&out_trade_no=1122339&total_fee=199&product_id=year&openid=oMZZkwyFG5sAx-d4PMQ6Lq1xisHE" for 127.0.0.1 at 2016-10-28 15:18:43 +0800

ActionController::RoutingError (No route matches [GET] "/wechat/payment"):
  actionpack (4.2.3) lib/action_dispatch/middleware/debug_exceptions.rb:21:in `call'
  web-console (2.3.0) lib/web_console/middleware.rb:28:in `block in call'
  web-console (2.3.0) lib/web_console/middleware.rb:18:in `catch'
  web-console (2.3.0) lib/web_console/middleware.rb:18:in `call'
  actionpack (4.2.3) lib/action_dispatch/middleware/show_exceptions.rb:30:in `call'
  railties (4.2.3) lib/rails/rack/logger.rb:38:in `call_app'
  railties (4.2.3) lib/rails/rack/logger.rb:20:in `block in call'
  activesupport (4.2.3) lib/active_support/tagged_logging.rb:68:in `block in tagged'
  activesupport (4.2.3) lib/active_support/tagged_logging.rb:26:in `tagged'
  activesupport (4.2.3) lib/active_support/tagged_logging.rb:68:in `tagged'
  railties (4.2.3) lib/rails/rack/logger.rb:20:in `call'
  actionpack (4.2.3) lib/action_dispatch/middleware/request_id.rb:21:in `call'
  rack (1.6.4) lib/rack/methodoverride.rb:22:in `call'
  rack (1.6.4) lib/rack/runtime.rb:18:in `call'
  activesupport (4.2.3) lib/active_support/cache/strategy/local_cache_middleware.rb:28:in `call'
  rack (1.6.4) lib/rack/lock.rb:17:in `call'
  actionpack (4.2.3) lib/action_dispatch/middleware/static.rb:116:in `call'
  rack (1.6.4) lib/rack/sendfile.rb:113:in `call'
  railties (4.2.3) lib/rails/engine.rb:518:in `call'
  railties (4.2.3) lib/rails/application.rb:165:in `call'
  rack (1.6.4) lib/rack/lock.rb:17:in `call'
  rack (1.6.4) lib/rack/content_length.rb:15:in `call'
  rack (1.6.4) lib/rack/handler/webrick.rb:88:in `service'
  /usr/local/rvm/rubies/ruby-2.2.2/lib/ruby/2.2.0/webrick/httpserver.rb:138:in `service'
  /usr/local/rvm/rubies/ruby-2.2.2/lib/ruby/2.2.0/webrick/httpserver.rb:94:in `run'
  /usr/local/rvm/rubies/ruby-2.2.2/lib/ruby/2.2.0/webrick/server.rb:294:in `block in start_thread'


  Rendered /usr/local/rvm/gems/ruby-2.2.2/gems/actionpack-4.2.3/lib/action_dispatch/middleware/templates/rescues/_trace.html.erb (1.3ms)
  Rendered /usr/local/rvm/gems/ruby-2.2.2/gems/actionpack-4.2.3/lib/action_dispatch/middleware/templates/routes/_route.html.erb (6.0ms)
  Rendered /usr/local/rvm/gems/ruby-2.2.2/gems/actionpack-4.2.3/lib/action_dispatch/middleware/templates/routes/_table.html.erb (1.0ms)
  Rendered /usr/local/rvm/gems/ruby-2.2.2/gems/actionpack-4.2.3/lib/action_dispatch/middleware/templates/rescues/_request_and_response.html.erb (1.1ms)
  Rendered /usr/local/rvm/gems/ruby-2.2.2/gems/actionpack-4.2.3/lib/action_dispatch/middleware/templates/rescues/routing_error.html.erb within rescues/layout (99.0ms)
  Rendered /usr/local/rvm/gems/ruby-2.2.2/gems/web-console-2.3.0/lib/web_console/templates/_markup.html.erb (0.3ms)
  Rendered /usr/local/rvm/gems/ruby-2.2.2/gems/web-console-2.3.0/lib/web_console/templates/_inner_console_markup.html.erb within layouts/inlined_string (0.3ms)
  Rendered /usr/local/rvm/gems/ruby-2.2.2/gems/web-console-2.3.0/lib/web_console/templates/_prompt_box_markup.html.erb within layouts/inlined_string (0.3ms)
  Rendered /usr/local/rvm/gems/ruby-2.2.2/gems/web-console-2.3.0/lib/web_console/templates/style.css.erb within layouts/inlined_string (0.4ms)
  Rendered /usr/local/rvm/gems/ruby-2.2.2/gems/web-console-2.3.0/lib/web_console/templates/console.js.erb within layouts/javascript (47.1ms)
  Rendered /usr/local/rvm/gems/ruby-2.2.2/gems/web-console-2.3.0/lib/web_console/templates/main.js.erb within layouts/javascript (0.3ms)
  Rendered /usr/local/rvm/gems/ruby-2.2.2/gems/web-console-2.3.0/lib/web_console/templates/error_page.js.erb within layouts/javascript (0.5ms)
  Rendered /usr/local/rvm/gems/ruby-2.2.2/gems/web-console-2.3.0/lib/web_console/templates/index.html.erb (92.9ms)


Started GET "/wechat/payment/?key=7xdmmmoj9irtyordq2jqnqvdqqe4ckiukd34dxfkkaz09s2o&app=eggman&body=year_product&trade_type=APP&out_trade_no=1122339&total_fee=199&product_id=year&openid=oMZZkwyFG5sAx-d4PMQ6Lq1xisHE" for 182.126.235.173 at 2016-10-28 15:18:51 +0800
Cannot render console from 182.126.235.173! Allowed networks: 192.168.0.0/192.168.255.255, 127.0.0.0/127.255.255.255, ::1

ActionController::RoutingError (No route matches [GET] "/wechat/payment"):
  actionpack (4.2.3) lib/action_dispatch/middleware/debug_exceptions.rb:21:in `call'
  web-console (2.3.0) lib/web_console/middleware.rb:20:in `block in call'
  web-console (2.3.0) lib/web_console/middleware.rb:18:in `catch'
  web-console (2.3.0) lib/web_console/middleware.rb:18:in `call'
  actionpack (4.2.3) lib/action_dispatch/middleware/show_exceptions.rb:30:in `call'
  railties (4.2.3) lib/rails/rack/logger.rb:38:in `call_app'
  railties (4.2.3) lib/rails/rack/logger.rb:20:in `block in call'
  activesupport (4.2.3) lib/active_support/tagged_logging.rb:68:in `block in tagged'
  activesupport (4.2.3) lib/active_support/tagged_logging.rb:26:in `tagged'
  activesupport (4.2.3) lib/active_support/tagged_logging.rb:68:in `tagged'
  railties (4.2.3) lib/rails/rack/logger.rb:20:in `call'
  actionpack (4.2.3) lib/action_dispatch/middleware/request_id.rb:21:in `call'
  rack (1.6.4) lib/rack/methodoverride.rb:22:in `call'
  rack (1.6.4) lib/rack/runtime.rb:18:in `call'
  activesupport (4.2.3) lib/active_support/cache/strategy/local_cache_middleware.rb:28:in `call'
  rack (1.6.4) lib/rack/lock.rb:17:in `call'
  actionpack (4.2.3) lib/action_dispatch/middleware/static.rb:116:in `call'
  rack (1.6.4) lib/rack/sendfile.rb:113:in `call'
  railties (4.2.3) lib/rails/engine.rb:518:in `call'
  railties (4.2.3) lib/rails/application.rb:165:in `call'
  rack (1.6.4) lib/rack/lock.rb:17:in `call'
  rack (1.6.4) lib/rack/content_length.rb:15:in `call'
  rack (1.6.4) lib/rack/handler/webrick.rb:88:in `service'
  /usr/local/rvm/rubies/ruby-2.2.2/lib/ruby/2.2.0/webrick/httpserver.rb:138:in `service'
  /usr/local/rvm/rubies/ruby-2.2.2/lib/ruby/2.2.0/webrick/httpserver.rb:94:in `run'
  /usr/local/rvm/rubies/ruby-2.2.2/lib/ruby/2.2.0/webrick/server.rb:294:in `block in start_thread'


  Rendered /usr/local/rvm/gems/ruby-2.2.2/gems/actionpack-4.2.3/lib/action_dispatch/middleware/templates/rescues/_trace.html.erb (1.3ms)
  Rendered /usr/local/rvm/gems/ruby-2.2.2/gems/actionpack-4.2.3/lib/action_dispatch/middleware/templates/routes/_route.html.erb (6.3ms)
  Rendered /usr/local/rvm/gems/ruby-2.2.2/gems/actionpack-4.2.3/lib/action_dispatch/middleware/templates/routes/_table.html.erb (1.2ms)
  Rendered /usr/local/rvm/gems/ruby-2.2.2/gems/actionpack-4.2.3/lib/action_dispatch/middleware/templates/rescues/_request_and_response.html.erb (1.5ms)
  Rendered /usr/local/rvm/gems/ruby-2.2.2/gems/actionpack-4.2.3/lib/action_dispatch/middleware/templates/rescues/routing_error.html.erb within rescues/layout (99.1ms)


Started GET "/wechat/payment/?key=7xdmmmoj9irtyordq2jqnqvdqqe4ckiukd34dxfkkaz09s2o&app=eggman&body=year_product&trade_type=APP&out_trade_no=1122339&total_fee=199&product_id=year&openid=oMZZkwyFG5sAx-d4PMQ6Lq1xisHE" for 182.126.235.173 at 2016-10-28 15:18:55 +0800
Cannot render console from 182.126.235.173! Allowed networks: 192.168.0.0/192.168.255.255, 127.0.0.0/127.255.255.255, ::1

ActionController::RoutingError (No route matches [GET] "/wechat/payment"):
  actionpack (4.2.3) lib/action_dispatch/middleware/debug_exceptions.rb:21:in `call'
  web-console (2.3.0) lib/web_console/middleware.rb:20:in `block in call'
  web-console (2.3.0) lib/web_console/middleware.rb:18:in `catch'
  web-console (2.3.0) lib/web_console/middleware.rb:18:in `call'
  actionpack (4.2.3) lib/action_dispatch/middleware/show_exceptions.rb:30:in `call'
  railties (4.2.3) lib/rails/rack/logger.rb:38:in `call_app'
  railties (4.2.3) lib/rails/rack/logger.rb:20:in `block in call'
  activesupport (4.2.3) lib/active_support/tagged_logging.rb:68:in `block in tagged'
  activesupport (4.2.3) lib/active_support/tagged_logging.rb:26:in `tagged'
  activesupport (4.2.3) lib/active_support/tagged_logging.rb:68:in `tagged'
  railties (4.2.3) lib/rails/rack/logger.rb:20:in `call'
  actionpack (4.2.3) lib/action_dispatch/middleware/request_id.rb:21:in `call'
  rack (1.6.4) lib/rack/methodoverride.rb:22:in `call'
  rack (1.6.4) lib/rack/runtime.rb:18:in `call'
  activesupport (4.2.3) lib/active_support/cache/strategy/local_cache_middleware.rb:28:in `call'
  rack (1.6.4) lib/rack/lock.rb:17:in `call'
  actionpack (4.2.3) lib/action_dispatch/middleware/static.rb:116:in `call'
  rack (1.6.4) lib/rack/sendfile.rb:113:in `call'
  railties (4.2.3) lib/rails/engine.rb:518:in `call'
  railties (4.2.3) lib/rails/application.rb:165:in `call'
  rack (1.6.4) lib/rack/lock.rb:17:in `call'
  rack (1.6.4) lib/rack/content_length.rb:15:in `call'
  rack (1.6.4) lib/rack/handler/webrick.rb:88:in `service'
  /usr/local/rvm/rubies/ruby-2.2.2/lib/ruby/2.2.0/webrick/httpserver.rb:138:in `service'
  /usr/local/rvm/rubies/ruby-2.2.2/lib/ruby/2.2.0/webrick/httpserver.rb:94:in `run'
  /usr/local/rvm/rubies/ruby-2.2.2/lib/ruby/2.2.0/webrick/server.rb:294:in `block in start_thread'


  Rendered /usr/local/rvm/gems/ruby-2.2.2/gems/actionpack-4.2.3/lib/action_dispatch/middleware/templates/rescues/_trace.html.erb (1.2ms)
  Rendered /usr/local/rvm/gems/ruby-2.2.2/gems/actionpack-4.2.3/lib/action_dispatch/middleware/templates/routes/_route.html.erb (7.9ms)
  Rendered /usr/local/rvm/gems/ruby-2.2.2/gems/actionpack-4.2.3/lib/action_dispatch/middleware/templates/routes/_table.html.erb (1.4ms)
  Rendered /usr/local/rvm/gems/ruby-2.2.2/gems/actionpack-4.2.3/lib/action_dispatch/middleware/templates/rescues/_request_and_response.html.erb (1.7ms)
  Rendered /usr/local/rvm/gems/ruby-2.2.2/gems/actionpack-4.2.3/lib/action_dispatch/middleware/templates/rescues/routing_error.html.erb within rescues/layout (114.4ms)


Started GET "/wechat/payment/?key=7xdmmmoj9irtyordq2jqnqvdqqe4ckiukd34dxfkkaz09s2o&app=eggman&body=year_product&trade_type=APP&out_trade_no=1122339&total_fee=199&product_id=year&openid=oMZZkwyFG5sAx-d4PMQ6Lq1xisHE" for 101.226.68.213 at 2016-10-28 15:19:31 +0800
Cannot render console from 101.226.68.213! Allowed networks: 192.168.0.0/192.168.255.255, 127.0.0.0/127.255.255.255, ::1

ActionController::RoutingError (No route matches [GET] "/wechat/payment"):
  actionpack (4.2.3) lib/action_dispatch/middleware/debug_exceptions.rb:21:in `call'
  web-console (2.3.0) lib/web_console/middleware.rb:20:in `block in call'
  web-console (2.3.0) lib/web_console/middleware.rb:18:in `catch'
  web-console (2.3.0) lib/web_console/middleware.rb:18:in `call'
  actionpack (4.2.3) lib/action_dispatch/middleware/show_exceptions.rb:30:in `call'
  railties (4.2.3) lib/rails/rack/logger.rb:38:in `call_app'
  railties (4.2.3) lib/rails/rack/logger.rb:20:in `block in call'
  activesupport (4.2.3) lib/active_support/tagged_logging.rb:68:in `block in tagged'
  activesupport (4.2.3) lib/active_support/tagged_logging.rb:26:in `tagged'
  activesupport (4.2.3) lib/active_support/tagged_logging.rb:68:in `tagged'
  railties (4.2.3) lib/rails/rack/logger.rb:20:in `call'
  actionpack (4.2.3) lib/action_dispatch/middleware/request_id.rb:21:in `call'
  rack (1.6.4) lib/rack/methodoverride.rb:22:in `call'
  rack (1.6.4) lib/rack/runtime.rb:18:in `call'
  activesupport (4.2.3) lib/active_support/cache/strategy/local_cache_middleware.rb:28:in `call'
  rack (1.6.4) lib/rack/lock.rb:17:in `call'
  actionpack (4.2.3) lib/action_dispatch/middleware/static.rb:116:in `call'
  rack (1.6.4) lib/rack/sendfile.rb:113:in `call'
  railties (4.2.3) lib/rails/engine.rb:518:in `call'
  railties (4.2.3) lib/rails/application.rb:165:in `call'
  rack (1.6.4) lib/rack/lock.rb:17:in `call'
  rack (1.6.4) lib/rack/content_length.rb:15:in `call'
  rack (1.6.4) lib/rack/handler/webrick.rb:88:in `service'
  /usr/local/rvm/rubies/ruby-2.2.2/lib/ruby/2.2.0/webrick/httpserver.rb:138:in `service'
  /usr/local/rvm/rubies/ruby-2.2.2/lib/ruby/2.2.0/webrick/httpserver.rb:94:in `run'
  /usr/local/rvm/rubies/ruby-2.2.2/lib/ruby/2.2.0/webrick/server.rb:294:in `block in start_thread'


  Rendered /usr/local/rvm/gems/ruby-2.2.2/gems/actionpack-4.2.3/lib/action_dispatch/middleware/templates/rescues/_trace.html.erb (1.3ms)
  Rendered /usr/local/rvm/gems/ruby-2.2.2/gems/actionpack-4.2.3/lib/action_dispatch/middleware/templates/routes/_route.html.erb (7.3ms)
  Rendered /usr/local/rvm/gems/ruby-2.2.2/gems/actionpack-4.2.3/lib/action_dispatch/middleware/templates/routes/_table.html.erb (2.0ms)
  Rendered /usr/local/rvm/gems/ruby-2.2.2/gems/actionpack-4.2.3/lib/action_dispatch/middleware/templates/rescues/_request_and_response.html.erb (2.3ms)
  Rendered /usr/local/rvm/gems/ruby-2.2.2/gems/actionpack-4.2.3/lib/action_dispatch/middleware/templates/rescues/routing_error.html.erb within rescues/layout (114.5ms)


Started GET "/wechat/payment/?key=7xdmmmoj9irtyordq2jqnqvdqqe4ckiukd34dxfkkaz09s2o&app=eggman&body=year_product&trade_type=APP&out_trade_no=1122339&total_fee=199&product_id=year&openid=oMZZkwyFG5sAx-d4PMQ6Lq1xisHE" for 182.126.235.173 at 2016-10-28 15:19:50 +0800
Cannot render console from 182.126.235.173! Allowed networks: 192.168.0.0/192.168.255.255, 127.0.0.0/127.255.255.255, ::1
Processing by Wechat::PaymentController#index as HTML
  Parameters: {"key"=>"7xdmmmoj9irtyordq2jqnqvdqqe4ckiukd34dxfkkaz09s2o", "app"=>"eggman", "body"=>"year_product", "trade_type"=>"APP", "out_trade_no"=>"1122339", "total_fee"=>"199", "product_id"=>"year", "openid"=>"oMZZkwyFG5sAx-d4PMQ6Lq1xisHE"}
  Rendered text template (0.0ms)
Filter chain halted as :auth_wechat_3rd_party_app rendered or redirected
Completed 200 OK in 3ms (Views: 2.1ms | ActiveRecord: 0.0ms)


Started GET "/wechat/payment/?key=9eyjdxpbqupgvv6nza85b2oesv9a4h7v5fhzwpxqkm8o945i&app=eggman&body=year_product&trade_type=APP&out_trade_no=1122339&total_fee=199&product_id=year&openid=oMZZkwyFG5sAx-d4PMQ6Lq1xisHE" for 182.126.235.173 at 2016-10-28 15:21:20 +0800
Cannot render console from 182.126.235.173! Allowed networks: 192.168.0.0/192.168.255.255, 127.0.0.0/127.255.255.255, ::1
Processing by Wechat::PaymentController#index as HTML
  Parameters: {"key"=>"9eyjdxpbqupgvv6nza85b2oesv9a4h7v5fhzwpxqkm8o945i", "app"=>"eggman", "body"=>"year_product", "trade_type"=>"APP", "out_trade_no"=>"1122339", "total_fee"=>"199", "product_id"=>"year", "openid"=>"oMZZkwyFG5sAx-d4PMQ6Lq1xisHE"}
WECHAT PAYMENT CREATE ORDER: <xml><return_code><![CDATA[FAIL]]></return_code>
<return_msg><![CDATA[您没有APP支付权限]]></return_msg>
</xml>
Redirected to http://ll.343edu.com/wechat/payment/failed
Completed 302 Found in 2379ms (ActiveRecord: 0.0ms)


Started GET "/wechat/payment/failed" for 182.126.235.173 at 2016-10-28 15:21:23 +0800
Cannot render console from 182.126.235.173! Allowed networks: 192.168.0.0/192.168.255.255, 127.0.0.0/127.255.255.255, ::1
Processing by Wechat::PaymentController#failed as HTML
  Rendered wechat/payment/failed.html.erb within layouts/wechat_payment (0.4ms)
Completed 200 OK in 3ms (Views: 2.7ms | ActiveRecord: 0.0ms)


Started GET "/" for 182.126.235.173 at 2016-10-28 15:23:09 +0800
Cannot render console from 182.126.235.173! Allowed networks: 192.168.0.0/192.168.255.255, 127.0.0.0/127.255.255.255, ::1
Processing by WelcomeController#index as HTML
  Rendered welcome/_career.html.erb (0.8ms)
  Rendered welcome/_wearefrom.html.erb (0.1ms)
  Rendered welcome/_whoami.html.erb (1.4ms)
  Rendered welcome/_results.html.erb (18.8ms)
  Rendered welcome/index.html.erb within layouts/application (24.9ms)
  Rendered layouts/_header.html.erb (0.2ms)
  Rendered welcome/_courses.html.erb (19.7ms)
  Rendered share/_wechat.html.erb (0.1ms)
  Rendered share/_contact_cellphones.html.erb (0.0ms)
  Rendered layouts/_footer.html.erb (2.7ms)
Completed 200 OK in 124ms (Views: 123.8ms | ActiveRecord: 0.0ms)


Started GET "/career" for 182.126.235.173 at 2016-10-28 15:23:14 +0800
Cannot render console from 182.126.235.173! Allowed networks: 192.168.0.0/192.168.255.255, 127.0.0.0/127.255.255.255, ::1
Processing by WelcomeController#career as HTML
  Rendered welcome/_career.html.erb (0.6ms)
  Rendered welcome/career.html.erb within layouts/application (2.0ms)
  Rendered layouts/_header.html.erb (0.2ms)
  Rendered welcome/_courses.html.erb (0.2ms)
  Rendered share/_wechat.html.erb (0.0ms)
  Rendered share/_contact_cellphones.html.erb (0.0ms)
  Rendered layouts/_footer.html.erb (1.8ms)
Completed 200 OK in 70ms (Views: 69.3ms | ActiveRecord: 0.0ms)


Started GET "/wechat/payment/?key=9eyjdxpbqupgvv6nza85b2oesv9a4h7v5fhzwpxqkm8o945i&app=eggman&body=year_product&trade_type=APP&out_trade_no=1122339&total_fee=199&product_id=year&openid=oMZZkwyFG5sAx-d4PMQ6Lq1xisHE" for 182.126.235.173 at 2016-10-28 15:24:29 +0800
Cannot render console from 182.126.235.173! Allowed networks: 192.168.0.0/192.168.255.255, 127.0.0.0/127.255.255.255, ::1
Processing by Wechat::PaymentController#index as HTML
  Parameters: {"key"=>"9eyjdxpbqupgvv6nza85b2oesv9a4h7v5fhzwpxqkm8o945i", "app"=>"eggman", "body"=>"year_product", "trade_type"=>"APP", "out_trade_no"=>"1122339", "total_fee"=>"199", "product_id"=>"year", "openid"=>"oMZZkwyFG5sAx-d4PMQ6Lq1xisHE"}
WECHAT PAYMENT CREATE ORDER: <xml><return_code><![CDATA[FAIL]]></return_code>
<return_msg><![CDATA[您没有APP支付权限]]></return_msg>
</xml>
Redirected to http://ll.343edu.com/wechat/payment/failed
Completed 302 Found in 909ms (ActiveRecord: 0.0ms)


Started GET "/wechat/payment/failed" for 182.126.235.173 at 2016-10-28 15:24:31 +0800
Cannot render console from 182.126.235.173! Allowed networks: 192.168.0.0/192.168.255.255, 127.0.0.0/127.255.255.255, ::1
Processing by Wechat::PaymentController#failed as HTML
  Rendered wechat/payment/failed.html.erb within layouts/wechat_payment (0.1ms)
Completed 200 OK in 4ms (Views: 3.3ms | ActiveRecord: 0.0ms)


Started GET "/wechat/payment/?key=9eyjdxpbqupgvv6nza85b2oesv9a4h7v5fhzwpxqkm8o945i&app=eggman&body=year_product&out_trade_no=1122339&total_fee=199&product_id=year&openid=oMZZkwyFG5sAx-d4PMQ6Lq1xisHE" for 182.126.235.173 at 2016-10-28 15:25:38 +0800
Cannot render console from 182.126.235.173! Allowed networks: 192.168.0.0/192.168.255.255, 127.0.0.0/127.255.255.255, ::1
Processing by Wechat::PaymentController#index as HTML
  Parameters: {"key"=>"9eyjdxpbqupgvv6nza85b2oesv9a4h7v5fhzwpxqkm8o945i", "app"=>"eggman", "body"=>"year_product", "out_trade_no"=>"1122339", "total_fee"=>"199", "product_id"=>"year", "openid"=>"oMZZkwyFG5sAx-d4PMQ6Lq1xisHE"}
WECHAT PAYMENT CREATE ORDER: <xml><return_code><![CDATA[SUCCESS]]></return_code>
<return_msg><![CDATA[OK]]></return_msg>
<appid><![CDATA[wxa05b67eb1b532c44]]></appid>
<mch_id><![CDATA[1397730302]]></mch_id>
<device_info><![CDATA[WEB]]></device_info>
<nonce_str><![CDATA[3m3mmkFWVuaKyYLa]]></nonce_str>
<sign><![CDATA[0AD21F6654A0C12D99A5F4431891C223]]></sign>
<result_code><![CDATA[SUCCESS]]></result_code>
<prepay_id><![CDATA[wx201610281525389d7deedc120880000024]]></prepay_id>
<trade_type><![CDATA[JSAPI]]></trade_type>
</xml>
  Rendered wechat/payment/index.html.erb within layouts/wechat_payment (1.0ms)
Completed 200 OK in 576ms (Views: 5.6ms | ActiveRecord: 0.0ms)


Started GET "/" for 127.0.0.1 at 2016-10-28 16:49:35 +0800
  [1m[36mActiveRecord::SchemaMigration Load (2.6ms)[0m  [1mSELECT `schema_migrations`.* FROM `schema_migrations`[0m
Processing by WelcomeController#index as HTML
  Rendered welcome/_career.html.erb (1.6ms)
  Rendered welcome/_wearefrom.html.erb (0.4ms)
  Rendered welcome/_whoami.html.erb (2.3ms)
  Rendered welcome/_results.html.erb (733.6ms)
  Rendered welcome/index.html.erb within layouts/application (749.1ms)
  Rendered layouts/_header.html.erb (0.9ms)
  Rendered welcome/_courses.html.erb (10.3ms)
  Rendered share/_wechat.html.erb (0.3ms)
  Rendered share/_contact_cellphones.html.erb (0.3ms)
  Rendered layouts/_footer.html.erb (6.0ms)
Completed 200 OK in 931ms (Views: 917.1ms | ActiveRecord: 0.0ms)


Started GET "/" for 127.0.0.1 at 2016-10-28 16:49:36 +0800
Processing by WelcomeController#index as HTML
  Rendered welcome/_career.html.erb (1.3ms)
  Rendered welcome/_wearefrom.html.erb (0.1ms)
  Rendered welcome/_whoami.html.erb (1.9ms)
  Rendered welcome/_results.html.erb (16.0ms)
  Rendered welcome/index.html.erb within layouts/application (24.0ms)
  Rendered layouts/_header.html.erb (0.2ms)
  Rendered welcome/_courses.html.erb (0.2ms)
  Rendered share/_wechat.html.erb (0.1ms)
  Rendered share/_contact_cellphones.html.erb (0.0ms)
  Rendered layouts/_footer.html.erb (1.9ms)
Completed 200 OK in 85ms (Views: 84.5ms | ActiveRecord: 0.0ms)
